[2026-03-26T04:32:10.116+0000] {local_task_job_runner.py:120} INFO - ::group::Pre task execution logs
[2026-03-26T04:32:10.395+0000] {taskinstance.py:2076} INFO - Dependencies all met for dep_context=non-requeueable deps ti=<TaskInstance: e_commerce_dw_etl.transform.transform_dim_dates scheduled__2026-02-20T00:00:00+00:00 [queued]>
[2026-03-26T04:32:10.457+0000] {taskinstance.py:2076} INFO - Dependencies all met for dep_context=requeueable deps ti=<TaskInstance: e_commerce_dw_etl.transform.transform_dim_dates scheduled__2026-02-20T00:00:00+00:00 [queued]>
[2026-03-26T04:32:10.471+0000] {taskinstance.py:2306} INFO - Starting attempt 1 of 1
[2026-03-26T04:32:10.555+0000] {taskinstance.py:2330} INFO - Executing <Task(PythonOperator): transform.transform_dim_dates> on 2026-02-20 00:00:00+00:00
[2026-03-26T04:32:10.584+0000] {standard_task_runner.py:63} INFO - Started process 4157 to run task
[2026-03-26T04:32:10.629+0000] {standard_task_runner.py:90} INFO - Running: ['***', 'tasks', 'run', 'e_commerce_dw_etl', 'transform.transform_dim_dates', 'scheduled__2026-02-20T00:00:00+00:00', '--job-id', '1164', '--raw', '--subdir', 'DAGS_FOLDER/e_commerce_dw_dag.py', '--cfg-path', '/tmp/tmppdpb7w51']
[2026-03-26T04:32:10.670+0000] {standard_task_runner.py:91} INFO - Job 1164: Subtask transform.transform_dim_dates
[2026-03-26T04:32:10.920+0000] {task_command.py:426} INFO - Running <TaskInstance: e_commerce_dw_etl.transform.transform_dim_dates scheduled__2026-02-20T00:00:00+00:00 [running]> on host 2d1a3218d35e
[2026-03-26T04:32:12.382+0000] {taskinstance.py:2648} INFO - Exporting env vars: AIRFLOW_CTX_DAG_OWNER='***' AIRFLOW_CTX_DAG_ID='e_commerce_dw_etl' AIRFLOW_CTX_TASK_ID='transform.transform_dim_dates' AIRFLOW_CTX_EXECUTION_DATE='2026-02-20T00:00:00+00:00' AIRFLOW_CTX_TRY_NUMBER='1' AIRFLOW_CTX_DAG_RUN_ID='scheduled__2026-02-20T00:00:00+00:00'
[2026-03-26T04:32:12.385+0000] {taskinstance.py:430} INFO - ::endgroup::
[2026-03-26T04:32:12.753+0000] {crypto.py:82} WARNING - empty cryptography key - values will not be stored encrypted.
[2026-03-26T04:32:12.760+0000] {base.py:84} INFO - Using connection ID 'postgres' for task execution.
[2026-03-26T04:32:13.794+0000] {logging_mixin.py:188} INFO - Đã tạo và lưu dữ liệu vào dim_dates
[2026-03-26T04:32:13.807+0000] {python.py:237} INFO - Done. Returned value was: None
[2026-03-26T04:32:13.817+0000] {taskinstance.py:441} INFO - ::group::Post task execution logs
[2026-03-26T04:32:13.853+0000] {taskinstance.py:1206} INFO - Marking task as SUCCESS. dag_id=e_commerce_dw_etl, task_id=transform.transform_dim_dates, run_id=scheduled__2026-02-20T00:00:00+00:00, execution_date=20260220T000000, start_date=20260326T043210, end_date=20260326T043213
[2026-03-26T04:32:13.956+0000] {local_task_job_runner.py:240} INFO - Task exited with return code 0
[2026-03-26T04:32:14.072+0000] {taskinstance.py:3503} INFO - 0 downstream tasks scheduled from follow-on schedule check
[2026-03-26T04:32:14.087+0000] {local_task_job_runner.py:222} INFO - ::endgroup::
