[2026-03-31T09:28:36.394+0000] {local_task_job_runner.py:120} INFO - ::group::Pre task execution logs
[2026-03-31T09:28:36.452+0000] {taskinstance.py:2076} INFO - Dependencies all met for dep_context=non-requeueable deps ti=<TaskInstance: e_commerce_dw_etl.extract.extract_and_load_to_staging manual__2026-03-31T09:28:35.022992+00:00 [queued]>
[2026-03-31T09:28:36.470+0000] {taskinstance.py:2076} INFO - Dependencies all met for dep_context=requeueable deps ti=<TaskInstance: e_commerce_dw_etl.extract.extract_and_load_to_staging manual__2026-03-31T09:28:35.022992+00:00 [queued]>
[2026-03-31T09:28:36.471+0000] {taskinstance.py:2306} INFO - Starting attempt 1 of 1
[2026-03-31T09:28:36.488+0000] {taskinstance.py:2330} INFO - Executing <Task(PythonOperator): extract.extract_and_load_to_staging> on 2026-03-31 09:28:35.022992+00:00
[2026-03-31T09:28:36.505+0000] {standard_task_runner.py:63} INFO - Started process 207 to run task
[2026-03-31T09:28:36.512+0000] {standard_task_runner.py:90} INFO - Running: ['***', 'tasks', 'run', 'e_commerce_dw_etl', 'extract.extract_and_load_to_staging', 'manual__2026-03-31T09:28:35.022992+00:00', '--job-id', '1245', '--raw', '--subdir', 'DAGS_FOLDER/e_commerce_dw_dag.py', '--cfg-path', '/tmp/tmpl8lggltv']
[2026-03-31T09:28:36.517+0000] {standard_task_runner.py:91} INFO - Job 1245: Subtask extract.extract_and_load_to_staging
[2026-03-31T09:28:36.652+0000] {task_command.py:426} INFO - Running <TaskInstance: e_commerce_dw_etl.extract.extract_and_load_to_staging manual__2026-03-31T09:28:35.022992+00:00 [running]> on host 7dc098b2c6ab
[2026-03-31T09:28:37.073+0000] {taskinstance.py:2648} INFO - Exporting env vars: AIRFLOW_CTX_DAG_OWNER='***' AIRFLOW_CTX_DAG_ID='e_commerce_dw_etl' AIRFLOW_CTX_TASK_ID='extract.extract_and_load_to_staging' AIRFLOW_CTX_EXECUTION_DATE='2026-03-31T09:28:35.022992+00:00' AIRFLOW_CTX_TRY_NUMBER='1' AIRFLOW_CTX_DAG_RUN_ID='manual__2026-03-31T09:28:35.022992+00:00'
[2026-03-31T09:28:37.075+0000] {taskinstance.py:430} INFO - ::endgroup::
[2026-03-31T09:28:37.099+0000] {crypto.py:82} WARNING - empty cryptography key - values will not be stored encrypted.
[2026-03-31T09:28:37.101+0000] {base.py:84} INFO - Using connection ID 'mysql' for task execution.
[2026-03-31T09:28:37.138+0000] {base.py:84} INFO - Using connection ID 'mysql' for task execution.
[2026-03-31T09:28:37.147+0000] {logging_mixin.py:188} WARNING - /home/***/.local/lib/python3.10/site-packages/***/providers/common/sql/hooks/sql.py:263 UserWarning: pandas only supports SQLAlchemy connectable (engine/connection) or database string URI or sqlite3 DBAPI2 connection. Other DBAPI2 objects are not tested. Please consider using SQLAlchemy.
[2026-03-31T09:28:37.183+0000] {base.py:84} INFO - Using connection ID 'postgres' for task execution.
[2026-03-31T09:28:37.285+0000] {logging_mixin.py:188} INFO - Đã trích xuất và lưu bảng product_category_name_translation từ MySQL vào PostgreSQL public
[2026-03-31T09:28:37.286+0000] {base.py:84} INFO - Using connection ID 'mysql' for task execution.
[2026-03-31T09:28:37.290+0000] {logging_mixin.py:188} WARNING - /home/***/.local/lib/python3.10/site-packages/***/providers/common/sql/hooks/sql.py:263 UserWarning: pandas only supports SQLAlchemy connectable (engine/connection) or database string URI or sqlite3 DBAPI2 connection. Other DBAPI2 objects are not tested. Please consider using SQLAlchemy.
[2026-03-31T09:28:37.354+0000] {base.py:84} INFO - Using connection ID 'postgres' for task execution.
[2026-03-31T09:28:37.944+0000] {logging_mixin.py:188} INFO - Đã trích xuất và lưu bảng geolocation từ MySQL vào PostgreSQL public
[2026-03-31T09:28:37.945+0000] {base.py:84} INFO - Using connection ID 'mysql' for task execution.
[2026-03-31T09:28:37.950+0000] {logging_mixin.py:188} WARNING - /home/***/.local/lib/python3.10/site-packages/***/providers/common/sql/hooks/sql.py:263 UserWarning: pandas only supports SQLAlchemy connectable (engine/connection) or database string URI or sqlite3 DBAPI2 connection. Other DBAPI2 objects are not tested. Please consider using SQLAlchemy.
[2026-03-31T09:28:37.969+0000] {base.py:84} INFO - Using connection ID 'postgres' for task execution.
[2026-03-31T09:28:38.156+0000] {logging_mixin.py:188} INFO - Đã trích xuất và lưu bảng sellers từ MySQL vào PostgreSQL public
[2026-03-31T09:28:38.158+0000] {base.py:84} INFO - Using connection ID 'mysql' for task execution.
[2026-03-31T09:28:38.164+0000] {logging_mixin.py:188} WARNING - /home/***/.local/lib/python3.10/site-packages/***/providers/common/sql/hooks/sql.py:263 UserWarning: pandas only supports SQLAlchemy connectable (engine/connection) or database string URI or sqlite3 DBAPI2 connection. Other DBAPI2 objects are not tested. Please consider using SQLAlchemy.
[2026-03-31T09:28:38.760+0000] {base.py:84} INFO - Using connection ID 'postgres' for task execution.
[2026-03-31T09:28:41.115+0000] {logging_mixin.py:188} INFO - Đã trích xuất và lưu bảng customers từ MySQL vào PostgreSQL public
[2026-03-31T09:28:41.116+0000] {base.py:84} INFO - Using connection ID 'mysql' for task execution.
[2026-03-31T09:28:41.120+0000] {logging_mixin.py:188} WARNING - /home/***/.local/lib/python3.10/site-packages/***/providers/common/sql/hooks/sql.py:263 UserWarning: pandas only supports SQLAlchemy connectable (engine/connection) or database string URI or sqlite3 DBAPI2 connection. Other DBAPI2 objects are not tested. Please consider using SQLAlchemy.
[2026-03-31T09:28:41.266+0000] {base.py:84} INFO - Using connection ID 'postgres' for task execution.
[2026-03-31T09:28:42.750+0000] {logging_mixin.py:188} INFO - Đã trích xuất và lưu bảng products từ MySQL vào PostgreSQL public
[2026-03-31T09:28:42.751+0000] {base.py:84} INFO - Using connection ID 'mysql' for task execution.
[2026-03-31T09:28:42.756+0000] {logging_mixin.py:188} WARNING - /home/***/.local/lib/python3.10/site-packages/***/providers/common/sql/hooks/sql.py:263 UserWarning: pandas only supports SQLAlchemy connectable (engine/connection) or database string URI or sqlite3 DBAPI2 connection. Other DBAPI2 objects are not tested. Please consider using SQLAlchemy.
[2026-03-31T09:28:43.928+0000] {base.py:84} INFO - Using connection ID 'postgres' for task execution.
[2026-03-31T09:28:47.945+0000] {logging_mixin.py:188} INFO - Đã trích xuất và lưu bảng orders từ MySQL vào PostgreSQL public
[2026-03-31T09:28:47.947+0000] {base.py:84} INFO - Using connection ID 'mysql' for task execution.
[2026-03-31T09:28:47.951+0000] {logging_mixin.py:188} WARNING - /home/***/.local/lib/python3.10/site-packages/***/providers/common/sql/hooks/sql.py:263 UserWarning: pandas only supports SQLAlchemy connectable (engine/connection) or database string URI or sqlite3 DBAPI2 connection. Other DBAPI2 objects are not tested. Please consider using SQLAlchemy.
[2026-03-31T09:28:48.444+0000] {base.py:84} INFO - Using connection ID 'postgres' for task execution.
[2026-03-31T09:28:51.555+0000] {logging_mixin.py:188} INFO - Đã trích xuất và lưu bảng order_items từ MySQL vào PostgreSQL public
[2026-03-31T09:28:51.556+0000] {base.py:84} INFO - Using connection ID 'mysql' for task execution.
[2026-03-31T09:28:51.560+0000] {logging_mixin.py:188} WARNING - /home/***/.local/lib/python3.10/site-packages/***/providers/common/sql/hooks/sql.py:263 UserWarning: pandas only supports SQLAlchemy connectable (engine/connection) or database string URI or sqlite3 DBAPI2 connection. Other DBAPI2 objects are not tested. Please consider using SQLAlchemy.
[2026-03-31T09:28:51.801+0000] {base.py:84} INFO - Using connection ID 'postgres' for task execution.
[2026-03-31T09:28:54.269+0000] {logging_mixin.py:188} INFO - Đã trích xuất và lưu bảng payments từ MySQL vào PostgreSQL public
[2026-03-31T09:28:54.270+0000] {base.py:84} INFO - Using connection ID 'mysql' for task execution.
[2026-03-31T09:28:54.275+0000] {logging_mixin.py:188} WARNING - /home/***/.local/lib/python3.10/site-packages/***/providers/common/sql/hooks/sql.py:263 UserWarning: pandas only supports SQLAlchemy connectable (engine/connection) or database string URI or sqlite3 DBAPI2 connection. Other DBAPI2 objects are not tested. Please consider using SQLAlchemy.
[2026-03-31T09:28:55.047+0000] {base.py:84} INFO - Using connection ID 'postgres' for task execution.
[2026-03-31T09:28:58.083+0000] {logging_mixin.py:188} INFO - Đã trích xuất và lưu bảng order_reviews từ MySQL vào PostgreSQL public
[2026-03-31T09:28:58.100+0000] {python.py:237} INFO - Done. Returned value was: None
[2026-03-31T09:28:58.101+0000] {taskinstance.py:441} INFO - ::group::Post task execution logs
[2026-03-31T09:28:58.111+0000] {taskinstance.py:1206} INFO - Marking task as SUCCESS. dag_id=e_commerce_dw_etl, task_id=extract.extract_and_load_to_staging, run_id=manual__2026-03-31T09:28:35.022992+00:00, execution_date=20260331T092835, start_date=20260331T092836, end_date=20260331T092858
[2026-03-31T09:28:58.163+0000] {local_task_job_runner.py:240} INFO - Task exited with return code 0
[2026-03-31T09:28:58.192+0000] {taskinstance.py:3503} INFO - 6 downstream tasks scheduled from follow-on schedule check
[2026-03-31T09:28:58.195+0000] {local_task_job_runner.py:222} INFO - ::endgroup::
