[2026-03-25T08:43:47.026+0000] {local_task_job_runner.py:120} INFO - ::group::Pre task execution logs
[2026-03-25T08:43:47.109+0000] {taskinstance.py:2076} INFO - Dependencies all met for dep_context=non-requeueable deps ti=<TaskInstance: e_commerce_dw_etl.extract.extract_and_load_to_staging scheduled__2025-05-26T00:00:00+00:00 [queued]>
[2026-03-25T08:43:47.127+0000] {taskinstance.py:2076} INFO - Dependencies all met for dep_context=requeueable deps ti=<TaskInstance: e_commerce_dw_etl.extract.extract_and_load_to_staging scheduled__2025-05-26T00:00:00+00:00 [queued]>
[2026-03-25T08:43:47.128+0000] {taskinstance.py:2306} INFO - Starting attempt 1 of 1
[2026-03-25T08:43:47.269+0000] {taskinstance.py:2330} INFO - Executing <Task(PythonOperator): extract.extract_and_load_to_staging> on 2025-05-26 00:00:00+00:00
[2026-03-25T08:43:47.281+0000] {standard_task_runner.py:63} INFO - Started process 1077 to run task
[2026-03-25T08:43:47.288+0000] {standard_task_runner.py:90} INFO - Running: ['***', 'tasks', 'run', 'e_commerce_dw_etl', 'extract.extract_and_load_to_staging', 'scheduled__2025-05-26T00:00:00+00:00', '--job-id', '229', '--raw', '--subdir', 'DAGS_FOLDER/e_commerce_dw_dag.py', '--cfg-path', '/tmp/tmpqxf1qklm']
[2026-03-25T08:43:47.296+0000] {standard_task_runner.py:91} INFO - Job 229: Subtask extract.extract_and_load_to_staging
[2026-03-25T08:43:47.417+0000] {task_command.py:426} INFO - Running <TaskInstance: e_commerce_dw_etl.extract.extract_and_load_to_staging scheduled__2025-05-26T00:00:00+00:00 [running]> on host bcd9e4848a6d
[2026-03-25T08:43:47.622+0000] {taskinstance.py:2648} INFO - Exporting env vars: AIRFLOW_CTX_DAG_OWNER='***' AIRFLOW_CTX_DAG_ID='e_commerce_dw_etl' AIRFLOW_CTX_TASK_ID='extract.extract_and_load_to_staging' AIRFLOW_CTX_EXECUTION_DATE='2025-05-26T00:00:00+00:00' AIRFLOW_CTX_TRY_NUMBER='1' AIRFLOW_CTX_DAG_RUN_ID='scheduled__2025-05-26T00:00:00+00:00'
[2026-03-25T08:43:47.627+0000] {taskinstance.py:430} INFO - ::endgroup::
[2026-03-25T08:43:48.079+0000] {mysql_operator.py:13} ERROR - Can't connect to mysql database
[2026-03-25T08:43:48.101+0000] {taskinstance.py:441} INFO - ::group::Post task execution logs
[2026-03-25T08:43:48.132+0000] {taskinstance.py:2905} ERROR - Task failed with exception
Traceback (most recent call last):
  File "/home/airflow/.local/lib/python3.10/site-packages/airflow/models/taskinstance.py", line 465, in _execute_task
    result = _execute_callable(context=context, **execute_callable_kwargs)
  File "/home/airflow/.local/lib/python3.10/site-packages/airflow/models/taskinstance.py", line 432, in _execute_callable
    return execute_callable(context=context, **execute_callable_kwargs)
  File "/home/airflow/.local/lib/python3.10/site-packages/airflow/models/baseoperator.py", line 401, in wrapper
    return func(self, *args, **kwargs)
  File "/home/airflow/.local/lib/python3.10/site-packages/airflow/operators/python.py", line 235, in execute
    return_value = self.execute_callable()
  File "/home/airflow/.local/lib/python3.10/site-packages/airflow/operators/python.py", line 252, in execute_callable
    return self.python_callable(*self.op_args, **self.op_kwargs)
  File "/opt/airflow/dags/extract_data.py", line 30, in extract_and_load_to_staging
    df = source_operator.get_data_to_pd(f"SELECT * FROM {table}")
  File "/opt/airflow/plugins/mysql_operator.py", line 15, in get_data_to_pd
    return self.mysqlhook.get_pandas_df(query)
  File "/home/airflow/.local/lib/python3.10/site-packages/airflow/providers/common/sql/hooks/sql.py", line 262, in get_pandas_df
    with closing(self.get_conn()) as conn:
  File "/home/airflow/.local/lib/python3.10/site-packages/airflow/providers/mysql/hooks/mysql.py", line 188, in get_conn
    conn = self.connection or self.get_connection(getattr(self, self.conn_name_attr))
  File "/home/airflow/.local/lib/python3.10/site-packages/airflow/hooks/base.py", line 83, in get_connection
    conn = Connection.get_connection_from_secrets(conn_id)
  File "/home/airflow/.local/lib/python3.10/site-packages/airflow/models/connection.py", line 519, in get_connection_from_secrets
    raise AirflowNotFoundException(f"The conn_id `{conn_id}` isn't defined")
airflow.exceptions.AirflowNotFoundException: The conn_id `mysql` isn't defined
[2026-03-25T08:43:48.175+0000] {taskinstance.py:1206} INFO - Marking task as FAILED. dag_id=e_commerce_dw_etl, task_id=extract.extract_and_load_to_staging, run_id=scheduled__2025-05-26T00:00:00+00:00, execution_date=20250526T000000, start_date=20260325T084347, end_date=20260325T084348
[2026-03-25T08:43:48.288+0000] {standard_task_runner.py:110} ERROR - Failed to execute job 229 for task extract.extract_and_load_to_staging (The conn_id `mysql` isn't defined; 1077)
[2026-03-25T08:43:48.338+0000] {local_task_job_runner.py:240} INFO - Task exited with return code 1
[2026-03-25T08:43:48.408+0000] {taskinstance.py:3503} INFO - 0 downstream tasks scheduled from follow-on schedule check
[2026-03-25T08:43:48.423+0000] {local_task_job_runner.py:222} INFO - ::endgroup::
[2026-03-25T09:32:09.346+0000] {local_task_job_runner.py:120} INFO - ::group::Pre task execution logs
[2026-03-25T09:32:09.380+0000] {taskinstance.py:2076} INFO - Dependencies all met for dep_context=non-requeueable deps ti=<TaskInstance: e_commerce_dw_etl.extract.extract_and_load_to_staging scheduled__2025-05-26T00:00:00+00:00 [queued]>
[2026-03-25T09:32:09.391+0000] {taskinstance.py:2076} INFO - Dependencies all met for dep_context=requeueable deps ti=<TaskInstance: e_commerce_dw_etl.extract.extract_and_load_to_staging scheduled__2025-05-26T00:00:00+00:00 [queued]>
[2026-03-25T09:32:09.392+0000] {taskinstance.py:2306} INFO - Starting attempt 1 of 1
[2026-03-25T09:32:09.416+0000] {taskinstance.py:2330} INFO - Executing <Task(PythonOperator): extract.extract_and_load_to_staging> on 2025-05-26 00:00:00+00:00
[2026-03-25T09:32:09.424+0000] {standard_task_runner.py:63} INFO - Started process 736 to run task
[2026-03-25T09:32:09.428+0000] {standard_task_runner.py:90} INFO - Running: ['***', 'tasks', 'run', 'e_commerce_dw_etl', 'extract.extract_and_load_to_staging', 'scheduled__2025-05-26T00:00:00+00:00', '--job-id', '219', '--raw', '--subdir', 'DAGS_FOLDER/e_commerce_dw_dag.py', '--cfg-path', '/tmp/tmp0z79wmnv']
[2026-03-25T09:32:09.431+0000] {standard_task_runner.py:91} INFO - Job 219: Subtask extract.extract_and_load_to_staging
[2026-03-25T09:32:09.507+0000] {task_command.py:426} INFO - Running <TaskInstance: e_commerce_dw_etl.extract.extract_and_load_to_staging scheduled__2025-05-26T00:00:00+00:00 [running]> on host 0d903260eca4
[2026-03-25T09:32:09.609+0000] {taskinstance.py:2648} INFO - Exporting env vars: AIRFLOW_CTX_DAG_OWNER='***' AIRFLOW_CTX_DAG_ID='e_commerce_dw_etl' AIRFLOW_CTX_TASK_ID='extract.extract_and_load_to_staging' AIRFLOW_CTX_EXECUTION_DATE='2025-05-26T00:00:00+00:00' AIRFLOW_CTX_TRY_NUMBER='1' AIRFLOW_CTX_DAG_RUN_ID='scheduled__2025-05-26T00:00:00+00:00'
[2026-03-25T09:32:09.610+0000] {taskinstance.py:430} INFO - ::endgroup::
[2026-03-25T09:32:09.825+0000] {mysql_operator.py:13} ERROR - Can't connect to mysql database
[2026-03-25T09:32:09.834+0000] {taskinstance.py:441} INFO - ::group::Post task execution logs
[2026-03-25T09:32:09.844+0000] {taskinstance.py:2905} ERROR - Task failed with exception
Traceback (most recent call last):
  File "/home/airflow/.local/lib/python3.10/site-packages/airflow/models/taskinstance.py", line 465, in _execute_task
    result = _execute_callable(context=context, **execute_callable_kwargs)
  File "/home/airflow/.local/lib/python3.10/site-packages/airflow/models/taskinstance.py", line 432, in _execute_callable
    return execute_callable(context=context, **execute_callable_kwargs)
  File "/home/airflow/.local/lib/python3.10/site-packages/airflow/models/baseoperator.py", line 401, in wrapper
    return func(self, *args, **kwargs)
  File "/home/airflow/.local/lib/python3.10/site-packages/airflow/operators/python.py", line 235, in execute
    return_value = self.execute_callable()
  File "/home/airflow/.local/lib/python3.10/site-packages/airflow/operators/python.py", line 252, in execute_callable
    return self.python_callable(*self.op_args, **self.op_kwargs)
  File "/opt/airflow/dags/extract_data.py", line 30, in extract_and_load_to_staging
    df = source_operator.get_data_to_pd(f"SELECT * FROM {table}")
  File "/opt/airflow/plugins/mysql_operator.py", line 15, in get_data_to_pd
    return self.mysqlhook.get_pandas_df(query)
  File "/home/airflow/.local/lib/python3.10/site-packages/airflow/providers/common/sql/hooks/sql.py", line 262, in get_pandas_df
    with closing(self.get_conn()) as conn:
  File "/home/airflow/.local/lib/python3.10/site-packages/airflow/providers/mysql/hooks/mysql.py", line 188, in get_conn
    conn = self.connection or self.get_connection(getattr(self, self.conn_name_attr))
  File "/home/airflow/.local/lib/python3.10/site-packages/airflow/hooks/base.py", line 83, in get_connection
    conn = Connection.get_connection_from_secrets(conn_id)
  File "/home/airflow/.local/lib/python3.10/site-packages/airflow/models/connection.py", line 519, in get_connection_from_secrets
    raise AirflowNotFoundException(f"The conn_id `{conn_id}` isn't defined")
airflow.exceptions.AirflowNotFoundException: The conn_id `mysql` isn't defined
[2026-03-25T09:32:09.857+0000] {taskinstance.py:1206} INFO - Marking task as FAILED. dag_id=e_commerce_dw_etl, task_id=extract.extract_and_load_to_staging, run_id=scheduled__2025-05-26T00:00:00+00:00, execution_date=20250526T000000, start_date=20260325T093209, end_date=20260325T093209
[2026-03-25T09:32:09.933+0000] {standard_task_runner.py:110} ERROR - Failed to execute job 219 for task extract.extract_and_load_to_staging (The conn_id `mysql` isn't defined; 736)
[2026-03-25T09:32:09.969+0000] {local_task_job_runner.py:240} INFO - Task exited with return code 1
[2026-03-25T09:32:10.014+0000] {taskinstance.py:3503} INFO - 0 downstream tasks scheduled from follow-on schedule check
[2026-03-25T09:32:10.067+0000] {local_task_job_runner.py:222} INFO - ::endgroup::
[2026-03-25T10:57:59.543+0000] {local_task_job_runner.py:120} INFO - ::group::Pre task execution logs
[2026-03-25T10:57:59.637+0000] {taskinstance.py:2076} INFO - Dependencies all met for dep_context=non-requeueable deps ti=<TaskInstance: e_commerce_dw_etl.extract.extract_and_load_to_staging scheduled__2025-05-26T00:00:00+00:00 [queued]>
[2026-03-25T10:57:59.666+0000] {taskinstance.py:2076} INFO - Dependencies all met for dep_context=requeueable deps ti=<TaskInstance: e_commerce_dw_etl.extract.extract_and_load_to_staging scheduled__2025-05-26T00:00:00+00:00 [queued]>
[2026-03-25T10:57:59.668+0000] {taskinstance.py:2306} INFO - Starting attempt 1 of 1
[2026-03-25T10:57:59.893+0000] {taskinstance.py:2330} INFO - Executing <Task(PythonOperator): extract.extract_and_load_to_staging> on 2025-05-26 00:00:00+00:00
[2026-03-25T10:57:59.904+0000] {standard_task_runner.py:63} INFO - Started process 847 to run task
[2026-03-25T10:57:59.911+0000] {standard_task_runner.py:90} INFO - Running: ['***', 'tasks', 'run', 'e_commerce_dw_etl', 'extract.extract_and_load_to_staging', 'scheduled__2025-05-26T00:00:00+00:00', '--job-id', '217', '--raw', '--subdir', 'DAGS_FOLDER/e_commerce_dw_dag.py', '--cfg-path', '/tmp/tmp24cxge86']
[2026-03-25T10:57:59.918+0000] {standard_task_runner.py:91} INFO - Job 217: Subtask extract.extract_and_load_to_staging
[2026-03-25T10:58:00.178+0000] {task_command.py:426} INFO - Running <TaskInstance: e_commerce_dw_etl.extract.extract_and_load_to_staging scheduled__2025-05-26T00:00:00+00:00 [running]> on host b7a6f340f223
[2026-03-25T10:58:00.362+0000] {taskinstance.py:2648} INFO - Exporting env vars: AIRFLOW_CTX_DAG_OWNER='***' AIRFLOW_CTX_DAG_ID='e_commerce_dw_etl' AIRFLOW_CTX_TASK_ID='extract.extract_and_load_to_staging' AIRFLOW_CTX_EXECUTION_DATE='2025-05-26T00:00:00+00:00' AIRFLOW_CTX_TRY_NUMBER='1' AIRFLOW_CTX_DAG_RUN_ID='scheduled__2025-05-26T00:00:00+00:00'
[2026-03-25T10:58:00.365+0000] {taskinstance.py:430} INFO - ::endgroup::
[2026-03-25T10:58:00.746+0000] {crypto.py:82} WARNING - empty cryptography key - values will not be stored encrypted.
[2026-03-25T10:58:00.748+0000] {base.py:84} INFO - Using connection ID 'mysql' for task execution.
[2026-03-25T10:58:04.599+0000] {mysql_operator.py:13} ERROR - Can't connect to mysql database
[2026-03-25T10:58:04.600+0000] {base.py:84} INFO - Using connection ID 'mysql' for task execution.
[2026-03-25T10:58:08.442+0000] {taskinstance.py:441} INFO - ::group::Post task execution logs
[2026-03-25T10:58:08.442+0000] {taskinstance.py:2905} ERROR - Task failed with exception
Traceback (most recent call last):
  File "/home/airflow/.local/lib/python3.10/site-packages/airflow/models/taskinstance.py", line 465, in _execute_task
    result = _execute_callable(context=context, **execute_callable_kwargs)
  File "/home/airflow/.local/lib/python3.10/site-packages/airflow/models/taskinstance.py", line 432, in _execute_callable
    return execute_callable(context=context, **execute_callable_kwargs)
  File "/home/airflow/.local/lib/python3.10/site-packages/airflow/models/baseoperator.py", line 401, in wrapper
    return func(self, *args, **kwargs)
  File "/home/airflow/.local/lib/python3.10/site-packages/airflow/operators/python.py", line 235, in execute
    return_value = self.execute_callable()
  File "/home/airflow/.local/lib/python3.10/site-packages/airflow/operators/python.py", line 252, in execute_callable
    return self.python_callable(*self.op_args, **self.op_kwargs)
  File "/opt/airflow/dags/extract_data.py", line 30, in extract_and_load_to_staging
    df = source_operator.get_data_to_pd(f"SELECT * FROM {table}")
  File "/opt/airflow/plugins/mysql_operator.py", line 15, in get_data_to_pd
    return self.mysqlhook.get_pandas_df(query)
  File "/home/airflow/.local/lib/python3.10/site-packages/airflow/providers/common/sql/hooks/sql.py", line 262, in get_pandas_df
    with closing(self.get_conn()) as conn:
  File "/home/airflow/.local/lib/python3.10/site-packages/airflow/providers/mysql/hooks/mysql.py", line 196, in get_conn
    return MySQLdb.connect(**conn_config)
  File "/home/airflow/.local/lib/python3.10/site-packages/MySQLdb/__init__.py", line 121, in Connect
    return Connection(*args, **kwargs)
  File "/home/airflow/.local/lib/python3.10/site-packages/MySQLdb/connections.py", line 195, in __init__
    super().__init__(*args, **kwargs2)
MySQLdb.OperationalError: (2005, "Unknown server host 'mysql' (-2)")
[2026-03-25T10:58:08.466+0000] {taskinstance.py:1206} INFO - Marking task as FAILED. dag_id=e_commerce_dw_etl, task_id=extract.extract_and_load_to_staging, run_id=scheduled__2025-05-26T00:00:00+00:00, execution_date=20250526T000000, start_date=20260325T105759, end_date=20260325T105808
[2026-03-25T10:58:08.480+0000] {standard_task_runner.py:110} ERROR - Failed to execute job 217 for task extract.extract_and_load_to_staging ((2005, "Unknown server host 'mysql' (-2)"); 847)
[2026-03-25T10:58:08.510+0000] {local_task_job_runner.py:240} INFO - Task exited with return code 1
[2026-03-25T10:58:08.532+0000] {taskinstance.py:3503} INFO - 0 downstream tasks scheduled from follow-on schedule check
[2026-03-25T10:58:08.538+0000] {local_task_job_runner.py:222} INFO - ::endgroup::
[2026-03-25T11:17:50.307+0000] {local_task_job_runner.py:120} INFO - ::group::Pre task execution logs
[2026-03-25T11:17:50.359+0000] {taskinstance.py:2076} INFO - Dependencies all met for dep_context=non-requeueable deps ti=<TaskInstance: e_commerce_dw_etl.extract.extract_and_load_to_staging scheduled__2025-05-26T00:00:00+00:00 [queued]>
[2026-03-25T11:17:50.383+0000] {taskinstance.py:2076} INFO - Dependencies all met for dep_context=requeueable deps ti=<TaskInstance: e_commerce_dw_etl.extract.extract_and_load_to_staging scheduled__2025-05-26T00:00:00+00:00 [queued]>
[2026-03-25T11:17:50.385+0000] {taskinstance.py:2306} INFO - Starting attempt 1 of 1
[2026-03-25T11:17:50.414+0000] {taskinstance.py:2330} INFO - Executing <Task(PythonOperator): extract.extract_and_load_to_staging> on 2025-05-26 00:00:00+00:00
[2026-03-25T11:17:50.422+0000] {standard_task_runner.py:63} INFO - Started process 897 to run task
[2026-03-25T11:17:50.432+0000] {standard_task_runner.py:90} INFO - Running: ['***', 'tasks', 'run', 'e_commerce_dw_etl', 'extract.extract_and_load_to_staging', 'scheduled__2025-05-26T00:00:00+00:00', '--job-id', '216', '--raw', '--subdir', 'DAGS_FOLDER/e_commerce_dw_dag.py', '--cfg-path', '/tmp/tmp5yti04yi']
[2026-03-25T11:17:50.438+0000] {standard_task_runner.py:91} INFO - Job 216: Subtask extract.extract_and_load_to_staging
[2026-03-25T11:17:50.587+0000] {task_command.py:426} INFO - Running <TaskInstance: e_commerce_dw_etl.extract.extract_and_load_to_staging scheduled__2025-05-26T00:00:00+00:00 [running]> on host d26a046c4728
[2026-03-25T11:17:50.760+0000] {taskinstance.py:2648} INFO - Exporting env vars: AIRFLOW_CTX_DAG_OWNER='***' AIRFLOW_CTX_DAG_ID='e_commerce_dw_etl' AIRFLOW_CTX_TASK_ID='extract.extract_and_load_to_staging' AIRFLOW_CTX_EXECUTION_DATE='2025-05-26T00:00:00+00:00' AIRFLOW_CTX_TRY_NUMBER='1' AIRFLOW_CTX_DAG_RUN_ID='scheduled__2025-05-26T00:00:00+00:00'
[2026-03-25T11:17:50.762+0000] {taskinstance.py:430} INFO - ::endgroup::
[2026-03-25T11:17:51.067+0000] {base.py:84} INFO - Using connection ID 'mysql' for task execution.
[2026-03-25T11:17:55.062+0000] {mysql_operator.py:13} ERROR - Can't connect to mysql database
[2026-03-25T11:17:55.071+0000] {base.py:84} INFO - Using connection ID 'mysql' for task execution.
[2026-03-25T11:17:58.904+0000] {taskinstance.py:441} INFO - ::group::Post task execution logs
[2026-03-25T11:17:58.905+0000] {taskinstance.py:2905} ERROR - Task failed with exception
Traceback (most recent call last):
  File "/home/airflow/.local/lib/python3.10/site-packages/airflow/models/taskinstance.py", line 465, in _execute_task
    result = _execute_callable(context=context, **execute_callable_kwargs)
  File "/home/airflow/.local/lib/python3.10/site-packages/airflow/models/taskinstance.py", line 432, in _execute_callable
    return execute_callable(context=context, **execute_callable_kwargs)
  File "/home/airflow/.local/lib/python3.10/site-packages/airflow/models/baseoperator.py", line 401, in wrapper
    return func(self, *args, **kwargs)
  File "/home/airflow/.local/lib/python3.10/site-packages/airflow/operators/python.py", line 235, in execute
    return_value = self.execute_callable()
  File "/home/airflow/.local/lib/python3.10/site-packages/airflow/operators/python.py", line 252, in execute_callable
    return self.python_callable(*self.op_args, **self.op_kwargs)
  File "/opt/airflow/dags/extract_data.py", line 30, in extract_and_load_to_staging
    df = source_operator.get_data_to_pd(f"SELECT * FROM {table}")
  File "/opt/airflow/plugins/mysql_operator.py", line 15, in get_data_to_pd
    return self.mysqlhook.get_pandas_df(query)
  File "/home/airflow/.local/lib/python3.10/site-packages/airflow/providers/common/sql/hooks/sql.py", line 262, in get_pandas_df
    with closing(self.get_conn()) as conn:
  File "/home/airflow/.local/lib/python3.10/site-packages/airflow/providers/mysql/hooks/mysql.py", line 196, in get_conn
    return MySQLdb.connect(**conn_config)
  File "/home/airflow/.local/lib/python3.10/site-packages/MySQLdb/__init__.py", line 121, in Connect
    return Connection(*args, **kwargs)
  File "/home/airflow/.local/lib/python3.10/site-packages/MySQLdb/connections.py", line 195, in __init__
    super().__init__(*args, **kwargs2)
MySQLdb.OperationalError: (2005, "Unknown server host 'mysql' (-2)")
[2026-03-25T11:17:58.927+0000] {taskinstance.py:1206} INFO - Marking task as FAILED. dag_id=e_commerce_dw_etl, task_id=extract.extract_and_load_to_staging, run_id=scheduled__2025-05-26T00:00:00+00:00, execution_date=20250526T000000, start_date=20260325T111750, end_date=20260325T111758
[2026-03-25T11:17:58.943+0000] {standard_task_runner.py:110} ERROR - Failed to execute job 216 for task extract.extract_and_load_to_staging ((2005, "Unknown server host 'mysql' (-2)"); 897)
[2026-03-25T11:17:58.989+0000] {local_task_job_runner.py:240} INFO - Task exited with return code 1
[2026-03-25T11:17:59.017+0000] {taskinstance.py:3503} INFO - 0 downstream tasks scheduled from follow-on schedule check
[2026-03-25T11:17:59.026+0000] {local_task_job_runner.py:222} INFO - ::endgroup::
[2026-03-25T11:41:48.817+0000] {local_task_job_runner.py:120} INFO - ::group::Pre task execution logs
[2026-03-25T11:41:48.881+0000] {taskinstance.py:2076} INFO - Dependencies all met for dep_context=non-requeueable deps ti=<TaskInstance: e_commerce_dw_etl.extract.extract_and_load_to_staging scheduled__2025-05-26T00:00:00+00:00 [queued]>
[2026-03-25T11:41:48.895+0000] {taskinstance.py:2076} INFO - Dependencies all met for dep_context=requeueable deps ti=<TaskInstance: e_commerce_dw_etl.extract.extract_and_load_to_staging scheduled__2025-05-26T00:00:00+00:00 [queued]>
[2026-03-25T11:41:48.896+0000] {taskinstance.py:2306} INFO - Starting attempt 1 of 1
[2026-03-25T11:41:48.924+0000] {taskinstance.py:2330} INFO - Executing <Task(PythonOperator): extract.extract_and_load_to_staging> on 2025-05-26 00:00:00+00:00
[2026-03-25T11:41:48.934+0000] {standard_task_runner.py:63} INFO - Started process 798 to run task
[2026-03-25T11:41:48.942+0000] {standard_task_runner.py:90} INFO - Running: ['***', 'tasks', 'run', 'e_commerce_dw_etl', 'extract.extract_and_load_to_staging', 'scheduled__2025-05-26T00:00:00+00:00', '--job-id', '216', '--raw', '--subdir', 'DAGS_FOLDER/e_commerce_dw_dag.py', '--cfg-path', '/tmp/tmplblyqfxn']
[2026-03-25T11:41:48.945+0000] {standard_task_runner.py:91} INFO - Job 216: Subtask extract.extract_and_load_to_staging
[2026-03-25T11:41:49.055+0000] {task_command.py:426} INFO - Running <TaskInstance: e_commerce_dw_etl.extract.extract_and_load_to_staging scheduled__2025-05-26T00:00:00+00:00 [running]> on host d9d1693fa74b
[2026-03-25T11:41:49.170+0000] {taskinstance.py:2648} INFO - Exporting env vars: AIRFLOW_CTX_DAG_OWNER='***' AIRFLOW_CTX_DAG_ID='e_commerce_dw_etl' AIRFLOW_CTX_TASK_ID='extract.extract_and_load_to_staging' AIRFLOW_CTX_EXECUTION_DATE='2025-05-26T00:00:00+00:00' AIRFLOW_CTX_TRY_NUMBER='1' AIRFLOW_CTX_DAG_RUN_ID='scheduled__2025-05-26T00:00:00+00:00'
[2026-03-25T11:41:49.172+0000] {taskinstance.py:430} INFO - ::endgroup::
[2026-03-25T11:41:49.406+0000] {base.py:84} INFO - Using connection ID 'mysql' for task execution.
[2026-03-25T11:41:49.425+0000] {base.py:84} INFO - Using connection ID 'mysql' for task execution.
[2026-03-25T11:41:49.439+0000] {logging_mixin.py:188} WARNING - /home/***/.local/lib/python3.10/site-packages/***/providers/common/sql/hooks/sql.py:263 UserWarning: pandas only supports SQLAlchemy connectable (engine/connection) or database string URI or sqlite3 DBAPI2 connection. Other DBAPI2 objects are not tested. Please consider using SQLAlchemy.
[2026-03-25T11:41:49.442+0000] {taskinstance.py:441} INFO - ::group::Post task execution logs
[2026-03-25T11:41:49.443+0000] {taskinstance.py:2905} ERROR - Task failed with exception
Traceback (most recent call last):
  File "/home/airflow/.local/lib/python3.10/site-packages/pandas/io/sql.py", line 2018, in execute
    cur.execute(*args, **kwargs)
  File "/home/airflow/.local/lib/python3.10/site-packages/MySQLdb/cursors.py", line 179, in execute
    res = self._query(mogrified_query)
  File "/home/airflow/.local/lib/python3.10/site-packages/MySQLdb/cursors.py", line 330, in _query
    db.query(q)
  File "/home/airflow/.local/lib/python3.10/site-packages/MySQLdb/connections.py", line 261, in query
    _mysql.connection.query(self, query)
MySQLdb.ProgrammingError: (1146, "Table 'olist.product_category_name_translation' doesn't exist")

The above exception was the direct cause of the following exception:

Traceback (most recent call last):
  File "/home/airflow/.local/lib/python3.10/site-packages/airflow/models/taskinstance.py", line 465, in _execute_task
    result = _execute_callable(context=context, **execute_callable_kwargs)
  File "/home/airflow/.local/lib/python3.10/site-packages/airflow/models/taskinstance.py", line 432, in _execute_callable
    return execute_callable(context=context, **execute_callable_kwargs)
  File "/home/airflow/.local/lib/python3.10/site-packages/airflow/models/baseoperator.py", line 401, in wrapper
    return func(self, *args, **kwargs)
  File "/home/airflow/.local/lib/python3.10/site-packages/airflow/operators/python.py", line 235, in execute
    return_value = self.execute_callable()
  File "/home/airflow/.local/lib/python3.10/site-packages/airflow/operators/python.py", line 252, in execute_callable
    return self.python_callable(*self.op_args, **self.op_kwargs)
  File "/opt/airflow/dags/extract_data.py", line 30, in extract_and_load_to_staging
    df = source_operator.get_data_to_pd(f"SELECT * FROM {table}")
  File "/opt/airflow/plugins/mysql_operator.py", line 15, in get_data_to_pd
    return self.mysqlhook.get_pandas_df(query)
  File "/home/airflow/.local/lib/python3.10/site-packages/airflow/providers/common/sql/hooks/sql.py", line 263, in get_pandas_df
    return psql.read_sql(sql, con=conn, params=parameters, **kwargs)
  File "/home/airflow/.local/lib/python3.10/site-packages/pandas/io/sql.py", line 564, in read_sql
    return pandas_sql.read_query(
  File "/home/airflow/.local/lib/python3.10/site-packages/pandas/io/sql.py", line 2078, in read_query
    cursor = self.execute(*args)
  File "/home/airflow/.local/lib/python3.10/site-packages/pandas/io/sql.py", line 2030, in execute
    raise ex from exc
pandas.errors.DatabaseError: Execution failed on sql 'SELECT * FROM product_category_name_translation': (1146, "Table 'olist.product_category_name_translation' doesn't exist")
[2026-03-25T11:41:49.469+0000] {taskinstance.py:1206} INFO - Marking task as FAILED. dag_id=e_commerce_dw_etl, task_id=extract.extract_and_load_to_staging, run_id=scheduled__2025-05-26T00:00:00+00:00, execution_date=20250526T000000, start_date=20260325T114148, end_date=20260325T114149
[2026-03-25T11:41:49.485+0000] {standard_task_runner.py:110} ERROR - Failed to execute job 216 for task extract.extract_and_load_to_staging (Execution failed on sql 'SELECT * FROM product_category_name_translation': (1146, "Table 'olist.product_category_name_translation' doesn't exist"); 798)
[2026-03-25T11:41:49.514+0000] {local_task_job_runner.py:240} INFO - Task exited with return code 1
[2026-03-25T11:41:49.549+0000] {taskinstance.py:3503} INFO - 0 downstream tasks scheduled from follow-on schedule check
[2026-03-25T11:41:49.562+0000] {local_task_job_runner.py:222} INFO - ::endgroup::
[2026-03-25T13:57:00.806+0000] {local_task_job_runner.py:120} INFO - ::group::Pre task execution logs
[2026-03-25T13:57:00.883+0000] {taskinstance.py:2076} INFO - Dependencies all met for dep_context=non-requeueable deps ti=<TaskInstance: e_commerce_dw_etl.extract.extract_and_load_to_staging scheduled__2025-05-26T00:00:00+00:00 [queued]>
[2026-03-25T13:57:00.910+0000] {taskinstance.py:2076} INFO - Dependencies all met for dep_context=requeueable deps ti=<TaskInstance: e_commerce_dw_etl.extract.extract_and_load_to_staging scheduled__2025-05-26T00:00:00+00:00 [queued]>
[2026-03-25T13:57:00.911+0000] {taskinstance.py:2306} INFO - Starting attempt 1 of 1
[2026-03-25T13:57:00.991+0000] {taskinstance.py:2330} INFO - Executing <Task(PythonOperator): extract.extract_and_load_to_staging> on 2025-05-26 00:00:00+00:00
[2026-03-25T13:57:01.007+0000] {standard_task_runner.py:63} INFO - Started process 879 to run task
[2026-03-25T13:57:01.019+0000] {standard_task_runner.py:90} INFO - Running: ['***', 'tasks', 'run', 'e_commerce_dw_etl', 'extract.extract_and_load_to_staging', 'scheduled__2025-05-26T00:00:00+00:00', '--job-id', '217', '--raw', '--subdir', 'DAGS_FOLDER/e_commerce_dw_dag.py', '--cfg-path', '/tmp/tmps62pj_y9']
[2026-03-25T13:57:01.032+0000] {standard_task_runner.py:91} INFO - Job 217: Subtask extract.extract_and_load_to_staging
[2026-03-25T13:57:01.262+0000] {task_command.py:426} INFO - Running <TaskInstance: e_commerce_dw_etl.extract.extract_and_load_to_staging scheduled__2025-05-26T00:00:00+00:00 [running]> on host 85f4963e6238
[2026-03-25T13:57:01.598+0000] {taskinstance.py:2648} INFO - Exporting env vars: AIRFLOW_CTX_DAG_OWNER='***' AIRFLOW_CTX_DAG_ID='e_commerce_dw_etl' AIRFLOW_CTX_TASK_ID='extract.extract_and_load_to_staging' AIRFLOW_CTX_EXECUTION_DATE='2025-05-26T00:00:00+00:00' AIRFLOW_CTX_TRY_NUMBER='1' AIRFLOW_CTX_DAG_RUN_ID='scheduled__2025-05-26T00:00:00+00:00'
[2026-03-25T13:57:01.602+0000] {taskinstance.py:430} INFO - ::endgroup::
[2026-03-25T13:57:02.084+0000] {base.py:84} INFO - Using connection ID 'mysql' for task execution.
[2026-03-25T13:57:02.140+0000] {base.py:84} INFO - Using connection ID 'mysql' for task execution.
[2026-03-25T13:57:02.182+0000] {logging_mixin.py:188} WARNING - /home/***/.local/lib/python3.10/site-packages/***/providers/common/sql/hooks/sql.py:263 UserWarning: pandas only supports SQLAlchemy connectable (engine/connection) or database string URI or sqlite3 DBAPI2 connection. Other DBAPI2 objects are not tested. Please consider using SQLAlchemy.
[2026-03-25T13:57:02.212+0000] {taskinstance.py:441} INFO - ::group::Post task execution logs
[2026-03-25T13:57:02.246+0000] {taskinstance.py:2905} ERROR - Task failed with exception
Traceback (most recent call last):
  File "/home/airflow/.local/lib/python3.10/site-packages/airflow/models/taskinstance.py", line 465, in _execute_task
    result = _execute_callable(context=context, **execute_callable_kwargs)
  File "/home/airflow/.local/lib/python3.10/site-packages/airflow/models/taskinstance.py", line 432, in _execute_callable
    return execute_callable(context=context, **execute_callable_kwargs)
  File "/home/airflow/.local/lib/python3.10/site-packages/airflow/models/baseoperator.py", line 401, in wrapper
    return func(self, *args, **kwargs)
  File "/home/airflow/.local/lib/python3.10/site-packages/airflow/operators/python.py", line 235, in execute
    return_value = self.execute_callable()
  File "/home/airflow/.local/lib/python3.10/site-packages/airflow/operators/python.py", line 252, in execute_callable
    return self.python_callable(*self.op_args, **self.op_kwargs)
  File "/opt/airflow/dags/extract_data.py", line 33, in extract_and_load_to_staging
    staging_operator.save_data_to_postgres(
  File "/opt/airflow/plugins/postgresql_operator.py", line 17, in save_data_to_postgres
    conn = self.hook.get_uri()
  File "/home/airflow/.local/lib/python3.10/site-packages/airflow/providers/postgres/hooks/postgres.py", line 204, in get_uri
    return self.sqlalchemy_url.render_as_string(hide_password=False)
  File "/home/airflow/.local/lib/python3.10/site-packages/airflow/providers/postgres/hooks/postgres.py", line 119, in sqlalchemy_url
    conn = self.get_connection(getattr(self, self.conn_name_attr))
  File "/home/airflow/.local/lib/python3.10/site-packages/airflow/hooks/base.py", line 83, in get_connection
    conn = Connection.get_connection_from_secrets(conn_id)
  File "/home/airflow/.local/lib/python3.10/site-packages/airflow/models/connection.py", line 519, in get_connection_from_secrets
    raise AirflowNotFoundException(f"The conn_id `{conn_id}` isn't defined")
airflow.exceptions.AirflowNotFoundException: The conn_id `postgres` isn't defined
[2026-03-25T13:57:02.279+0000] {taskinstance.py:1206} INFO - Marking task as FAILED. dag_id=e_commerce_dw_etl, task_id=extract.extract_and_load_to_staging, run_id=scheduled__2025-05-26T00:00:00+00:00, execution_date=20250526T000000, start_date=20260325T135700, end_date=20260325T135702
[2026-03-25T13:57:02.426+0000] {standard_task_runner.py:110} ERROR - Failed to execute job 217 for task extract.extract_and_load_to_staging (The conn_id `postgres` isn't defined; 879)
[2026-03-25T13:57:02.487+0000] {local_task_job_runner.py:240} INFO - Task exited with return code 1
[2026-03-25T13:57:02.553+0000] {taskinstance.py:3503} INFO - 0 downstream tasks scheduled from follow-on schedule check
[2026-03-25T13:57:02.568+0000] {local_task_job_runner.py:222} INFO - ::endgroup::
[2026-03-26T04:14:19.109+0000] {local_task_job_runner.py:120} INFO - ::group::Pre task execution logs
[2026-03-26T04:14:19.379+0000] {taskinstance.py:2076} INFO - Dependencies all met for dep_context=non-requeueable deps ti=<TaskInstance: e_commerce_dw_etl.extract.extract_and_load_to_staging scheduled__2025-05-26T00:00:00+00:00 [queued]>
[2026-03-26T04:14:19.439+0000] {taskinstance.py:2076} INFO - Dependencies all met for dep_context=requeueable deps ti=<TaskInstance: e_commerce_dw_etl.extract.extract_and_load_to_staging scheduled__2025-05-26T00:00:00+00:00 [queued]>
[2026-03-26T04:14:19.448+0000] {taskinstance.py:2306} INFO - Starting attempt 1 of 1
[2026-03-26T04:14:19.816+0000] {taskinstance.py:2330} INFO - Executing <Task(PythonOperator): extract.extract_and_load_to_staging> on 2025-05-26 00:00:00+00:00
[2026-03-26T04:14:19.873+0000] {standard_task_runner.py:63} INFO - Started process 1764 to run task
[2026-03-26T04:14:19.894+0000] {standard_task_runner.py:90} INFO - Running: ['***', 'tasks', 'run', 'e_commerce_dw_etl', 'extract.extract_and_load_to_staging', 'scheduled__2025-05-26T00:00:00+00:00', '--job-id', '415', '--raw', '--subdir', 'DAGS_FOLDER/e_commerce_dw_dag.py', '--cfg-path', '/tmp/tmpux66vfo8']
[2026-03-26T04:14:19.909+0000] {standard_task_runner.py:91} INFO - Job 415: Subtask extract.extract_and_load_to_staging
[2026-03-26T04:14:20.113+0000] {task_command.py:426} INFO - Running <TaskInstance: e_commerce_dw_etl.extract.extract_and_load_to_staging scheduled__2025-05-26T00:00:00+00:00 [running]> on host 2d1a3218d35e
[2026-03-26T04:14:21.569+0000] {taskinstance.py:2648} INFO - Exporting env vars: AIRFLOW_CTX_DAG_OWNER='***' AIRFLOW_CTX_DAG_ID='e_commerce_dw_etl' AIRFLOW_CTX_TASK_ID='extract.extract_and_load_to_staging' AIRFLOW_CTX_EXECUTION_DATE='2025-05-26T00:00:00+00:00' AIRFLOW_CTX_TRY_NUMBER='1' AIRFLOW_CTX_DAG_RUN_ID='scheduled__2025-05-26T00:00:00+00:00'
[2026-03-26T04:14:21.571+0000] {taskinstance.py:430} INFO - ::endgroup::
[2026-03-26T04:14:21.631+0000] {crypto.py:82} WARNING - empty cryptography key - values will not be stored encrypted.
[2026-03-26T04:14:21.642+0000] {base.py:84} INFO - Using connection ID 'mysql' for task execution.
[2026-03-26T04:14:21.719+0000] {base.py:84} INFO - Using connection ID 'mysql' for task execution.
[2026-03-26T04:14:21.755+0000] {logging_mixin.py:188} WARNING - /home/***/.local/lib/python3.10/site-packages/***/providers/common/sql/hooks/sql.py:263 UserWarning: pandas only supports SQLAlchemy connectable (engine/connection) or database string URI or sqlite3 DBAPI2 connection. Other DBAPI2 objects are not tested. Please consider using SQLAlchemy.
[2026-03-26T04:14:21.768+0000] {base.py:84} INFO - Using connection ID 'postgres' for task execution.
[2026-03-26T04:14:22.119+0000] {logging_mixin.py:188} INFO - Đã trích xuất và lưu bảng product_category_name_translation từ MySQL vào PostgreSQL public
[2026-03-26T04:14:22.136+0000] {base.py:84} INFO - Using connection ID 'mysql' for task execution.
[2026-03-26T04:14:22.183+0000] {logging_mixin.py:188} WARNING - /home/***/.local/lib/python3.10/site-packages/***/providers/common/sql/hooks/sql.py:263 UserWarning: pandas only supports SQLAlchemy connectable (engine/connection) or database string URI or sqlite3 DBAPI2 connection. Other DBAPI2 objects are not tested. Please consider using SQLAlchemy.
[2026-03-26T04:14:22.524+0000] {base.py:84} INFO - Using connection ID 'postgres' for task execution.
[2026-03-26T04:14:26.383+0000] {logging_mixin.py:188} INFO - Đã trích xuất và lưu bảng geolocation từ MySQL vào PostgreSQL public
[2026-03-26T04:14:26.385+0000] {base.py:84} INFO - Using connection ID 'mysql' for task execution.
[2026-03-26T04:14:26.394+0000] {logging_mixin.py:188} WARNING - /home/***/.local/lib/python3.10/site-packages/***/providers/common/sql/hooks/sql.py:263 UserWarning: pandas only supports SQLAlchemy connectable (engine/connection) or database string URI or sqlite3 DBAPI2 connection. Other DBAPI2 objects are not tested. Please consider using SQLAlchemy.
[2026-03-26T04:14:26.422+0000] {base.py:84} INFO - Using connection ID 'postgres' for task execution.
[2026-03-26T04:14:26.773+0000] {logging_mixin.py:188} INFO - Đã trích xuất và lưu bảng sellers từ MySQL vào PostgreSQL public
[2026-03-26T04:14:26.787+0000] {base.py:84} INFO - Using connection ID 'mysql' for task execution.
[2026-03-26T04:14:26.803+0000] {logging_mixin.py:188} WARNING - /home/***/.local/lib/python3.10/site-packages/***/providers/common/sql/hooks/sql.py:263 UserWarning: pandas only supports SQLAlchemy connectable (engine/connection) or database string URI or sqlite3 DBAPI2 connection. Other DBAPI2 objects are not tested. Please consider using SQLAlchemy.
[2026-03-26T04:14:27.580+0000] {base.py:84} INFO - Using connection ID 'postgres' for task execution.
[2026-03-26T04:14:35.872+0000] {taskinstance.py:441} INFO - ::group::Post task execution logs
[2026-03-26T04:14:35.881+0000] {taskinstance.py:2905} ERROR - Task failed with exception
Traceback (most recent call last):
  File "/home/airflow/.local/lib/python3.10/site-packages/sqlalchemy/engine/base.py", line 1890, in _execute_context
    self.dialect.do_executemany(
  File "/home/airflow/.local/lib/python3.10/site-packages/sqlalchemy/dialects/postgresql/psycopg2.py", line 982, in do_executemany
    context._psycopg2_fetched_rows = xtras.execute_values(
  File "/home/airflow/.local/lib/python3.10/site-packages/psycopg2/extras.py", line 1299, in execute_values
    cur.execute(b''.join(parts))
psycopg2.errors.UndefinedTable: relation "staging.stg_customers" does not exist
LINE 1: INSERT INTO staging.stg_customers (customer_id, customer_uni...
                    ^


The above exception was the direct cause of the following exception:

Traceback (most recent call last):
  File "/home/airflow/.local/lib/python3.10/site-packages/airflow/models/taskinstance.py", line 465, in _execute_task
    result = _execute_callable(context=context, **execute_callable_kwargs)
  File "/home/airflow/.local/lib/python3.10/site-packages/airflow/models/taskinstance.py", line 432, in _execute_callable
    return execute_callable(context=context, **execute_callable_kwargs)
  File "/home/airflow/.local/lib/python3.10/site-packages/airflow/models/baseoperator.py", line 401, in wrapper
    return func(self, *args, **kwargs)
  File "/home/airflow/.local/lib/python3.10/site-packages/airflow/operators/python.py", line 235, in execute
    return_value = self.execute_callable()
  File "/home/airflow/.local/lib/python3.10/site-packages/airflow/operators/python.py", line 252, in execute_callable
    return self.python_callable(*self.op_args, **self.op_kwargs)
  File "/opt/airflow/dags/extract_data.py", line 33, in extract_and_load_to_staging
    staging_operator.save_data_to_postgres(
  File "/opt/airflow/plugins/postgresql_operator.py", line 25, in save_data_to_postgres
    df.to_sql(table_name, engine, schema=schema, if_exists=if_exists, index=False)
  File "/home/airflow/.local/lib/python3.10/site-packages/pandas/core/generic.py", line 2987, in to_sql
    return sql.to_sql(
  File "/home/airflow/.local/lib/python3.10/site-packages/pandas/io/sql.py", line 695, in to_sql
    return pandas_sql.to_sql(
  File "/home/airflow/.local/lib/python3.10/site-packages/pandas/io/sql.py", line 1738, in to_sql
    total_inserted = sql_engine.insert_records(
  File "/home/airflow/.local/lib/python3.10/site-packages/pandas/io/sql.py", line 1335, in insert_records
    raise err
  File "/home/airflow/.local/lib/python3.10/site-packages/pandas/io/sql.py", line 1325, in insert_records
    return table.insert(chunksize=chunksize, method=method)
  File "/home/airflow/.local/lib/python3.10/site-packages/pandas/io/sql.py", line 946, in insert
    num_inserted = exec_insert(conn, keys, chunk_iter)
  File "/home/airflow/.local/lib/python3.10/site-packages/pandas/io/sql.py", line 853, in _execute_insert
    result = conn.execute(self.table.insert(), data)
  File "/home/airflow/.local/lib/python3.10/site-packages/sqlalchemy/engine/base.py", line 1385, in execute
    return meth(self, multiparams, params, _EMPTY_EXECUTION_OPTS)
  File "/home/airflow/.local/lib/python3.10/site-packages/sqlalchemy/sql/elements.py", line 334, in _execute_on_connection
    return connection._execute_clauseelement(
  File "/home/airflow/.local/lib/python3.10/site-packages/sqlalchemy/engine/base.py", line 1577, in _execute_clauseelement
    ret = self._execute_context(
  File "/home/airflow/.local/lib/python3.10/site-packages/sqlalchemy/engine/base.py", line 1953, in _execute_context
    self._handle_dbapi_exception(
  File "/home/airflow/.local/lib/python3.10/site-packages/sqlalchemy/engine/base.py", line 2134, in _handle_dbapi_exception
    util.raise_(
  File "/home/airflow/.local/lib/python3.10/site-packages/sqlalchemy/util/compat.py", line 211, in raise_
    raise exception
  File "/home/airflow/.local/lib/python3.10/site-packages/sqlalchemy/engine/base.py", line 1890, in _execute_context
    self.dialect.do_executemany(
  File "/home/airflow/.local/lib/python3.10/site-packages/sqlalchemy/dialects/postgresql/psycopg2.py", line 982, in do_executemany
    context._psycopg2_fetched_rows = xtras.execute_values(
  File "/home/airflow/.local/lib/python3.10/site-packages/psycopg2/extras.py", line 1299, in execute_values
    cur.execute(b''.join(parts))
sqlalchemy.exc.ProgrammingError: (psycopg2.errors.UndefinedTable) relation "staging.stg_customers" does not exist
LINE 1: INSERT INTO staging.stg_customers (customer_id, customer_uni...
                    ^

[SQL: INSERT INTO staging.stg_customers (customer_id, customer_unique_id, customer_zip_code_prefix, customer_city, customer_state) VALUES (%(customer_id)s, %(customer_unique_id)s, %(customer_zip_code_prefix)s, %(customer_city)s, %(customer_state)s)]
[parameters: ({'customer_id': '00012a2ce6f8dcda20d059ce98491703', 'customer_unique_id': '248ffe10d632bebe4f7267f1f44844c9', 'customer_zip_code_prefix': 6273, 'customer_city': 'osasco', 'customer_state': 'SP'}, {'customer_id': '000161a058600d5901f007fab4c27140', 'customer_unique_id': 'b0015e09bb4b6e47c52844fab5fb6638', 'customer_zip_code_prefix': 35550, 'customer_city': 'itapecerica', 'customer_state': 'MG'}, {'customer_id': '0001fd6190edaaf884bcaf3d49edf079', 'customer_unique_id': '94b11d37cd61cb2994a194d11f89682b', 'customer_zip_code_prefix': 29830, 'customer_city': 'nova venecia', 'customer_state': 'ES'}, {'customer_id': '0002414f95344307404f0ace7a26f1d5', 'customer_unique_id': '4893ad4ea28b2c5b3ddf4e82e79db9e6', 'customer_zip_code_prefix': 39664, 'customer_city': 'mendonca', 'customer_state': 'MG'}, {'customer_id': '000379cdec625522490c315e70c7a9fb', 'customer_unique_id': '0b83f73b19c2019e182fd552c048a22c', 'customer_zip_code_prefix': 4841, 'customer_city': 'sao paulo', 'customer_state': 'SP'}, {'customer_id': '0004164d20a9e969af783496f3408652', 'customer_unique_id': '104bdb7e6a6cdceaa88c3ea5fa6b2b93', 'customer_zip_code_prefix': 13272, 'customer_city': 'valinhos', 'customer_state': 'SP'}, {'customer_id': '000419c5494106c306a97b5635748086', 'customer_unique_id': '14843983d4a159080f6afe4b7f346e7c', 'customer_zip_code_prefix': 24220, 'customer_city': 'niteroi', 'customer_state': 'RJ'}, {'customer_id': '00046a560d407e99b969756e0b10f282', 'customer_unique_id': '0b5295fc9819d831f68eb0e9a3e13ab7', 'customer_zip_code_prefix': 20540, 'customer_city': 'rio de janeiro', 'customer_state': 'RJ'}  ... displaying 10 of 99441 total bound parameter sets ...  {'customer_id': 'ffffa3172527f765de70084a7e53aae8', 'customer_unique_id': '48fd7dec70f2b104a1d5e8c5c639102b', 'customer_zip_code_prefix': 37130, 'customer_city': 'alfenas', 'customer_state': 'MG'}, {'customer_id': 'ffffe8b65bbe3087b653a978c870db99', 'customer_unique_id': '736e6bfa0510aa5b878881a226a5fd89', 'customer_zip_code_prefix': 6172, 'customer_city': 'osasco', 'customer_state': 'SP'})]
(Background on this error at: https://sqlalche.me/e/14/f405)
[2026-03-26T04:14:35.975+0000] {taskinstance.py:1206} INFO - Marking task as FAILED. dag_id=e_commerce_dw_etl, task_id=extract.extract_and_load_to_staging, run_id=scheduled__2025-05-26T00:00:00+00:00, execution_date=20250526T000000, start_date=20260326T041419, end_date=20260326T041435
[2026-03-26T04:14:36.029+0000] {standard_task_runner.py:110} ERROR - Failed to execute job 415 for task extract.extract_and_load_to_staging ((psycopg2.errors.UndefinedTable) relation "staging.stg_customers" does not exist
LINE 1: INSERT INTO staging.stg_customers (customer_id, customer_uni...
                    ^

[SQL: INSERT INTO staging.stg_customers (customer_id, customer_unique_id, customer_zip_code_prefix, customer_city, customer_state) VALUES (%(customer_id)s, %(customer_unique_id)s, %(customer_zip_code_prefix)s, %(customer_city)s, %(customer_state)s)]
[parameters: ({'customer_id': '00012a2ce6f8dcda20d059ce98491703', 'customer_unique_id': '248ffe10d632bebe4f7267f1f44844c9', 'customer_zip_code_prefix': 6273, 'customer_city': 'osasco', 'customer_state': 'SP'}, {'customer_id': '000161a058600d5901f007fab4c27140', 'customer_unique_id': 'b0015e09bb4b6e47c52844fab5fb6638', 'customer_zip_code_prefix': 35550, 'customer_city': 'itapecerica', 'customer_state': 'MG'}, {'customer_id': '0001fd6190edaaf884bcaf3d49edf079', 'customer_unique_id': '94b11d37cd61cb2994a194d11f89682b', 'customer_zip_code_prefix': 29830, 'customer_city': 'nova venecia', 'customer_state': 'ES'}, {'customer_id': '0002414f95344307404f0ace7a26f1d5', 'customer_unique_id': '4893ad4ea28b2c5b3ddf4e82e79db9e6', 'customer_zip_code_prefix': 39664, 'customer_city': 'mendonca', 'customer_state': 'MG'}, {'customer_id': '000379cdec625522490c315e70c7a9fb', 'customer_unique_id': '0b83f73b19c2019e182fd552c048a22c', 'customer_zip_code_prefix': 4841, 'customer_city': 'sao paulo', 'customer_state': 'SP'}, {'customer_id': '0004164d20a9e969af783496f3408652', 'customer_unique_id': '104bdb7e6a6cdceaa88c3ea5fa6b2b93', 'customer_zip_code_prefix': 13272, 'customer_city': 'valinhos', 'customer_state': 'SP'}, {'customer_id': '000419c5494106c306a97b5635748086', 'customer_unique_id': '14843983d4a159080f6afe4b7f346e7c', 'customer_zip_code_prefix': 24220, 'customer_city': 'niteroi', 'customer_state': 'RJ'}, {'customer_id': '00046a560d407e99b969756e0b10f282', 'customer_unique_id': '0b5295fc9819d831f68eb0e9a3e13ab7', 'customer_zip_code_prefix': 20540, 'customer_city': 'rio de janeiro', 'customer_state': 'RJ'}  ... displaying 10 of 99441 total bound parameter sets ...  {'customer_id': 'ffffa3172527f765de70084a7e53aae8', 'customer_unique_id': '48fd7dec70f2b104a1d5e8c5c639102b', 'customer_zip_code_prefix': 37130, 'customer_city': 'alfenas', 'customer_state': 'MG'}, {'customer_id': 'ffffe8b65bbe3087b653a978c870db99', 'customer_unique_id': '736e6bfa0510aa5b878881a226a5fd89', 'customer_zip_code_prefix': 6172, 'customer_city': 'osasco', 'customer_state': 'SP'})]
(Background on this error at: https://sqlalche.me/e/14/f405); 1764)
[2026-03-26T04:14:36.158+0000] {local_task_job_runner.py:240} INFO - Task exited with return code 1
[2026-03-26T04:14:36.208+0000] {local_task_job_runner.py:222} INFO - ::endgroup::
