[2026-03-26T04:24:05.799+0000] {local_task_job_runner.py:120} INFO - ::group::Pre task execution logs
[2026-03-26T04:24:06.135+0000] {taskinstance.py:2076} INFO - Dependencies all met for dep_context=non-requeueable deps ti=<TaskInstance: e_commerce_dw_etl.transform.transform_dim_customers scheduled__2025-09-30T00:00:00+00:00 [queued]>
[2026-03-26T04:24:06.174+0000] {taskinstance.py:2076} INFO - Dependencies all met for dep_context=requeueable deps ti=<TaskInstance: e_commerce_dw_etl.transform.transform_dim_customers scheduled__2025-09-30T00:00:00+00:00 [queued]>
[2026-03-26T04:24:06.181+0000] {taskinstance.py:2306} INFO - Starting attempt 1 of 1
[2026-03-26T04:24:06.285+0000] {taskinstance.py:2330} INFO - Executing <Task(PythonOperator): transform.transform_dim_customers> on 2025-09-30 00:00:00+00:00
[2026-03-26T04:24:06.330+0000] {standard_task_runner.py:63} INFO - Started process 3016 to run task
[2026-03-26T04:24:06.343+0000] {standard_task_runner.py:90} INFO - Running: ['***', 'tasks', 'run', 'e_commerce_dw_etl', 'transform.transform_dim_customers', 'scheduled__2025-09-30T00:00:00+00:00', '--job-id', '792', '--raw', '--subdir', 'DAGS_FOLDER/e_commerce_dw_dag.py', '--cfg-path', '/tmp/tmpx40fl7gt']
[2026-03-26T04:24:06.374+0000] {standard_task_runner.py:91} INFO - Job 792: Subtask transform.transform_dim_customers
[2026-03-26T04:24:06.722+0000] {task_command.py:426} INFO - Running <TaskInstance: e_commerce_dw_etl.transform.transform_dim_customers scheduled__2025-09-30T00:00:00+00:00 [running]> on host 2d1a3218d35e
[2026-03-26T04:24:09.504+0000] {taskinstance.py:2648} INFO - Exporting env vars: AIRFLOW_CTX_DAG_OWNER='***' AIRFLOW_CTX_DAG_ID='e_commerce_dw_etl' AIRFLOW_CTX_TASK_ID='transform.transform_dim_customers' AIRFLOW_CTX_EXECUTION_DATE='2025-09-30T00:00:00+00:00' AIRFLOW_CTX_TRY_NUMBER='1' AIRFLOW_CTX_DAG_RUN_ID='scheduled__2025-09-30T00:00:00+00:00'
[2026-03-26T04:24:09.507+0000] {taskinstance.py:430} INFO - ::endgroup::
[2026-03-26T04:24:09.557+0000] {crypto.py:82} WARNING - empty cryptography key - values will not be stored encrypted.
[2026-03-26T04:24:09.563+0000] {base.py:84} INFO - Using connection ID 'postgres' for task execution.
[2026-03-26T04:24:09.600+0000] {logging_mixin.py:188} WARNING - /home/***/.local/lib/python3.10/site-packages/***/providers/common/sql/hooks/sql.py:263 UserWarning: pandas only supports SQLAlchemy connectable (engine/connection) or database string URI or sqlite3 DBAPI2 connection. Other DBAPI2 objects are not tested. Please consider using SQLAlchemy.
[2026-03-26T04:24:12.188+0000] {taskinstance.py:441} INFO - ::group::Post task execution logs
[2026-03-26T04:24:12.189+0000] {taskinstance.py:2905} ERROR - Task failed with exception
Traceback (most recent call last):
  File "/home/airflow/.local/lib/python3.10/site-packages/pandas/io/sql.py", line 2018, in execute
    cur.execute(*args, **kwargs)
psycopg2.errors.UndefinedTable: relation "staging.stg_customers" does not exist
LINE 1: SELECT * FROM staging.stg_customers
                      ^


The above exception was the direct cause of the following exception:

Traceback (most recent call last):
  File "/home/airflow/.local/lib/python3.10/site-packages/airflow/models/taskinstance.py", line 465, in _execute_task
    result = _execute_callable(context=context, **execute_callable_kwargs)
  File "/home/airflow/.local/lib/python3.10/site-packages/airflow/models/taskinstance.py", line 432, in _execute_callable
    return execute_callable(context=context, **execute_callable_kwargs)
  File "/home/airflow/.local/lib/python3.10/site-packages/airflow/models/baseoperator.py", line 401, in wrapper
    return func(self, *args, **kwargs)
  File "/home/airflow/.local/lib/python3.10/site-packages/airflow/operators/python.py", line 235, in execute
    return_value = self.execute_callable()
  File "/home/airflow/.local/lib/python3.10/site-packages/airflow/operators/python.py", line 252, in execute_callable
    return self.python_callable(*self.op_args, **self.op_kwargs)
  File "/opt/airflow/dags/transform_dim_customers.py", line 9, in transform_dim_customers
    df = staging_operator.get_data_to_pd("SELECT * FROM staging.stg_customers")
  File "/opt/airflow/plugins/postgresql_operator.py", line 14, in get_data_to_pd
    return self.hook.get_pandas_df(sql)
  File "/home/airflow/.local/lib/python3.10/site-packages/airflow/providers/common/sql/hooks/sql.py", line 263, in get_pandas_df
    return psql.read_sql(sql, con=conn, params=parameters, **kwargs)
  File "/home/airflow/.local/lib/python3.10/site-packages/pandas/io/sql.py", line 564, in read_sql
    return pandas_sql.read_query(
  File "/home/airflow/.local/lib/python3.10/site-packages/pandas/io/sql.py", line 2078, in read_query
    cursor = self.execute(*args)
  File "/home/airflow/.local/lib/python3.10/site-packages/pandas/io/sql.py", line 2030, in execute
    raise ex from exc
pandas.errors.DatabaseError: Execution failed on sql 'SELECT * FROM staging.stg_customers': relation "staging.stg_customers" does not exist
LINE 1: SELECT * FROM staging.stg_customers
                      ^

[2026-03-26T04:24:12.237+0000] {taskinstance.py:1206} INFO - Marking task as FAILED. dag_id=e_commerce_dw_etl, task_id=transform.transform_dim_customers, run_id=scheduled__2025-09-30T00:00:00+00:00, execution_date=20250930T000000, start_date=20260326T042406, end_date=20260326T042412
[2026-03-26T04:24:12.701+0000] {standard_task_runner.py:110} ERROR - Failed to execute job 792 for task transform.transform_dim_customers (Execution failed on sql 'SELECT * FROM staging.stg_customers': relation "staging.stg_customers" does not exist
LINE 1: SELECT * FROM staging.stg_customers
                      ^
; 3016)
[2026-03-26T04:24:12.829+0000] {local_task_job_runner.py:240} INFO - Task exited with return code 1
[2026-03-26T04:24:13.021+0000] {taskinstance.py:3503} INFO - 0 downstream tasks scheduled from follow-on schedule check
[2026-03-26T04:24:13.060+0000] {local_task_job_runner.py:222} INFO - ::endgroup::
