[2026-03-25T08:45:30.897+0000] {local_task_job_runner.py:120} INFO - ::group::Pre task execution logs
[2026-03-25T08:45:30.975+0000] {taskinstance.py:2076} INFO - Dependencies all met for dep_context=non-requeueable deps ti=<TaskInstance: e_commerce_dw_etl.extract.extract_and_load_to_staging scheduled__2025-11-07T00:00:00+00:00 [queued]>
[2026-03-25T08:45:30.999+0000] {taskinstance.py:2076} INFO - Dependencies all met for dep_context=requeueable deps ti=<TaskInstance: e_commerce_dw_etl.extract.extract_and_load_to_staging scheduled__2025-11-07T00:00:00+00:00 [queued]>
[2026-03-25T08:45:31.005+0000] {taskinstance.py:2306} INFO - Starting attempt 1 of 1
[2026-03-25T08:45:31.085+0000] {taskinstance.py:2330} INFO - Executing <Task(PythonOperator): extract.extract_and_load_to_staging> on 2025-11-07 00:00:00+00:00
[2026-03-25T08:45:31.103+0000] {standard_task_runner.py:90} INFO - Running: ['***', 'tasks', 'run', 'e_commerce_dw_etl', 'extract.extract_and_load_to_staging', 'scheduled__2025-11-07T00:00:00+00:00', '--job-id', '395', '--raw', '--subdir', 'DAGS_FOLDER/e_commerce_dw_dag.py', '--cfg-path', '/tmp/tmp35tv2_nv']
[2026-03-25T08:45:31.110+0000] {standard_task_runner.py:91} INFO - Job 395: Subtask extract.extract_and_load_to_staging
[2026-03-25T08:45:31.095+0000] {standard_task_runner.py:63} INFO - Started process 1494 to run task
[2026-03-25T08:45:31.271+0000] {task_command.py:426} INFO - Running <TaskInstance: e_commerce_dw_etl.extract.extract_and_load_to_staging scheduled__2025-11-07T00:00:00+00:00 [running]> on host bcd9e4848a6d
[2026-03-25T08:45:31.558+0000] {taskinstance.py:2648} INFO - Exporting env vars: AIRFLOW_CTX_DAG_OWNER='***' AIRFLOW_CTX_DAG_ID='e_commerce_dw_etl' AIRFLOW_CTX_TASK_ID='extract.extract_and_load_to_staging' AIRFLOW_CTX_EXECUTION_DATE='2025-11-07T00:00:00+00:00' AIRFLOW_CTX_TRY_NUMBER='1' AIRFLOW_CTX_DAG_RUN_ID='scheduled__2025-11-07T00:00:00+00:00'
[2026-03-25T08:45:31.560+0000] {taskinstance.py:430} INFO - ::endgroup::
[2026-03-25T08:45:31.944+0000] {mysql_operator.py:13} ERROR - Can't connect to mysql database
[2026-03-25T08:45:31.960+0000] {taskinstance.py:441} INFO - ::group::Post task execution logs
[2026-03-25T08:45:31.993+0000] {taskinstance.py:2905} ERROR - Task failed with exception
Traceback (most recent call last):
  File "/home/airflow/.local/lib/python3.10/site-packages/airflow/models/taskinstance.py", line 465, in _execute_task
    result = _execute_callable(context=context, **execute_callable_kwargs)
  File "/home/airflow/.local/lib/python3.10/site-packages/airflow/models/taskinstance.py", line 432, in _execute_callable
    return execute_callable(context=context, **execute_callable_kwargs)
  File "/home/airflow/.local/lib/python3.10/site-packages/airflow/models/baseoperator.py", line 401, in wrapper
    return func(self, *args, **kwargs)
  File "/home/airflow/.local/lib/python3.10/site-packages/airflow/operators/python.py", line 235, in execute
    return_value = self.execute_callable()
  File "/home/airflow/.local/lib/python3.10/site-packages/airflow/operators/python.py", line 252, in execute_callable
    return self.python_callable(*self.op_args, **self.op_kwargs)
  File "/opt/airflow/dags/extract_data.py", line 30, in extract_and_load_to_staging
    df = source_operator.get_data_to_pd(f"SELECT * FROM {table}")
  File "/opt/airflow/plugins/mysql_operator.py", line 15, in get_data_to_pd
    return self.mysqlhook.get_pandas_df(query)
  File "/home/airflow/.local/lib/python3.10/site-packages/airflow/providers/common/sql/hooks/sql.py", line 262, in get_pandas_df
    with closing(self.get_conn()) as conn:
  File "/home/airflow/.local/lib/python3.10/site-packages/airflow/providers/mysql/hooks/mysql.py", line 188, in get_conn
    conn = self.connection or self.get_connection(getattr(self, self.conn_name_attr))
  File "/home/airflow/.local/lib/python3.10/site-packages/airflow/hooks/base.py", line 83, in get_connection
    conn = Connection.get_connection_from_secrets(conn_id)
  File "/home/airflow/.local/lib/python3.10/site-packages/airflow/models/connection.py", line 519, in get_connection_from_secrets
    raise AirflowNotFoundException(f"The conn_id `{conn_id}` isn't defined")
airflow.exceptions.AirflowNotFoundException: The conn_id `mysql` isn't defined
[2026-03-25T08:45:32.040+0000] {taskinstance.py:1206} INFO - Marking task as FAILED. dag_id=e_commerce_dw_etl, task_id=extract.extract_and_load_to_staging, run_id=scheduled__2025-11-07T00:00:00+00:00, execution_date=20251107T000000, start_date=20260325T084530, end_date=20260325T084532
[2026-03-25T08:45:32.075+0000] {standard_task_runner.py:110} ERROR - Failed to execute job 395 for task extract.extract_and_load_to_staging (The conn_id `mysql` isn't defined; 1494)
[2026-03-25T08:45:32.127+0000] {local_task_job_runner.py:240} INFO - Task exited with return code 1
[2026-03-25T08:45:32.157+0000] {local_task_job_runner.py:222} INFO - ::endgroup::
[2026-03-25T09:33:47.890+0000] {local_task_job_runner.py:120} INFO - ::group::Pre task execution logs
[2026-03-25T09:33:47.972+0000] {taskinstance.py:2076} INFO - Dependencies all met for dep_context=non-requeueable deps ti=<TaskInstance: e_commerce_dw_etl.extract.extract_and_load_to_staging scheduled__2025-11-07T00:00:00+00:00 [queued]>
[2026-03-25T09:33:48.000+0000] {taskinstance.py:2076} INFO - Dependencies all met for dep_context=requeueable deps ti=<TaskInstance: e_commerce_dw_etl.extract.extract_and_load_to_staging scheduled__2025-11-07T00:00:00+00:00 [queued]>
[2026-03-25T09:33:48.003+0000] {taskinstance.py:2306} INFO - Starting attempt 1 of 1
[2026-03-25T09:33:48.177+0000] {taskinstance.py:2330} INFO - Executing <Task(PythonOperator): extract.extract_and_load_to_staging> on 2025-11-07 00:00:00+00:00
[2026-03-25T09:33:48.191+0000] {standard_task_runner.py:63} INFO - Started process 1160 to run task
[2026-03-25T09:33:48.210+0000] {standard_task_runner.py:90} INFO - Running: ['***', 'tasks', 'run', 'e_commerce_dw_etl', 'extract.extract_and_load_to_staging', 'scheduled__2025-11-07T00:00:00+00:00', '--job-id', '384', '--raw', '--subdir', 'DAGS_FOLDER/e_commerce_dw_dag.py', '--cfg-path', '/tmp/tmpv6skvepr']
[2026-03-25T09:33:48.221+0000] {standard_task_runner.py:91} INFO - Job 384: Subtask extract.extract_and_load_to_staging
[2026-03-25T09:33:48.450+0000] {task_command.py:426} INFO - Running <TaskInstance: e_commerce_dw_etl.extract.extract_and_load_to_staging scheduled__2025-11-07T00:00:00+00:00 [running]> on host 0d903260eca4
[2026-03-25T09:33:48.795+0000] {taskinstance.py:2648} INFO - Exporting env vars: AIRFLOW_CTX_DAG_OWNER='***' AIRFLOW_CTX_DAG_ID='e_commerce_dw_etl' AIRFLOW_CTX_TASK_ID='extract.extract_and_load_to_staging' AIRFLOW_CTX_EXECUTION_DATE='2025-11-07T00:00:00+00:00' AIRFLOW_CTX_TRY_NUMBER='1' AIRFLOW_CTX_DAG_RUN_ID='scheduled__2025-11-07T00:00:00+00:00'
[2026-03-25T09:33:48.797+0000] {taskinstance.py:430} INFO - ::endgroup::
[2026-03-25T09:33:49.254+0000] {mysql_operator.py:13} ERROR - Can't connect to mysql database
[2026-03-25T09:33:49.271+0000] {taskinstance.py:441} INFO - ::group::Post task execution logs
[2026-03-25T09:33:49.295+0000] {taskinstance.py:2905} ERROR - Task failed with exception
Traceback (most recent call last):
  File "/home/airflow/.local/lib/python3.10/site-packages/airflow/models/taskinstance.py", line 465, in _execute_task
    result = _execute_callable(context=context, **execute_callable_kwargs)
  File "/home/airflow/.local/lib/python3.10/site-packages/airflow/models/taskinstance.py", line 432, in _execute_callable
    return execute_callable(context=context, **execute_callable_kwargs)
  File "/home/airflow/.local/lib/python3.10/site-packages/airflow/models/baseoperator.py", line 401, in wrapper
    return func(self, *args, **kwargs)
  File "/home/airflow/.local/lib/python3.10/site-packages/airflow/operators/python.py", line 235, in execute
    return_value = self.execute_callable()
  File "/home/airflow/.local/lib/python3.10/site-packages/airflow/operators/python.py", line 252, in execute_callable
    return self.python_callable(*self.op_args, **self.op_kwargs)
  File "/opt/airflow/dags/extract_data.py", line 30, in extract_and_load_to_staging
    df = source_operator.get_data_to_pd(f"SELECT * FROM {table}")
  File "/opt/airflow/plugins/mysql_operator.py", line 15, in get_data_to_pd
    return self.mysqlhook.get_pandas_df(query)
  File "/home/airflow/.local/lib/python3.10/site-packages/airflow/providers/common/sql/hooks/sql.py", line 262, in get_pandas_df
    with closing(self.get_conn()) as conn:
  File "/home/airflow/.local/lib/python3.10/site-packages/airflow/providers/mysql/hooks/mysql.py", line 188, in get_conn
    conn = self.connection or self.get_connection(getattr(self, self.conn_name_attr))
  File "/home/airflow/.local/lib/python3.10/site-packages/airflow/hooks/base.py", line 83, in get_connection
    conn = Connection.get_connection_from_secrets(conn_id)
  File "/home/airflow/.local/lib/python3.10/site-packages/airflow/models/connection.py", line 519, in get_connection_from_secrets
    raise AirflowNotFoundException(f"The conn_id `{conn_id}` isn't defined")
airflow.exceptions.AirflowNotFoundException: The conn_id `mysql` isn't defined
[2026-03-25T09:33:49.330+0000] {taskinstance.py:1206} INFO - Marking task as FAILED. dag_id=e_commerce_dw_etl, task_id=extract.extract_and_load_to_staging, run_id=scheduled__2025-11-07T00:00:00+00:00, execution_date=20251107T000000, start_date=20260325T093347, end_date=20260325T093349
[2026-03-25T09:33:49.432+0000] {standard_task_runner.py:110} ERROR - Failed to execute job 384 for task extract.extract_and_load_to_staging (The conn_id `mysql` isn't defined; 1160)
[2026-03-25T09:33:49.488+0000] {local_task_job_runner.py:240} INFO - Task exited with return code 1
[2026-03-25T09:33:49.631+0000] {taskinstance.py:3503} INFO - 0 downstream tasks scheduled from follow-on schedule check
[2026-03-25T09:33:49.679+0000] {local_task_job_runner.py:222} INFO - ::endgroup::
[2026-03-25T11:01:01.541+0000] {local_task_job_runner.py:120} INFO - ::group::Pre task execution logs
[2026-03-25T11:01:01.599+0000] {taskinstance.py:2076} INFO - Dependencies all met for dep_context=non-requeueable deps ti=<TaskInstance: e_commerce_dw_etl.extract.extract_and_load_to_staging scheduled__2025-11-07T00:00:00+00:00 [queued]>
[2026-03-25T11:01:01.616+0000] {taskinstance.py:2076} INFO - Dependencies all met for dep_context=requeueable deps ti=<TaskInstance: e_commerce_dw_etl.extract.extract_and_load_to_staging scheduled__2025-11-07T00:00:00+00:00 [queued]>
[2026-03-25T11:01:01.617+0000] {taskinstance.py:2306} INFO - Starting attempt 1 of 1
[2026-03-25T11:01:01.667+0000] {taskinstance.py:2330} INFO - Executing <Task(PythonOperator): extract.extract_and_load_to_staging> on 2025-11-07 00:00:00+00:00
[2026-03-25T11:01:01.678+0000] {standard_task_runner.py:63} INFO - Started process 1334 to run task
[2026-03-25T11:01:01.684+0000] {standard_task_runner.py:90} INFO - Running: ['***', 'tasks', 'run', 'e_commerce_dw_etl', 'extract.extract_and_load_to_staging', 'scheduled__2025-11-07T00:00:00+00:00', '--job-id', '382', '--raw', '--subdir', 'DAGS_FOLDER/e_commerce_dw_dag.py', '--cfg-path', '/tmp/tmpifd720bp']
[2026-03-25T11:01:01.688+0000] {standard_task_runner.py:91} INFO - Job 382: Subtask extract.extract_and_load_to_staging
[2026-03-25T11:01:01.823+0000] {task_command.py:426} INFO - Running <TaskInstance: e_commerce_dw_etl.extract.extract_and_load_to_staging scheduled__2025-11-07T00:00:00+00:00 [running]> on host b7a6f340f223
[2026-03-25T11:01:01.973+0000] {taskinstance.py:2648} INFO - Exporting env vars: AIRFLOW_CTX_DAG_OWNER='***' AIRFLOW_CTX_DAG_ID='e_commerce_dw_etl' AIRFLOW_CTX_TASK_ID='extract.extract_and_load_to_staging' AIRFLOW_CTX_EXECUTION_DATE='2025-11-07T00:00:00+00:00' AIRFLOW_CTX_TRY_NUMBER='1' AIRFLOW_CTX_DAG_RUN_ID='scheduled__2025-11-07T00:00:00+00:00'
[2026-03-25T11:01:01.979+0000] {taskinstance.py:430} INFO - ::endgroup::
[2026-03-25T11:01:02.360+0000] {crypto.py:82} WARNING - empty cryptography key - values will not be stored encrypted.
[2026-03-25T11:01:02.363+0000] {base.py:84} INFO - Using connection ID 'mysql' for task execution.
[2026-03-25T11:01:06.376+0000] {mysql_operator.py:13} ERROR - Can't connect to mysql database
[2026-03-25T11:01:06.379+0000] {base.py:84} INFO - Using connection ID 'mysql' for task execution.
[2026-03-25T11:01:10.229+0000] {taskinstance.py:441} INFO - ::group::Post task execution logs
[2026-03-25T11:01:10.230+0000] {taskinstance.py:2905} ERROR - Task failed with exception
Traceback (most recent call last):
  File "/home/airflow/.local/lib/python3.10/site-packages/airflow/models/taskinstance.py", line 465, in _execute_task
    result = _execute_callable(context=context, **execute_callable_kwargs)
  File "/home/airflow/.local/lib/python3.10/site-packages/airflow/models/taskinstance.py", line 432, in _execute_callable
    return execute_callable(context=context, **execute_callable_kwargs)
  File "/home/airflow/.local/lib/python3.10/site-packages/airflow/models/baseoperator.py", line 401, in wrapper
    return func(self, *args, **kwargs)
  File "/home/airflow/.local/lib/python3.10/site-packages/airflow/operators/python.py", line 235, in execute
    return_value = self.execute_callable()
  File "/home/airflow/.local/lib/python3.10/site-packages/airflow/operators/python.py", line 252, in execute_callable
    return self.python_callable(*self.op_args, **self.op_kwargs)
  File "/opt/airflow/dags/extract_data.py", line 30, in extract_and_load_to_staging
    df = source_operator.get_data_to_pd(f"SELECT * FROM {table}")
  File "/opt/airflow/plugins/mysql_operator.py", line 15, in get_data_to_pd
    return self.mysqlhook.get_pandas_df(query)
  File "/home/airflow/.local/lib/python3.10/site-packages/airflow/providers/common/sql/hooks/sql.py", line 262, in get_pandas_df
    with closing(self.get_conn()) as conn:
  File "/home/airflow/.local/lib/python3.10/site-packages/airflow/providers/mysql/hooks/mysql.py", line 196, in get_conn
    return MySQLdb.connect(**conn_config)
  File "/home/airflow/.local/lib/python3.10/site-packages/MySQLdb/__init__.py", line 121, in Connect
    return Connection(*args, **kwargs)
  File "/home/airflow/.local/lib/python3.10/site-packages/MySQLdb/connections.py", line 195, in __init__
    super().__init__(*args, **kwargs2)
MySQLdb.OperationalError: (2005, "Unknown server host 'mysql' (-2)")
[2026-03-25T11:01:10.259+0000] {taskinstance.py:1206} INFO - Marking task as FAILED. dag_id=e_commerce_dw_etl, task_id=extract.extract_and_load_to_staging, run_id=scheduled__2025-11-07T00:00:00+00:00, execution_date=20251107T000000, start_date=20260325T110101, end_date=20260325T110110
[2026-03-25T11:01:10.276+0000] {standard_task_runner.py:110} ERROR - Failed to execute job 382 for task extract.extract_and_load_to_staging ((2005, "Unknown server host 'mysql' (-2)"); 1334)
[2026-03-25T11:01:10.302+0000] {local_task_job_runner.py:240} INFO - Task exited with return code 1
[2026-03-25T11:01:10.336+0000] {taskinstance.py:3503} INFO - 0 downstream tasks scheduled from follow-on schedule check
[2026-03-25T11:01:10.343+0000] {local_task_job_runner.py:222} INFO - ::endgroup::
[2026-03-25T11:20:28.111+0000] {local_task_job_runner.py:120} INFO - ::group::Pre task execution logs
[2026-03-25T11:20:28.154+0000] {taskinstance.py:2076} INFO - Dependencies all met for dep_context=non-requeueable deps ti=<TaskInstance: e_commerce_dw_etl.extract.extract_and_load_to_staging scheduled__2025-11-07T00:00:00+00:00 [queued]>
[2026-03-25T11:20:28.166+0000] {taskinstance.py:2076} INFO - Dependencies all met for dep_context=requeueable deps ti=<TaskInstance: e_commerce_dw_etl.extract.extract_and_load_to_staging scheduled__2025-11-07T00:00:00+00:00 [queued]>
[2026-03-25T11:20:28.167+0000] {taskinstance.py:2306} INFO - Starting attempt 1 of 1
[2026-03-25T11:20:28.287+0000] {taskinstance.py:2330} INFO - Executing <Task(PythonOperator): extract.extract_and_load_to_staging> on 2025-11-07 00:00:00+00:00
[2026-03-25T11:20:28.294+0000] {standard_task_runner.py:63} INFO - Started process 1359 to run task
[2026-03-25T11:20:28.299+0000] {standard_task_runner.py:90} INFO - Running: ['***', 'tasks', 'run', 'e_commerce_dw_etl', 'extract.extract_and_load_to_staging', 'scheduled__2025-11-07T00:00:00+00:00', '--job-id', '381', '--raw', '--subdir', 'DAGS_FOLDER/e_commerce_dw_dag.py', '--cfg-path', '/tmp/tmpk0yyoe64']
[2026-03-25T11:20:28.303+0000] {standard_task_runner.py:91} INFO - Job 381: Subtask extract.extract_and_load_to_staging
[2026-03-25T11:20:28.397+0000] {task_command.py:426} INFO - Running <TaskInstance: e_commerce_dw_etl.extract.extract_and_load_to_staging scheduled__2025-11-07T00:00:00+00:00 [running]> on host d26a046c4728
[2026-03-25T11:20:28.535+0000] {taskinstance.py:2648} INFO - Exporting env vars: AIRFLOW_CTX_DAG_OWNER='***' AIRFLOW_CTX_DAG_ID='e_commerce_dw_etl' AIRFLOW_CTX_TASK_ID='extract.extract_and_load_to_staging' AIRFLOW_CTX_EXECUTION_DATE='2025-11-07T00:00:00+00:00' AIRFLOW_CTX_TRY_NUMBER='1' AIRFLOW_CTX_DAG_RUN_ID='scheduled__2025-11-07T00:00:00+00:00'
[2026-03-25T11:20:28.542+0000] {taskinstance.py:430} INFO - ::endgroup::
[2026-03-25T11:20:28.845+0000] {base.py:84} INFO - Using connection ID 'mysql' for task execution.
[2026-03-25T11:20:32.702+0000] {mysql_operator.py:13} ERROR - Can't connect to mysql database
[2026-03-25T11:20:32.710+0000] {base.py:84} INFO - Using connection ID 'mysql' for task execution.
[2026-03-25T11:20:36.561+0000] {taskinstance.py:441} INFO - ::group::Post task execution logs
[2026-03-25T11:20:36.562+0000] {taskinstance.py:2905} ERROR - Task failed with exception
Traceback (most recent call last):
  File "/home/airflow/.local/lib/python3.10/site-packages/airflow/models/taskinstance.py", line 465, in _execute_task
    result = _execute_callable(context=context, **execute_callable_kwargs)
  File "/home/airflow/.local/lib/python3.10/site-packages/airflow/models/taskinstance.py", line 432, in _execute_callable
    return execute_callable(context=context, **execute_callable_kwargs)
  File "/home/airflow/.local/lib/python3.10/site-packages/airflow/models/baseoperator.py", line 401, in wrapper
    return func(self, *args, **kwargs)
  File "/home/airflow/.local/lib/python3.10/site-packages/airflow/operators/python.py", line 235, in execute
    return_value = self.execute_callable()
  File "/home/airflow/.local/lib/python3.10/site-packages/airflow/operators/python.py", line 252, in execute_callable
    return self.python_callable(*self.op_args, **self.op_kwargs)
  File "/opt/airflow/dags/extract_data.py", line 30, in extract_and_load_to_staging
    df = source_operator.get_data_to_pd(f"SELECT * FROM {table}")
  File "/opt/airflow/plugins/mysql_operator.py", line 15, in get_data_to_pd
    return self.mysqlhook.get_pandas_df(query)
  File "/home/airflow/.local/lib/python3.10/site-packages/airflow/providers/common/sql/hooks/sql.py", line 262, in get_pandas_df
    with closing(self.get_conn()) as conn:
  File "/home/airflow/.local/lib/python3.10/site-packages/airflow/providers/mysql/hooks/mysql.py", line 196, in get_conn
    return MySQLdb.connect(**conn_config)
  File "/home/airflow/.local/lib/python3.10/site-packages/MySQLdb/__init__.py", line 121, in Connect
    return Connection(*args, **kwargs)
  File "/home/airflow/.local/lib/python3.10/site-packages/MySQLdb/connections.py", line 195, in __init__
    super().__init__(*args, **kwargs2)
MySQLdb.OperationalError: (2005, "Unknown server host 'mysql' (-2)")
[2026-03-25T11:20:36.578+0000] {taskinstance.py:1206} INFO - Marking task as FAILED. dag_id=e_commerce_dw_etl, task_id=extract.extract_and_load_to_staging, run_id=scheduled__2025-11-07T00:00:00+00:00, execution_date=20251107T000000, start_date=20260325T112028, end_date=20260325T112036
[2026-03-25T11:20:36.589+0000] {standard_task_runner.py:110} ERROR - Failed to execute job 381 for task extract.extract_and_load_to_staging ((2005, "Unknown server host 'mysql' (-2)"); 1359)
[2026-03-25T11:20:36.638+0000] {local_task_job_runner.py:240} INFO - Task exited with return code 1
[2026-03-25T11:20:36.660+0000] {taskinstance.py:3503} INFO - 0 downstream tasks scheduled from follow-on schedule check
[2026-03-25T11:20:36.667+0000] {local_task_job_runner.py:222} INFO - ::endgroup::
[2026-03-25T11:43:15.951+0000] {local_task_job_runner.py:120} INFO - ::group::Pre task execution logs
[2026-03-25T11:43:15.988+0000] {taskinstance.py:2076} INFO - Dependencies all met for dep_context=non-requeueable deps ti=<TaskInstance: e_commerce_dw_etl.extract.extract_and_load_to_staging scheduled__2025-11-07T00:00:00+00:00 [queued]>
[2026-03-25T11:43:16.000+0000] {taskinstance.py:2076} INFO - Dependencies all met for dep_context=requeueable deps ti=<TaskInstance: e_commerce_dw_etl.extract.extract_and_load_to_staging scheduled__2025-11-07T00:00:00+00:00 [queued]>
[2026-03-25T11:43:16.001+0000] {taskinstance.py:2306} INFO - Starting attempt 1 of 1
[2026-03-25T11:43:16.023+0000] {taskinstance.py:2330} INFO - Executing <Task(PythonOperator): extract.extract_and_load_to_staging> on 2025-11-07 00:00:00+00:00
[2026-03-25T11:43:16.030+0000] {standard_task_runner.py:63} INFO - Started process 1207 to run task
[2026-03-25T11:43:16.034+0000] {standard_task_runner.py:90} INFO - Running: ['***', 'tasks', 'run', 'e_commerce_dw_etl', 'extract.extract_and_load_to_staging', 'scheduled__2025-11-07T00:00:00+00:00', '--job-id', '381', '--raw', '--subdir', 'DAGS_FOLDER/e_commerce_dw_dag.py', '--cfg-path', '/tmp/tmpyt5rq7u2']
[2026-03-25T11:43:16.037+0000] {standard_task_runner.py:91} INFO - Job 381: Subtask extract.extract_and_load_to_staging
[2026-03-25T11:43:16.113+0000] {task_command.py:426} INFO - Running <TaskInstance: e_commerce_dw_etl.extract.extract_and_load_to_staging scheduled__2025-11-07T00:00:00+00:00 [running]> on host d9d1693fa74b
[2026-03-25T11:43:16.219+0000] {taskinstance.py:2648} INFO - Exporting env vars: AIRFLOW_CTX_DAG_OWNER='***' AIRFLOW_CTX_DAG_ID='e_commerce_dw_etl' AIRFLOW_CTX_TASK_ID='extract.extract_and_load_to_staging' AIRFLOW_CTX_EXECUTION_DATE='2025-11-07T00:00:00+00:00' AIRFLOW_CTX_TRY_NUMBER='1' AIRFLOW_CTX_DAG_RUN_ID='scheduled__2025-11-07T00:00:00+00:00'
[2026-03-25T11:43:16.220+0000] {taskinstance.py:430} INFO - ::endgroup::
[2026-03-25T11:43:16.480+0000] {base.py:84} INFO - Using connection ID 'mysql' for task execution.
[2026-03-25T11:43:16.510+0000] {base.py:84} INFO - Using connection ID 'mysql' for task execution.
[2026-03-25T11:43:16.526+0000] {logging_mixin.py:188} WARNING - /home/***/.local/lib/python3.10/site-packages/***/providers/common/sql/hooks/sql.py:263 UserWarning: pandas only supports SQLAlchemy connectable (engine/connection) or database string URI or sqlite3 DBAPI2 connection. Other DBAPI2 objects are not tested. Please consider using SQLAlchemy.
[2026-03-25T11:43:16.532+0000] {taskinstance.py:441} INFO - ::group::Post task execution logs
[2026-03-25T11:43:16.534+0000] {taskinstance.py:2905} ERROR - Task failed with exception
Traceback (most recent call last):
  File "/home/airflow/.local/lib/python3.10/site-packages/pandas/io/sql.py", line 2018, in execute
    cur.execute(*args, **kwargs)
  File "/home/airflow/.local/lib/python3.10/site-packages/MySQLdb/cursors.py", line 179, in execute
    res = self._query(mogrified_query)
  File "/home/airflow/.local/lib/python3.10/site-packages/MySQLdb/cursors.py", line 330, in _query
    db.query(q)
  File "/home/airflow/.local/lib/python3.10/site-packages/MySQLdb/connections.py", line 261, in query
    _mysql.connection.query(self, query)
MySQLdb.ProgrammingError: (1146, "Table 'olist.product_category_name_translation' doesn't exist")

The above exception was the direct cause of the following exception:

Traceback (most recent call last):
  File "/home/airflow/.local/lib/python3.10/site-packages/airflow/models/taskinstance.py", line 465, in _execute_task
    result = _execute_callable(context=context, **execute_callable_kwargs)
  File "/home/airflow/.local/lib/python3.10/site-packages/airflow/models/taskinstance.py", line 432, in _execute_callable
    return execute_callable(context=context, **execute_callable_kwargs)
  File "/home/airflow/.local/lib/python3.10/site-packages/airflow/models/baseoperator.py", line 401, in wrapper
    return func(self, *args, **kwargs)
  File "/home/airflow/.local/lib/python3.10/site-packages/airflow/operators/python.py", line 235, in execute
    return_value = self.execute_callable()
  File "/home/airflow/.local/lib/python3.10/site-packages/airflow/operators/python.py", line 252, in execute_callable
    return self.python_callable(*self.op_args, **self.op_kwargs)
  File "/opt/airflow/dags/extract_data.py", line 30, in extract_and_load_to_staging
    df = source_operator.get_data_to_pd(f"SELECT * FROM {table}")
  File "/opt/airflow/plugins/mysql_operator.py", line 15, in get_data_to_pd
    return self.mysqlhook.get_pandas_df(query)
  File "/home/airflow/.local/lib/python3.10/site-packages/airflow/providers/common/sql/hooks/sql.py", line 263, in get_pandas_df
    return psql.read_sql(sql, con=conn, params=parameters, **kwargs)
  File "/home/airflow/.local/lib/python3.10/site-packages/pandas/io/sql.py", line 564, in read_sql
    return pandas_sql.read_query(
  File "/home/airflow/.local/lib/python3.10/site-packages/pandas/io/sql.py", line 2078, in read_query
    cursor = self.execute(*args)
  File "/home/airflow/.local/lib/python3.10/site-packages/pandas/io/sql.py", line 2030, in execute
    raise ex from exc
pandas.errors.DatabaseError: Execution failed on sql 'SELECT * FROM product_category_name_translation': (1146, "Table 'olist.product_category_name_translation' doesn't exist")
[2026-03-25T11:43:16.574+0000] {taskinstance.py:1206} INFO - Marking task as FAILED. dag_id=e_commerce_dw_etl, task_id=extract.extract_and_load_to_staging, run_id=scheduled__2025-11-07T00:00:00+00:00, execution_date=20251107T000000, start_date=20260325T114315, end_date=20260325T114316
[2026-03-25T11:43:16.723+0000] {standard_task_runner.py:110} ERROR - Failed to execute job 381 for task extract.extract_and_load_to_staging (Execution failed on sql 'SELECT * FROM product_category_name_translation': (1146, "Table 'olist.product_category_name_translation' doesn't exist"); 1207)
[2026-03-25T11:43:16.775+0000] {local_task_job_runner.py:240} INFO - Task exited with return code 1
[2026-03-25T11:43:16.822+0000] {taskinstance.py:3503} INFO - 0 downstream tasks scheduled from follow-on schedule check
[2026-03-25T11:43:16.834+0000] {local_task_job_runner.py:222} INFO - ::endgroup::
[2026-03-25T13:58:26.225+0000] {local_task_job_runner.py:120} INFO - ::group::Pre task execution logs
[2026-03-25T13:58:26.268+0000] {taskinstance.py:2076} INFO - Dependencies all met for dep_context=non-requeueable deps ti=<TaskInstance: e_commerce_dw_etl.extract.extract_and_load_to_staging scheduled__2025-11-07T00:00:00+00:00 [queued]>
[2026-03-25T13:58:26.281+0000] {taskinstance.py:2076} INFO - Dependencies all met for dep_context=requeueable deps ti=<TaskInstance: e_commerce_dw_etl.extract.extract_and_load_to_staging scheduled__2025-11-07T00:00:00+00:00 [queued]>
[2026-03-25T13:58:26.282+0000] {taskinstance.py:2306} INFO - Starting attempt 1 of 1
[2026-03-25T13:58:26.402+0000] {taskinstance.py:2330} INFO - Executing <Task(PythonOperator): extract.extract_and_load_to_staging> on 2025-11-07 00:00:00+00:00
[2026-03-25T13:58:26.414+0000] {standard_task_runner.py:63} INFO - Started process 1286 to run task
[2026-03-25T13:58:26.419+0000] {standard_task_runner.py:90} INFO - Running: ['***', 'tasks', 'run', 'e_commerce_dw_etl', 'extract.extract_and_load_to_staging', 'scheduled__2025-11-07T00:00:00+00:00', '--job-id', '382', '--raw', '--subdir', 'DAGS_FOLDER/e_commerce_dw_dag.py', '--cfg-path', '/tmp/tmpvuknnimd']
[2026-03-25T13:58:26.422+0000] {standard_task_runner.py:91} INFO - Job 382: Subtask extract.extract_and_load_to_staging
[2026-03-25T13:58:26.522+0000] {task_command.py:426} INFO - Running <TaskInstance: e_commerce_dw_etl.extract.extract_and_load_to_staging scheduled__2025-11-07T00:00:00+00:00 [running]> on host 85f4963e6238
[2026-03-25T13:58:26.654+0000] {taskinstance.py:2648} INFO - Exporting env vars: AIRFLOW_CTX_DAG_OWNER='***' AIRFLOW_CTX_DAG_ID='e_commerce_dw_etl' AIRFLOW_CTX_TASK_ID='extract.extract_and_load_to_staging' AIRFLOW_CTX_EXECUTION_DATE='2025-11-07T00:00:00+00:00' AIRFLOW_CTX_TRY_NUMBER='1' AIRFLOW_CTX_DAG_RUN_ID='scheduled__2025-11-07T00:00:00+00:00'
[2026-03-25T13:58:26.656+0000] {taskinstance.py:430} INFO - ::endgroup::
[2026-03-25T13:58:26.917+0000] {base.py:84} INFO - Using connection ID 'mysql' for task execution.
[2026-03-25T13:58:26.941+0000] {base.py:84} INFO - Using connection ID 'mysql' for task execution.
[2026-03-25T13:58:26.956+0000] {logging_mixin.py:188} WARNING - /home/***/.local/lib/python3.10/site-packages/***/providers/common/sql/hooks/sql.py:263 UserWarning: pandas only supports SQLAlchemy connectable (engine/connection) or database string URI or sqlite3 DBAPI2 connection. Other DBAPI2 objects are not tested. Please consider using SQLAlchemy.
[2026-03-25T13:58:26.969+0000] {taskinstance.py:441} INFO - ::group::Post task execution logs
[2026-03-25T13:58:26.983+0000] {taskinstance.py:2905} ERROR - Task failed with exception
Traceback (most recent call last):
  File "/home/airflow/.local/lib/python3.10/site-packages/airflow/models/taskinstance.py", line 465, in _execute_task
    result = _execute_callable(context=context, **execute_callable_kwargs)
  File "/home/airflow/.local/lib/python3.10/site-packages/airflow/models/taskinstance.py", line 432, in _execute_callable
    return execute_callable(context=context, **execute_callable_kwargs)
  File "/home/airflow/.local/lib/python3.10/site-packages/airflow/models/baseoperator.py", line 401, in wrapper
    return func(self, *args, **kwargs)
  File "/home/airflow/.local/lib/python3.10/site-packages/airflow/operators/python.py", line 235, in execute
    return_value = self.execute_callable()
  File "/home/airflow/.local/lib/python3.10/site-packages/airflow/operators/python.py", line 252, in execute_callable
    return self.python_callable(*self.op_args, **self.op_kwargs)
  File "/opt/airflow/dags/extract_data.py", line 33, in extract_and_load_to_staging
    staging_operator.save_data_to_postgres(
  File "/opt/airflow/plugins/postgresql_operator.py", line 17, in save_data_to_postgres
    conn = self.hook.get_uri()
  File "/home/airflow/.local/lib/python3.10/site-packages/airflow/providers/postgres/hooks/postgres.py", line 204, in get_uri
    return self.sqlalchemy_url.render_as_string(hide_password=False)
  File "/home/airflow/.local/lib/python3.10/site-packages/airflow/providers/postgres/hooks/postgres.py", line 119, in sqlalchemy_url
    conn = self.get_connection(getattr(self, self.conn_name_attr))
  File "/home/airflow/.local/lib/python3.10/site-packages/airflow/hooks/base.py", line 83, in get_connection
    conn = Connection.get_connection_from_secrets(conn_id)
  File "/home/airflow/.local/lib/python3.10/site-packages/airflow/models/connection.py", line 519, in get_connection_from_secrets
    raise AirflowNotFoundException(f"The conn_id `{conn_id}` isn't defined")
airflow.exceptions.AirflowNotFoundException: The conn_id `postgres` isn't defined
[2026-03-25T13:58:26.997+0000] {taskinstance.py:1206} INFO - Marking task as FAILED. dag_id=e_commerce_dw_etl, task_id=extract.extract_and_load_to_staging, run_id=scheduled__2025-11-07T00:00:00+00:00, execution_date=20251107T000000, start_date=20260325T135826, end_date=20260325T135826
[2026-03-25T13:58:27.030+0000] {standard_task_runner.py:110} ERROR - Failed to execute job 382 for task extract.extract_and_load_to_staging (The conn_id `postgres` isn't defined; 1286)
[2026-03-25T13:58:27.080+0000] {local_task_job_runner.py:240} INFO - Task exited with return code 1
[2026-03-25T13:58:27.123+0000] {taskinstance.py:3503} INFO - 0 downstream tasks scheduled from follow-on schedule check
[2026-03-25T13:58:27.136+0000] {local_task_job_runner.py:222} INFO - ::endgroup::
[2026-03-26T04:25:06.260+0000] {local_task_job_runner.py:120} INFO - ::group::Pre task execution logs
[2026-03-26T04:25:06.394+0000] {taskinstance.py:2076} INFO - Dependencies all met for dep_context=non-requeueable deps ti=<TaskInstance: e_commerce_dw_etl.extract.extract_and_load_to_staging scheduled__2025-11-07T00:00:00+00:00 [queued]>
[2026-03-26T04:25:06.418+0000] {taskinstance.py:2076} INFO - Dependencies all met for dep_context=requeueable deps ti=<TaskInstance: e_commerce_dw_etl.extract.extract_and_load_to_staging scheduled__2025-11-07T00:00:00+00:00 [queued]>
[2026-03-26T04:25:06.422+0000] {taskinstance.py:2306} INFO - Starting attempt 1 of 1
[2026-03-26T04:25:06.484+0000] {taskinstance.py:2330} INFO - Executing <Task(PythonOperator): extract.extract_and_load_to_staging> on 2025-11-07 00:00:00+00:00
[2026-03-26T04:25:06.499+0000] {standard_task_runner.py:63} INFO - Started process 3165 to run task
[2026-03-26T04:25:06.513+0000] {standard_task_runner.py:90} INFO - Running: ['***', 'tasks', 'run', 'e_commerce_dw_etl', 'extract.extract_and_load_to_staging', 'scheduled__2025-11-07T00:00:00+00:00', '--job-id', '845', '--raw', '--subdir', 'DAGS_FOLDER/e_commerce_dw_dag.py', '--cfg-path', '/tmp/tmp4yvljbst']
[2026-03-26T04:25:06.522+0000] {standard_task_runner.py:91} INFO - Job 845: Subtask extract.extract_and_load_to_staging
[2026-03-26T04:25:06.750+0000] {task_command.py:426} INFO - Running <TaskInstance: e_commerce_dw_etl.extract.extract_and_load_to_staging scheduled__2025-11-07T00:00:00+00:00 [running]> on host 2d1a3218d35e
[2026-03-26T04:25:07.515+0000] {taskinstance.py:2648} INFO - Exporting env vars: AIRFLOW_CTX_DAG_OWNER='***' AIRFLOW_CTX_DAG_ID='e_commerce_dw_etl' AIRFLOW_CTX_TASK_ID='extract.extract_and_load_to_staging' AIRFLOW_CTX_EXECUTION_DATE='2025-11-07T00:00:00+00:00' AIRFLOW_CTX_TRY_NUMBER='1' AIRFLOW_CTX_DAG_RUN_ID='scheduled__2025-11-07T00:00:00+00:00'
[2026-03-26T04:25:07.521+0000] {taskinstance.py:430} INFO - ::endgroup::
[2026-03-26T04:25:07.605+0000] {crypto.py:82} WARNING - empty cryptography key - values will not be stored encrypted.
[2026-03-26T04:25:07.608+0000] {base.py:84} INFO - Using connection ID 'mysql' for task execution.
[2026-03-26T04:25:07.638+0000] {base.py:84} INFO - Using connection ID 'mysql' for task execution.
[2026-03-26T04:25:07.673+0000] {logging_mixin.py:188} WARNING - /home/***/.local/lib/python3.10/site-packages/***/providers/common/sql/hooks/sql.py:263 UserWarning: pandas only supports SQLAlchemy connectable (engine/connection) or database string URI or sqlite3 DBAPI2 connection. Other DBAPI2 objects are not tested. Please consider using SQLAlchemy.
[2026-03-26T04:25:07.707+0000] {base.py:84} INFO - Using connection ID 'postgres' for task execution.
[2026-03-26T04:25:07.986+0000] {logging_mixin.py:188} INFO - Đã trích xuất và lưu bảng product_category_name_translation từ MySQL vào PostgreSQL public
[2026-03-26T04:25:07.991+0000] {base.py:84} INFO - Using connection ID 'mysql' for task execution.
[2026-03-26T04:25:08.007+0000] {logging_mixin.py:188} WARNING - /home/***/.local/lib/python3.10/site-packages/***/providers/common/sql/hooks/sql.py:263 UserWarning: pandas only supports SQLAlchemy connectable (engine/connection) or database string URI or sqlite3 DBAPI2 connection. Other DBAPI2 objects are not tested. Please consider using SQLAlchemy.
[2026-03-26T04:25:08.125+0000] {base.py:84} INFO - Using connection ID 'postgres' for task execution.
[2026-03-26T04:25:09.868+0000] {logging_mixin.py:188} INFO - Đã trích xuất và lưu bảng geolocation từ MySQL vào PostgreSQL public
[2026-03-26T04:25:09.870+0000] {base.py:84} INFO - Using connection ID 'mysql' for task execution.
[2026-03-26T04:25:09.884+0000] {logging_mixin.py:188} WARNING - /home/***/.local/lib/python3.10/site-packages/***/providers/common/sql/hooks/sql.py:263 UserWarning: pandas only supports SQLAlchemy connectable (engine/connection) or database string URI or sqlite3 DBAPI2 connection. Other DBAPI2 objects are not tested. Please consider using SQLAlchemy.
[2026-03-26T04:25:09.929+0000] {base.py:84} INFO - Using connection ID 'postgres' for task execution.
[2026-03-26T04:25:10.495+0000] {logging_mixin.py:188} INFO - Đã trích xuất và lưu bảng sellers từ MySQL vào PostgreSQL public
[2026-03-26T04:25:10.496+0000] {base.py:84} INFO - Using connection ID 'mysql' for task execution.
[2026-03-26T04:25:10.516+0000] {logging_mixin.py:188} WARNING - /home/***/.local/lib/python3.10/site-packages/***/providers/common/sql/hooks/sql.py:263 UserWarning: pandas only supports SQLAlchemy connectable (engine/connection) or database string URI or sqlite3 DBAPI2 connection. Other DBAPI2 objects are not tested. Please consider using SQLAlchemy.
[2026-03-26T04:25:11.150+0000] {base.py:84} INFO - Using connection ID 'postgres' for task execution.
[2026-03-26T04:25:19.926+0000] {logging_mixin.py:188} INFO - Đã trích xuất và lưu bảng customers từ MySQL vào PostgreSQL public
[2026-03-26T04:25:19.940+0000] {base.py:84} INFO - Using connection ID 'mysql' for task execution.
[2026-03-26T04:25:19.961+0000] {logging_mixin.py:188} WARNING - /home/***/.local/lib/python3.10/site-packages/***/providers/common/sql/hooks/sql.py:263 UserWarning: pandas only supports SQLAlchemy connectable (engine/connection) or database string URI or sqlite3 DBAPI2 connection. Other DBAPI2 objects are not tested. Please consider using SQLAlchemy.
[2026-03-26T04:25:20.680+0000] {base.py:84} INFO - Using connection ID 'postgres' for task execution.
[2026-03-26T04:25:27.071+0000] {logging_mixin.py:188} INFO - Đã trích xuất và lưu bảng products từ MySQL vào PostgreSQL public
[2026-03-26T04:25:27.077+0000] {base.py:84} INFO - Using connection ID 'mysql' for task execution.
[2026-03-26T04:25:27.103+0000] {logging_mixin.py:188} WARNING - /home/***/.local/lib/python3.10/site-packages/***/providers/common/sql/hooks/sql.py:263 UserWarning: pandas only supports SQLAlchemy connectable (engine/connection) or database string URI or sqlite3 DBAPI2 connection. Other DBAPI2 objects are not tested. Please consider using SQLAlchemy.
[2026-03-26T04:25:30.733+0000] {base.py:84} INFO - Using connection ID 'postgres' for task execution.
[2026-03-26T04:25:50.562+0000] {logging_mixin.py:188} INFO - Đã trích xuất và lưu bảng orders từ MySQL vào PostgreSQL public
[2026-03-26T04:25:50.570+0000] {base.py:84} INFO - Using connection ID 'mysql' for task execution.
[2026-03-26T04:25:50.584+0000] {logging_mixin.py:188} WARNING - /home/***/.local/lib/python3.10/site-packages/***/providers/common/sql/hooks/sql.py:263 UserWarning: pandas only supports SQLAlchemy connectable (engine/connection) or database string URI or sqlite3 DBAPI2 connection. Other DBAPI2 objects are not tested. Please consider using SQLAlchemy.
[2026-03-26T04:25:51.911+0000] {base.py:84} INFO - Using connection ID 'postgres' for task execution.
[2026-03-26T04:26:04.087+0000] {logging_mixin.py:188} INFO - Đã trích xuất và lưu bảng order_items từ MySQL vào PostgreSQL public
[2026-03-26T04:26:04.092+0000] {base.py:84} INFO - Using connection ID 'mysql' for task execution.
[2026-03-26T04:26:04.105+0000] {logging_mixin.py:188} WARNING - /home/***/.local/lib/python3.10/site-packages/***/providers/common/sql/hooks/sql.py:263 UserWarning: pandas only supports SQLAlchemy connectable (engine/connection) or database string URI or sqlite3 DBAPI2 connection. Other DBAPI2 objects are not tested. Please consider using SQLAlchemy.
[2026-03-26T04:26:04.699+0000] {base.py:84} INFO - Using connection ID 'postgres' for task execution.
[2026-03-26T04:26:13.311+0000] {logging_mixin.py:188} INFO - Đã trích xuất và lưu bảng payments từ MySQL vào PostgreSQL public
[2026-03-26T04:26:13.314+0000] {base.py:84} INFO - Using connection ID 'mysql' for task execution.
[2026-03-26T04:26:13.322+0000] {logging_mixin.py:188} WARNING - /home/***/.local/lib/python3.10/site-packages/***/providers/common/sql/hooks/sql.py:263 UserWarning: pandas only supports SQLAlchemy connectable (engine/connection) or database string URI or sqlite3 DBAPI2 connection. Other DBAPI2 objects are not tested. Please consider using SQLAlchemy.
[2026-03-26T04:26:16.021+0000] {base.py:84} INFO - Using connection ID 'postgres' for task execution.
[2026-03-26T04:26:29.755+0000] {logging_mixin.py:188} INFO - Đã trích xuất và lưu bảng order_reviews từ MySQL vào PostgreSQL public
[2026-03-26T04:26:29.792+0000] {python.py:237} INFO - Done. Returned value was: None
[2026-03-26T04:26:29.796+0000] {taskinstance.py:441} INFO - ::group::Post task execution logs
[2026-03-26T04:26:29.819+0000] {taskinstance.py:1206} INFO - Marking task as SUCCESS. dag_id=e_commerce_dw_etl, task_id=extract.extract_and_load_to_staging, run_id=scheduled__2025-11-07T00:00:00+00:00, execution_date=20251107T000000, start_date=20260326T042506, end_date=20260326T042629
[2026-03-26T04:26:29.957+0000] {local_task_job_runner.py:240} INFO - Task exited with return code 0
[2026-03-26T04:26:30.012+0000] {taskinstance.py:3503} INFO - 6 downstream tasks scheduled from follow-on schedule check
[2026-03-26T04:26:30.021+0000] {local_task_job_runner.py:222} INFO - ::endgroup::
