[2026-03-25T08:45:51.273+0000] {local_task_job_runner.py:120} INFO - ::group::Pre task execution logs
[2026-03-25T08:45:51.332+0000] {taskinstance.py:2076} INFO - Dependencies all met for dep_context=non-requeueable deps ti=<TaskInstance: e_commerce_dw_etl.extract.extract_and_load_to_staging scheduled__2025-12-06T00:00:00+00:00 [queued]>
[2026-03-25T08:45:51.347+0000] {taskinstance.py:2076} INFO - Dependencies all met for dep_context=requeueable deps ti=<TaskInstance: e_commerce_dw_etl.extract.extract_and_load_to_staging scheduled__2025-12-06T00:00:00+00:00 [queued]>
[2026-03-25T08:45:51.350+0000] {taskinstance.py:2306} INFO - Starting attempt 1 of 1
[2026-03-25T08:45:51.412+0000] {taskinstance.py:2330} INFO - Executing <Task(PythonOperator): extract.extract_and_load_to_staging> on 2025-12-06 00:00:00+00:00
[2026-03-25T08:45:51.421+0000] {standard_task_runner.py:63} INFO - Started process 1573 to run task
[2026-03-25T08:45:51.434+0000] {standard_task_runner.py:90} INFO - Running: ['***', 'tasks', 'run', 'e_commerce_dw_etl', 'extract.extract_and_load_to_staging', 'scheduled__2025-12-06T00:00:00+00:00', '--job-id', '425', '--raw', '--subdir', 'DAGS_FOLDER/e_commerce_dw_dag.py', '--cfg-path', '/tmp/tmp05ecqq_u']
[2026-03-25T08:45:51.441+0000] {standard_task_runner.py:91} INFO - Job 425: Subtask extract.extract_and_load_to_staging
[2026-03-25T08:45:51.577+0000] {task_command.py:426} INFO - Running <TaskInstance: e_commerce_dw_etl.extract.extract_and_load_to_staging scheduled__2025-12-06T00:00:00+00:00 [running]> on host bcd9e4848a6d
[2026-03-25T08:45:51.772+0000] {taskinstance.py:2648} INFO - Exporting env vars: AIRFLOW_CTX_DAG_OWNER='***' AIRFLOW_CTX_DAG_ID='e_commerce_dw_etl' AIRFLOW_CTX_TASK_ID='extract.extract_and_load_to_staging' AIRFLOW_CTX_EXECUTION_DATE='2025-12-06T00:00:00+00:00' AIRFLOW_CTX_TRY_NUMBER='1' AIRFLOW_CTX_DAG_RUN_ID='scheduled__2025-12-06T00:00:00+00:00'
[2026-03-25T08:45:51.773+0000] {taskinstance.py:430} INFO - ::endgroup::
[2026-03-25T08:45:52.238+0000] {mysql_operator.py:13} ERROR - Can't connect to mysql database
[2026-03-25T08:45:52.294+0000] {taskinstance.py:441} INFO - ::group::Post task execution logs
[2026-03-25T08:45:52.329+0000] {taskinstance.py:2905} ERROR - Task failed with exception
Traceback (most recent call last):
  File "/home/airflow/.local/lib/python3.10/site-packages/airflow/models/taskinstance.py", line 465, in _execute_task
    result = _execute_callable(context=context, **execute_callable_kwargs)
  File "/home/airflow/.local/lib/python3.10/site-packages/airflow/models/taskinstance.py", line 432, in _execute_callable
    return execute_callable(context=context, **execute_callable_kwargs)
  File "/home/airflow/.local/lib/python3.10/site-packages/airflow/models/baseoperator.py", line 401, in wrapper
    return func(self, *args, **kwargs)
  File "/home/airflow/.local/lib/python3.10/site-packages/airflow/operators/python.py", line 235, in execute
    return_value = self.execute_callable()
  File "/home/airflow/.local/lib/python3.10/site-packages/airflow/operators/python.py", line 252, in execute_callable
    return self.python_callable(*self.op_args, **self.op_kwargs)
  File "/opt/airflow/dags/extract_data.py", line 30, in extract_and_load_to_staging
    df = source_operator.get_data_to_pd(f"SELECT * FROM {table}")
  File "/opt/airflow/plugins/mysql_operator.py", line 15, in get_data_to_pd
    return self.mysqlhook.get_pandas_df(query)
  File "/home/airflow/.local/lib/python3.10/site-packages/airflow/providers/common/sql/hooks/sql.py", line 262, in get_pandas_df
    with closing(self.get_conn()) as conn:
  File "/home/airflow/.local/lib/python3.10/site-packages/airflow/providers/mysql/hooks/mysql.py", line 188, in get_conn
    conn = self.connection or self.get_connection(getattr(self, self.conn_name_attr))
  File "/home/airflow/.local/lib/python3.10/site-packages/airflow/hooks/base.py", line 83, in get_connection
    conn = Connection.get_connection_from_secrets(conn_id)
  File "/home/airflow/.local/lib/python3.10/site-packages/airflow/models/connection.py", line 519, in get_connection_from_secrets
    raise AirflowNotFoundException(f"The conn_id `{conn_id}` isn't defined")
airflow.exceptions.AirflowNotFoundException: The conn_id `mysql` isn't defined
[2026-03-25T08:45:52.402+0000] {taskinstance.py:1206} INFO - Marking task as FAILED. dag_id=e_commerce_dw_etl, task_id=extract.extract_and_load_to_staging, run_id=scheduled__2025-12-06T00:00:00+00:00, execution_date=20251206T000000, start_date=20260325T084551, end_date=20260325T084552
[2026-03-25T08:45:52.475+0000] {standard_task_runner.py:110} ERROR - Failed to execute job 425 for task extract.extract_and_load_to_staging (The conn_id `mysql` isn't defined; 1573)
[2026-03-25T08:45:52.564+0000] {local_task_job_runner.py:240} INFO - Task exited with return code 1
[2026-03-25T08:45:52.639+0000] {taskinstance.py:3503} INFO - 0 downstream tasks scheduled from follow-on schedule check
[2026-03-25T08:45:52.660+0000] {local_task_job_runner.py:222} INFO - ::endgroup::
[2026-03-25T09:34:10.008+0000] {local_task_job_runner.py:120} INFO - ::group::Pre task execution logs
[2026-03-25T09:34:10.074+0000] {taskinstance.py:2076} INFO - Dependencies all met for dep_context=non-requeueable deps ti=<TaskInstance: e_commerce_dw_etl.extract.extract_and_load_to_staging scheduled__2025-12-06T00:00:00+00:00 [queued]>
[2026-03-25T09:34:10.094+0000] {taskinstance.py:2076} INFO - Dependencies all met for dep_context=requeueable deps ti=<TaskInstance: e_commerce_dw_etl.extract.extract_and_load_to_staging scheduled__2025-12-06T00:00:00+00:00 [queued]>
[2026-03-25T09:34:10.096+0000] {taskinstance.py:2306} INFO - Starting attempt 1 of 1
[2026-03-25T09:34:10.184+0000] {taskinstance.py:2330} INFO - Executing <Task(PythonOperator): extract.extract_and_load_to_staging> on 2025-12-06 00:00:00+00:00
[2026-03-25T09:34:10.198+0000] {standard_task_runner.py:63} INFO - Started process 1229 to run task
[2026-03-25T09:34:10.209+0000] {standard_task_runner.py:90} INFO - Running: ['***', 'tasks', 'run', 'e_commerce_dw_etl', 'extract.extract_and_load_to_staging', 'scheduled__2025-12-06T00:00:00+00:00', '--job-id', '413', '--raw', '--subdir', 'DAGS_FOLDER/e_commerce_dw_dag.py', '--cfg-path', '/tmp/tmpn9nvuwd8']
[2026-03-25T09:34:10.214+0000] {standard_task_runner.py:91} INFO - Job 413: Subtask extract.extract_and_load_to_staging
[2026-03-25T09:34:10.363+0000] {task_command.py:426} INFO - Running <TaskInstance: e_commerce_dw_etl.extract.extract_and_load_to_staging scheduled__2025-12-06T00:00:00+00:00 [running]> on host 0d903260eca4
[2026-03-25T09:34:10.568+0000] {taskinstance.py:2648} INFO - Exporting env vars: AIRFLOW_CTX_DAG_OWNER='***' AIRFLOW_CTX_DAG_ID='e_commerce_dw_etl' AIRFLOW_CTX_TASK_ID='extract.extract_and_load_to_staging' AIRFLOW_CTX_EXECUTION_DATE='2025-12-06T00:00:00+00:00' AIRFLOW_CTX_TRY_NUMBER='1' AIRFLOW_CTX_DAG_RUN_ID='scheduled__2025-12-06T00:00:00+00:00'
[2026-03-25T09:34:10.573+0000] {taskinstance.py:430} INFO - ::endgroup::
[2026-03-25T09:34:10.950+0000] {mysql_operator.py:13} ERROR - Can't connect to mysql database
[2026-03-25T09:34:10.971+0000] {taskinstance.py:441} INFO - ::group::Post task execution logs
[2026-03-25T09:34:10.994+0000] {taskinstance.py:2905} ERROR - Task failed with exception
Traceback (most recent call last):
  File "/home/airflow/.local/lib/python3.10/site-packages/airflow/models/taskinstance.py", line 465, in _execute_task
    result = _execute_callable(context=context, **execute_callable_kwargs)
  File "/home/airflow/.local/lib/python3.10/site-packages/airflow/models/taskinstance.py", line 432, in _execute_callable
    return execute_callable(context=context, **execute_callable_kwargs)
  File "/home/airflow/.local/lib/python3.10/site-packages/airflow/models/baseoperator.py", line 401, in wrapper
    return func(self, *args, **kwargs)
  File "/home/airflow/.local/lib/python3.10/site-packages/airflow/operators/python.py", line 235, in execute
    return_value = self.execute_callable()
  File "/home/airflow/.local/lib/python3.10/site-packages/airflow/operators/python.py", line 252, in execute_callable
    return self.python_callable(*self.op_args, **self.op_kwargs)
  File "/opt/airflow/dags/extract_data.py", line 30, in extract_and_load_to_staging
    df = source_operator.get_data_to_pd(f"SELECT * FROM {table}")
  File "/opt/airflow/plugins/mysql_operator.py", line 15, in get_data_to_pd
    return self.mysqlhook.get_pandas_df(query)
  File "/home/airflow/.local/lib/python3.10/site-packages/airflow/providers/common/sql/hooks/sql.py", line 262, in get_pandas_df
    with closing(self.get_conn()) as conn:
  File "/home/airflow/.local/lib/python3.10/site-packages/airflow/providers/mysql/hooks/mysql.py", line 188, in get_conn
    conn = self.connection or self.get_connection(getattr(self, self.conn_name_attr))
  File "/home/airflow/.local/lib/python3.10/site-packages/airflow/hooks/base.py", line 83, in get_connection
    conn = Connection.get_connection_from_secrets(conn_id)
  File "/home/airflow/.local/lib/python3.10/site-packages/airflow/models/connection.py", line 519, in get_connection_from_secrets
    raise AirflowNotFoundException(f"The conn_id `{conn_id}` isn't defined")
airflow.exceptions.AirflowNotFoundException: The conn_id `mysql` isn't defined
[2026-03-25T09:34:11.042+0000] {taskinstance.py:1206} INFO - Marking task as FAILED. dag_id=e_commerce_dw_etl, task_id=extract.extract_and_load_to_staging, run_id=scheduled__2025-12-06T00:00:00+00:00, execution_date=20251206T000000, start_date=20260325T093410, end_date=20260325T093411
[2026-03-25T09:34:11.076+0000] {standard_task_runner.py:110} ERROR - Failed to execute job 413 for task extract.extract_and_load_to_staging (The conn_id `mysql` isn't defined; 1229)
[2026-03-25T09:34:11.124+0000] {local_task_job_runner.py:240} INFO - Task exited with return code 1
[2026-03-25T09:34:11.221+0000] {taskinstance.py:3503} INFO - 0 downstream tasks scheduled from follow-on schedule check
[2026-03-25T09:34:11.252+0000] {local_task_job_runner.py:222} INFO - ::endgroup::
[2026-03-25T11:01:27.813+0000] {local_task_job_runner.py:120} INFO - ::group::Pre task execution logs
[2026-03-25T11:01:27.913+0000] {taskinstance.py:2076} INFO - Dependencies all met for dep_context=non-requeueable deps ti=<TaskInstance: e_commerce_dw_etl.extract.extract_and_load_to_staging scheduled__2025-12-06T00:00:00+00:00 [queued]>
[2026-03-25T11:01:27.940+0000] {taskinstance.py:2076} INFO - Dependencies all met for dep_context=requeueable deps ti=<TaskInstance: e_commerce_dw_etl.extract.extract_and_load_to_staging scheduled__2025-12-06T00:00:00+00:00 [queued]>
[2026-03-25T11:01:27.943+0000] {taskinstance.py:2306} INFO - Starting attempt 1 of 1
[2026-03-25T11:01:28.006+0000] {taskinstance.py:2330} INFO - Executing <Task(PythonOperator): extract.extract_and_load_to_staging> on 2025-12-06 00:00:00+00:00
[2026-03-25T11:01:28.032+0000] {standard_task_runner.py:63} INFO - Started process 1416 to run task
[2026-03-25T11:01:28.042+0000] {standard_task_runner.py:90} INFO - Running: ['***', 'tasks', 'run', 'e_commerce_dw_etl', 'extract.extract_and_load_to_staging', 'scheduled__2025-12-06T00:00:00+00:00', '--job-id', '411', '--raw', '--subdir', 'DAGS_FOLDER/e_commerce_dw_dag.py', '--cfg-path', '/tmp/tmpn_4xva7q']
[2026-03-25T11:01:28.061+0000] {standard_task_runner.py:91} INFO - Job 411: Subtask extract.extract_and_load_to_staging
[2026-03-25T11:01:28.228+0000] {task_command.py:426} INFO - Running <TaskInstance: e_commerce_dw_etl.extract.extract_and_load_to_staging scheduled__2025-12-06T00:00:00+00:00 [running]> on host b7a6f340f223
[2026-03-25T11:01:28.486+0000] {taskinstance.py:2648} INFO - Exporting env vars: AIRFLOW_CTX_DAG_OWNER='***' AIRFLOW_CTX_DAG_ID='e_commerce_dw_etl' AIRFLOW_CTX_TASK_ID='extract.extract_and_load_to_staging' AIRFLOW_CTX_EXECUTION_DATE='2025-12-06T00:00:00+00:00' AIRFLOW_CTX_TRY_NUMBER='1' AIRFLOW_CTX_DAG_RUN_ID='scheduled__2025-12-06T00:00:00+00:00'
[2026-03-25T11:01:28.490+0000] {taskinstance.py:430} INFO - ::endgroup::
[2026-03-25T11:01:28.867+0000] {crypto.py:82} WARNING - empty cryptography key - values will not be stored encrypted.
[2026-03-25T11:01:28.873+0000] {base.py:84} INFO - Using connection ID 'mysql' for task execution.
[2026-03-25T11:01:32.737+0000] {mysql_operator.py:13} ERROR - Can't connect to mysql database
[2026-03-25T11:01:32.739+0000] {base.py:84} INFO - Using connection ID 'mysql' for task execution.
[2026-03-25T11:01:36.564+0000] {taskinstance.py:441} INFO - ::group::Post task execution logs
[2026-03-25T11:01:36.565+0000] {taskinstance.py:2905} ERROR - Task failed with exception
Traceback (most recent call last):
  File "/home/airflow/.local/lib/python3.10/site-packages/airflow/models/taskinstance.py", line 465, in _execute_task
    result = _execute_callable(context=context, **execute_callable_kwargs)
  File "/home/airflow/.local/lib/python3.10/site-packages/airflow/models/taskinstance.py", line 432, in _execute_callable
    return execute_callable(context=context, **execute_callable_kwargs)
  File "/home/airflow/.local/lib/python3.10/site-packages/airflow/models/baseoperator.py", line 401, in wrapper
    return func(self, *args, **kwargs)
  File "/home/airflow/.local/lib/python3.10/site-packages/airflow/operators/python.py", line 235, in execute
    return_value = self.execute_callable()
  File "/home/airflow/.local/lib/python3.10/site-packages/airflow/operators/python.py", line 252, in execute_callable
    return self.python_callable(*self.op_args, **self.op_kwargs)
  File "/opt/airflow/dags/extract_data.py", line 30, in extract_and_load_to_staging
    df = source_operator.get_data_to_pd(f"SELECT * FROM {table}")
  File "/opt/airflow/plugins/mysql_operator.py", line 15, in get_data_to_pd
    return self.mysqlhook.get_pandas_df(query)
  File "/home/airflow/.local/lib/python3.10/site-packages/airflow/providers/common/sql/hooks/sql.py", line 262, in get_pandas_df
    with closing(self.get_conn()) as conn:
  File "/home/airflow/.local/lib/python3.10/site-packages/airflow/providers/mysql/hooks/mysql.py", line 196, in get_conn
    return MySQLdb.connect(**conn_config)
  File "/home/airflow/.local/lib/python3.10/site-packages/MySQLdb/__init__.py", line 121, in Connect
    return Connection(*args, **kwargs)
  File "/home/airflow/.local/lib/python3.10/site-packages/MySQLdb/connections.py", line 195, in __init__
    super().__init__(*args, **kwargs2)
MySQLdb.OperationalError: (2005, "Unknown server host 'mysql' (-2)")
[2026-03-25T11:01:36.586+0000] {taskinstance.py:1206} INFO - Marking task as FAILED. dag_id=e_commerce_dw_etl, task_id=extract.extract_and_load_to_staging, run_id=scheduled__2025-12-06T00:00:00+00:00, execution_date=20251206T000000, start_date=20260325T110127, end_date=20260325T110136
[2026-03-25T11:01:36.600+0000] {standard_task_runner.py:110} ERROR - Failed to execute job 411 for task extract.extract_and_load_to_staging ((2005, "Unknown server host 'mysql' (-2)"); 1416)
[2026-03-25T11:01:36.641+0000] {local_task_job_runner.py:240} INFO - Task exited with return code 1
[2026-03-25T11:01:36.663+0000] {taskinstance.py:3503} INFO - 0 downstream tasks scheduled from follow-on schedule check
[2026-03-25T11:01:36.671+0000] {local_task_job_runner.py:222} INFO - ::endgroup::
[2026-03-25T11:20:55.911+0000] {local_task_job_runner.py:120} INFO - ::group::Pre task execution logs
[2026-03-25T11:20:55.961+0000] {taskinstance.py:2076} INFO - Dependencies all met for dep_context=non-requeueable deps ti=<TaskInstance: e_commerce_dw_etl.extract.extract_and_load_to_staging scheduled__2025-12-06T00:00:00+00:00 [queued]>
[2026-03-25T11:20:55.975+0000] {taskinstance.py:2076} INFO - Dependencies all met for dep_context=requeueable deps ti=<TaskInstance: e_commerce_dw_etl.extract.extract_and_load_to_staging scheduled__2025-12-06T00:00:00+00:00 [queued]>
[2026-03-25T11:20:55.976+0000] {taskinstance.py:2306} INFO - Starting attempt 1 of 1
[2026-03-25T11:20:56.054+0000] {taskinstance.py:2330} INFO - Executing <Task(PythonOperator): extract.extract_and_load_to_staging> on 2025-12-06 00:00:00+00:00
[2026-03-25T11:20:56.062+0000] {standard_task_runner.py:63} INFO - Started process 1443 to run task
[2026-03-25T11:20:56.067+0000] {standard_task_runner.py:90} INFO - Running: ['***', 'tasks', 'run', 'e_commerce_dw_etl', 'extract.extract_and_load_to_staging', 'scheduled__2025-12-06T00:00:00+00:00', '--job-id', '410', '--raw', '--subdir', 'DAGS_FOLDER/e_commerce_dw_dag.py', '--cfg-path', '/tmp/tmp_3yi2nyy']
[2026-03-25T11:20:56.075+0000] {standard_task_runner.py:91} INFO - Job 410: Subtask extract.extract_and_load_to_staging
[2026-03-25T11:20:56.166+0000] {task_command.py:426} INFO - Running <TaskInstance: e_commerce_dw_etl.extract.extract_and_load_to_staging scheduled__2025-12-06T00:00:00+00:00 [running]> on host d26a046c4728
[2026-03-25T11:20:56.274+0000] {taskinstance.py:2648} INFO - Exporting env vars: AIRFLOW_CTX_DAG_OWNER='***' AIRFLOW_CTX_DAG_ID='e_commerce_dw_etl' AIRFLOW_CTX_TASK_ID='extract.extract_and_load_to_staging' AIRFLOW_CTX_EXECUTION_DATE='2025-12-06T00:00:00+00:00' AIRFLOW_CTX_TRY_NUMBER='1' AIRFLOW_CTX_DAG_RUN_ID='scheduled__2025-12-06T00:00:00+00:00'
[2026-03-25T11:20:56.275+0000] {taskinstance.py:430} INFO - ::endgroup::
[2026-03-25T11:20:56.509+0000] {base.py:84} INFO - Using connection ID 'mysql' for task execution.
[2026-03-25T11:21:00.420+0000] {mysql_operator.py:13} ERROR - Can't connect to mysql database
[2026-03-25T11:21:00.427+0000] {base.py:84} INFO - Using connection ID 'mysql' for task execution.
[2026-03-25T11:21:04.263+0000] {taskinstance.py:441} INFO - ::group::Post task execution logs
[2026-03-25T11:21:04.264+0000] {taskinstance.py:2905} ERROR - Task failed with exception
Traceback (most recent call last):
  File "/home/airflow/.local/lib/python3.10/site-packages/airflow/models/taskinstance.py", line 465, in _execute_task
    result = _execute_callable(context=context, **execute_callable_kwargs)
  File "/home/airflow/.local/lib/python3.10/site-packages/airflow/models/taskinstance.py", line 432, in _execute_callable
    return execute_callable(context=context, **execute_callable_kwargs)
  File "/home/airflow/.local/lib/python3.10/site-packages/airflow/models/baseoperator.py", line 401, in wrapper
    return func(self, *args, **kwargs)
  File "/home/airflow/.local/lib/python3.10/site-packages/airflow/operators/python.py", line 235, in execute
    return_value = self.execute_callable()
  File "/home/airflow/.local/lib/python3.10/site-packages/airflow/operators/python.py", line 252, in execute_callable
    return self.python_callable(*self.op_args, **self.op_kwargs)
  File "/opt/airflow/dags/extract_data.py", line 30, in extract_and_load_to_staging
    df = source_operator.get_data_to_pd(f"SELECT * FROM {table}")
  File "/opt/airflow/plugins/mysql_operator.py", line 15, in get_data_to_pd
    return self.mysqlhook.get_pandas_df(query)
  File "/home/airflow/.local/lib/python3.10/site-packages/airflow/providers/common/sql/hooks/sql.py", line 262, in get_pandas_df
    with closing(self.get_conn()) as conn:
  File "/home/airflow/.local/lib/python3.10/site-packages/airflow/providers/mysql/hooks/mysql.py", line 196, in get_conn
    return MySQLdb.connect(**conn_config)
  File "/home/airflow/.local/lib/python3.10/site-packages/MySQLdb/__init__.py", line 121, in Connect
    return Connection(*args, **kwargs)
  File "/home/airflow/.local/lib/python3.10/site-packages/MySQLdb/connections.py", line 195, in __init__
    super().__init__(*args, **kwargs2)
MySQLdb.OperationalError: (2005, "Unknown server host 'mysql' (-2)")
[2026-03-25T11:21:04.286+0000] {taskinstance.py:1206} INFO - Marking task as FAILED. dag_id=e_commerce_dw_etl, task_id=extract.extract_and_load_to_staging, run_id=scheduled__2025-12-06T00:00:00+00:00, execution_date=20251206T000000, start_date=20260325T112055, end_date=20260325T112104
[2026-03-25T11:21:04.301+0000] {standard_task_runner.py:110} ERROR - Failed to execute job 410 for task extract.extract_and_load_to_staging ((2005, "Unknown server host 'mysql' (-2)"); 1443)
[2026-03-25T11:21:04.333+0000] {local_task_job_runner.py:240} INFO - Task exited with return code 1
[2026-03-25T11:21:04.357+0000] {taskinstance.py:3503} INFO - 0 downstream tasks scheduled from follow-on schedule check
[2026-03-25T11:21:04.365+0000] {local_task_job_runner.py:222} INFO - ::endgroup::
[2026-03-25T11:43:27.910+0000] {local_task_job_runner.py:120} INFO - ::group::Pre task execution logs
[2026-03-25T11:43:27.958+0000] {taskinstance.py:2076} INFO - Dependencies all met for dep_context=non-requeueable deps ti=<TaskInstance: e_commerce_dw_etl.extract.extract_and_load_to_staging scheduled__2025-12-06T00:00:00+00:00 [queued]>
[2026-03-25T11:43:27.973+0000] {taskinstance.py:2076} INFO - Dependencies all met for dep_context=requeueable deps ti=<TaskInstance: e_commerce_dw_etl.extract.extract_and_load_to_staging scheduled__2025-12-06T00:00:00+00:00 [queued]>
[2026-03-25T11:43:27.975+0000] {taskinstance.py:2306} INFO - Starting attempt 1 of 1
[2026-03-25T11:43:28.013+0000] {taskinstance.py:2330} INFO - Executing <Task(PythonOperator): extract.extract_and_load_to_staging> on 2025-12-06 00:00:00+00:00
[2026-03-25T11:43:28.024+0000] {standard_task_runner.py:63} INFO - Started process 1264 to run task
[2026-03-25T11:43:28.032+0000] {standard_task_runner.py:90} INFO - Running: ['***', 'tasks', 'run', 'e_commerce_dw_etl', 'extract.extract_and_load_to_staging', 'scheduled__2025-12-06T00:00:00+00:00', '--job-id', '410', '--raw', '--subdir', 'DAGS_FOLDER/e_commerce_dw_dag.py', '--cfg-path', '/tmp/tmpriu6qhy4']
[2026-03-25T11:43:28.036+0000] {standard_task_runner.py:91} INFO - Job 410: Subtask extract.extract_and_load_to_staging
[2026-03-25T11:43:28.201+0000] {task_command.py:426} INFO - Running <TaskInstance: e_commerce_dw_etl.extract.extract_and_load_to_staging scheduled__2025-12-06T00:00:00+00:00 [running]> on host d9d1693fa74b
[2026-03-25T11:43:28.436+0000] {taskinstance.py:2648} INFO - Exporting env vars: AIRFLOW_CTX_DAG_OWNER='***' AIRFLOW_CTX_DAG_ID='e_commerce_dw_etl' AIRFLOW_CTX_TASK_ID='extract.extract_and_load_to_staging' AIRFLOW_CTX_EXECUTION_DATE='2025-12-06T00:00:00+00:00' AIRFLOW_CTX_TRY_NUMBER='1' AIRFLOW_CTX_DAG_RUN_ID='scheduled__2025-12-06T00:00:00+00:00'
[2026-03-25T11:43:28.440+0000] {taskinstance.py:430} INFO - ::endgroup::
[2026-03-25T11:43:28.856+0000] {base.py:84} INFO - Using connection ID 'mysql' for task execution.
[2026-03-25T11:43:28.902+0000] {base.py:84} INFO - Using connection ID 'mysql' for task execution.
[2026-03-25T11:43:28.928+0000] {logging_mixin.py:188} WARNING - /home/***/.local/lib/python3.10/site-packages/***/providers/common/sql/hooks/sql.py:263 UserWarning: pandas only supports SQLAlchemy connectable (engine/connection) or database string URI or sqlite3 DBAPI2 connection. Other DBAPI2 objects are not tested. Please consider using SQLAlchemy.
[2026-03-25T11:43:28.933+0000] {taskinstance.py:441} INFO - ::group::Post task execution logs
[2026-03-25T11:43:28.934+0000] {taskinstance.py:2905} ERROR - Task failed with exception
Traceback (most recent call last):
  File "/home/airflow/.local/lib/python3.10/site-packages/pandas/io/sql.py", line 2018, in execute
    cur.execute(*args, **kwargs)
  File "/home/airflow/.local/lib/python3.10/site-packages/MySQLdb/cursors.py", line 179, in execute
    res = self._query(mogrified_query)
  File "/home/airflow/.local/lib/python3.10/site-packages/MySQLdb/cursors.py", line 330, in _query
    db.query(q)
  File "/home/airflow/.local/lib/python3.10/site-packages/MySQLdb/connections.py", line 261, in query
    _mysql.connection.query(self, query)
MySQLdb.ProgrammingError: (1146, "Table 'olist.product_category_name_translation' doesn't exist")

The above exception was the direct cause of the following exception:

Traceback (most recent call last):
  File "/home/airflow/.local/lib/python3.10/site-packages/airflow/models/taskinstance.py", line 465, in _execute_task
    result = _execute_callable(context=context, **execute_callable_kwargs)
  File "/home/airflow/.local/lib/python3.10/site-packages/airflow/models/taskinstance.py", line 432, in _execute_callable
    return execute_callable(context=context, **execute_callable_kwargs)
  File "/home/airflow/.local/lib/python3.10/site-packages/airflow/models/baseoperator.py", line 401, in wrapper
    return func(self, *args, **kwargs)
  File "/home/airflow/.local/lib/python3.10/site-packages/airflow/operators/python.py", line 235, in execute
    return_value = self.execute_callable()
  File "/home/airflow/.local/lib/python3.10/site-packages/airflow/operators/python.py", line 252, in execute_callable
    return self.python_callable(*self.op_args, **self.op_kwargs)
  File "/opt/airflow/dags/extract_data.py", line 30, in extract_and_load_to_staging
    df = source_operator.get_data_to_pd(f"SELECT * FROM {table}")
  File "/opt/airflow/plugins/mysql_operator.py", line 15, in get_data_to_pd
    return self.mysqlhook.get_pandas_df(query)
  File "/home/airflow/.local/lib/python3.10/site-packages/airflow/providers/common/sql/hooks/sql.py", line 263, in get_pandas_df
    return psql.read_sql(sql, con=conn, params=parameters, **kwargs)
  File "/home/airflow/.local/lib/python3.10/site-packages/pandas/io/sql.py", line 564, in read_sql
    return pandas_sql.read_query(
  File "/home/airflow/.local/lib/python3.10/site-packages/pandas/io/sql.py", line 2078, in read_query
    cursor = self.execute(*args)
  File "/home/airflow/.local/lib/python3.10/site-packages/pandas/io/sql.py", line 2030, in execute
    raise ex from exc
pandas.errors.DatabaseError: Execution failed on sql 'SELECT * FROM product_category_name_translation': (1146, "Table 'olist.product_category_name_translation' doesn't exist")
[2026-03-25T11:43:28.975+0000] {taskinstance.py:1206} INFO - Marking task as FAILED. dag_id=e_commerce_dw_etl, task_id=extract.extract_and_load_to_staging, run_id=scheduled__2025-12-06T00:00:00+00:00, execution_date=20251206T000000, start_date=20260325T114327, end_date=20260325T114328
[2026-03-25T11:43:29.021+0000] {standard_task_runner.py:110} ERROR - Failed to execute job 410 for task extract.extract_and_load_to_staging (Execution failed on sql 'SELECT * FROM product_category_name_translation': (1146, "Table 'olist.product_category_name_translation' doesn't exist"); 1264)
[2026-03-25T11:43:29.102+0000] {local_task_job_runner.py:240} INFO - Task exited with return code 1
[2026-03-25T11:43:29.147+0000] {taskinstance.py:3503} INFO - 0 downstream tasks scheduled from follow-on schedule check
[2026-03-25T11:43:29.159+0000] {local_task_job_runner.py:222} INFO - ::endgroup::
[2026-03-25T13:58:38.096+0000] {local_task_job_runner.py:120} INFO - ::group::Pre task execution logs
[2026-03-25T13:58:38.147+0000] {taskinstance.py:2076} INFO - Dependencies all met for dep_context=non-requeueable deps ti=<TaskInstance: e_commerce_dw_etl.extract.extract_and_load_to_staging scheduled__2025-12-06T00:00:00+00:00 [queued]>
[2026-03-25T13:58:38.163+0000] {taskinstance.py:2076} INFO - Dependencies all met for dep_context=requeueable deps ti=<TaskInstance: e_commerce_dw_etl.extract.extract_and_load_to_staging scheduled__2025-12-06T00:00:00+00:00 [queued]>
[2026-03-25T13:58:38.164+0000] {taskinstance.py:2306} INFO - Starting attempt 1 of 1
[2026-03-25T13:58:38.187+0000] {taskinstance.py:2330} INFO - Executing <Task(PythonOperator): extract.extract_and_load_to_staging> on 2025-12-06 00:00:00+00:00
[2026-03-25T13:58:38.196+0000] {standard_task_runner.py:63} INFO - Started process 1342 to run task
[2026-03-25T13:58:38.202+0000] {standard_task_runner.py:90} INFO - Running: ['***', 'tasks', 'run', 'e_commerce_dw_etl', 'extract.extract_and_load_to_staging', 'scheduled__2025-12-06T00:00:00+00:00', '--job-id', '411', '--raw', '--subdir', 'DAGS_FOLDER/e_commerce_dw_dag.py', '--cfg-path', '/tmp/tmpyikh1iz5']
[2026-03-25T13:58:38.207+0000] {standard_task_runner.py:91} INFO - Job 411: Subtask extract.extract_and_load_to_staging
[2026-03-25T13:58:38.322+0000] {task_command.py:426} INFO - Running <TaskInstance: e_commerce_dw_etl.extract.extract_and_load_to_staging scheduled__2025-12-06T00:00:00+00:00 [running]> on host 85f4963e6238
[2026-03-25T13:58:38.428+0000] {taskinstance.py:2648} INFO - Exporting env vars: AIRFLOW_CTX_DAG_OWNER='***' AIRFLOW_CTX_DAG_ID='e_commerce_dw_etl' AIRFLOW_CTX_TASK_ID='extract.extract_and_load_to_staging' AIRFLOW_CTX_EXECUTION_DATE='2025-12-06T00:00:00+00:00' AIRFLOW_CTX_TRY_NUMBER='1' AIRFLOW_CTX_DAG_RUN_ID='scheduled__2025-12-06T00:00:00+00:00'
[2026-03-25T13:58:38.430+0000] {taskinstance.py:430} INFO - ::endgroup::
[2026-03-25T13:58:38.620+0000] {base.py:84} INFO - Using connection ID 'mysql' for task execution.
[2026-03-25T13:58:38.636+0000] {base.py:84} INFO - Using connection ID 'mysql' for task execution.
[2026-03-25T13:58:38.645+0000] {logging_mixin.py:188} WARNING - /home/***/.local/lib/python3.10/site-packages/***/providers/common/sql/hooks/sql.py:263 UserWarning: pandas only supports SQLAlchemy connectable (engine/connection) or database string URI or sqlite3 DBAPI2 connection. Other DBAPI2 objects are not tested. Please consider using SQLAlchemy.
[2026-03-25T13:58:38.655+0000] {taskinstance.py:441} INFO - ::group::Post task execution logs
[2026-03-25T13:58:38.664+0000] {taskinstance.py:2905} ERROR - Task failed with exception
Traceback (most recent call last):
  File "/home/airflow/.local/lib/python3.10/site-packages/airflow/models/taskinstance.py", line 465, in _execute_task
    result = _execute_callable(context=context, **execute_callable_kwargs)
  File "/home/airflow/.local/lib/python3.10/site-packages/airflow/models/taskinstance.py", line 432, in _execute_callable
    return execute_callable(context=context, **execute_callable_kwargs)
  File "/home/airflow/.local/lib/python3.10/site-packages/airflow/models/baseoperator.py", line 401, in wrapper
    return func(self, *args, **kwargs)
  File "/home/airflow/.local/lib/python3.10/site-packages/airflow/operators/python.py", line 235, in execute
    return_value = self.execute_callable()
  File "/home/airflow/.local/lib/python3.10/site-packages/airflow/operators/python.py", line 252, in execute_callable
    return self.python_callable(*self.op_args, **self.op_kwargs)
  File "/opt/airflow/dags/extract_data.py", line 33, in extract_and_load_to_staging
    staging_operator.save_data_to_postgres(
  File "/opt/airflow/plugins/postgresql_operator.py", line 17, in save_data_to_postgres
    conn = self.hook.get_uri()
  File "/home/airflow/.local/lib/python3.10/site-packages/airflow/providers/postgres/hooks/postgres.py", line 204, in get_uri
    return self.sqlalchemy_url.render_as_string(hide_password=False)
  File "/home/airflow/.local/lib/python3.10/site-packages/airflow/providers/postgres/hooks/postgres.py", line 119, in sqlalchemy_url
    conn = self.get_connection(getattr(self, self.conn_name_attr))
  File "/home/airflow/.local/lib/python3.10/site-packages/airflow/hooks/base.py", line 83, in get_connection
    conn = Connection.get_connection_from_secrets(conn_id)
  File "/home/airflow/.local/lib/python3.10/site-packages/airflow/models/connection.py", line 519, in get_connection_from_secrets
    raise AirflowNotFoundException(f"The conn_id `{conn_id}` isn't defined")
airflow.exceptions.AirflowNotFoundException: The conn_id `postgres` isn't defined
[2026-03-25T13:58:38.681+0000] {taskinstance.py:1206} INFO - Marking task as FAILED. dag_id=e_commerce_dw_etl, task_id=extract.extract_and_load_to_staging, run_id=scheduled__2025-12-06T00:00:00+00:00, execution_date=20251206T000000, start_date=20260325T135838, end_date=20260325T135838
[2026-03-25T13:58:38.693+0000] {standard_task_runner.py:110} ERROR - Failed to execute job 411 for task extract.extract_and_load_to_staging (The conn_id `postgres` isn't defined; 1342)
[2026-03-25T13:58:38.738+0000] {local_task_job_runner.py:240} INFO - Task exited with return code 1
[2026-03-25T13:58:38.762+0000] {taskinstance.py:3503} INFO - 0 downstream tasks scheduled from follow-on schedule check
[2026-03-25T13:58:38.770+0000] {local_task_job_runner.py:222} INFO - ::endgroup::
[2026-03-26T04:26:26.795+0000] {local_task_job_runner.py:120} INFO - ::group::Pre task execution logs
[2026-03-26T04:26:26.855+0000] {taskinstance.py:2076} INFO - Dependencies all met for dep_context=non-requeueable deps ti=<TaskInstance: e_commerce_dw_etl.extract.extract_and_load_to_staging scheduled__2025-12-06T00:00:00+00:00 [queued]>
[2026-03-26T04:26:26.870+0000] {taskinstance.py:2076} INFO - Dependencies all met for dep_context=requeueable deps ti=<TaskInstance: e_commerce_dw_etl.extract.extract_and_load_to_staging scheduled__2025-12-06T00:00:00+00:00 [queued]>
[2026-03-26T04:26:26.871+0000] {taskinstance.py:2306} INFO - Starting attempt 1 of 1
[2026-03-26T04:26:27.058+0000] {taskinstance.py:2330} INFO - Executing <Task(PythonOperator): extract.extract_and_load_to_staging> on 2025-12-06 00:00:00+00:00
[2026-03-26T04:26:27.069+0000] {standard_task_runner.py:63} INFO - Started process 3351 to run task
[2026-03-26T04:26:27.080+0000] {standard_task_runner.py:90} INFO - Running: ['***', 'tasks', 'run', 'e_commerce_dw_etl', 'extract.extract_and_load_to_staging', 'scheduled__2025-12-06T00:00:00+00:00', '--job-id', '908', '--raw', '--subdir', 'DAGS_FOLDER/e_commerce_dw_dag.py', '--cfg-path', '/tmp/tmpdjgnms6o']
[2026-03-26T04:26:27.097+0000] {standard_task_runner.py:91} INFO - Job 908: Subtask extract.extract_and_load_to_staging
[2026-03-26T04:26:27.323+0000] {task_command.py:426} INFO - Running <TaskInstance: e_commerce_dw_etl.extract.extract_and_load_to_staging scheduled__2025-12-06T00:00:00+00:00 [running]> on host 2d1a3218d35e
[2026-03-26T04:26:28.211+0000] {taskinstance.py:2648} INFO - Exporting env vars: AIRFLOW_CTX_DAG_OWNER='***' AIRFLOW_CTX_DAG_ID='e_commerce_dw_etl' AIRFLOW_CTX_TASK_ID='extract.extract_and_load_to_staging' AIRFLOW_CTX_EXECUTION_DATE='2025-12-06T00:00:00+00:00' AIRFLOW_CTX_TRY_NUMBER='1' AIRFLOW_CTX_DAG_RUN_ID='scheduled__2025-12-06T00:00:00+00:00'
[2026-03-26T04:26:28.212+0000] {taskinstance.py:430} INFO - ::endgroup::
[2026-03-26T04:26:28.236+0000] {crypto.py:82} WARNING - empty cryptography key - values will not be stored encrypted.
[2026-03-26T04:26:28.241+0000] {base.py:84} INFO - Using connection ID 'mysql' for task execution.
[2026-03-26T04:26:28.259+0000] {base.py:84} INFO - Using connection ID 'mysql' for task execution.
[2026-03-26T04:26:28.287+0000] {logging_mixin.py:188} WARNING - /home/***/.local/lib/python3.10/site-packages/***/providers/common/sql/hooks/sql.py:263 UserWarning: pandas only supports SQLAlchemy connectable (engine/connection) or database string URI or sqlite3 DBAPI2 connection. Other DBAPI2 objects are not tested. Please consider using SQLAlchemy.
[2026-03-26T04:26:28.296+0000] {base.py:84} INFO - Using connection ID 'postgres' for task execution.
[2026-03-26T04:26:28.640+0000] {logging_mixin.py:188} INFO - Đã trích xuất và lưu bảng product_category_name_translation từ MySQL vào PostgreSQL public
[2026-03-26T04:26:28.650+0000] {base.py:84} INFO - Using connection ID 'mysql' for task execution.
[2026-03-26T04:26:28.660+0000] {logging_mixin.py:188} WARNING - /home/***/.local/lib/python3.10/site-packages/***/providers/common/sql/hooks/sql.py:263 UserWarning: pandas only supports SQLAlchemy connectable (engine/connection) or database string URI or sqlite3 DBAPI2 connection. Other DBAPI2 objects are not tested. Please consider using SQLAlchemy.
[2026-03-26T04:26:28.786+0000] {base.py:84} INFO - Using connection ID 'postgres' for task execution.
[2026-03-26T04:26:30.260+0000] {logging_mixin.py:188} INFO - Đã trích xuất và lưu bảng geolocation từ MySQL vào PostgreSQL public
[2026-03-26T04:26:30.266+0000] {base.py:84} INFO - Using connection ID 'mysql' for task execution.
[2026-03-26T04:26:30.279+0000] {logging_mixin.py:188} WARNING - /home/***/.local/lib/python3.10/site-packages/***/providers/common/sql/hooks/sql.py:263 UserWarning: pandas only supports SQLAlchemy connectable (engine/connection) or database string URI or sqlite3 DBAPI2 connection. Other DBAPI2 objects are not tested. Please consider using SQLAlchemy.
[2026-03-26T04:26:30.308+0000] {base.py:84} INFO - Using connection ID 'postgres' for task execution.
[2026-03-26T04:26:30.854+0000] {logging_mixin.py:188} INFO - Đã trích xuất và lưu bảng sellers từ MySQL vào PostgreSQL public
[2026-03-26T04:26:30.857+0000] {base.py:84} INFO - Using connection ID 'mysql' for task execution.
[2026-03-26T04:26:30.871+0000] {logging_mixin.py:188} WARNING - /home/***/.local/lib/python3.10/site-packages/***/providers/common/sql/hooks/sql.py:263 UserWarning: pandas only supports SQLAlchemy connectable (engine/connection) or database string URI or sqlite3 DBAPI2 connection. Other DBAPI2 objects are not tested. Please consider using SQLAlchemy.
[2026-03-26T04:26:31.501+0000] {base.py:84} INFO - Using connection ID 'postgres' for task execution.
[2026-03-26T04:26:40.154+0000] {logging_mixin.py:188} INFO - Đã trích xuất và lưu bảng customers từ MySQL vào PostgreSQL public
[2026-03-26T04:26:40.163+0000] {base.py:84} INFO - Using connection ID 'mysql' for task execution.
[2026-03-26T04:26:40.182+0000] {logging_mixin.py:188} WARNING - /home/***/.local/lib/python3.10/site-packages/***/providers/common/sql/hooks/sql.py:263 UserWarning: pandas only supports SQLAlchemy connectable (engine/connection) or database string URI or sqlite3 DBAPI2 connection. Other DBAPI2 objects are not tested. Please consider using SQLAlchemy.
[2026-03-26T04:26:40.495+0000] {base.py:84} INFO - Using connection ID 'postgres' for task execution.
[2026-03-26T04:26:44.915+0000] {logging_mixin.py:188} INFO - Đã trích xuất và lưu bảng products từ MySQL vào PostgreSQL public
[2026-03-26T04:26:44.917+0000] {base.py:84} INFO - Using connection ID 'mysql' for task execution.
[2026-03-26T04:26:44.958+0000] {logging_mixin.py:188} WARNING - /home/***/.local/lib/python3.10/site-packages/***/providers/common/sql/hooks/sql.py:263 UserWarning: pandas only supports SQLAlchemy connectable (engine/connection) or database string URI or sqlite3 DBAPI2 connection. Other DBAPI2 objects are not tested. Please consider using SQLAlchemy.
[2026-03-26T04:26:48.675+0000] {base.py:84} INFO - Using connection ID 'postgres' for task execution.
[2026-03-26T04:27:20.548+0000] {logging_mixin.py:188} INFO - Đã trích xuất và lưu bảng orders từ MySQL vào PostgreSQL public
[2026-03-26T04:27:20.592+0000] {base.py:84} INFO - Using connection ID 'mysql' for task execution.
[2026-03-26T04:27:20.612+0000] {logging_mixin.py:188} WARNING - /home/***/.local/lib/python3.10/site-packages/***/providers/common/sql/hooks/sql.py:263 UserWarning: pandas only supports SQLAlchemy connectable (engine/connection) or database string URI or sqlite3 DBAPI2 connection. Other DBAPI2 objects are not tested. Please consider using SQLAlchemy.
[2026-03-26T04:27:23.665+0000] {base.py:84} INFO - Using connection ID 'postgres' for task execution.
[2026-03-26T04:27:39.593+0000] {logging_mixin.py:188} INFO - Đã trích xuất và lưu bảng order_items từ MySQL vào PostgreSQL public
[2026-03-26T04:27:39.595+0000] {base.py:84} INFO - Using connection ID 'mysql' for task execution.
[2026-03-26T04:27:39.616+0000] {logging_mixin.py:188} WARNING - /home/***/.local/lib/python3.10/site-packages/***/providers/common/sql/hooks/sql.py:263 UserWarning: pandas only supports SQLAlchemy connectable (engine/connection) or database string URI or sqlite3 DBAPI2 connection. Other DBAPI2 objects are not tested. Please consider using SQLAlchemy.
[2026-03-26T04:27:40.410+0000] {base.py:84} INFO - Using connection ID 'postgres' for task execution.
[2026-03-26T04:27:50.339+0000] {logging_mixin.py:188} INFO - Đã trích xuất và lưu bảng payments từ MySQL vào PostgreSQL public
[2026-03-26T04:27:50.346+0000] {base.py:84} INFO - Using connection ID 'mysql' for task execution.
[2026-03-26T04:27:50.365+0000] {logging_mixin.py:188} WARNING - /home/***/.local/lib/python3.10/site-packages/***/providers/common/sql/hooks/sql.py:263 UserWarning: pandas only supports SQLAlchemy connectable (engine/connection) or database string URI or sqlite3 DBAPI2 connection. Other DBAPI2 objects are not tested. Please consider using SQLAlchemy.
[2026-03-26T04:27:52.755+0000] {base.py:84} INFO - Using connection ID 'postgres' for task execution.
[2026-03-26T04:28:05.480+0000] {logging_mixin.py:188} INFO - Đã trích xuất và lưu bảng order_reviews từ MySQL vào PostgreSQL public
[2026-03-26T04:28:05.520+0000] {python.py:237} INFO - Done. Returned value was: None
[2026-03-26T04:28:05.522+0000] {taskinstance.py:441} INFO - ::group::Post task execution logs
[2026-03-26T04:28:05.545+0000] {taskinstance.py:1206} INFO - Marking task as SUCCESS. dag_id=e_commerce_dw_etl, task_id=extract.extract_and_load_to_staging, run_id=scheduled__2025-12-06T00:00:00+00:00, execution_date=20251206T000000, start_date=20260326T042626, end_date=20260326T042805
[2026-03-26T04:28:05.711+0000] {local_task_job_runner.py:240} INFO - Task exited with return code 0
[2026-03-26T04:28:05.786+0000] {taskinstance.py:3503} INFO - 6 downstream tasks scheduled from follow-on schedule check
[2026-03-26T04:28:05.808+0000] {local_task_job_runner.py:222} INFO - ::endgroup::
