[2026-03-26T03:40:52.151+0000] {local_task_job_runner.py:120} INFO - ::group::Pre task execution logs
[2026-03-26T03:40:52.806+0000] {taskinstance.py:2076} INFO - Dependencies all met for dep_context=non-requeueable deps ti=<TaskInstance: e_commerce_dw_etl.transform.transform_dim_dates scheduled__2024-12-21T00:00:00+00:00 [queued]>
[2026-03-26T03:40:52.894+0000] {taskinstance.py:2076} INFO - Dependencies all met for dep_context=requeueable deps ti=<TaskInstance: e_commerce_dw_etl.transform.transform_dim_dates scheduled__2024-12-21T00:00:00+00:00 [queued]>
[2026-03-26T03:40:52.896+0000] {taskinstance.py:2306} INFO - Starting attempt 1 of 1
[2026-03-26T03:40:52.974+0000] {taskinstance.py:2330} INFO - Executing <Task(PythonOperator): transform.transform_dim_dates> on 2024-12-21 00:00:00+00:00
[2026-03-26T03:40:53.031+0000] {standard_task_runner.py:63} INFO - Started process 1308 to run task
[2026-03-26T03:40:53.051+0000] {standard_task_runner.py:90} INFO - Running: ['***', 'tasks', 'run', 'e_commerce_dw_etl', 'transform.transform_dim_dates', 'scheduled__2024-12-21T00:00:00+00:00', '--job-id', '338', '--raw', '--subdir', 'DAGS_FOLDER/e_commerce_dw_dag.py', '--cfg-path', '/tmp/tmpjp3fye7v']
[2026-03-26T03:40:53.069+0000] {standard_task_runner.py:91} INFO - Job 338: Subtask transform.transform_dim_dates
[2026-03-26T03:40:53.599+0000] {task_command.py:426} INFO - Running <TaskInstance: e_commerce_dw_etl.transform.transform_dim_dates scheduled__2024-12-21T00:00:00+00:00 [running]> on host 031edd3e030e
[2026-03-26T03:40:55.252+0000] {taskinstance.py:2648} INFO - Exporting env vars: AIRFLOW_CTX_DAG_OWNER='***' AIRFLOW_CTX_DAG_ID='e_commerce_dw_etl' AIRFLOW_CTX_TASK_ID='transform.transform_dim_dates' AIRFLOW_CTX_EXECUTION_DATE='2024-12-21T00:00:00+00:00' AIRFLOW_CTX_TRY_NUMBER='1' AIRFLOW_CTX_DAG_RUN_ID='scheduled__2024-12-21T00:00:00+00:00'
[2026-03-26T03:40:55.293+0000] {taskinstance.py:430} INFO - ::endgroup::
[2026-03-26T03:40:55.862+0000] {crypto.py:82} WARNING - empty cryptography key - values will not be stored encrypted.
[2026-03-26T03:40:55.909+0000] {base.py:84} INFO - Using connection ID 'postgres' for task execution.
[2026-03-26T03:40:57.002+0000] {logging_mixin.py:188} INFO - Đã tạo và lưu dữ liệu vào dim_dates
[2026-03-26T03:40:57.005+0000] {python.py:237} INFO - Done. Returned value was: None
[2026-03-26T03:40:57.011+0000] {taskinstance.py:441} INFO - ::group::Post task execution logs
[2026-03-26T03:40:57.124+0000] {taskinstance.py:1206} INFO - Marking task as SUCCESS. dag_id=e_commerce_dw_etl, task_id=transform.transform_dim_dates, run_id=scheduled__2024-12-21T00:00:00+00:00, execution_date=20241221T000000, start_date=20260326T034052, end_date=20260326T034057
[2026-03-26T03:40:57.724+0000] {local_task_job_runner.py:240} INFO - Task exited with return code 0
[2026-03-26T03:40:57.849+0000] {taskinstance.py:3503} INFO - 0 downstream tasks scheduled from follow-on schedule check
[2026-03-26T03:40:57.910+0000] {local_task_job_runner.py:222} INFO - ::endgroup::
