[2026-03-25T08:45:52.019+0000] {local_task_job_runner.py:120} INFO - ::group::Pre task execution logs
[2026-03-25T08:45:52.155+0000] {taskinstance.py:2076} INFO - Dependencies all met for dep_context=non-requeueable deps ti=<TaskInstance: e_commerce_dw_etl.extract.extract_and_load_to_staging scheduled__2025-12-09T00:00:00+00:00 [queued]>
[2026-03-25T08:45:52.187+0000] {taskinstance.py:2076} INFO - Dependencies all met for dep_context=requeueable deps ti=<TaskInstance: e_commerce_dw_etl.extract.extract_and_load_to_staging scheduled__2025-12-09T00:00:00+00:00 [queued]>
[2026-03-25T08:45:52.188+0000] {taskinstance.py:2306} INFO - Starting attempt 1 of 1
[2026-03-25T08:45:52.489+0000] {taskinstance.py:2330} INFO - Executing <Task(PythonOperator): extract.extract_and_load_to_staging> on 2025-12-09 00:00:00+00:00
[2026-03-25T08:45:52.502+0000] {standard_task_runner.py:63} INFO - Started process 1581 to run task
[2026-03-25T08:45:52.517+0000] {standard_task_runner.py:90} INFO - Running: ['***', 'tasks', 'run', 'e_commerce_dw_etl', 'extract.extract_and_load_to_staging', 'scheduled__2025-12-09T00:00:00+00:00', '--job-id', '428', '--raw', '--subdir', 'DAGS_FOLDER/e_commerce_dw_dag.py', '--cfg-path', '/tmp/tmpzaz9uj37']
[2026-03-25T08:45:52.521+0000] {standard_task_runner.py:91} INFO - Job 428: Subtask extract.extract_and_load_to_staging
[2026-03-25T08:45:52.655+0000] {task_command.py:426} INFO - Running <TaskInstance: e_commerce_dw_etl.extract.extract_and_load_to_staging scheduled__2025-12-09T00:00:00+00:00 [running]> on host bcd9e4848a6d
[2026-03-25T08:45:52.909+0000] {taskinstance.py:2648} INFO - Exporting env vars: AIRFLOW_CTX_DAG_OWNER='***' AIRFLOW_CTX_DAG_ID='e_commerce_dw_etl' AIRFLOW_CTX_TASK_ID='extract.extract_and_load_to_staging' AIRFLOW_CTX_EXECUTION_DATE='2025-12-09T00:00:00+00:00' AIRFLOW_CTX_TRY_NUMBER='1' AIRFLOW_CTX_DAG_RUN_ID='scheduled__2025-12-09T00:00:00+00:00'
[2026-03-25T08:45:52.915+0000] {taskinstance.py:430} INFO - ::endgroup::
[2026-03-25T08:45:53.436+0000] {mysql_operator.py:13} ERROR - Can't connect to mysql database
[2026-03-25T08:45:53.453+0000] {taskinstance.py:441} INFO - ::group::Post task execution logs
[2026-03-25T08:45:53.474+0000] {taskinstance.py:2905} ERROR - Task failed with exception
Traceback (most recent call last):
  File "/home/airflow/.local/lib/python3.10/site-packages/airflow/models/taskinstance.py", line 465, in _execute_task
    result = _execute_callable(context=context, **execute_callable_kwargs)
  File "/home/airflow/.local/lib/python3.10/site-packages/airflow/models/taskinstance.py", line 432, in _execute_callable
    return execute_callable(context=context, **execute_callable_kwargs)
  File "/home/airflow/.local/lib/python3.10/site-packages/airflow/models/baseoperator.py", line 401, in wrapper
    return func(self, *args, **kwargs)
  File "/home/airflow/.local/lib/python3.10/site-packages/airflow/operators/python.py", line 235, in execute
    return_value = self.execute_callable()
  File "/home/airflow/.local/lib/python3.10/site-packages/airflow/operators/python.py", line 252, in execute_callable
    return self.python_callable(*self.op_args, **self.op_kwargs)
  File "/opt/airflow/dags/extract_data.py", line 30, in extract_and_load_to_staging
    df = source_operator.get_data_to_pd(f"SELECT * FROM {table}")
  File "/opt/airflow/plugins/mysql_operator.py", line 15, in get_data_to_pd
    return self.mysqlhook.get_pandas_df(query)
  File "/home/airflow/.local/lib/python3.10/site-packages/airflow/providers/common/sql/hooks/sql.py", line 262, in get_pandas_df
    with closing(self.get_conn()) as conn:
  File "/home/airflow/.local/lib/python3.10/site-packages/airflow/providers/mysql/hooks/mysql.py", line 188, in get_conn
    conn = self.connection or self.get_connection(getattr(self, self.conn_name_attr))
  File "/home/airflow/.local/lib/python3.10/site-packages/airflow/hooks/base.py", line 83, in get_connection
    conn = Connection.get_connection_from_secrets(conn_id)
  File "/home/airflow/.local/lib/python3.10/site-packages/airflow/models/connection.py", line 519, in get_connection_from_secrets
    raise AirflowNotFoundException(f"The conn_id `{conn_id}` isn't defined")
airflow.exceptions.AirflowNotFoundException: The conn_id `mysql` isn't defined
[2026-03-25T08:45:53.516+0000] {taskinstance.py:1206} INFO - Marking task as FAILED. dag_id=e_commerce_dw_etl, task_id=extract.extract_and_load_to_staging, run_id=scheduled__2025-12-09T00:00:00+00:00, execution_date=20251209T000000, start_date=20260325T084552, end_date=20260325T084553
[2026-03-25T08:45:53.552+0000] {standard_task_runner.py:110} ERROR - Failed to execute job 428 for task extract.extract_and_load_to_staging (The conn_id `mysql` isn't defined; 1581)
[2026-03-25T08:45:53.603+0000] {local_task_job_runner.py:240} INFO - Task exited with return code 1
[2026-03-25T08:45:53.713+0000] {taskinstance.py:3503} INFO - 0 downstream tasks scheduled from follow-on schedule check
[2026-03-25T08:45:53.751+0000] {local_task_job_runner.py:222} INFO - ::endgroup::
[2026-03-25T09:34:10.453+0000] {local_task_job_runner.py:120} INFO - ::group::Pre task execution logs
[2026-03-25T09:34:10.537+0000] {taskinstance.py:2076} INFO - Dependencies all met for dep_context=non-requeueable deps ti=<TaskInstance: e_commerce_dw_etl.extract.extract_and_load_to_staging scheduled__2025-12-09T00:00:00+00:00 [queued]>
[2026-03-25T09:34:10.563+0000] {taskinstance.py:2076} INFO - Dependencies all met for dep_context=requeueable deps ti=<TaskInstance: e_commerce_dw_etl.extract.extract_and_load_to_staging scheduled__2025-12-09T00:00:00+00:00 [queued]>
[2026-03-25T09:34:10.564+0000] {taskinstance.py:2306} INFO - Starting attempt 1 of 1
[2026-03-25T09:34:10.699+0000] {taskinstance.py:2330} INFO - Executing <Task(PythonOperator): extract.extract_and_load_to_staging> on 2025-12-09 00:00:00+00:00
[2026-03-25T09:34:10.719+0000] {standard_task_runner.py:63} INFO - Started process 1234 to run task
[2026-03-25T09:34:10.730+0000] {standard_task_runner.py:90} INFO - Running: ['***', 'tasks', 'run', 'e_commerce_dw_etl', 'extract.extract_and_load_to_staging', 'scheduled__2025-12-09T00:00:00+00:00', '--job-id', '416', '--raw', '--subdir', 'DAGS_FOLDER/e_commerce_dw_dag.py', '--cfg-path', '/tmp/tmpgb0teq_u']
[2026-03-25T09:34:10.736+0000] {standard_task_runner.py:91} INFO - Job 416: Subtask extract.extract_and_load_to_staging
[2026-03-25T09:34:10.909+0000] {task_command.py:426} INFO - Running <TaskInstance: e_commerce_dw_etl.extract.extract_and_load_to_staging scheduled__2025-12-09T00:00:00+00:00 [running]> on host 0d903260eca4
[2026-03-25T09:34:11.159+0000] {taskinstance.py:2648} INFO - Exporting env vars: AIRFLOW_CTX_DAG_OWNER='***' AIRFLOW_CTX_DAG_ID='e_commerce_dw_etl' AIRFLOW_CTX_TASK_ID='extract.extract_and_load_to_staging' AIRFLOW_CTX_EXECUTION_DATE='2025-12-09T00:00:00+00:00' AIRFLOW_CTX_TRY_NUMBER='1' AIRFLOW_CTX_DAG_RUN_ID='scheduled__2025-12-09T00:00:00+00:00'
[2026-03-25T09:34:11.165+0000] {taskinstance.py:430} INFO - ::endgroup::
[2026-03-25T09:34:11.642+0000] {mysql_operator.py:13} ERROR - Can't connect to mysql database
[2026-03-25T09:34:11.692+0000] {taskinstance.py:441} INFO - ::group::Post task execution logs
[2026-03-25T09:34:11.710+0000] {taskinstance.py:2905} ERROR - Task failed with exception
Traceback (most recent call last):
  File "/home/airflow/.local/lib/python3.10/site-packages/airflow/models/taskinstance.py", line 465, in _execute_task
    result = _execute_callable(context=context, **execute_callable_kwargs)
  File "/home/airflow/.local/lib/python3.10/site-packages/airflow/models/taskinstance.py", line 432, in _execute_callable
    return execute_callable(context=context, **execute_callable_kwargs)
  File "/home/airflow/.local/lib/python3.10/site-packages/airflow/models/baseoperator.py", line 401, in wrapper
    return func(self, *args, **kwargs)
  File "/home/airflow/.local/lib/python3.10/site-packages/airflow/operators/python.py", line 235, in execute
    return_value = self.execute_callable()
  File "/home/airflow/.local/lib/python3.10/site-packages/airflow/operators/python.py", line 252, in execute_callable
    return self.python_callable(*self.op_args, **self.op_kwargs)
  File "/opt/airflow/dags/extract_data.py", line 30, in extract_and_load_to_staging
    df = source_operator.get_data_to_pd(f"SELECT * FROM {table}")
  File "/opt/airflow/plugins/mysql_operator.py", line 15, in get_data_to_pd
    return self.mysqlhook.get_pandas_df(query)
  File "/home/airflow/.local/lib/python3.10/site-packages/airflow/providers/common/sql/hooks/sql.py", line 262, in get_pandas_df
    with closing(self.get_conn()) as conn:
  File "/home/airflow/.local/lib/python3.10/site-packages/airflow/providers/mysql/hooks/mysql.py", line 188, in get_conn
    conn = self.connection or self.get_connection(getattr(self, self.conn_name_attr))
  File "/home/airflow/.local/lib/python3.10/site-packages/airflow/hooks/base.py", line 83, in get_connection
    conn = Connection.get_connection_from_secrets(conn_id)
  File "/home/airflow/.local/lib/python3.10/site-packages/airflow/models/connection.py", line 519, in get_connection_from_secrets
    raise AirflowNotFoundException(f"The conn_id `{conn_id}` isn't defined")
airflow.exceptions.AirflowNotFoundException: The conn_id `mysql` isn't defined
[2026-03-25T09:34:11.742+0000] {taskinstance.py:1206} INFO - Marking task as FAILED. dag_id=e_commerce_dw_etl, task_id=extract.extract_and_load_to_staging, run_id=scheduled__2025-12-09T00:00:00+00:00, execution_date=20251209T000000, start_date=20260325T093410, end_date=20260325T093411
[2026-03-25T09:34:11.984+0000] {standard_task_runner.py:110} ERROR - Failed to execute job 416 for task extract.extract_and_load_to_staging (The conn_id `mysql` isn't defined; 1234)
[2026-03-25T09:34:12.076+0000] {local_task_job_runner.py:240} INFO - Task exited with return code 1
[2026-03-25T09:34:12.163+0000] {taskinstance.py:3503} INFO - 0 downstream tasks scheduled from follow-on schedule check
[2026-03-25T09:34:12.192+0000] {local_task_job_runner.py:222} INFO - ::endgroup::
[2026-03-25T11:01:39.573+0000] {local_task_job_runner.py:120} INFO - ::group::Pre task execution logs
[2026-03-25T11:01:39.619+0000] {taskinstance.py:2076} INFO - Dependencies all met for dep_context=non-requeueable deps ti=<TaskInstance: e_commerce_dw_etl.extract.extract_and_load_to_staging scheduled__2025-12-09T00:00:00+00:00 [queued]>
[2026-03-25T11:01:39.631+0000] {taskinstance.py:2076} INFO - Dependencies all met for dep_context=requeueable deps ti=<TaskInstance: e_commerce_dw_etl.extract.extract_and_load_to_staging scheduled__2025-12-09T00:00:00+00:00 [queued]>
[2026-03-25T11:01:39.632+0000] {taskinstance.py:2306} INFO - Starting attempt 1 of 1
[2026-03-25T11:01:39.654+0000] {taskinstance.py:2330} INFO - Executing <Task(PythonOperator): extract.extract_and_load_to_staging> on 2025-12-09 00:00:00+00:00
[2026-03-25T11:01:39.664+0000] {standard_task_runner.py:63} INFO - Started process 1433 to run task
[2026-03-25T11:01:39.669+0000] {standard_task_runner.py:90} INFO - Running: ['***', 'tasks', 'run', 'e_commerce_dw_etl', 'extract.extract_and_load_to_staging', 'scheduled__2025-12-09T00:00:00+00:00', '--job-id', '415', '--raw', '--subdir', 'DAGS_FOLDER/e_commerce_dw_dag.py', '--cfg-path', '/tmp/tmpyzkoer3p']
[2026-03-25T11:01:39.672+0000] {standard_task_runner.py:91} INFO - Job 415: Subtask extract.extract_and_load_to_staging
[2026-03-25T11:01:39.783+0000] {task_command.py:426} INFO - Running <TaskInstance: e_commerce_dw_etl.extract.extract_and_load_to_staging scheduled__2025-12-09T00:00:00+00:00 [running]> on host b7a6f340f223
[2026-03-25T11:01:39.929+0000] {taskinstance.py:2648} INFO - Exporting env vars: AIRFLOW_CTX_DAG_OWNER='***' AIRFLOW_CTX_DAG_ID='e_commerce_dw_etl' AIRFLOW_CTX_TASK_ID='extract.extract_and_load_to_staging' AIRFLOW_CTX_EXECUTION_DATE='2025-12-09T00:00:00+00:00' AIRFLOW_CTX_TRY_NUMBER='1' AIRFLOW_CTX_DAG_RUN_ID='scheduled__2025-12-09T00:00:00+00:00'
[2026-03-25T11:01:39.930+0000] {taskinstance.py:430} INFO - ::endgroup::
[2026-03-25T11:01:40.204+0000] {crypto.py:82} WARNING - empty cryptography key - values will not be stored encrypted.
[2026-03-25T11:01:40.206+0000] {base.py:84} INFO - Using connection ID 'mysql' for task execution.
[2026-03-25T11:01:44.218+0000] {mysql_operator.py:13} ERROR - Can't connect to mysql database
[2026-03-25T11:01:44.220+0000] {base.py:84} INFO - Using connection ID 'mysql' for task execution.
[2026-03-25T11:01:48.069+0000] {taskinstance.py:441} INFO - ::group::Post task execution logs
[2026-03-25T11:01:48.071+0000] {taskinstance.py:2905} ERROR - Task failed with exception
Traceback (most recent call last):
  File "/home/airflow/.local/lib/python3.10/site-packages/airflow/models/taskinstance.py", line 465, in _execute_task
    result = _execute_callable(context=context, **execute_callable_kwargs)
  File "/home/airflow/.local/lib/python3.10/site-packages/airflow/models/taskinstance.py", line 432, in _execute_callable
    return execute_callable(context=context, **execute_callable_kwargs)
  File "/home/airflow/.local/lib/python3.10/site-packages/airflow/models/baseoperator.py", line 401, in wrapper
    return func(self, *args, **kwargs)
  File "/home/airflow/.local/lib/python3.10/site-packages/airflow/operators/python.py", line 235, in execute
    return_value = self.execute_callable()
  File "/home/airflow/.local/lib/python3.10/site-packages/airflow/operators/python.py", line 252, in execute_callable
    return self.python_callable(*self.op_args, **self.op_kwargs)
  File "/opt/airflow/dags/extract_data.py", line 30, in extract_and_load_to_staging
    df = source_operator.get_data_to_pd(f"SELECT * FROM {table}")
  File "/opt/airflow/plugins/mysql_operator.py", line 15, in get_data_to_pd
    return self.mysqlhook.get_pandas_df(query)
  File "/home/airflow/.local/lib/python3.10/site-packages/airflow/providers/common/sql/hooks/sql.py", line 262, in get_pandas_df
    with closing(self.get_conn()) as conn:
  File "/home/airflow/.local/lib/python3.10/site-packages/airflow/providers/mysql/hooks/mysql.py", line 196, in get_conn
    return MySQLdb.connect(**conn_config)
  File "/home/airflow/.local/lib/python3.10/site-packages/MySQLdb/__init__.py", line 121, in Connect
    return Connection(*args, **kwargs)
  File "/home/airflow/.local/lib/python3.10/site-packages/MySQLdb/connections.py", line 195, in __init__
    super().__init__(*args, **kwargs2)
MySQLdb.OperationalError: (2005, "Unknown server host 'mysql' (-2)")
[2026-03-25T11:01:48.093+0000] {taskinstance.py:1206} INFO - Marking task as FAILED. dag_id=e_commerce_dw_etl, task_id=extract.extract_and_load_to_staging, run_id=scheduled__2025-12-09T00:00:00+00:00, execution_date=20251209T000000, start_date=20260325T110139, end_date=20260325T110148
[2026-03-25T11:01:48.106+0000] {standard_task_runner.py:110} ERROR - Failed to execute job 415 for task extract.extract_and_load_to_staging ((2005, "Unknown server host 'mysql' (-2)"); 1433)
[2026-03-25T11:01:48.153+0000] {local_task_job_runner.py:240} INFO - Task exited with return code 1
[2026-03-25T11:01:48.174+0000] {taskinstance.py:3503} INFO - 0 downstream tasks scheduled from follow-on schedule check
[2026-03-25T11:01:48.182+0000] {local_task_job_runner.py:222} INFO - ::endgroup::
[2026-03-25T11:20:56.646+0000] {local_task_job_runner.py:120} INFO - ::group::Pre task execution logs
[2026-03-25T11:20:56.697+0000] {taskinstance.py:2076} INFO - Dependencies all met for dep_context=non-requeueable deps ti=<TaskInstance: e_commerce_dw_etl.extract.extract_and_load_to_staging scheduled__2025-12-09T00:00:00+00:00 [queued]>
[2026-03-25T11:20:56.710+0000] {taskinstance.py:2076} INFO - Dependencies all met for dep_context=requeueable deps ti=<TaskInstance: e_commerce_dw_etl.extract.extract_and_load_to_staging scheduled__2025-12-09T00:00:00+00:00 [queued]>
[2026-03-25T11:20:56.710+0000] {taskinstance.py:2306} INFO - Starting attempt 1 of 1
[2026-03-25T11:20:56.830+0000] {taskinstance.py:2330} INFO - Executing <Task(PythonOperator): extract.extract_and_load_to_staging> on 2025-12-09 00:00:00+00:00
[2026-03-25T11:20:56.837+0000] {standard_task_runner.py:63} INFO - Started process 1449 to run task
[2026-03-25T11:20:56.843+0000] {standard_task_runner.py:90} INFO - Running: ['***', 'tasks', 'run', 'e_commerce_dw_etl', 'extract.extract_and_load_to_staging', 'scheduled__2025-12-09T00:00:00+00:00', '--job-id', '413', '--raw', '--subdir', 'DAGS_FOLDER/e_commerce_dw_dag.py', '--cfg-path', '/tmp/tmpq3e_qv6o']
[2026-03-25T11:20:56.847+0000] {standard_task_runner.py:91} INFO - Job 413: Subtask extract.extract_and_load_to_staging
[2026-03-25T11:20:56.942+0000] {task_command.py:426} INFO - Running <TaskInstance: e_commerce_dw_etl.extract.extract_and_load_to_staging scheduled__2025-12-09T00:00:00+00:00 [running]> on host d26a046c4728
[2026-03-25T11:20:57.055+0000] {taskinstance.py:2648} INFO - Exporting env vars: AIRFLOW_CTX_DAG_OWNER='***' AIRFLOW_CTX_DAG_ID='e_commerce_dw_etl' AIRFLOW_CTX_TASK_ID='extract.extract_and_load_to_staging' AIRFLOW_CTX_EXECUTION_DATE='2025-12-09T00:00:00+00:00' AIRFLOW_CTX_TRY_NUMBER='1' AIRFLOW_CTX_DAG_RUN_ID='scheduled__2025-12-09T00:00:00+00:00'
[2026-03-25T11:20:57.056+0000] {taskinstance.py:430} INFO - ::endgroup::
[2026-03-25T11:20:57.262+0000] {base.py:84} INFO - Using connection ID 'mysql' for task execution.
[2026-03-25T11:21:01.106+0000] {mysql_operator.py:13} ERROR - Can't connect to mysql database
[2026-03-25T11:21:01.115+0000] {base.py:84} INFO - Using connection ID 'mysql' for task execution.
[2026-03-25T11:21:04.948+0000] {taskinstance.py:441} INFO - ::group::Post task execution logs
[2026-03-25T11:21:04.950+0000] {taskinstance.py:2905} ERROR - Task failed with exception
Traceback (most recent call last):
  File "/home/airflow/.local/lib/python3.10/site-packages/airflow/models/taskinstance.py", line 465, in _execute_task
    result = _execute_callable(context=context, **execute_callable_kwargs)
  File "/home/airflow/.local/lib/python3.10/site-packages/airflow/models/taskinstance.py", line 432, in _execute_callable
    return execute_callable(context=context, **execute_callable_kwargs)
  File "/home/airflow/.local/lib/python3.10/site-packages/airflow/models/baseoperator.py", line 401, in wrapper
    return func(self, *args, **kwargs)
  File "/home/airflow/.local/lib/python3.10/site-packages/airflow/operators/python.py", line 235, in execute
    return_value = self.execute_callable()
  File "/home/airflow/.local/lib/python3.10/site-packages/airflow/operators/python.py", line 252, in execute_callable
    return self.python_callable(*self.op_args, **self.op_kwargs)
  File "/opt/airflow/dags/extract_data.py", line 30, in extract_and_load_to_staging
    df = source_operator.get_data_to_pd(f"SELECT * FROM {table}")
  File "/opt/airflow/plugins/mysql_operator.py", line 15, in get_data_to_pd
    return self.mysqlhook.get_pandas_df(query)
  File "/home/airflow/.local/lib/python3.10/site-packages/airflow/providers/common/sql/hooks/sql.py", line 262, in get_pandas_df
    with closing(self.get_conn()) as conn:
  File "/home/airflow/.local/lib/python3.10/site-packages/airflow/providers/mysql/hooks/mysql.py", line 196, in get_conn
    return MySQLdb.connect(**conn_config)
  File "/home/airflow/.local/lib/python3.10/site-packages/MySQLdb/__init__.py", line 121, in Connect
    return Connection(*args, **kwargs)
  File "/home/airflow/.local/lib/python3.10/site-packages/MySQLdb/connections.py", line 195, in __init__
    super().__init__(*args, **kwargs2)
MySQLdb.OperationalError: (2005, "Unknown server host 'mysql' (-2)")
[2026-03-25T11:21:04.974+0000] {taskinstance.py:1206} INFO - Marking task as FAILED. dag_id=e_commerce_dw_etl, task_id=extract.extract_and_load_to_staging, run_id=scheduled__2025-12-09T00:00:00+00:00, execution_date=20251209T000000, start_date=20260325T112056, end_date=20260325T112104
[2026-03-25T11:21:05.096+0000] {standard_task_runner.py:110} ERROR - Failed to execute job 413 for task extract.extract_and_load_to_staging ((2005, "Unknown server host 'mysql' (-2)"); 1449)
[2026-03-25T11:21:05.139+0000] {local_task_job_runner.py:240} INFO - Task exited with return code 1
[2026-03-25T11:21:05.159+0000] {taskinstance.py:3503} INFO - 0 downstream tasks scheduled from follow-on schedule check
[2026-03-25T11:21:05.165+0000] {local_task_job_runner.py:222} INFO - ::endgroup::
[2026-03-25T11:43:29.112+0000] {local_task_job_runner.py:120} INFO - ::group::Pre task execution logs
[2026-03-25T11:43:29.176+0000] {taskinstance.py:2076} INFO - Dependencies all met for dep_context=non-requeueable deps ti=<TaskInstance: e_commerce_dw_etl.extract.extract_and_load_to_staging scheduled__2025-12-09T00:00:00+00:00 [queued]>
[2026-03-25T11:43:29.194+0000] {taskinstance.py:2076} INFO - Dependencies all met for dep_context=requeueable deps ti=<TaskInstance: e_commerce_dw_etl.extract.extract_and_load_to_staging scheduled__2025-12-09T00:00:00+00:00 [queued]>
[2026-03-25T11:43:29.195+0000] {taskinstance.py:2306} INFO - Starting attempt 1 of 1
[2026-03-25T11:43:29.222+0000] {taskinstance.py:2330} INFO - Executing <Task(PythonOperator): extract.extract_and_load_to_staging> on 2025-12-09 00:00:00+00:00
[2026-03-25T11:43:29.229+0000] {standard_task_runner.py:63} INFO - Started process 1268 to run task
[2026-03-25T11:43:29.235+0000] {standard_task_runner.py:90} INFO - Running: ['***', 'tasks', 'run', 'e_commerce_dw_etl', 'extract.extract_and_load_to_staging', 'scheduled__2025-12-09T00:00:00+00:00', '--job-id', '413', '--raw', '--subdir', 'DAGS_FOLDER/e_commerce_dw_dag.py', '--cfg-path', '/tmp/tmp9fuxfhv3']
[2026-03-25T11:43:29.240+0000] {standard_task_runner.py:91} INFO - Job 413: Subtask extract.extract_and_load_to_staging
[2026-03-25T11:43:29.354+0000] {task_command.py:426} INFO - Running <TaskInstance: e_commerce_dw_etl.extract.extract_and_load_to_staging scheduled__2025-12-09T00:00:00+00:00 [running]> on host d9d1693fa74b
[2026-03-25T11:43:29.478+0000] {taskinstance.py:2648} INFO - Exporting env vars: AIRFLOW_CTX_DAG_OWNER='***' AIRFLOW_CTX_DAG_ID='e_commerce_dw_etl' AIRFLOW_CTX_TASK_ID='extract.extract_and_load_to_staging' AIRFLOW_CTX_EXECUTION_DATE='2025-12-09T00:00:00+00:00' AIRFLOW_CTX_TRY_NUMBER='1' AIRFLOW_CTX_DAG_RUN_ID='scheduled__2025-12-09T00:00:00+00:00'
[2026-03-25T11:43:29.480+0000] {taskinstance.py:430} INFO - ::endgroup::
[2026-03-25T11:43:29.685+0000] {base.py:84} INFO - Using connection ID 'mysql' for task execution.
[2026-03-25T11:43:29.703+0000] {base.py:84} INFO - Using connection ID 'mysql' for task execution.
[2026-03-25T11:43:29.714+0000] {logging_mixin.py:188} WARNING - /home/***/.local/lib/python3.10/site-packages/***/providers/common/sql/hooks/sql.py:263 UserWarning: pandas only supports SQLAlchemy connectable (engine/connection) or database string URI or sqlite3 DBAPI2 connection. Other DBAPI2 objects are not tested. Please consider using SQLAlchemy.
[2026-03-25T11:43:29.716+0000] {taskinstance.py:441} INFO - ::group::Post task execution logs
[2026-03-25T11:43:29.717+0000] {taskinstance.py:2905} ERROR - Task failed with exception
Traceback (most recent call last):
  File "/home/airflow/.local/lib/python3.10/site-packages/pandas/io/sql.py", line 2018, in execute
    cur.execute(*args, **kwargs)
  File "/home/airflow/.local/lib/python3.10/site-packages/MySQLdb/cursors.py", line 179, in execute
    res = self._query(mogrified_query)
  File "/home/airflow/.local/lib/python3.10/site-packages/MySQLdb/cursors.py", line 330, in _query
    db.query(q)
  File "/home/airflow/.local/lib/python3.10/site-packages/MySQLdb/connections.py", line 261, in query
    _mysql.connection.query(self, query)
MySQLdb.ProgrammingError: (1146, "Table 'olist.product_category_name_translation' doesn't exist")

The above exception was the direct cause of the following exception:

Traceback (most recent call last):
  File "/home/airflow/.local/lib/python3.10/site-packages/airflow/models/taskinstance.py", line 465, in _execute_task
    result = _execute_callable(context=context, **execute_callable_kwargs)
  File "/home/airflow/.local/lib/python3.10/site-packages/airflow/models/taskinstance.py", line 432, in _execute_callable
    return execute_callable(context=context, **execute_callable_kwargs)
  File "/home/airflow/.local/lib/python3.10/site-packages/airflow/models/baseoperator.py", line 401, in wrapper
    return func(self, *args, **kwargs)
  File "/home/airflow/.local/lib/python3.10/site-packages/airflow/operators/python.py", line 235, in execute
    return_value = self.execute_callable()
  File "/home/airflow/.local/lib/python3.10/site-packages/airflow/operators/python.py", line 252, in execute_callable
    return self.python_callable(*self.op_args, **self.op_kwargs)
  File "/opt/airflow/dags/extract_data.py", line 30, in extract_and_load_to_staging
    df = source_operator.get_data_to_pd(f"SELECT * FROM {table}")
  File "/opt/airflow/plugins/mysql_operator.py", line 15, in get_data_to_pd
    return self.mysqlhook.get_pandas_df(query)
  File "/home/airflow/.local/lib/python3.10/site-packages/airflow/providers/common/sql/hooks/sql.py", line 263, in get_pandas_df
    return psql.read_sql(sql, con=conn, params=parameters, **kwargs)
  File "/home/airflow/.local/lib/python3.10/site-packages/pandas/io/sql.py", line 564, in read_sql
    return pandas_sql.read_query(
  File "/home/airflow/.local/lib/python3.10/site-packages/pandas/io/sql.py", line 2078, in read_query
    cursor = self.execute(*args)
  File "/home/airflow/.local/lib/python3.10/site-packages/pandas/io/sql.py", line 2030, in execute
    raise ex from exc
pandas.errors.DatabaseError: Execution failed on sql 'SELECT * FROM product_category_name_translation': (1146, "Table 'olist.product_category_name_translation' doesn't exist")
[2026-03-25T11:43:29.746+0000] {taskinstance.py:1206} INFO - Marking task as FAILED. dag_id=e_commerce_dw_etl, task_id=extract.extract_and_load_to_staging, run_id=scheduled__2025-12-09T00:00:00+00:00, execution_date=20251209T000000, start_date=20260325T114329, end_date=20260325T114329
[2026-03-25T11:43:29.761+0000] {standard_task_runner.py:110} ERROR - Failed to execute job 413 for task extract.extract_and_load_to_staging (Execution failed on sql 'SELECT * FROM product_category_name_translation': (1146, "Table 'olist.product_category_name_translation' doesn't exist"); 1268)
[2026-03-25T11:43:29.811+0000] {local_task_job_runner.py:240} INFO - Task exited with return code 1
[2026-03-25T11:43:29.855+0000] {taskinstance.py:3503} INFO - 0 downstream tasks scheduled from follow-on schedule check
[2026-03-25T11:43:29.868+0000] {local_task_job_runner.py:222} INFO - ::endgroup::
[2026-03-25T13:58:41.503+0000] {local_task_job_runner.py:120} INFO - ::group::Pre task execution logs
[2026-03-25T13:58:41.543+0000] {taskinstance.py:2076} INFO - Dependencies all met for dep_context=non-requeueable deps ti=<TaskInstance: e_commerce_dw_etl.extract.extract_and_load_to_staging scheduled__2025-12-09T00:00:00+00:00 [queued]>
[2026-03-25T13:58:41.554+0000] {taskinstance.py:2076} INFO - Dependencies all met for dep_context=requeueable deps ti=<TaskInstance: e_commerce_dw_etl.extract.extract_and_load_to_staging scheduled__2025-12-09T00:00:00+00:00 [queued]>
[2026-03-25T13:58:41.555+0000] {taskinstance.py:2306} INFO - Starting attempt 1 of 1
[2026-03-25T13:58:41.598+0000] {taskinstance.py:2330} INFO - Executing <Task(PythonOperator): extract.extract_and_load_to_staging> on 2025-12-09 00:00:00+00:00
[2026-03-25T13:58:41.605+0000] {standard_task_runner.py:63} INFO - Started process 1350 to run task
[2026-03-25T13:58:41.610+0000] {standard_task_runner.py:90} INFO - Running: ['***', 'tasks', 'run', 'e_commerce_dw_etl', 'extract.extract_and_load_to_staging', 'scheduled__2025-12-09T00:00:00+00:00', '--job-id', '414', '--raw', '--subdir', 'DAGS_FOLDER/e_commerce_dw_dag.py', '--cfg-path', '/tmp/tmpzi39q04c']
[2026-03-25T13:58:41.613+0000] {standard_task_runner.py:91} INFO - Job 414: Subtask extract.extract_and_load_to_staging
[2026-03-25T13:58:41.701+0000] {task_command.py:426} INFO - Running <TaskInstance: e_commerce_dw_etl.extract.extract_and_load_to_staging scheduled__2025-12-09T00:00:00+00:00 [running]> on host 85f4963e6238
[2026-03-25T13:58:41.815+0000] {taskinstance.py:2648} INFO - Exporting env vars: AIRFLOW_CTX_DAG_OWNER='***' AIRFLOW_CTX_DAG_ID='e_commerce_dw_etl' AIRFLOW_CTX_TASK_ID='extract.extract_and_load_to_staging' AIRFLOW_CTX_EXECUTION_DATE='2025-12-09T00:00:00+00:00' AIRFLOW_CTX_TRY_NUMBER='1' AIRFLOW_CTX_DAG_RUN_ID='scheduled__2025-12-09T00:00:00+00:00'
[2026-03-25T13:58:41.819+0000] {taskinstance.py:430} INFO - ::endgroup::
[2026-03-25T13:58:42.126+0000] {base.py:84} INFO - Using connection ID 'mysql' for task execution.
[2026-03-25T13:58:42.157+0000] {base.py:84} INFO - Using connection ID 'mysql' for task execution.
[2026-03-25T13:58:42.174+0000] {logging_mixin.py:188} WARNING - /home/***/.local/lib/python3.10/site-packages/***/providers/common/sql/hooks/sql.py:263 UserWarning: pandas only supports SQLAlchemy connectable (engine/connection) or database string URI or sqlite3 DBAPI2 connection. Other DBAPI2 objects are not tested. Please consider using SQLAlchemy.
[2026-03-25T13:58:42.191+0000] {taskinstance.py:441} INFO - ::group::Post task execution logs
[2026-03-25T13:58:42.207+0000] {taskinstance.py:2905} ERROR - Task failed with exception
Traceback (most recent call last):
  File "/home/airflow/.local/lib/python3.10/site-packages/airflow/models/taskinstance.py", line 465, in _execute_task
    result = _execute_callable(context=context, **execute_callable_kwargs)
  File "/home/airflow/.local/lib/python3.10/site-packages/airflow/models/taskinstance.py", line 432, in _execute_callable
    return execute_callable(context=context, **execute_callable_kwargs)
  File "/home/airflow/.local/lib/python3.10/site-packages/airflow/models/baseoperator.py", line 401, in wrapper
    return func(self, *args, **kwargs)
  File "/home/airflow/.local/lib/python3.10/site-packages/airflow/operators/python.py", line 235, in execute
    return_value = self.execute_callable()
  File "/home/airflow/.local/lib/python3.10/site-packages/airflow/operators/python.py", line 252, in execute_callable
    return self.python_callable(*self.op_args, **self.op_kwargs)
  File "/opt/airflow/dags/extract_data.py", line 33, in extract_and_load_to_staging
    staging_operator.save_data_to_postgres(
  File "/opt/airflow/plugins/postgresql_operator.py", line 17, in save_data_to_postgres
    conn = self.hook.get_uri()
  File "/home/airflow/.local/lib/python3.10/site-packages/airflow/providers/postgres/hooks/postgres.py", line 204, in get_uri
    return self.sqlalchemy_url.render_as_string(hide_password=False)
  File "/home/airflow/.local/lib/python3.10/site-packages/airflow/providers/postgres/hooks/postgres.py", line 119, in sqlalchemy_url
    conn = self.get_connection(getattr(self, self.conn_name_attr))
  File "/home/airflow/.local/lib/python3.10/site-packages/airflow/hooks/base.py", line 83, in get_connection
    conn = Connection.get_connection_from_secrets(conn_id)
  File "/home/airflow/.local/lib/python3.10/site-packages/airflow/models/connection.py", line 519, in get_connection_from_secrets
    raise AirflowNotFoundException(f"The conn_id `{conn_id}` isn't defined")
airflow.exceptions.AirflowNotFoundException: The conn_id `postgres` isn't defined
[2026-03-25T13:58:42.243+0000] {taskinstance.py:1206} INFO - Marking task as FAILED. dag_id=e_commerce_dw_etl, task_id=extract.extract_and_load_to_staging, run_id=scheduled__2025-12-09T00:00:00+00:00, execution_date=20251209T000000, start_date=20260325T135841, end_date=20260325T135842
[2026-03-25T13:58:42.273+0000] {standard_task_runner.py:110} ERROR - Failed to execute job 414 for task extract.extract_and_load_to_staging (The conn_id `postgres` isn't defined; 1350)
[2026-03-25T13:58:42.323+0000] {local_task_job_runner.py:240} INFO - Task exited with return code 1
[2026-03-25T13:58:42.336+0000] {local_task_job_runner.py:222} INFO - ::endgroup::
[2026-03-26T04:26:39.199+0000] {local_task_job_runner.py:120} INFO - ::group::Pre task execution logs
[2026-03-26T04:26:39.264+0000] {taskinstance.py:2076} INFO - Dependencies all met for dep_context=non-requeueable deps ti=<TaskInstance: e_commerce_dw_etl.extract.extract_and_load_to_staging scheduled__2025-12-09T00:00:00+00:00 [queued]>
[2026-03-26T04:26:39.280+0000] {taskinstance.py:2076} INFO - Dependencies all met for dep_context=requeueable deps ti=<TaskInstance: e_commerce_dw_etl.extract.extract_and_load_to_staging scheduled__2025-12-09T00:00:00+00:00 [queued]>
[2026-03-26T04:26:39.281+0000] {taskinstance.py:2306} INFO - Starting attempt 1 of 1
[2026-03-26T04:26:39.604+0000] {taskinstance.py:2330} INFO - Executing <Task(PythonOperator): extract.extract_and_load_to_staging> on 2025-12-09 00:00:00+00:00
[2026-03-26T04:26:39.630+0000] {standard_task_runner.py:63} INFO - Started process 3386 to run task
[2026-03-26T04:26:39.637+0000] {standard_task_runner.py:90} INFO - Running: ['***', 'tasks', 'run', 'e_commerce_dw_etl', 'extract.extract_and_load_to_staging', 'scheduled__2025-12-09T00:00:00+00:00', '--job-id', '917', '--raw', '--subdir', 'DAGS_FOLDER/e_commerce_dw_dag.py', '--cfg-path', '/tmp/tmp9kqvqg43']
[2026-03-26T04:26:39.651+0000] {standard_task_runner.py:91} INFO - Job 917: Subtask extract.extract_and_load_to_staging
[2026-03-26T04:26:39.810+0000] {task_command.py:426} INFO - Running <TaskInstance: e_commerce_dw_etl.extract.extract_and_load_to_staging scheduled__2025-12-09T00:00:00+00:00 [running]> on host 2d1a3218d35e
[2026-03-26T04:26:40.657+0000] {taskinstance.py:2648} INFO - Exporting env vars: AIRFLOW_CTX_DAG_OWNER='***' AIRFLOW_CTX_DAG_ID='e_commerce_dw_etl' AIRFLOW_CTX_TASK_ID='extract.extract_and_load_to_staging' AIRFLOW_CTX_EXECUTION_DATE='2025-12-09T00:00:00+00:00' AIRFLOW_CTX_TRY_NUMBER='1' AIRFLOW_CTX_DAG_RUN_ID='scheduled__2025-12-09T00:00:00+00:00'
[2026-03-26T04:26:40.658+0000] {taskinstance.py:430} INFO - ::endgroup::
[2026-03-26T04:26:40.685+0000] {crypto.py:82} WARNING - empty cryptography key - values will not be stored encrypted.
[2026-03-26T04:26:40.689+0000] {base.py:84} INFO - Using connection ID 'mysql' for task execution.
[2026-03-26T04:26:40.714+0000] {base.py:84} INFO - Using connection ID 'mysql' for task execution.
[2026-03-26T04:26:40.746+0000] {logging_mixin.py:188} WARNING - /home/***/.local/lib/python3.10/site-packages/***/providers/common/sql/hooks/sql.py:263 UserWarning: pandas only supports SQLAlchemy connectable (engine/connection) or database string URI or sqlite3 DBAPI2 connection. Other DBAPI2 objects are not tested. Please consider using SQLAlchemy.
[2026-03-26T04:26:40.762+0000] {base.py:84} INFO - Using connection ID 'postgres' for task execution.
[2026-03-26T04:26:40.997+0000] {logging_mixin.py:188} INFO - Đã trích xuất và lưu bảng product_category_name_translation từ MySQL vào PostgreSQL public
[2026-03-26T04:26:41.002+0000] {base.py:84} INFO - Using connection ID 'mysql' for task execution.
[2026-03-26T04:26:41.015+0000] {logging_mixin.py:188} WARNING - /home/***/.local/lib/python3.10/site-packages/***/providers/common/sql/hooks/sql.py:263 UserWarning: pandas only supports SQLAlchemy connectable (engine/connection) or database string URI or sqlite3 DBAPI2 connection. Other DBAPI2 objects are not tested. Please consider using SQLAlchemy.
[2026-03-26T04:26:41.209+0000] {base.py:84} INFO - Using connection ID 'postgres' for task execution.
[2026-03-26T04:26:43.203+0000] {taskinstance.py:441} INFO - ::group::Post task execution logs
[2026-03-26T04:26:43.220+0000] {taskinstance.py:2905} ERROR - Task failed with exception
Traceback (most recent call last):
  File "/home/airflow/.local/lib/python3.10/site-packages/sqlalchemy/engine/base.py", line 1890, in _execute_context
    self.dialect.do_executemany(
  File "/home/airflow/.local/lib/python3.10/site-packages/sqlalchemy/dialects/postgresql/psycopg2.py", line 982, in do_executemany
    context._psycopg2_fetched_rows = xtras.execute_values(
  File "/home/airflow/.local/lib/python3.10/site-packages/psycopg2/extras.py", line 1299, in execute_values
    cur.execute(b''.join(parts))
psycopg2.errors.UndefinedTable: relation "staging.stg_geolocation" does not exist
LINE 1: INSERT INTO staging.stg_geolocation (geolocation_zip_code_pr...
                    ^


The above exception was the direct cause of the following exception:

Traceback (most recent call last):
  File "/home/airflow/.local/lib/python3.10/site-packages/airflow/models/taskinstance.py", line 465, in _execute_task
    result = _execute_callable(context=context, **execute_callable_kwargs)
  File "/home/airflow/.local/lib/python3.10/site-packages/airflow/models/taskinstance.py", line 432, in _execute_callable
    return execute_callable(context=context, **execute_callable_kwargs)
  File "/home/airflow/.local/lib/python3.10/site-packages/airflow/models/baseoperator.py", line 401, in wrapper
    return func(self, *args, **kwargs)
  File "/home/airflow/.local/lib/python3.10/site-packages/airflow/operators/python.py", line 235, in execute
    return_value = self.execute_callable()
  File "/home/airflow/.local/lib/python3.10/site-packages/airflow/operators/python.py", line 252, in execute_callable
    return self.python_callable(*self.op_args, **self.op_kwargs)
  File "/opt/airflow/dags/extract_data.py", line 33, in extract_and_load_to_staging
    staging_operator.save_data_to_postgres(
  File "/opt/airflow/plugins/postgresql_operator.py", line 25, in save_data_to_postgres
    df.to_sql(table_name, engine, schema=schema, if_exists=if_exists, index=False)
  File "/home/airflow/.local/lib/python3.10/site-packages/pandas/core/generic.py", line 2987, in to_sql
    return sql.to_sql(
  File "/home/airflow/.local/lib/python3.10/site-packages/pandas/io/sql.py", line 695, in to_sql
    return pandas_sql.to_sql(
  File "/home/airflow/.local/lib/python3.10/site-packages/pandas/io/sql.py", line 1738, in to_sql
    total_inserted = sql_engine.insert_records(
  File "/home/airflow/.local/lib/python3.10/site-packages/pandas/io/sql.py", line 1335, in insert_records
    raise err
  File "/home/airflow/.local/lib/python3.10/site-packages/pandas/io/sql.py", line 1325, in insert_records
    return table.insert(chunksize=chunksize, method=method)
  File "/home/airflow/.local/lib/python3.10/site-packages/pandas/io/sql.py", line 946, in insert
    num_inserted = exec_insert(conn, keys, chunk_iter)
  File "/home/airflow/.local/lib/python3.10/site-packages/pandas/io/sql.py", line 853, in _execute_insert
    result = conn.execute(self.table.insert(), data)
  File "/home/airflow/.local/lib/python3.10/site-packages/sqlalchemy/engine/base.py", line 1385, in execute
    return meth(self, multiparams, params, _EMPTY_EXECUTION_OPTS)
  File "/home/airflow/.local/lib/python3.10/site-packages/sqlalchemy/sql/elements.py", line 334, in _execute_on_connection
    return connection._execute_clauseelement(
  File "/home/airflow/.local/lib/python3.10/site-packages/sqlalchemy/engine/base.py", line 1577, in _execute_clauseelement
    ret = self._execute_context(
  File "/home/airflow/.local/lib/python3.10/site-packages/sqlalchemy/engine/base.py", line 1953, in _execute_context
    self._handle_dbapi_exception(
  File "/home/airflow/.local/lib/python3.10/site-packages/sqlalchemy/engine/base.py", line 2134, in _handle_dbapi_exception
    util.raise_(
  File "/home/airflow/.local/lib/python3.10/site-packages/sqlalchemy/util/compat.py", line 211, in raise_
    raise exception
  File "/home/airflow/.local/lib/python3.10/site-packages/sqlalchemy/engine/base.py", line 1890, in _execute_context
    self.dialect.do_executemany(
  File "/home/airflow/.local/lib/python3.10/site-packages/sqlalchemy/dialects/postgresql/psycopg2.py", line 982, in do_executemany
    context._psycopg2_fetched_rows = xtras.execute_values(
  File "/home/airflow/.local/lib/python3.10/site-packages/psycopg2/extras.py", line 1299, in execute_values
    cur.execute(b''.join(parts))
sqlalchemy.exc.ProgrammingError: (psycopg2.errors.UndefinedTable) relation "staging.stg_geolocation" does not exist
LINE 1: INSERT INTO staging.stg_geolocation (geolocation_zip_code_pr...
                    ^

[SQL: INSERT INTO staging.stg_geolocation (geolocation_zip_code_prefix, geolocation_lat, geolocation_lng, geolocation_city, geolocation_state) VALUES (%(geolocation_zip_code_prefix)s, %(geolocation_lat)s, %(geolocation_lng)s, %(geolocation_city)s, %(geolocation_state)s)]
[parameters: ({'geolocation_zip_code_prefix': 1001, 'geolocation_lat': -23.5493, 'geolocation_lng': -46.6336, 'geolocation_city': 'sao paulo', 'geolocation_state': 'SP'}, {'geolocation_zip_code_prefix': 1002, 'geolocation_lat': -23.5483, 'geolocation_lng': -46.6354, 'geolocation_city': 'sao paulo', 'geolocation_state': 'SP'}, {'geolocation_zip_code_prefix': 1003, 'geolocation_lat': -23.549, 'geolocation_lng': -46.6353, 'geolocation_city': 'sao paulo', 'geolocation_state': 'SP'}, {'geolocation_zip_code_prefix': 1004, 'geolocation_lat': -23.5501, 'geolocation_lng': -46.6351, 'geolocation_city': 'sao paulo', 'geolocation_state': 'SP'}, {'geolocation_zip_code_prefix': 1005, 'geolocation_lat': -23.5498, 'geolocation_lng': -46.6356, 'geolocation_city': 'sao paulo', 'geolocation_state': 'SP'}, {'geolocation_zip_code_prefix': 1006, 'geolocation_lat': -23.5505, 'geolocation_lng': -46.6367, 'geolocation_city': 'sao paulo', 'geolocation_state': 'SP'}, {'geolocation_zip_code_prefix': 1007, 'geolocation_lat': -23.5504, 'geolocation_lng': -46.6373, 'geolocation_city': 'sao paulo', 'geolocation_state': 'SP'}, {'geolocation_zip_code_prefix': 1008, 'geolocation_lat': -23.5443, 'geolocation_lng': -46.6346, 'geolocation_city': 'sao paulo', 'geolocation_state': 'SP'}  ... displaying 10 of 19015 total bound parameter sets ...  {'geolocation_zip_code_prefix': 99980, 'geolocation_lat': -28.3892, 'geolocation_lng': -51.846, 'geolocation_city': 'david canabarro', 'geolocation_state': 'RS'}, {'geolocation_zip_code_prefix': 99990, 'geolocation_lat': -28.3297, 'geolocation_lng': -51.7696, 'geolocation_city': 'muliterno', 'geolocation_state': 'RS'})]
(Background on this error at: https://sqlalche.me/e/14/f405)
[2026-03-26T04:26:43.282+0000] {taskinstance.py:1206} INFO - Marking task as FAILED. dag_id=e_commerce_dw_etl, task_id=extract.extract_and_load_to_staging, run_id=scheduled__2025-12-09T00:00:00+00:00, execution_date=20251209T000000, start_date=20260326T042639, end_date=20260326T042643
[2026-03-26T04:26:43.893+0000] {standard_task_runner.py:110} ERROR - Failed to execute job 917 for task extract.extract_and_load_to_staging ((psycopg2.errors.UndefinedTable) relation "staging.stg_geolocation" does not exist
LINE 1: INSERT INTO staging.stg_geolocation (geolocation_zip_code_pr...
                    ^

[SQL: INSERT INTO staging.stg_geolocation (geolocation_zip_code_prefix, geolocation_lat, geolocation_lng, geolocation_city, geolocation_state) VALUES (%(geolocation_zip_code_prefix)s, %(geolocation_lat)s, %(geolocation_lng)s, %(geolocation_city)s, %(geolocation_state)s)]
[parameters: ({'geolocation_zip_code_prefix': 1001, 'geolocation_lat': -23.5493, 'geolocation_lng': -46.6336, 'geolocation_city': 'sao paulo', 'geolocation_state': 'SP'}, {'geolocation_zip_code_prefix': 1002, 'geolocation_lat': -23.5483, 'geolocation_lng': -46.6354, 'geolocation_city': 'sao paulo', 'geolocation_state': 'SP'}, {'geolocation_zip_code_prefix': 1003, 'geolocation_lat': -23.549, 'geolocation_lng': -46.6353, 'geolocation_city': 'sao paulo', 'geolocation_state': 'SP'}, {'geolocation_zip_code_prefix': 1004, 'geolocation_lat': -23.5501, 'geolocation_lng': -46.6351, 'geolocation_city': 'sao paulo', 'geolocation_state': 'SP'}, {'geolocation_zip_code_prefix': 1005, 'geolocation_lat': -23.5498, 'geolocation_lng': -46.6356, 'geolocation_city': 'sao paulo', 'geolocation_state': 'SP'}, {'geolocation_zip_code_prefix': 1006, 'geolocation_lat': -23.5505, 'geolocation_lng': -46.6367, 'geolocation_city': 'sao paulo', 'geolocation_state': 'SP'}, {'geolocation_zip_code_prefix': 1007, 'geolocation_lat': -23.5504, 'geolocation_lng': -46.6373, 'geolocation_city': 'sao paulo', 'geolocation_state': 'SP'}, {'geolocation_zip_code_prefix': 1008, 'geolocation_lat': -23.5443, 'geolocation_lng': -46.6346, 'geolocation_city': 'sao paulo', 'geolocation_state': 'SP'}  ... displaying 10 of 19015 total bound parameter sets ...  {'geolocation_zip_code_prefix': 99980, 'geolocation_lat': -28.3892, 'geolocation_lng': -51.846, 'geolocation_city': 'david canabarro', 'geolocation_state': 'RS'}, {'geolocation_zip_code_prefix': 99990, 'geolocation_lat': -28.3297, 'geolocation_lng': -51.7696, 'geolocation_city': 'muliterno', 'geolocation_state': 'RS'})]
(Background on this error at: https://sqlalche.me/e/14/f405); 3386)
[2026-03-26T04:26:44.061+0000] {local_task_job_runner.py:240} INFO - Task exited with return code 1
[2026-03-26T04:26:44.177+0000] {taskinstance.py:3503} INFO - 0 downstream tasks scheduled from follow-on schedule check
[2026-03-26T04:26:44.205+0000] {local_task_job_runner.py:222} INFO - ::endgroup::
