[2026-03-25T08:43:26.724+0000] {local_task_job_runner.py:120} INFO - ::group::Pre task execution logs
[2026-03-25T08:43:26.770+0000] {taskinstance.py:2076} INFO - Dependencies all met for dep_context=non-requeueable deps ti=<TaskInstance: e_commerce_dw_etl.extract.extract_and_load_to_staging scheduled__2025-04-26T00:00:00+00:00 [queued]>
[2026-03-25T08:43:26.784+0000] {taskinstance.py:2076} INFO - Dependencies all met for dep_context=requeueable deps ti=<TaskInstance: e_commerce_dw_etl.extract.extract_and_load_to_staging scheduled__2025-04-26T00:00:00+00:00 [queued]>
[2026-03-25T08:43:26.785+0000] {taskinstance.py:2306} INFO - Starting attempt 1 of 1
[2026-03-25T08:43:26.880+0000] {taskinstance.py:2330} INFO - Executing <Task(PythonOperator): extract.extract_and_load_to_staging> on 2025-04-26 00:00:00+00:00
[2026-03-25T08:43:26.891+0000] {standard_task_runner.py:63} INFO - Started process 990 to run task
[2026-03-25T08:43:26.898+0000] {standard_task_runner.py:90} INFO - Running: ['***', 'tasks', 'run', 'e_commerce_dw_etl', 'extract.extract_and_load_to_staging', 'scheduled__2025-04-26T00:00:00+00:00', '--job-id', '199', '--raw', '--subdir', 'DAGS_FOLDER/e_commerce_dw_dag.py', '--cfg-path', '/tmp/tmph5gzs2yf']
[2026-03-25T08:43:26.903+0000] {standard_task_runner.py:91} INFO - Job 199: Subtask extract.extract_and_load_to_staging
[2026-03-25T08:43:27.005+0000] {task_command.py:426} INFO - Running <TaskInstance: e_commerce_dw_etl.extract.extract_and_load_to_staging scheduled__2025-04-26T00:00:00+00:00 [running]> on host bcd9e4848a6d
[2026-03-25T08:43:27.146+0000] {taskinstance.py:2648} INFO - Exporting env vars: AIRFLOW_CTX_DAG_OWNER='***' AIRFLOW_CTX_DAG_ID='e_commerce_dw_etl' AIRFLOW_CTX_TASK_ID='extract.extract_and_load_to_staging' AIRFLOW_CTX_EXECUTION_DATE='2025-04-26T00:00:00+00:00' AIRFLOW_CTX_TRY_NUMBER='1' AIRFLOW_CTX_DAG_RUN_ID='scheduled__2025-04-26T00:00:00+00:00'
[2026-03-25T08:43:27.149+0000] {taskinstance.py:430} INFO - ::endgroup::
[2026-03-25T08:43:27.449+0000] {mysql_operator.py:13} ERROR - Can't connect to mysql database
[2026-03-25T08:43:27.474+0000] {taskinstance.py:441} INFO - ::group::Post task execution logs
[2026-03-25T08:43:27.502+0000] {taskinstance.py:2905} ERROR - Task failed with exception
Traceback (most recent call last):
  File "/home/airflow/.local/lib/python3.10/site-packages/airflow/models/taskinstance.py", line 465, in _execute_task
    result = _execute_callable(context=context, **execute_callable_kwargs)
  File "/home/airflow/.local/lib/python3.10/site-packages/airflow/models/taskinstance.py", line 432, in _execute_callable
    return execute_callable(context=context, **execute_callable_kwargs)
  File "/home/airflow/.local/lib/python3.10/site-packages/airflow/models/baseoperator.py", line 401, in wrapper
    return func(self, *args, **kwargs)
  File "/home/airflow/.local/lib/python3.10/site-packages/airflow/operators/python.py", line 235, in execute
    return_value = self.execute_callable()
  File "/home/airflow/.local/lib/python3.10/site-packages/airflow/operators/python.py", line 252, in execute_callable
    return self.python_callable(*self.op_args, **self.op_kwargs)
  File "/opt/airflow/dags/extract_data.py", line 30, in extract_and_load_to_staging
    df = source_operator.get_data_to_pd(f"SELECT * FROM {table}")
  File "/opt/airflow/plugins/mysql_operator.py", line 15, in get_data_to_pd
    return self.mysqlhook.get_pandas_df(query)
  File "/home/airflow/.local/lib/python3.10/site-packages/airflow/providers/common/sql/hooks/sql.py", line 262, in get_pandas_df
    with closing(self.get_conn()) as conn:
  File "/home/airflow/.local/lib/python3.10/site-packages/airflow/providers/mysql/hooks/mysql.py", line 188, in get_conn
    conn = self.connection or self.get_connection(getattr(self, self.conn_name_attr))
  File "/home/airflow/.local/lib/python3.10/site-packages/airflow/hooks/base.py", line 83, in get_connection
    conn = Connection.get_connection_from_secrets(conn_id)
  File "/home/airflow/.local/lib/python3.10/site-packages/airflow/models/connection.py", line 519, in get_connection_from_secrets
    raise AirflowNotFoundException(f"The conn_id `{conn_id}` isn't defined")
airflow.exceptions.AirflowNotFoundException: The conn_id `mysql` isn't defined
[2026-03-25T08:43:27.520+0000] {taskinstance.py:1206} INFO - Marking task as FAILED. dag_id=e_commerce_dw_etl, task_id=extract.extract_and_load_to_staging, run_id=scheduled__2025-04-26T00:00:00+00:00, execution_date=20250426T000000, start_date=20260325T084326, end_date=20260325T084327
[2026-03-25T08:43:27.814+0000] {standard_task_runner.py:110} ERROR - Failed to execute job 199 for task extract.extract_and_load_to_staging (The conn_id `mysql` isn't defined; 990)
[2026-03-25T08:43:27.871+0000] {local_task_job_runner.py:240} INFO - Task exited with return code 1
[2026-03-25T08:43:27.936+0000] {taskinstance.py:3503} INFO - 0 downstream tasks scheduled from follow-on schedule check
[2026-03-25T08:43:27.956+0000] {local_task_job_runner.py:222} INFO - ::endgroup::
[2026-03-25T09:31:46.738+0000] {local_task_job_runner.py:120} INFO - ::group::Pre task execution logs
[2026-03-25T09:31:46.846+0000] {taskinstance.py:2076} INFO - Dependencies all met for dep_context=non-requeueable deps ti=<TaskInstance: e_commerce_dw_etl.extract.extract_and_load_to_staging scheduled__2025-04-26T00:00:00+00:00 [queued]>
[2026-03-25T09:31:46.871+0000] {taskinstance.py:2076} INFO - Dependencies all met for dep_context=requeueable deps ti=<TaskInstance: e_commerce_dw_etl.extract.extract_and_load_to_staging scheduled__2025-04-26T00:00:00+00:00 [queued]>
[2026-03-25T09:31:46.873+0000] {taskinstance.py:2306} INFO - Starting attempt 1 of 1
[2026-03-25T09:31:46.966+0000] {taskinstance.py:2330} INFO - Executing <Task(PythonOperator): extract.extract_and_load_to_staging> on 2025-04-26 00:00:00+00:00
[2026-03-25T09:31:46.978+0000] {standard_task_runner.py:63} INFO - Started process 676 to run task
[2026-03-25T09:31:46.984+0000] {standard_task_runner.py:90} INFO - Running: ['***', 'tasks', 'run', 'e_commerce_dw_etl', 'extract.extract_and_load_to_staging', 'scheduled__2025-04-26T00:00:00+00:00', '--job-id', '189', '--raw', '--subdir', 'DAGS_FOLDER/e_commerce_dw_dag.py', '--cfg-path', '/tmp/tmpp0zio_17']
[2026-03-25T09:31:47.012+0000] {standard_task_runner.py:91} INFO - Job 189: Subtask extract.extract_and_load_to_staging
[2026-03-25T09:31:47.184+0000] {task_command.py:426} INFO - Running <TaskInstance: e_commerce_dw_etl.extract.extract_and_load_to_staging scheduled__2025-04-26T00:00:00+00:00 [running]> on host 0d903260eca4
[2026-03-25T09:31:47.572+0000] {taskinstance.py:2648} INFO - Exporting env vars: AIRFLOW_CTX_DAG_OWNER='***' AIRFLOW_CTX_DAG_ID='e_commerce_dw_etl' AIRFLOW_CTX_TASK_ID='extract.extract_and_load_to_staging' AIRFLOW_CTX_EXECUTION_DATE='2025-04-26T00:00:00+00:00' AIRFLOW_CTX_TRY_NUMBER='1' AIRFLOW_CTX_DAG_RUN_ID='scheduled__2025-04-26T00:00:00+00:00'
[2026-03-25T09:31:47.574+0000] {taskinstance.py:430} INFO - ::endgroup::
[2026-03-25T09:31:47.794+0000] {mysql_operator.py:13} ERROR - Can't connect to mysql database
[2026-03-25T09:31:47.804+0000] {taskinstance.py:441} INFO - ::group::Post task execution logs
[2026-03-25T09:31:47.817+0000] {taskinstance.py:2905} ERROR - Task failed with exception
Traceback (most recent call last):
  File "/home/airflow/.local/lib/python3.10/site-packages/airflow/models/taskinstance.py", line 465, in _execute_task
    result = _execute_callable(context=context, **execute_callable_kwargs)
  File "/home/airflow/.local/lib/python3.10/site-packages/airflow/models/taskinstance.py", line 432, in _execute_callable
    return execute_callable(context=context, **execute_callable_kwargs)
  File "/home/airflow/.local/lib/python3.10/site-packages/airflow/models/baseoperator.py", line 401, in wrapper
    return func(self, *args, **kwargs)
  File "/home/airflow/.local/lib/python3.10/site-packages/airflow/operators/python.py", line 235, in execute
    return_value = self.execute_callable()
  File "/home/airflow/.local/lib/python3.10/site-packages/airflow/operators/python.py", line 252, in execute_callable
    return self.python_callable(*self.op_args, **self.op_kwargs)
  File "/opt/airflow/dags/extract_data.py", line 30, in extract_and_load_to_staging
    df = source_operator.get_data_to_pd(f"SELECT * FROM {table}")
  File "/opt/airflow/plugins/mysql_operator.py", line 15, in get_data_to_pd
    return self.mysqlhook.get_pandas_df(query)
  File "/home/airflow/.local/lib/python3.10/site-packages/airflow/providers/common/sql/hooks/sql.py", line 262, in get_pandas_df
    with closing(self.get_conn()) as conn:
  File "/home/airflow/.local/lib/python3.10/site-packages/airflow/providers/mysql/hooks/mysql.py", line 188, in get_conn
    conn = self.connection or self.get_connection(getattr(self, self.conn_name_attr))
  File "/home/airflow/.local/lib/python3.10/site-packages/airflow/hooks/base.py", line 83, in get_connection
    conn = Connection.get_connection_from_secrets(conn_id)
  File "/home/airflow/.local/lib/python3.10/site-packages/airflow/models/connection.py", line 519, in get_connection_from_secrets
    raise AirflowNotFoundException(f"The conn_id `{conn_id}` isn't defined")
airflow.exceptions.AirflowNotFoundException: The conn_id `mysql` isn't defined
[2026-03-25T09:31:47.835+0000] {taskinstance.py:1206} INFO - Marking task as FAILED. dag_id=e_commerce_dw_etl, task_id=extract.extract_and_load_to_staging, run_id=scheduled__2025-04-26T00:00:00+00:00, execution_date=20250426T000000, start_date=20260325T093146, end_date=20260325T093147
[2026-03-25T09:31:47.896+0000] {standard_task_runner.py:110} ERROR - Failed to execute job 189 for task extract.extract_and_load_to_staging (The conn_id `mysql` isn't defined; 676)
[2026-03-25T09:31:47.962+0000] {local_task_job_runner.py:240} INFO - Task exited with return code 1
[2026-03-25T09:31:47.982+0000] {local_task_job_runner.py:222} INFO - ::endgroup::
[2026-03-25T10:22:44.929+0000] {local_task_job_runner.py:120} INFO - ::group::Pre task execution logs
[2026-03-25T10:22:45.027+0000] {taskinstance.py:2076} INFO - Dependencies all met for dep_context=non-requeueable deps ti=<TaskInstance: e_commerce_dw_etl.extract.extract_and_load_to_staging scheduled__2025-04-26T00:00:00+00:00 [queued]>
[2026-03-25T10:22:45.047+0000] {taskinstance.py:2076} INFO - Dependencies all met for dep_context=requeueable deps ti=<TaskInstance: e_commerce_dw_etl.extract.extract_and_load_to_staging scheduled__2025-04-26T00:00:00+00:00 [queued]>
[2026-03-25T10:22:45.048+0000] {taskinstance.py:2306} INFO - Starting attempt 1 of 1
[2026-03-25T10:57:28.962+0000] {local_task_job_runner.py:120} INFO - ::group::Pre task execution logs
[2026-03-25T10:57:29.041+0000] {taskinstance.py:2076} INFO - Dependencies all met for dep_context=non-requeueable deps ti=<TaskInstance: e_commerce_dw_etl.extract.extract_and_load_to_staging scheduled__2025-04-26T00:00:00+00:00 [queued]>
[2026-03-25T10:57:29.068+0000] {taskinstance.py:2076} INFO - Dependencies all met for dep_context=requeueable deps ti=<TaskInstance: e_commerce_dw_etl.extract.extract_and_load_to_staging scheduled__2025-04-26T00:00:00+00:00 [queued]>
[2026-03-25T10:57:29.072+0000] {taskinstance.py:2306} INFO - Starting attempt 1 of 1
[2026-03-25T10:57:29.119+0000] {taskinstance.py:2330} INFO - Executing <Task(PythonOperator): extract.extract_and_load_to_staging> on 2025-04-26 00:00:00+00:00
[2026-03-25T10:57:29.134+0000] {standard_task_runner.py:63} INFO - Started process 760 to run task
[2026-03-25T10:57:29.147+0000] {standard_task_runner.py:90} INFO - Running: ['***', 'tasks', 'run', 'e_commerce_dw_etl', 'extract.extract_and_load_to_staging', 'scheduled__2025-04-26T00:00:00+00:00', '--job-id', '187', '--raw', '--subdir', 'DAGS_FOLDER/e_commerce_dw_dag.py', '--cfg-path', '/tmp/tmp30ebmavw']
[2026-03-25T10:57:29.166+0000] {standard_task_runner.py:91} INFO - Job 187: Subtask extract.extract_and_load_to_staging
[2026-03-25T10:57:29.304+0000] {task_command.py:426} INFO - Running <TaskInstance: e_commerce_dw_etl.extract.extract_and_load_to_staging scheduled__2025-04-26T00:00:00+00:00 [running]> on host b7a6f340f223
[2026-03-25T10:57:29.447+0000] {taskinstance.py:2648} INFO - Exporting env vars: AIRFLOW_CTX_DAG_OWNER='***' AIRFLOW_CTX_DAG_ID='e_commerce_dw_etl' AIRFLOW_CTX_TASK_ID='extract.extract_and_load_to_staging' AIRFLOW_CTX_EXECUTION_DATE='2025-04-26T00:00:00+00:00' AIRFLOW_CTX_TRY_NUMBER='1' AIRFLOW_CTX_DAG_RUN_ID='scheduled__2025-04-26T00:00:00+00:00'
[2026-03-25T10:57:29.449+0000] {taskinstance.py:430} INFO - ::endgroup::
[2026-03-25T10:57:29.811+0000] {crypto.py:82} WARNING - empty cryptography key - values will not be stored encrypted.
[2026-03-25T10:57:29.813+0000] {base.py:84} INFO - Using connection ID 'mysql' for task execution.
[2026-03-25T10:57:33.688+0000] {mysql_operator.py:13} ERROR - Can't connect to mysql database
[2026-03-25T10:57:33.690+0000] {base.py:84} INFO - Using connection ID 'mysql' for task execution.
[2026-03-25T10:57:37.547+0000] {taskinstance.py:441} INFO - ::group::Post task execution logs
[2026-03-25T10:57:37.548+0000] {taskinstance.py:2905} ERROR - Task failed with exception
Traceback (most recent call last):
  File "/home/airflow/.local/lib/python3.10/site-packages/airflow/models/taskinstance.py", line 465, in _execute_task
    result = _execute_callable(context=context, **execute_callable_kwargs)
  File "/home/airflow/.local/lib/python3.10/site-packages/airflow/models/taskinstance.py", line 432, in _execute_callable
    return execute_callable(context=context, **execute_callable_kwargs)
  File "/home/airflow/.local/lib/python3.10/site-packages/airflow/models/baseoperator.py", line 401, in wrapper
    return func(self, *args, **kwargs)
  File "/home/airflow/.local/lib/python3.10/site-packages/airflow/operators/python.py", line 235, in execute
    return_value = self.execute_callable()
  File "/home/airflow/.local/lib/python3.10/site-packages/airflow/operators/python.py", line 252, in execute_callable
    return self.python_callable(*self.op_args, **self.op_kwargs)
  File "/opt/airflow/dags/extract_data.py", line 30, in extract_and_load_to_staging
    df = source_operator.get_data_to_pd(f"SELECT * FROM {table}")
  File "/opt/airflow/plugins/mysql_operator.py", line 15, in get_data_to_pd
    return self.mysqlhook.get_pandas_df(query)
  File "/home/airflow/.local/lib/python3.10/site-packages/airflow/providers/common/sql/hooks/sql.py", line 262, in get_pandas_df
    with closing(self.get_conn()) as conn:
  File "/home/airflow/.local/lib/python3.10/site-packages/airflow/providers/mysql/hooks/mysql.py", line 196, in get_conn
    return MySQLdb.connect(**conn_config)
  File "/home/airflow/.local/lib/python3.10/site-packages/MySQLdb/__init__.py", line 121, in Connect
    return Connection(*args, **kwargs)
  File "/home/airflow/.local/lib/python3.10/site-packages/MySQLdb/connections.py", line 195, in __init__
    super().__init__(*args, **kwargs2)
MySQLdb.OperationalError: (2005, "Unknown server host 'mysql' (-2)")
[2026-03-25T10:57:37.571+0000] {taskinstance.py:1206} INFO - Marking task as FAILED. dag_id=e_commerce_dw_etl, task_id=extract.extract_and_load_to_staging, run_id=scheduled__2025-04-26T00:00:00+00:00, execution_date=20250426T000000, start_date=20260325T105729, end_date=20260325T105737
[2026-03-25T10:57:37.588+0000] {standard_task_runner.py:110} ERROR - Failed to execute job 187 for task extract.extract_and_load_to_staging ((2005, "Unknown server host 'mysql' (-2)"); 760)
[2026-03-25T10:57:37.616+0000] {local_task_job_runner.py:240} INFO - Task exited with return code 1
[2026-03-25T10:57:37.636+0000] {taskinstance.py:3503} INFO - 0 downstream tasks scheduled from follow-on schedule check
[2026-03-25T10:57:37.641+0000] {local_task_job_runner.py:222} INFO - ::endgroup::
[2026-03-25T11:17:21.133+0000] {local_task_job_runner.py:120} INFO - ::group::Pre task execution logs
[2026-03-25T11:17:21.260+0000] {taskinstance.py:2076} INFO - Dependencies all met for dep_context=non-requeueable deps ti=<TaskInstance: e_commerce_dw_etl.extract.extract_and_load_to_staging scheduled__2025-04-26T00:00:00+00:00 [queued]>
[2026-03-25T11:17:21.303+0000] {taskinstance.py:2076} INFO - Dependencies all met for dep_context=requeueable deps ti=<TaskInstance: e_commerce_dw_etl.extract.extract_and_load_to_staging scheduled__2025-04-26T00:00:00+00:00 [queued]>
[2026-03-25T11:17:21.319+0000] {taskinstance.py:2306} INFO - Starting attempt 1 of 1
[2026-03-25T11:17:21.374+0000] {taskinstance.py:2330} INFO - Executing <Task(PythonOperator): extract.extract_and_load_to_staging> on 2025-04-26 00:00:00+00:00
[2026-03-25T11:17:21.384+0000] {standard_task_runner.py:63} INFO - Started process 812 to run task
[2026-03-25T11:17:21.398+0000] {standard_task_runner.py:90} INFO - Running: ['***', 'tasks', 'run', 'e_commerce_dw_etl', 'extract.extract_and_load_to_staging', 'scheduled__2025-04-26T00:00:00+00:00', '--job-id', '186', '--raw', '--subdir', 'DAGS_FOLDER/e_commerce_dw_dag.py', '--cfg-path', '/tmp/tmpbwzassq8']
[2026-03-25T11:17:21.406+0000] {standard_task_runner.py:91} INFO - Job 186: Subtask extract.extract_and_load_to_staging
[2026-03-25T11:17:21.646+0000] {task_command.py:426} INFO - Running <TaskInstance: e_commerce_dw_etl.extract.extract_and_load_to_staging scheduled__2025-04-26T00:00:00+00:00 [running]> on host d26a046c4728
[2026-03-25T11:17:21.950+0000] {taskinstance.py:2648} INFO - Exporting env vars: AIRFLOW_CTX_DAG_OWNER='***' AIRFLOW_CTX_DAG_ID='e_commerce_dw_etl' AIRFLOW_CTX_TASK_ID='extract.extract_and_load_to_staging' AIRFLOW_CTX_EXECUTION_DATE='2025-04-26T00:00:00+00:00' AIRFLOW_CTX_TRY_NUMBER='1' AIRFLOW_CTX_DAG_RUN_ID='scheduled__2025-04-26T00:00:00+00:00'
[2026-03-25T11:17:21.952+0000] {taskinstance.py:430} INFO - ::endgroup::
[2026-03-25T11:17:22.463+0000] {base.py:84} INFO - Using connection ID 'mysql' for task execution.
[2026-03-25T11:17:26.312+0000] {mysql_operator.py:13} ERROR - Can't connect to mysql database
[2026-03-25T11:17:26.320+0000] {base.py:84} INFO - Using connection ID 'mysql' for task execution.
[2026-03-25T11:17:30.168+0000] {taskinstance.py:441} INFO - ::group::Post task execution logs
[2026-03-25T11:17:30.170+0000] {taskinstance.py:2905} ERROR - Task failed with exception
Traceback (most recent call last):
  File "/home/airflow/.local/lib/python3.10/site-packages/airflow/models/taskinstance.py", line 465, in _execute_task
    result = _execute_callable(context=context, **execute_callable_kwargs)
  File "/home/airflow/.local/lib/python3.10/site-packages/airflow/models/taskinstance.py", line 432, in _execute_callable
    return execute_callable(context=context, **execute_callable_kwargs)
  File "/home/airflow/.local/lib/python3.10/site-packages/airflow/models/baseoperator.py", line 401, in wrapper
    return func(self, *args, **kwargs)
  File "/home/airflow/.local/lib/python3.10/site-packages/airflow/operators/python.py", line 235, in execute
    return_value = self.execute_callable()
  File "/home/airflow/.local/lib/python3.10/site-packages/airflow/operators/python.py", line 252, in execute_callable
    return self.python_callable(*self.op_args, **self.op_kwargs)
  File "/opt/airflow/dags/extract_data.py", line 30, in extract_and_load_to_staging
    df = source_operator.get_data_to_pd(f"SELECT * FROM {table}")
  File "/opt/airflow/plugins/mysql_operator.py", line 15, in get_data_to_pd
    return self.mysqlhook.get_pandas_df(query)
  File "/home/airflow/.local/lib/python3.10/site-packages/airflow/providers/common/sql/hooks/sql.py", line 262, in get_pandas_df
    with closing(self.get_conn()) as conn:
  File "/home/airflow/.local/lib/python3.10/site-packages/airflow/providers/mysql/hooks/mysql.py", line 196, in get_conn
    return MySQLdb.connect(**conn_config)
  File "/home/airflow/.local/lib/python3.10/site-packages/MySQLdb/__init__.py", line 121, in Connect
    return Connection(*args, **kwargs)
  File "/home/airflow/.local/lib/python3.10/site-packages/MySQLdb/connections.py", line 195, in __init__
    super().__init__(*args, **kwargs2)
MySQLdb.OperationalError: (2005, "Unknown server host 'mysql' (-2)")
[2026-03-25T11:17:30.194+0000] {taskinstance.py:1206} INFO - Marking task as FAILED. dag_id=e_commerce_dw_etl, task_id=extract.extract_and_load_to_staging, run_id=scheduled__2025-04-26T00:00:00+00:00, execution_date=20250426T000000, start_date=20260325T111721, end_date=20260325T111730
[2026-03-25T11:17:30.207+0000] {standard_task_runner.py:110} ERROR - Failed to execute job 186 for task extract.extract_and_load_to_staging ((2005, "Unknown server host 'mysql' (-2)"); 812)
[2026-03-25T11:17:30.246+0000] {local_task_job_runner.py:240} INFO - Task exited with return code 1
[2026-03-25T11:17:30.276+0000] {taskinstance.py:3503} INFO - 0 downstream tasks scheduled from follow-on schedule check
[2026-03-25T11:17:30.284+0000] {local_task_job_runner.py:222} INFO - ::endgroup::
[2026-03-25T11:41:25.303+0000] {local_task_job_runner.py:120} INFO - ::group::Pre task execution logs
[2026-03-25T11:41:25.382+0000] {taskinstance.py:2076} INFO - Dependencies all met for dep_context=non-requeueable deps ti=<TaskInstance: e_commerce_dw_etl.extract.extract_and_load_to_staging scheduled__2025-04-26T00:00:00+00:00 [queued]>
[2026-03-25T11:41:25.404+0000] {taskinstance.py:2076} INFO - Dependencies all met for dep_context=requeueable deps ti=<TaskInstance: e_commerce_dw_etl.extract.extract_and_load_to_staging scheduled__2025-04-26T00:00:00+00:00 [queued]>
[2026-03-25T11:41:25.405+0000] {taskinstance.py:2306} INFO - Starting attempt 1 of 1
[2026-03-25T11:41:25.452+0000] {taskinstance.py:2330} INFO - Executing <Task(PythonOperator): extract.extract_and_load_to_staging> on 2025-04-26 00:00:00+00:00
[2026-03-25T11:41:25.470+0000] {standard_task_runner.py:63} INFO - Started process 712 to run task
[2026-03-25T11:41:25.479+0000] {standard_task_runner.py:90} INFO - Running: ['***', 'tasks', 'run', 'e_commerce_dw_etl', 'extract.extract_and_load_to_staging', 'scheduled__2025-04-26T00:00:00+00:00', '--job-id', '186', '--raw', '--subdir', 'DAGS_FOLDER/e_commerce_dw_dag.py', '--cfg-path', '/tmp/tmp7n1xqy2j']
[2026-03-25T11:41:25.487+0000] {standard_task_runner.py:91} INFO - Job 186: Subtask extract.extract_and_load_to_staging
[2026-03-25T11:41:25.675+0000] {task_command.py:426} INFO - Running <TaskInstance: e_commerce_dw_etl.extract.extract_and_load_to_staging scheduled__2025-04-26T00:00:00+00:00 [running]> on host d9d1693fa74b
[2026-03-25T11:41:25.882+0000] {taskinstance.py:2648} INFO - Exporting env vars: AIRFLOW_CTX_DAG_OWNER='***' AIRFLOW_CTX_DAG_ID='e_commerce_dw_etl' AIRFLOW_CTX_TASK_ID='extract.extract_and_load_to_staging' AIRFLOW_CTX_EXECUTION_DATE='2025-04-26T00:00:00+00:00' AIRFLOW_CTX_TRY_NUMBER='1' AIRFLOW_CTX_DAG_RUN_ID='scheduled__2025-04-26T00:00:00+00:00'
[2026-03-25T11:41:25.886+0000] {taskinstance.py:430} INFO - ::endgroup::
[2026-03-25T11:41:26.237+0000] {base.py:84} INFO - Using connection ID 'mysql' for task execution.
[2026-03-25T11:41:26.271+0000] {base.py:84} INFO - Using connection ID 'mysql' for task execution.
[2026-03-25T11:41:26.302+0000] {logging_mixin.py:188} WARNING - /home/***/.local/lib/python3.10/site-packages/***/providers/common/sql/hooks/sql.py:263 UserWarning: pandas only supports SQLAlchemy connectable (engine/connection) or database string URI or sqlite3 DBAPI2 connection. Other DBAPI2 objects are not tested. Please consider using SQLAlchemy.
[2026-03-25T11:41:26.310+0000] {taskinstance.py:441} INFO - ::group::Post task execution logs
[2026-03-25T11:41:26.312+0000] {taskinstance.py:2905} ERROR - Task failed with exception
Traceback (most recent call last):
  File "/home/airflow/.local/lib/python3.10/site-packages/pandas/io/sql.py", line 2018, in execute
    cur.execute(*args, **kwargs)
  File "/home/airflow/.local/lib/python3.10/site-packages/MySQLdb/cursors.py", line 179, in execute
    res = self._query(mogrified_query)
  File "/home/airflow/.local/lib/python3.10/site-packages/MySQLdb/cursors.py", line 330, in _query
    db.query(q)
  File "/home/airflow/.local/lib/python3.10/site-packages/MySQLdb/connections.py", line 261, in query
    _mysql.connection.query(self, query)
MySQLdb.ProgrammingError: (1146, "Table 'olist.product_category_name_translation' doesn't exist")

The above exception was the direct cause of the following exception:

Traceback (most recent call last):
  File "/home/airflow/.local/lib/python3.10/site-packages/airflow/models/taskinstance.py", line 465, in _execute_task
    result = _execute_callable(context=context, **execute_callable_kwargs)
  File "/home/airflow/.local/lib/python3.10/site-packages/airflow/models/taskinstance.py", line 432, in _execute_callable
    return execute_callable(context=context, **execute_callable_kwargs)
  File "/home/airflow/.local/lib/python3.10/site-packages/airflow/models/baseoperator.py", line 401, in wrapper
    return func(self, *args, **kwargs)
  File "/home/airflow/.local/lib/python3.10/site-packages/airflow/operators/python.py", line 235, in execute
    return_value = self.execute_callable()
  File "/home/airflow/.local/lib/python3.10/site-packages/airflow/operators/python.py", line 252, in execute_callable
    return self.python_callable(*self.op_args, **self.op_kwargs)
  File "/opt/airflow/dags/extract_data.py", line 30, in extract_and_load_to_staging
    df = source_operator.get_data_to_pd(f"SELECT * FROM {table}")
  File "/opt/airflow/plugins/mysql_operator.py", line 15, in get_data_to_pd
    return self.mysqlhook.get_pandas_df(query)
  File "/home/airflow/.local/lib/python3.10/site-packages/airflow/providers/common/sql/hooks/sql.py", line 263, in get_pandas_df
    return psql.read_sql(sql, con=conn, params=parameters, **kwargs)
  File "/home/airflow/.local/lib/python3.10/site-packages/pandas/io/sql.py", line 564, in read_sql
    return pandas_sql.read_query(
  File "/home/airflow/.local/lib/python3.10/site-packages/pandas/io/sql.py", line 2078, in read_query
    cursor = self.execute(*args)
  File "/home/airflow/.local/lib/python3.10/site-packages/pandas/io/sql.py", line 2030, in execute
    raise ex from exc
pandas.errors.DatabaseError: Execution failed on sql 'SELECT * FROM product_category_name_translation': (1146, "Table 'olist.product_category_name_translation' doesn't exist")
[2026-03-25T11:41:26.363+0000] {taskinstance.py:1206} INFO - Marking task as FAILED. dag_id=e_commerce_dw_etl, task_id=extract.extract_and_load_to_staging, run_id=scheduled__2025-04-26T00:00:00+00:00, execution_date=20250426T000000, start_date=20260325T114125, end_date=20260325T114126
[2026-03-25T11:41:26.397+0000] {standard_task_runner.py:110} ERROR - Failed to execute job 186 for task extract.extract_and_load_to_staging (Execution failed on sql 'SELECT * FROM product_category_name_translation': (1146, "Table 'olist.product_category_name_translation' doesn't exist"); 712)
[2026-03-25T11:41:26.429+0000] {local_task_job_runner.py:240} INFO - Task exited with return code 1
[2026-03-25T11:41:26.450+0000] {local_task_job_runner.py:222} INFO - ::endgroup::
[2026-03-25T13:56:44.543+0000] {local_task_job_runner.py:120} INFO - ::group::Pre task execution logs
[2026-03-25T13:56:44.640+0000] {taskinstance.py:2076} INFO - Dependencies all met for dep_context=non-requeueable deps ti=<TaskInstance: e_commerce_dw_etl.extract.extract_and_load_to_staging scheduled__2025-04-26T00:00:00+00:00 [queued]>
[2026-03-25T13:56:44.661+0000] {taskinstance.py:2076} INFO - Dependencies all met for dep_context=requeueable deps ti=<TaskInstance: e_commerce_dw_etl.extract.extract_and_load_to_staging scheduled__2025-04-26T00:00:00+00:00 [queued]>
[2026-03-25T13:56:44.662+0000] {taskinstance.py:2306} INFO - Starting attempt 1 of 1
[2026-03-25T13:56:44.700+0000] {taskinstance.py:2330} INFO - Executing <Task(PythonOperator): extract.extract_and_load_to_staging> on 2025-04-26 00:00:00+00:00
[2026-03-25T13:56:44.713+0000] {standard_task_runner.py:63} INFO - Started process 797 to run task
[2026-03-25T13:56:44.722+0000] {standard_task_runner.py:90} INFO - Running: ['***', 'tasks', 'run', 'e_commerce_dw_etl', 'extract.extract_and_load_to_staging', 'scheduled__2025-04-26T00:00:00+00:00', '--job-id', '186', '--raw', '--subdir', 'DAGS_FOLDER/e_commerce_dw_dag.py', '--cfg-path', '/tmp/tmpr1q1rnga']
[2026-03-25T13:56:44.727+0000] {standard_task_runner.py:91} INFO - Job 186: Subtask extract.extract_and_load_to_staging
[2026-03-25T13:56:44.880+0000] {task_command.py:426} INFO - Running <TaskInstance: e_commerce_dw_etl.extract.extract_and_load_to_staging scheduled__2025-04-26T00:00:00+00:00 [running]> on host 85f4963e6238
[2026-03-25T13:56:45.061+0000] {taskinstance.py:2648} INFO - Exporting env vars: AIRFLOW_CTX_DAG_OWNER='***' AIRFLOW_CTX_DAG_ID='e_commerce_dw_etl' AIRFLOW_CTX_TASK_ID='extract.extract_and_load_to_staging' AIRFLOW_CTX_EXECUTION_DATE='2025-04-26T00:00:00+00:00' AIRFLOW_CTX_TRY_NUMBER='1' AIRFLOW_CTX_DAG_RUN_ID='scheduled__2025-04-26T00:00:00+00:00'
[2026-03-25T13:56:45.063+0000] {taskinstance.py:430} INFO - ::endgroup::
[2026-03-25T13:56:45.534+0000] {base.py:84} INFO - Using connection ID 'mysql' for task execution.
[2026-03-25T13:56:45.579+0000] {base.py:84} INFO - Using connection ID 'mysql' for task execution.
[2026-03-25T13:56:45.602+0000] {logging_mixin.py:188} WARNING - /home/***/.local/lib/python3.10/site-packages/***/providers/common/sql/hooks/sql.py:263 UserWarning: pandas only supports SQLAlchemy connectable (engine/connection) or database string URI or sqlite3 DBAPI2 connection. Other DBAPI2 objects are not tested. Please consider using SQLAlchemy.
[2026-03-25T13:56:45.621+0000] {taskinstance.py:441} INFO - ::group::Post task execution logs
[2026-03-25T13:56:45.641+0000] {taskinstance.py:2905} ERROR - Task failed with exception
Traceback (most recent call last):
  File "/home/airflow/.local/lib/python3.10/site-packages/airflow/models/taskinstance.py", line 465, in _execute_task
    result = _execute_callable(context=context, **execute_callable_kwargs)
  File "/home/airflow/.local/lib/python3.10/site-packages/airflow/models/taskinstance.py", line 432, in _execute_callable
    return execute_callable(context=context, **execute_callable_kwargs)
  File "/home/airflow/.local/lib/python3.10/site-packages/airflow/models/baseoperator.py", line 401, in wrapper
    return func(self, *args, **kwargs)
  File "/home/airflow/.local/lib/python3.10/site-packages/airflow/operators/python.py", line 235, in execute
    return_value = self.execute_callable()
  File "/home/airflow/.local/lib/python3.10/site-packages/airflow/operators/python.py", line 252, in execute_callable
    return self.python_callable(*self.op_args, **self.op_kwargs)
  File "/opt/airflow/dags/extract_data.py", line 33, in extract_and_load_to_staging
    staging_operator.save_data_to_postgres(
  File "/opt/airflow/plugins/postgresql_operator.py", line 17, in save_data_to_postgres
    conn = self.hook.get_uri()
  File "/home/airflow/.local/lib/python3.10/site-packages/airflow/providers/postgres/hooks/postgres.py", line 204, in get_uri
    return self.sqlalchemy_url.render_as_string(hide_password=False)
  File "/home/airflow/.local/lib/python3.10/site-packages/airflow/providers/postgres/hooks/postgres.py", line 119, in sqlalchemy_url
    conn = self.get_connection(getattr(self, self.conn_name_attr))
  File "/home/airflow/.local/lib/python3.10/site-packages/airflow/hooks/base.py", line 83, in get_connection
    conn = Connection.get_connection_from_secrets(conn_id)
  File "/home/airflow/.local/lib/python3.10/site-packages/airflow/models/connection.py", line 519, in get_connection_from_secrets
    raise AirflowNotFoundException(f"The conn_id `{conn_id}` isn't defined")
airflow.exceptions.AirflowNotFoundException: The conn_id `postgres` isn't defined
[2026-03-25T13:56:45.663+0000] {taskinstance.py:1206} INFO - Marking task as FAILED. dag_id=e_commerce_dw_etl, task_id=extract.extract_and_load_to_staging, run_id=scheduled__2025-04-26T00:00:00+00:00, execution_date=20250426T000000, start_date=20260325T135644, end_date=20260325T135645
[2026-03-25T13:56:45.761+0000] {standard_task_runner.py:110} ERROR - Failed to execute job 186 for task extract.extract_and_load_to_staging (The conn_id `postgres` isn't defined; 797)
[2026-03-25T13:56:45.808+0000] {local_task_job_runner.py:240} INFO - Task exited with return code 1
[2026-03-25T13:56:45.861+0000] {taskinstance.py:3503} INFO - 0 downstream tasks scheduled from follow-on schedule check
[2026-03-25T13:56:45.875+0000] {local_task_job_runner.py:222} INFO - ::endgroup::
[2026-03-26T04:12:28.857+0000] {local_task_job_runner.py:120} INFO - ::group::Pre task execution logs
[2026-03-26T04:12:28.974+0000] {taskinstance.py:2076} INFO - Dependencies all met for dep_context=non-requeueable deps ti=<TaskInstance: e_commerce_dw_etl.extract.extract_and_load_to_staging scheduled__2025-04-26T00:00:00+00:00 [queued]>
[2026-03-26T04:12:29.013+0000] {taskinstance.py:2076} INFO - Dependencies all met for dep_context=requeueable deps ti=<TaskInstance: e_commerce_dw_etl.extract.extract_and_load_to_staging scheduled__2025-04-26T00:00:00+00:00 [queued]>
[2026-03-26T04:12:29.015+0000] {taskinstance.py:2306} INFO - Starting attempt 1 of 1
[2026-03-26T04:12:29.652+0000] {taskinstance.py:2330} INFO - Executing <Task(PythonOperator): extract.extract_and_load_to_staging> on 2025-04-26 00:00:00+00:00
[2026-03-26T04:12:29.679+0000] {standard_task_runner.py:63} INFO - Started process 1539 to run task
[2026-03-26T04:12:29.695+0000] {standard_task_runner.py:90} INFO - Running: ['***', 'tasks', 'run', 'e_commerce_dw_etl', 'extract.extract_and_load_to_staging', 'scheduled__2025-04-26T00:00:00+00:00', '--job-id', '351', '--raw', '--subdir', 'DAGS_FOLDER/e_commerce_dw_dag.py', '--cfg-path', '/tmp/tmp493vjdxo']
[2026-03-26T04:12:29.717+0000] {standard_task_runner.py:91} INFO - Job 351: Subtask extract.extract_and_load_to_staging
[2026-03-26T04:12:30.057+0000] {task_command.py:426} INFO - Running <TaskInstance: e_commerce_dw_etl.extract.extract_and_load_to_staging scheduled__2025-04-26T00:00:00+00:00 [running]> on host 2d1a3218d35e
[2026-03-26T04:12:31.383+0000] {taskinstance.py:2648} INFO - Exporting env vars: AIRFLOW_CTX_DAG_OWNER='***' AIRFLOW_CTX_DAG_ID='e_commerce_dw_etl' AIRFLOW_CTX_TASK_ID='extract.extract_and_load_to_staging' AIRFLOW_CTX_EXECUTION_DATE='2025-04-26T00:00:00+00:00' AIRFLOW_CTX_TRY_NUMBER='1' AIRFLOW_CTX_DAG_RUN_ID='scheduled__2025-04-26T00:00:00+00:00'
[2026-03-26T04:12:31.392+0000] {taskinstance.py:430} INFO - ::endgroup::
[2026-03-26T04:12:31.457+0000] {crypto.py:82} WARNING - empty cryptography key - values will not be stored encrypted.
[2026-03-26T04:12:31.458+0000] {base.py:84} INFO - Using connection ID 'mysql' for task execution.
[2026-03-26T04:12:31.508+0000] {base.py:84} INFO - Using connection ID 'mysql' for task execution.
[2026-03-26T04:12:31.576+0000] {logging_mixin.py:188} WARNING - /home/***/.local/lib/python3.10/site-packages/***/providers/common/sql/hooks/sql.py:263 UserWarning: pandas only supports SQLAlchemy connectable (engine/connection) or database string URI or sqlite3 DBAPI2 connection. Other DBAPI2 objects are not tested. Please consider using SQLAlchemy.
[2026-03-26T04:12:31.605+0000] {base.py:84} INFO - Using connection ID 'postgres' for task execution.
[2026-03-26T04:12:31.908+0000] {logging_mixin.py:188} INFO - Đã trích xuất và lưu bảng product_category_name_translation từ MySQL vào PostgreSQL public
[2026-03-26T04:12:31.916+0000] {base.py:84} INFO - Using connection ID 'mysql' for task execution.
[2026-03-26T04:12:31.935+0000] {logging_mixin.py:188} WARNING - /home/***/.local/lib/python3.10/site-packages/***/providers/common/sql/hooks/sql.py:263 UserWarning: pandas only supports SQLAlchemy connectable (engine/connection) or database string URI or sqlite3 DBAPI2 connection. Other DBAPI2 objects are not tested. Please consider using SQLAlchemy.
[2026-03-26T04:12:32.148+0000] {base.py:84} INFO - Using connection ID 'postgres' for task execution.
[2026-03-26T04:12:35.039+0000] {logging_mixin.py:188} INFO - Đã trích xuất và lưu bảng geolocation từ MySQL vào PostgreSQL public
[2026-03-26T04:12:35.041+0000] {base.py:84} INFO - Using connection ID 'mysql' for task execution.
[2026-03-26T04:12:35.054+0000] {logging_mixin.py:188} WARNING - /home/***/.local/lib/python3.10/site-packages/***/providers/common/sql/hooks/sql.py:263 UserWarning: pandas only supports SQLAlchemy connectable (engine/connection) or database string URI or sqlite3 DBAPI2 connection. Other DBAPI2 objects are not tested. Please consider using SQLAlchemy.
[2026-03-26T04:12:35.102+0000] {base.py:84} INFO - Using connection ID 'postgres' for task execution.
[2026-03-26T04:12:35.804+0000] {logging_mixin.py:188} INFO - Đã trích xuất và lưu bảng sellers từ MySQL vào PostgreSQL public
[2026-03-26T04:12:35.813+0000] {base.py:84} INFO - Using connection ID 'mysql' for task execution.
[2026-03-26T04:12:35.844+0000] {logging_mixin.py:188} WARNING - /home/***/.local/lib/python3.10/site-packages/***/providers/common/sql/hooks/sql.py:263 UserWarning: pandas only supports SQLAlchemy connectable (engine/connection) or database string URI or sqlite3 DBAPI2 connection. Other DBAPI2 objects are not tested. Please consider using SQLAlchemy.
[2026-03-26T04:12:36.865+0000] {base.py:84} INFO - Using connection ID 'postgres' for task execution.
[2026-03-26T04:12:44.136+0000] {taskinstance.py:441} INFO - ::group::Post task execution logs
[2026-03-26T04:12:44.156+0000] {taskinstance.py:2905} ERROR - Task failed with exception
Traceback (most recent call last):
  File "/home/airflow/.local/lib/python3.10/site-packages/sqlalchemy/engine/base.py", line 1890, in _execute_context
    self.dialect.do_executemany(
  File "/home/airflow/.local/lib/python3.10/site-packages/sqlalchemy/dialects/postgresql/psycopg2.py", line 982, in do_executemany
    context._psycopg2_fetched_rows = xtras.execute_values(
  File "/home/airflow/.local/lib/python3.10/site-packages/psycopg2/extras.py", line 1299, in execute_values
    cur.execute(b''.join(parts))
psycopg2.errors.UndefinedTable: relation "staging.stg_customers" does not exist
LINE 1: INSERT INTO staging.stg_customers (customer_id, customer_uni...
                    ^


The above exception was the direct cause of the following exception:

Traceback (most recent call last):
  File "/home/airflow/.local/lib/python3.10/site-packages/airflow/models/taskinstance.py", line 465, in _execute_task
    result = _execute_callable(context=context, **execute_callable_kwargs)
  File "/home/airflow/.local/lib/python3.10/site-packages/airflow/models/taskinstance.py", line 432, in _execute_callable
    return execute_callable(context=context, **execute_callable_kwargs)
  File "/home/airflow/.local/lib/python3.10/site-packages/airflow/models/baseoperator.py", line 401, in wrapper
    return func(self, *args, **kwargs)
  File "/home/airflow/.local/lib/python3.10/site-packages/airflow/operators/python.py", line 235, in execute
    return_value = self.execute_callable()
  File "/home/airflow/.local/lib/python3.10/site-packages/airflow/operators/python.py", line 252, in execute_callable
    return self.python_callable(*self.op_args, **self.op_kwargs)
  File "/opt/airflow/dags/extract_data.py", line 33, in extract_and_load_to_staging
    staging_operator.save_data_to_postgres(
  File "/opt/airflow/plugins/postgresql_operator.py", line 25, in save_data_to_postgres
    df.to_sql(table_name, engine, schema=schema, if_exists=if_exists, index=False)
  File "/home/airflow/.local/lib/python3.10/site-packages/pandas/core/generic.py", line 2987, in to_sql
    return sql.to_sql(
  File "/home/airflow/.local/lib/python3.10/site-packages/pandas/io/sql.py", line 695, in to_sql
    return pandas_sql.to_sql(
  File "/home/airflow/.local/lib/python3.10/site-packages/pandas/io/sql.py", line 1738, in to_sql
    total_inserted = sql_engine.insert_records(
  File "/home/airflow/.local/lib/python3.10/site-packages/pandas/io/sql.py", line 1335, in insert_records
    raise err
  File "/home/airflow/.local/lib/python3.10/site-packages/pandas/io/sql.py", line 1325, in insert_records
    return table.insert(chunksize=chunksize, method=method)
  File "/home/airflow/.local/lib/python3.10/site-packages/pandas/io/sql.py", line 946, in insert
    num_inserted = exec_insert(conn, keys, chunk_iter)
  File "/home/airflow/.local/lib/python3.10/site-packages/pandas/io/sql.py", line 853, in _execute_insert
    result = conn.execute(self.table.insert(), data)
  File "/home/airflow/.local/lib/python3.10/site-packages/sqlalchemy/engine/base.py", line 1385, in execute
    return meth(self, multiparams, params, _EMPTY_EXECUTION_OPTS)
  File "/home/airflow/.local/lib/python3.10/site-packages/sqlalchemy/sql/elements.py", line 334, in _execute_on_connection
    return connection._execute_clauseelement(
  File "/home/airflow/.local/lib/python3.10/site-packages/sqlalchemy/engine/base.py", line 1577, in _execute_clauseelement
    ret = self._execute_context(
  File "/home/airflow/.local/lib/python3.10/site-packages/sqlalchemy/engine/base.py", line 1953, in _execute_context
    self._handle_dbapi_exception(
  File "/home/airflow/.local/lib/python3.10/site-packages/sqlalchemy/engine/base.py", line 2134, in _handle_dbapi_exception
    util.raise_(
  File "/home/airflow/.local/lib/python3.10/site-packages/sqlalchemy/util/compat.py", line 211, in raise_
    raise exception
  File "/home/airflow/.local/lib/python3.10/site-packages/sqlalchemy/engine/base.py", line 1890, in _execute_context
    self.dialect.do_executemany(
  File "/home/airflow/.local/lib/python3.10/site-packages/sqlalchemy/dialects/postgresql/psycopg2.py", line 982, in do_executemany
    context._psycopg2_fetched_rows = xtras.execute_values(
  File "/home/airflow/.local/lib/python3.10/site-packages/psycopg2/extras.py", line 1299, in execute_values
    cur.execute(b''.join(parts))
sqlalchemy.exc.ProgrammingError: (psycopg2.errors.UndefinedTable) relation "staging.stg_customers" does not exist
LINE 1: INSERT INTO staging.stg_customers (customer_id, customer_uni...
                    ^

[SQL: INSERT INTO staging.stg_customers (customer_id, customer_unique_id, customer_zip_code_prefix, customer_city, customer_state) VALUES (%(customer_id)s, %(customer_unique_id)s, %(customer_zip_code_prefix)s, %(customer_city)s, %(customer_state)s)]
[parameters: ({'customer_id': '00012a2ce6f8dcda20d059ce98491703', 'customer_unique_id': '248ffe10d632bebe4f7267f1f44844c9', 'customer_zip_code_prefix': 6273, 'customer_city': 'osasco', 'customer_state': 'SP'}, {'customer_id': '000161a058600d5901f007fab4c27140', 'customer_unique_id': 'b0015e09bb4b6e47c52844fab5fb6638', 'customer_zip_code_prefix': 35550, 'customer_city': 'itapecerica', 'customer_state': 'MG'}, {'customer_id': '0001fd6190edaaf884bcaf3d49edf079', 'customer_unique_id': '94b11d37cd61cb2994a194d11f89682b', 'customer_zip_code_prefix': 29830, 'customer_city': 'nova venecia', 'customer_state': 'ES'}, {'customer_id': '0002414f95344307404f0ace7a26f1d5', 'customer_unique_id': '4893ad4ea28b2c5b3ddf4e82e79db9e6', 'customer_zip_code_prefix': 39664, 'customer_city': 'mendonca', 'customer_state': 'MG'}, {'customer_id': '000379cdec625522490c315e70c7a9fb', 'customer_unique_id': '0b83f73b19c2019e182fd552c048a22c', 'customer_zip_code_prefix': 4841, 'customer_city': 'sao paulo', 'customer_state': 'SP'}, {'customer_id': '0004164d20a9e969af783496f3408652', 'customer_unique_id': '104bdb7e6a6cdceaa88c3ea5fa6b2b93', 'customer_zip_code_prefix': 13272, 'customer_city': 'valinhos', 'customer_state': 'SP'}, {'customer_id': '000419c5494106c306a97b5635748086', 'customer_unique_id': '14843983d4a159080f6afe4b7f346e7c', 'customer_zip_code_prefix': 24220, 'customer_city': 'niteroi', 'customer_state': 'RJ'}, {'customer_id': '00046a560d407e99b969756e0b10f282', 'customer_unique_id': '0b5295fc9819d831f68eb0e9a3e13ab7', 'customer_zip_code_prefix': 20540, 'customer_city': 'rio de janeiro', 'customer_state': 'RJ'}  ... displaying 10 of 99441 total bound parameter sets ...  {'customer_id': 'ffffa3172527f765de70084a7e53aae8', 'customer_unique_id': '48fd7dec70f2b104a1d5e8c5c639102b', 'customer_zip_code_prefix': 37130, 'customer_city': 'alfenas', 'customer_state': 'MG'}, {'customer_id': 'ffffe8b65bbe3087b653a978c870db99', 'customer_unique_id': '736e6bfa0510aa5b878881a226a5fd89', 'customer_zip_code_prefix': 6172, 'customer_city': 'osasco', 'customer_state': 'SP'})]
(Background on this error at: https://sqlalche.me/e/14/f405)
[2026-03-26T04:12:44.329+0000] {taskinstance.py:1206} INFO - Marking task as FAILED. dag_id=e_commerce_dw_etl, task_id=extract.extract_and_load_to_staging, run_id=scheduled__2025-04-26T00:00:00+00:00, execution_date=20250426T000000, start_date=20260326T041228, end_date=20260326T041244
[2026-03-26T04:12:44.424+0000] {standard_task_runner.py:110} ERROR - Failed to execute job 351 for task extract.extract_and_load_to_staging ((psycopg2.errors.UndefinedTable) relation "staging.stg_customers" does not exist
LINE 1: INSERT INTO staging.stg_customers (customer_id, customer_uni...
                    ^

[SQL: INSERT INTO staging.stg_customers (customer_id, customer_unique_id, customer_zip_code_prefix, customer_city, customer_state) VALUES (%(customer_id)s, %(customer_unique_id)s, %(customer_zip_code_prefix)s, %(customer_city)s, %(customer_state)s)]
[parameters: ({'customer_id': '00012a2ce6f8dcda20d059ce98491703', 'customer_unique_id': '248ffe10d632bebe4f7267f1f44844c9', 'customer_zip_code_prefix': 6273, 'customer_city': 'osasco', 'customer_state': 'SP'}, {'customer_id': '000161a058600d5901f007fab4c27140', 'customer_unique_id': 'b0015e09bb4b6e47c52844fab5fb6638', 'customer_zip_code_prefix': 35550, 'customer_city': 'itapecerica', 'customer_state': 'MG'}, {'customer_id': '0001fd6190edaaf884bcaf3d49edf079', 'customer_unique_id': '94b11d37cd61cb2994a194d11f89682b', 'customer_zip_code_prefix': 29830, 'customer_city': 'nova venecia', 'customer_state': 'ES'}, {'customer_id': '0002414f95344307404f0ace7a26f1d5', 'customer_unique_id': '4893ad4ea28b2c5b3ddf4e82e79db9e6', 'customer_zip_code_prefix': 39664, 'customer_city': 'mendonca', 'customer_state': 'MG'}, {'customer_id': '000379cdec625522490c315e70c7a9fb', 'customer_unique_id': '0b83f73b19c2019e182fd552c048a22c', 'customer_zip_code_prefix': 4841, 'customer_city': 'sao paulo', 'customer_state': 'SP'}, {'customer_id': '0004164d20a9e969af783496f3408652', 'customer_unique_id': '104bdb7e6a6cdceaa88c3ea5fa6b2b93', 'customer_zip_code_prefix': 13272, 'customer_city': 'valinhos', 'customer_state': 'SP'}, {'customer_id': '000419c5494106c306a97b5635748086', 'customer_unique_id': '14843983d4a159080f6afe4b7f346e7c', 'customer_zip_code_prefix': 24220, 'customer_city': 'niteroi', 'customer_state': 'RJ'}, {'customer_id': '00046a560d407e99b969756e0b10f282', 'customer_unique_id': '0b5295fc9819d831f68eb0e9a3e13ab7', 'customer_zip_code_prefix': 20540, 'customer_city': 'rio de janeiro', 'customer_state': 'RJ'}  ... displaying 10 of 99441 total bound parameter sets ...  {'customer_id': 'ffffa3172527f765de70084a7e53aae8', 'customer_unique_id': '48fd7dec70f2b104a1d5e8c5c639102b', 'customer_zip_code_prefix': 37130, 'customer_city': 'alfenas', 'customer_state': 'MG'}, {'customer_id': 'ffffe8b65bbe3087b653a978c870db99', 'customer_unique_id': '736e6bfa0510aa5b878881a226a5fd89', 'customer_zip_code_prefix': 6172, 'customer_city': 'osasco', 'customer_state': 'SP'})]
(Background on this error at: https://sqlalche.me/e/14/f405); 1539)
[2026-03-26T04:12:44.570+0000] {local_task_job_runner.py:240} INFO - Task exited with return code 1
[2026-03-26T04:12:44.775+0000] {taskinstance.py:3503} INFO - 0 downstream tasks scheduled from follow-on schedule check
[2026-03-26T04:12:44.893+0000] {local_task_job_runner.py:222} INFO - ::endgroup::
