[2026-03-26T04:24:32.375+0000] {local_task_job_runner.py:120} INFO - ::group::Pre task execution logs
[2026-03-26T04:24:32.652+0000] {taskinstance.py:2076} INFO - Dependencies all met for dep_context=non-requeueable deps ti=<TaskInstance: e_commerce_dw_etl.transform.transform_dim_products scheduled__2025-10-06T00:00:00+00:00 [queued]>
[2026-03-26T04:24:32.759+0000] {taskinstance.py:2076} INFO - Dependencies all met for dep_context=requeueable deps ti=<TaskInstance: e_commerce_dw_etl.transform.transform_dim_products scheduled__2025-10-06T00:00:00+00:00 [queued]>
[2026-03-26T04:24:32.770+0000] {taskinstance.py:2306} INFO - Starting attempt 1 of 1
[2026-03-26T04:24:32.840+0000] {taskinstance.py:2330} INFO - Executing <Task(PythonOperator): transform.transform_dim_products> on 2025-10-06 00:00:00+00:00
[2026-03-26T04:24:32.861+0000] {standard_task_runner.py:63} INFO - Started process 3085 to run task
[2026-03-26T04:24:32.876+0000] {standard_task_runner.py:90} INFO - Running: ['***', 'tasks', 'run', 'e_commerce_dw_etl', 'transform.transform_dim_products', 'scheduled__2025-10-06T00:00:00+00:00', '--job-id', '822', '--raw', '--subdir', 'DAGS_FOLDER/e_commerce_dw_dag.py', '--cfg-path', '/tmp/tmpm6l5yddl']
[2026-03-26T04:24:32.894+0000] {standard_task_runner.py:91} INFO - Job 822: Subtask transform.transform_dim_products
[2026-03-26T04:24:33.236+0000] {task_command.py:426} INFO - Running <TaskInstance: e_commerce_dw_etl.transform.transform_dim_products scheduled__2025-10-06T00:00:00+00:00 [running]> on host 2d1a3218d35e
[2026-03-26T04:24:34.707+0000] {taskinstance.py:2648} INFO - Exporting env vars: AIRFLOW_CTX_DAG_OWNER='***' AIRFLOW_CTX_DAG_ID='e_commerce_dw_etl' AIRFLOW_CTX_TASK_ID='transform.transform_dim_products' AIRFLOW_CTX_EXECUTION_DATE='2025-10-06T00:00:00+00:00' AIRFLOW_CTX_TRY_NUMBER='1' AIRFLOW_CTX_DAG_RUN_ID='scheduled__2025-10-06T00:00:00+00:00'
[2026-03-26T04:24:34.709+0000] {taskinstance.py:430} INFO - ::endgroup::
[2026-03-26T04:24:34.798+0000] {crypto.py:82} WARNING - empty cryptography key - values will not be stored encrypted.
[2026-03-26T04:24:34.810+0000] {base.py:84} INFO - Using connection ID 'postgres' for task execution.
[2026-03-26T04:24:34.871+0000] {logging_mixin.py:188} WARNING - /home/***/.local/lib/python3.10/site-packages/***/providers/common/sql/hooks/sql.py:263 UserWarning: pandas only supports SQLAlchemy connectable (engine/connection) or database string URI or sqlite3 DBAPI2 connection. Other DBAPI2 objects are not tested. Please consider using SQLAlchemy.
[2026-03-26T04:24:34.928+0000] {base.py:84} INFO - Using connection ID 'postgres' for task execution.
[2026-03-26T04:24:34.962+0000] {logging_mixin.py:188} WARNING - /home/***/.local/lib/python3.10/site-packages/***/providers/common/sql/hooks/sql.py:263 UserWarning: pandas only supports SQLAlchemy connectable (engine/connection) or database string URI or sqlite3 DBAPI2 connection. Other DBAPI2 objects are not tested. Please consider using SQLAlchemy.
[2026-03-26T04:24:35.058+0000] {base.py:84} INFO - Using connection ID 'postgres' for task execution.
[2026-03-26T04:24:35.254+0000] {logging_mixin.py:188} INFO - Đã transform và lưu dữ liệu vào dim_products
[2026-03-26T04:24:35.262+0000] {python.py:237} INFO - Done. Returned value was: None
[2026-03-26T04:24:35.264+0000] {taskinstance.py:441} INFO - ::group::Post task execution logs
[2026-03-26T04:24:35.296+0000] {taskinstance.py:1206} INFO - Marking task as SUCCESS. dag_id=e_commerce_dw_etl, task_id=transform.transform_dim_products, run_id=scheduled__2025-10-06T00:00:00+00:00, execution_date=20251006T000000, start_date=20260326T042432, end_date=20260326T042435
[2026-03-26T04:24:35.516+0000] {local_task_job_runner.py:240} INFO - Task exited with return code 0
[2026-03-26T04:24:35.604+0000] {taskinstance.py:3503} INFO - 0 downstream tasks scheduled from follow-on schedule check
[2026-03-26T04:24:35.623+0000] {local_task_job_runner.py:222} INFO - ::endgroup::
