[2026-03-26T03:43:08.494+0000] {local_task_job_runner.py:120} INFO - ::group::Pre task execution logs
[2026-03-26T03:43:08.731+0000] {taskinstance.py:2076} INFO - Dependencies all met for dep_context=non-requeueable deps ti=<TaskInstance: e_commerce_dw_etl.transform.transform_dim_geolocation scheduled__2025-02-10T00:00:00+00:00 [queued]>
[2026-03-26T03:43:08.808+0000] {taskinstance.py:2076} INFO - Dependencies all met for dep_context=requeueable deps ti=<TaskInstance: e_commerce_dw_etl.transform.transform_dim_geolocation scheduled__2025-02-10T00:00:00+00:00 [queued]>
[2026-03-26T03:43:08.811+0000] {taskinstance.py:2306} INFO - Starting attempt 1 of 1
[2026-03-26T03:43:08.908+0000] {taskinstance.py:2330} INFO - Executing <Task(PythonOperator): transform.transform_dim_geolocation> on 2025-02-10 00:00:00+00:00
[2026-03-26T03:43:08.992+0000] {standard_task_runner.py:63} INFO - Started process 2087 to run task
[2026-03-26T03:43:09.002+0000] {standard_task_runner.py:90} INFO - Running: ['***', 'tasks', 'run', 'e_commerce_dw_etl', 'transform.transform_dim_geolocation', 'scheduled__2025-02-10T00:00:00+00:00', '--job-id', '674', '--raw', '--subdir', 'DAGS_FOLDER/e_commerce_dw_dag.py', '--cfg-path', '/tmp/tmpno3uacb6']
[2026-03-26T03:43:09.065+0000] {standard_task_runner.py:91} INFO - Job 674: Subtask transform.transform_dim_geolocation
[2026-03-26T03:43:09.469+0000] {task_command.py:426} INFO - Running <TaskInstance: e_commerce_dw_etl.transform.transform_dim_geolocation scheduled__2025-02-10T00:00:00+00:00 [running]> on host 031edd3e030e
[2026-03-26T03:43:11.835+0000] {taskinstance.py:2648} INFO - Exporting env vars: AIRFLOW_CTX_DAG_OWNER='***' AIRFLOW_CTX_DAG_ID='e_commerce_dw_etl' AIRFLOW_CTX_TASK_ID='transform.transform_dim_geolocation' AIRFLOW_CTX_EXECUTION_DATE='2025-02-10T00:00:00+00:00' AIRFLOW_CTX_TRY_NUMBER='1' AIRFLOW_CTX_DAG_RUN_ID='scheduled__2025-02-10T00:00:00+00:00'
[2026-03-26T03:43:11.843+0000] {taskinstance.py:430} INFO - ::endgroup::
[2026-03-26T03:43:11.957+0000] {crypto.py:82} WARNING - empty cryptography key - values will not be stored encrypted.
[2026-03-26T03:43:11.961+0000] {base.py:84} INFO - Using connection ID 'postgres' for task execution.
[2026-03-26T03:43:12.013+0000] {logging_mixin.py:188} WARNING - /home/***/.local/lib/python3.10/site-packages/***/providers/common/sql/hooks/sql.py:263 UserWarning: pandas only supports SQLAlchemy connectable (engine/connection) or database string URI or sqlite3 DBAPI2 connection. Other DBAPI2 objects are not tested. Please consider using SQLAlchemy.
[2026-03-26T03:43:12.050+0000] {base.py:84} INFO - Using connection ID 'postgres' for task execution.
[2026-03-26T03:43:12.308+0000] {logging_mixin.py:188} INFO - Đã transform và lưu dữ liệu vào dim_geolocation
[2026-03-26T03:43:12.309+0000] {python.py:237} INFO - Done. Returned value was: None
[2026-03-26T03:43:12.312+0000] {taskinstance.py:441} INFO - ::group::Post task execution logs
[2026-03-26T03:43:12.340+0000] {taskinstance.py:1206} INFO - Marking task as SUCCESS. dag_id=e_commerce_dw_etl, task_id=transform.transform_dim_geolocation, run_id=scheduled__2025-02-10T00:00:00+00:00, execution_date=20250210T000000, start_date=20260326T034308, end_date=20260326T034312
[2026-03-26T03:43:12.432+0000] {local_task_job_runner.py:240} INFO - Task exited with return code 0
[2026-03-26T03:43:12.474+0000] {local_task_job_runner.py:222} INFO - ::endgroup::
[2026-03-26T04:09:31.960+0000] {local_task_job_runner.py:120} INFO - ::group::Pre task execution logs
[2026-03-26T04:09:32.174+0000] {taskinstance.py:2076} INFO - Dependencies all met for dep_context=non-requeueable deps ti=<TaskInstance: e_commerce_dw_etl.transform.transform_dim_geolocation scheduled__2025-02-10T00:00:00+00:00 [queued]>
[2026-03-26T04:09:32.212+0000] {taskinstance.py:2076} INFO - Dependencies all met for dep_context=requeueable deps ti=<TaskInstance: e_commerce_dw_etl.transform.transform_dim_geolocation scheduled__2025-02-10T00:00:00+00:00 [queued]>
[2026-03-26T04:09:32.214+0000] {taskinstance.py:2306} INFO - Starting attempt 1 of 1
[2026-03-26T04:09:32.435+0000] {taskinstance.py:2330} INFO - Executing <Task(PythonOperator): transform.transform_dim_geolocation> on 2025-02-10 00:00:00+00:00
[2026-03-26T04:09:32.470+0000] {standard_task_runner.py:63} INFO - Started process 1206 to run task
[2026-03-26T04:09:32.479+0000] {standard_task_runner.py:90} INFO - Running: ['***', 'tasks', 'run', 'e_commerce_dw_etl', 'transform.transform_dim_geolocation', 'scheduled__2025-02-10T00:00:00+00:00', '--job-id', '252', '--raw', '--subdir', 'DAGS_FOLDER/e_commerce_dw_dag.py', '--cfg-path', '/tmp/tmpgv7s8haa']
[2026-03-26T04:09:32.492+0000] {standard_task_runner.py:91} INFO - Job 252: Subtask transform.transform_dim_geolocation
[2026-03-26T04:09:32.733+0000] {task_command.py:426} INFO - Running <TaskInstance: e_commerce_dw_etl.transform.transform_dim_geolocation scheduled__2025-02-10T00:00:00+00:00 [running]> on host 2d1a3218d35e
[2026-03-26T04:09:34.076+0000] {taskinstance.py:2648} INFO - Exporting env vars: AIRFLOW_CTX_DAG_OWNER='***' AIRFLOW_CTX_DAG_ID='e_commerce_dw_etl' AIRFLOW_CTX_TASK_ID='transform.transform_dim_geolocation' AIRFLOW_CTX_EXECUTION_DATE='2025-02-10T00:00:00+00:00' AIRFLOW_CTX_TRY_NUMBER='1' AIRFLOW_CTX_DAG_RUN_ID='scheduled__2025-02-10T00:00:00+00:00'
[2026-03-26T04:09:34.078+0000] {taskinstance.py:430} INFO - ::endgroup::
[2026-03-26T04:09:34.160+0000] {crypto.py:82} WARNING - empty cryptography key - values will not be stored encrypted.
[2026-03-26T04:09:34.164+0000] {base.py:84} INFO - Using connection ID 'postgres' for task execution.
[2026-03-26T04:09:34.256+0000] {logging_mixin.py:188} WARNING - /home/***/.local/lib/python3.10/site-packages/***/providers/common/sql/hooks/sql.py:263 UserWarning: pandas only supports SQLAlchemy connectable (engine/connection) or database string URI or sqlite3 DBAPI2 connection. Other DBAPI2 objects are not tested. Please consider using SQLAlchemy.
[2026-03-26T04:09:34.508+0000] {base.py:84} INFO - Using connection ID 'postgres' for task execution.
[2026-03-26T04:09:37.165+0000] {logging_mixin.py:188} INFO - Đã transform và lưu dữ liệu vào dim_geolocation
[2026-03-26T04:09:37.175+0000] {python.py:237} INFO - Done. Returned value was: None
[2026-03-26T04:09:37.177+0000] {taskinstance.py:441} INFO - ::group::Post task execution logs
[2026-03-26T04:09:37.201+0000] {taskinstance.py:1206} INFO - Marking task as SUCCESS. dag_id=e_commerce_dw_etl, task_id=transform.transform_dim_geolocation, run_id=scheduled__2025-02-10T00:00:00+00:00, execution_date=20250210T000000, start_date=20260326T040932, end_date=20260326T040937
[2026-03-26T04:09:37.312+0000] {local_task_job_runner.py:240} INFO - Task exited with return code 0
[2026-03-26T04:09:37.406+0000] {taskinstance.py:3503} INFO - 0 downstream tasks scheduled from follow-on schedule check
[2026-03-26T04:09:37.464+0000] {local_task_job_runner.py:222} INFO - ::endgroup::
