[2026-03-25T08:42:55.286+0000] {local_task_job_runner.py:120} INFO - ::group::Pre task execution logs
[2026-03-25T08:42:55.350+0000] {taskinstance.py:2076} INFO - Dependencies all met for dep_context=non-requeueable deps ti=<TaskInstance: e_commerce_dw_etl.extract.extract_and_load_to_staging scheduled__2025-03-11T00:00:00+00:00 [queued]>
[2026-03-25T08:42:55.369+0000] {taskinstance.py:2076} INFO - Dependencies all met for dep_context=requeueable deps ti=<TaskInstance: e_commerce_dw_etl.extract.extract_and_load_to_staging scheduled__2025-03-11T00:00:00+00:00 [queued]>
[2026-03-25T08:42:55.369+0000] {taskinstance.py:2306} INFO - Starting attempt 1 of 1
[2026-03-25T08:42:55.563+0000] {taskinstance.py:2330} INFO - Executing <Task(PythonOperator): extract.extract_and_load_to_staging> on 2025-03-11 00:00:00+00:00
[2026-03-25T08:42:55.576+0000] {standard_task_runner.py:63} INFO - Started process 872 to run task
[2026-03-25T08:42:55.588+0000] {standard_task_runner.py:90} INFO - Running: ['***', 'tasks', 'run', 'e_commerce_dw_etl', 'extract.extract_and_load_to_staging', 'scheduled__2025-03-11T00:00:00+00:00', '--job-id', '153', '--raw', '--subdir', 'DAGS_FOLDER/e_commerce_dw_dag.py', '--cfg-path', '/tmp/tmp4z2w8jj8']
[2026-03-25T08:42:55.600+0000] {standard_task_runner.py:91} INFO - Job 153: Subtask extract.extract_and_load_to_staging
[2026-03-25T08:42:55.729+0000] {task_command.py:426} INFO - Running <TaskInstance: e_commerce_dw_etl.extract.extract_and_load_to_staging scheduled__2025-03-11T00:00:00+00:00 [running]> on host bcd9e4848a6d
[2026-03-25T08:42:55.888+0000] {taskinstance.py:2648} INFO - Exporting env vars: AIRFLOW_CTX_DAG_OWNER='***' AIRFLOW_CTX_DAG_ID='e_commerce_dw_etl' AIRFLOW_CTX_TASK_ID='extract.extract_and_load_to_staging' AIRFLOW_CTX_EXECUTION_DATE='2025-03-11T00:00:00+00:00' AIRFLOW_CTX_TRY_NUMBER='1' AIRFLOW_CTX_DAG_RUN_ID='scheduled__2025-03-11T00:00:00+00:00'
[2026-03-25T08:42:55.890+0000] {taskinstance.py:430} INFO - ::endgroup::
[2026-03-25T08:42:56.216+0000] {mysql_operator.py:13} ERROR - Can't connect to mysql database
[2026-03-25T08:42:56.229+0000] {taskinstance.py:441} INFO - ::group::Post task execution logs
[2026-03-25T08:42:56.249+0000] {taskinstance.py:2905} ERROR - Task failed with exception
Traceback (most recent call last):
  File "/home/airflow/.local/lib/python3.10/site-packages/airflow/models/taskinstance.py", line 465, in _execute_task
    result = _execute_callable(context=context, **execute_callable_kwargs)
  File "/home/airflow/.local/lib/python3.10/site-packages/airflow/models/taskinstance.py", line 432, in _execute_callable
    return execute_callable(context=context, **execute_callable_kwargs)
  File "/home/airflow/.local/lib/python3.10/site-packages/airflow/models/baseoperator.py", line 401, in wrapper
    return func(self, *args, **kwargs)
  File "/home/airflow/.local/lib/python3.10/site-packages/airflow/operators/python.py", line 235, in execute
    return_value = self.execute_callable()
  File "/home/airflow/.local/lib/python3.10/site-packages/airflow/operators/python.py", line 252, in execute_callable
    return self.python_callable(*self.op_args, **self.op_kwargs)
  File "/opt/airflow/dags/extract_data.py", line 30, in extract_and_load_to_staging
    df = source_operator.get_data_to_pd(f"SELECT * FROM {table}")
  File "/opt/airflow/plugins/mysql_operator.py", line 15, in get_data_to_pd
    return self.mysqlhook.get_pandas_df(query)
  File "/home/airflow/.local/lib/python3.10/site-packages/airflow/providers/common/sql/hooks/sql.py", line 262, in get_pandas_df
    with closing(self.get_conn()) as conn:
  File "/home/airflow/.local/lib/python3.10/site-packages/airflow/providers/mysql/hooks/mysql.py", line 188, in get_conn
    conn = self.connection or self.get_connection(getattr(self, self.conn_name_attr))
  File "/home/airflow/.local/lib/python3.10/site-packages/airflow/hooks/base.py", line 83, in get_connection
    conn = Connection.get_connection_from_secrets(conn_id)
  File "/home/airflow/.local/lib/python3.10/site-packages/airflow/models/connection.py", line 519, in get_connection_from_secrets
    raise AirflowNotFoundException(f"The conn_id `{conn_id}` isn't defined")
airflow.exceptions.AirflowNotFoundException: The conn_id `mysql` isn't defined
[2026-03-25T08:42:56.284+0000] {taskinstance.py:1206} INFO - Marking task as FAILED. dag_id=e_commerce_dw_etl, task_id=extract.extract_and_load_to_staging, run_id=scheduled__2025-03-11T00:00:00+00:00, execution_date=20250311T000000, start_date=20260325T084255, end_date=20260325T084256
[2026-03-25T08:42:56.357+0000] {standard_task_runner.py:110} ERROR - Failed to execute job 153 for task extract.extract_and_load_to_staging (The conn_id `mysql` isn't defined; 872)
[2026-03-25T08:42:56.428+0000] {local_task_job_runner.py:240} INFO - Task exited with return code 1
[2026-03-25T08:42:56.474+0000] {taskinstance.py:3503} INFO - 0 downstream tasks scheduled from follow-on schedule check
[2026-03-25T08:42:56.484+0000] {local_task_job_runner.py:222} INFO - ::endgroup::
[2026-03-25T09:31:19.603+0000] {local_task_job_runner.py:120} INFO - ::group::Pre task execution logs
[2026-03-25T09:31:19.666+0000] {taskinstance.py:2076} INFO - Dependencies all met for dep_context=non-requeueable deps ti=<TaskInstance: e_commerce_dw_etl.extract.extract_and_load_to_staging scheduled__2025-03-11T00:00:00+00:00 [queued]>
[2026-03-25T09:31:19.684+0000] {taskinstance.py:2076} INFO - Dependencies all met for dep_context=requeueable deps ti=<TaskInstance: e_commerce_dw_etl.extract.extract_and_load_to_staging scheduled__2025-03-11T00:00:00+00:00 [queued]>
[2026-03-25T09:31:19.685+0000] {taskinstance.py:2306} INFO - Starting attempt 1 of 1
[2026-03-25T09:31:19.725+0000] {taskinstance.py:2330} INFO - Executing <Task(PythonOperator): extract.extract_and_load_to_staging> on 2025-03-11 00:00:00+00:00
[2026-03-25T09:31:19.735+0000] {standard_task_runner.py:63} INFO - Started process 559 to run task
[2026-03-25T09:31:19.744+0000] {standard_task_runner.py:90} INFO - Running: ['***', 'tasks', 'run', 'e_commerce_dw_etl', 'extract.extract_and_load_to_staging', 'scheduled__2025-03-11T00:00:00+00:00', '--job-id', '143', '--raw', '--subdir', 'DAGS_FOLDER/e_commerce_dw_dag.py', '--cfg-path', '/tmp/tmp06ds8pqe']
[2026-03-25T09:31:19.749+0000] {standard_task_runner.py:91} INFO - Job 143: Subtask extract.extract_and_load_to_staging
[2026-03-25T09:31:19.905+0000] {task_command.py:426} INFO - Running <TaskInstance: e_commerce_dw_etl.extract.extract_and_load_to_staging scheduled__2025-03-11T00:00:00+00:00 [running]> on host 0d903260eca4
[2026-03-25T09:31:20.087+0000] {taskinstance.py:2648} INFO - Exporting env vars: AIRFLOW_CTX_DAG_OWNER='***' AIRFLOW_CTX_DAG_ID='e_commerce_dw_etl' AIRFLOW_CTX_TASK_ID='extract.extract_and_load_to_staging' AIRFLOW_CTX_EXECUTION_DATE='2025-03-11T00:00:00+00:00' AIRFLOW_CTX_TRY_NUMBER='1' AIRFLOW_CTX_DAG_RUN_ID='scheduled__2025-03-11T00:00:00+00:00'
[2026-03-25T09:31:20.092+0000] {taskinstance.py:430} INFO - ::endgroup::
[2026-03-25T09:31:20.391+0000] {mysql_operator.py:13} ERROR - Can't connect to mysql database
[2026-03-25T09:31:20.403+0000] {taskinstance.py:441} INFO - ::group::Post task execution logs
[2026-03-25T09:31:20.419+0000] {taskinstance.py:2905} ERROR - Task failed with exception
Traceback (most recent call last):
  File "/home/airflow/.local/lib/python3.10/site-packages/airflow/models/taskinstance.py", line 465, in _execute_task
    result = _execute_callable(context=context, **execute_callable_kwargs)
  File "/home/airflow/.local/lib/python3.10/site-packages/airflow/models/taskinstance.py", line 432, in _execute_callable
    return execute_callable(context=context, **execute_callable_kwargs)
  File "/home/airflow/.local/lib/python3.10/site-packages/airflow/models/baseoperator.py", line 401, in wrapper
    return func(self, *args, **kwargs)
  File "/home/airflow/.local/lib/python3.10/site-packages/airflow/operators/python.py", line 235, in execute
    return_value = self.execute_callable()
  File "/home/airflow/.local/lib/python3.10/site-packages/airflow/operators/python.py", line 252, in execute_callable
    return self.python_callable(*self.op_args, **self.op_kwargs)
  File "/opt/airflow/dags/extract_data.py", line 30, in extract_and_load_to_staging
    df = source_operator.get_data_to_pd(f"SELECT * FROM {table}")
  File "/opt/airflow/plugins/mysql_operator.py", line 15, in get_data_to_pd
    return self.mysqlhook.get_pandas_df(query)
  File "/home/airflow/.local/lib/python3.10/site-packages/airflow/providers/common/sql/hooks/sql.py", line 262, in get_pandas_df
    with closing(self.get_conn()) as conn:
  File "/home/airflow/.local/lib/python3.10/site-packages/airflow/providers/mysql/hooks/mysql.py", line 188, in get_conn
    conn = self.connection or self.get_connection(getattr(self, self.conn_name_attr))
  File "/home/airflow/.local/lib/python3.10/site-packages/airflow/hooks/base.py", line 83, in get_connection
    conn = Connection.get_connection_from_secrets(conn_id)
  File "/home/airflow/.local/lib/python3.10/site-packages/airflow/models/connection.py", line 519, in get_connection_from_secrets
    raise AirflowNotFoundException(f"The conn_id `{conn_id}` isn't defined")
airflow.exceptions.AirflowNotFoundException: The conn_id `mysql` isn't defined
[2026-03-25T09:31:20.437+0000] {taskinstance.py:1206} INFO - Marking task as FAILED. dag_id=e_commerce_dw_etl, task_id=extract.extract_and_load_to_staging, run_id=scheduled__2025-03-11T00:00:00+00:00, execution_date=20250311T000000, start_date=20260325T093119, end_date=20260325T093120
[2026-03-25T09:31:20.455+0000] {standard_task_runner.py:110} ERROR - Failed to execute job 143 for task extract.extract_and_load_to_staging (The conn_id `mysql` isn't defined; 559)
[2026-03-25T09:31:20.492+0000] {local_task_job_runner.py:240} INFO - Task exited with return code 1
[2026-03-25T09:31:20.530+0000] {taskinstance.py:3503} INFO - 0 downstream tasks scheduled from follow-on schedule check
[2026-03-25T09:31:20.537+0000] {local_task_job_runner.py:222} INFO - ::endgroup::
[2026-03-25T10:21:51.700+0000] {local_task_job_runner.py:120} INFO - ::group::Pre task execution logs
[2026-03-25T10:21:51.752+0000] {taskinstance.py:2076} INFO - Dependencies all met for dep_context=non-requeueable deps ti=<TaskInstance: e_commerce_dw_etl.extract.extract_and_load_to_staging scheduled__2025-03-11T00:00:00+00:00 [queued]>
[2026-03-25T10:21:51.769+0000] {taskinstance.py:2076} INFO - Dependencies all met for dep_context=requeueable deps ti=<TaskInstance: e_commerce_dw_etl.extract.extract_and_load_to_staging scheduled__2025-03-11T00:00:00+00:00 [queued]>
[2026-03-25T10:21:51.770+0000] {taskinstance.py:2306} INFO - Starting attempt 1 of 1
[2026-03-25T10:21:51.795+0000] {taskinstance.py:2330} INFO - Executing <Task(PythonOperator): extract.extract_and_load_to_staging> on 2025-03-11 00:00:00+00:00
[2026-03-25T10:21:51.802+0000] {standard_task_runner.py:63} INFO - Started process 642 to run task
[2026-03-25T10:21:51.809+0000] {standard_task_runner.py:90} INFO - Running: ['***', 'tasks', 'run', 'e_commerce_dw_etl', 'extract.extract_and_load_to_staging', 'scheduled__2025-03-11T00:00:00+00:00', '--job-id', '139', '--raw', '--subdir', 'DAGS_FOLDER/e_commerce_dw_dag.py', '--cfg-path', '/tmp/tmpwkjab06b']
[2026-03-25T10:21:51.815+0000] {standard_task_runner.py:91} INFO - Job 139: Subtask extract.extract_and_load_to_staging
[2026-03-25T10:21:51.938+0000] {task_command.py:426} INFO - Running <TaskInstance: e_commerce_dw_etl.extract.extract_and_load_to_staging scheduled__2025-03-11T00:00:00+00:00 [running]> on host 1f1ff5b841ce
[2026-03-25T10:21:52.076+0000] {taskinstance.py:2648} INFO - Exporting env vars: AIRFLOW_CTX_DAG_OWNER='***' AIRFLOW_CTX_DAG_ID='e_commerce_dw_etl' AIRFLOW_CTX_TASK_ID='extract.extract_and_load_to_staging' AIRFLOW_CTX_EXECUTION_DATE='2025-03-11T00:00:00+00:00' AIRFLOW_CTX_TRY_NUMBER='1' AIRFLOW_CTX_DAG_RUN_ID='scheduled__2025-03-11T00:00:00+00:00'
[2026-03-25T10:21:52.078+0000] {taskinstance.py:430} INFO - ::endgroup::
[2026-03-25T10:21:52.453+0000] {crypto.py:82} WARNING - empty cryptography key - values will not be stored encrypted.
[2026-03-25T10:21:52.456+0000] {base.py:84} INFO - Using connection ID 'mysql' for task execution.
[2026-03-25T10:21:56.330+0000] {mysql_operator.py:13} ERROR - Can't connect to mysql database
[2026-03-25T10:21:56.334+0000] {base.py:84} INFO - Using connection ID 'mysql' for task execution.
[2026-03-25T10:22:00.187+0000] {taskinstance.py:441} INFO - ::group::Post task execution logs
[2026-03-25T10:22:00.191+0000] {taskinstance.py:2905} ERROR - Task failed with exception
Traceback (most recent call last):
  File "/home/airflow/.local/lib/python3.10/site-packages/airflow/models/taskinstance.py", line 465, in _execute_task
    result = _execute_callable(context=context, **execute_callable_kwargs)
  File "/home/airflow/.local/lib/python3.10/site-packages/airflow/models/taskinstance.py", line 432, in _execute_callable
    return execute_callable(context=context, **execute_callable_kwargs)
  File "/home/airflow/.local/lib/python3.10/site-packages/airflow/models/baseoperator.py", line 401, in wrapper
    return func(self, *args, **kwargs)
  File "/home/airflow/.local/lib/python3.10/site-packages/airflow/operators/python.py", line 235, in execute
    return_value = self.execute_callable()
  File "/home/airflow/.local/lib/python3.10/site-packages/airflow/operators/python.py", line 252, in execute_callable
    return self.python_callable(*self.op_args, **self.op_kwargs)
  File "/opt/airflow/dags/extract_data.py", line 30, in extract_and_load_to_staging
    df = source_operator.get_data_to_pd(f"SELECT * FROM {table}")
  File "/opt/airflow/plugins/mysql_operator.py", line 15, in get_data_to_pd
    return self.mysqlhook.get_pandas_df(query)
  File "/home/airflow/.local/lib/python3.10/site-packages/airflow/providers/common/sql/hooks/sql.py", line 262, in get_pandas_df
    with closing(self.get_conn()) as conn:
  File "/home/airflow/.local/lib/python3.10/site-packages/airflow/providers/mysql/hooks/mysql.py", line 196, in get_conn
    return MySQLdb.connect(**conn_config)
  File "/home/airflow/.local/lib/python3.10/site-packages/MySQLdb/__init__.py", line 121, in Connect
    return Connection(*args, **kwargs)
  File "/home/airflow/.local/lib/python3.10/site-packages/MySQLdb/connections.py", line 195, in __init__
    super().__init__(*args, **kwargs2)
MySQLdb.OperationalError: (2005, "Unknown server host 'mysql' (-2)")
[2026-03-25T10:22:00.225+0000] {taskinstance.py:1206} INFO - Marking task as FAILED. dag_id=e_commerce_dw_etl, task_id=extract.extract_and_load_to_staging, run_id=scheduled__2025-03-11T00:00:00+00:00, execution_date=20250311T000000, start_date=20260325T102151, end_date=20260325T102200
[2026-03-25T10:22:00.254+0000] {standard_task_runner.py:110} ERROR - Failed to execute job 139 for task extract.extract_and_load_to_staging ((2005, "Unknown server host 'mysql' (-2)"); 642)
[2026-03-25T10:22:00.275+0000] {local_task_job_runner.py:240} INFO - Task exited with return code 1
[2026-03-25T10:22:00.310+0000] {taskinstance.py:3503} INFO - 0 downstream tasks scheduled from follow-on schedule check
[2026-03-25T10:22:00.323+0000] {local_task_job_runner.py:222} INFO - ::endgroup::
[2026-03-25T10:56:50.687+0000] {local_task_job_runner.py:120} INFO - ::group::Pre task execution logs
[2026-03-25T10:56:50.739+0000] {taskinstance.py:2076} INFO - Dependencies all met for dep_context=non-requeueable deps ti=<TaskInstance: e_commerce_dw_etl.extract.extract_and_load_to_staging scheduled__2025-03-11T00:00:00+00:00 [queued]>
[2026-03-25T10:56:50.754+0000] {taskinstance.py:2076} INFO - Dependencies all met for dep_context=requeueable deps ti=<TaskInstance: e_commerce_dw_etl.extract.extract_and_load_to_staging scheduled__2025-03-11T00:00:00+00:00 [queued]>
[2026-03-25T10:56:50.755+0000] {taskinstance.py:2306} INFO - Starting attempt 1 of 1
[2026-03-25T10:56:50.793+0000] {taskinstance.py:2330} INFO - Executing <Task(PythonOperator): extract.extract_and_load_to_staging> on 2025-03-11 00:00:00+00:00
[2026-03-25T10:56:50.805+0000] {standard_task_runner.py:63} INFO - Started process 643 to run task
[2026-03-25T10:56:50.811+0000] {standard_task_runner.py:90} INFO - Running: ['***', 'tasks', 'run', 'e_commerce_dw_etl', 'extract.extract_and_load_to_staging', 'scheduled__2025-03-11T00:00:00+00:00', '--job-id', '140', '--raw', '--subdir', 'DAGS_FOLDER/e_commerce_dw_dag.py', '--cfg-path', '/tmp/tmpz7fh5jx2']
[2026-03-25T10:56:50.817+0000] {standard_task_runner.py:91} INFO - Job 140: Subtask extract.extract_and_load_to_staging
[2026-03-25T10:56:50.925+0000] {task_command.py:426} INFO - Running <TaskInstance: e_commerce_dw_etl.extract.extract_and_load_to_staging scheduled__2025-03-11T00:00:00+00:00 [running]> on host b7a6f340f223
[2026-03-25T10:56:51.081+0000] {taskinstance.py:2648} INFO - Exporting env vars: AIRFLOW_CTX_DAG_OWNER='***' AIRFLOW_CTX_DAG_ID='e_commerce_dw_etl' AIRFLOW_CTX_TASK_ID='extract.extract_and_load_to_staging' AIRFLOW_CTX_EXECUTION_DATE='2025-03-11T00:00:00+00:00' AIRFLOW_CTX_TRY_NUMBER='1' AIRFLOW_CTX_DAG_RUN_ID='scheduled__2025-03-11T00:00:00+00:00'
[2026-03-25T10:56:51.083+0000] {taskinstance.py:430} INFO - ::endgroup::
[2026-03-25T10:56:51.423+0000] {crypto.py:82} WARNING - empty cryptography key - values will not be stored encrypted.
[2026-03-25T10:56:51.430+0000] {base.py:84} INFO - Using connection ID 'mysql' for task execution.
[2026-03-25T10:56:55.464+0000] {mysql_operator.py:13} ERROR - Can't connect to mysql database
[2026-03-25T10:56:55.466+0000] {base.py:84} INFO - Using connection ID 'mysql' for task execution.
[2026-03-25T10:56:59.324+0000] {taskinstance.py:441} INFO - ::group::Post task execution logs
[2026-03-25T10:56:59.325+0000] {taskinstance.py:2905} ERROR - Task failed with exception
Traceback (most recent call last):
  File "/home/airflow/.local/lib/python3.10/site-packages/airflow/models/taskinstance.py", line 465, in _execute_task
    result = _execute_callable(context=context, **execute_callable_kwargs)
  File "/home/airflow/.local/lib/python3.10/site-packages/airflow/models/taskinstance.py", line 432, in _execute_callable
    return execute_callable(context=context, **execute_callable_kwargs)
  File "/home/airflow/.local/lib/python3.10/site-packages/airflow/models/baseoperator.py", line 401, in wrapper
    return func(self, *args, **kwargs)
  File "/home/airflow/.local/lib/python3.10/site-packages/airflow/operators/python.py", line 235, in execute
    return_value = self.execute_callable()
  File "/home/airflow/.local/lib/python3.10/site-packages/airflow/operators/python.py", line 252, in execute_callable
    return self.python_callable(*self.op_args, **self.op_kwargs)
  File "/opt/airflow/dags/extract_data.py", line 30, in extract_and_load_to_staging
    df = source_operator.get_data_to_pd(f"SELECT * FROM {table}")
  File "/opt/airflow/plugins/mysql_operator.py", line 15, in get_data_to_pd
    return self.mysqlhook.get_pandas_df(query)
  File "/home/airflow/.local/lib/python3.10/site-packages/airflow/providers/common/sql/hooks/sql.py", line 262, in get_pandas_df
    with closing(self.get_conn()) as conn:
  File "/home/airflow/.local/lib/python3.10/site-packages/airflow/providers/mysql/hooks/mysql.py", line 196, in get_conn
    return MySQLdb.connect(**conn_config)
  File "/home/airflow/.local/lib/python3.10/site-packages/MySQLdb/__init__.py", line 121, in Connect
    return Connection(*args, **kwargs)
  File "/home/airflow/.local/lib/python3.10/site-packages/MySQLdb/connections.py", line 195, in __init__
    super().__init__(*args, **kwargs2)
MySQLdb.OperationalError: (2005, "Unknown server host 'mysql' (-2)")
[2026-03-25T10:56:59.351+0000] {taskinstance.py:1206} INFO - Marking task as FAILED. dag_id=e_commerce_dw_etl, task_id=extract.extract_and_load_to_staging, run_id=scheduled__2025-03-11T00:00:00+00:00, execution_date=20250311T000000, start_date=20260325T105650, end_date=20260325T105659
[2026-03-25T10:56:59.603+0000] {standard_task_runner.py:110} ERROR - Failed to execute job 140 for task extract.extract_and_load_to_staging ((2005, "Unknown server host 'mysql' (-2)"); 643)
[2026-03-25T10:56:59.661+0000] {local_task_job_runner.py:240} INFO - Task exited with return code 1
[2026-03-25T10:56:59.685+0000] {taskinstance.py:3503} INFO - 0 downstream tasks scheduled from follow-on schedule check
[2026-03-25T10:56:59.694+0000] {local_task_job_runner.py:222} INFO - ::endgroup::
[2026-03-25T11:16:29.546+0000] {local_task_job_runner.py:120} INFO - ::group::Pre task execution logs
[2026-03-25T11:16:29.595+0000] {taskinstance.py:2076} INFO - Dependencies all met for dep_context=non-requeueable deps ti=<TaskInstance: e_commerce_dw_etl.extract.extract_and_load_to_staging scheduled__2025-03-11T00:00:00+00:00 [queued]>
[2026-03-25T11:16:29.609+0000] {taskinstance.py:2076} INFO - Dependencies all met for dep_context=requeueable deps ti=<TaskInstance: e_commerce_dw_etl.extract.extract_and_load_to_staging scheduled__2025-03-11T00:00:00+00:00 [queued]>
[2026-03-25T11:16:29.613+0000] {taskinstance.py:2306} INFO - Starting attempt 1 of 1
[2026-03-25T11:16:29.725+0000] {taskinstance.py:2330} INFO - Executing <Task(PythonOperator): extract.extract_and_load_to_staging> on 2025-03-11 00:00:00+00:00
[2026-03-25T11:16:29.733+0000] {standard_task_runner.py:63} INFO - Started process 667 to run task
[2026-03-25T11:16:29.739+0000] {standard_task_runner.py:90} INFO - Running: ['***', 'tasks', 'run', 'e_commerce_dw_etl', 'extract.extract_and_load_to_staging', 'scheduled__2025-03-11T00:00:00+00:00', '--job-id', '140', '--raw', '--subdir', 'DAGS_FOLDER/e_commerce_dw_dag.py', '--cfg-path', '/tmp/tmpuijtz7lh']
[2026-03-25T11:16:29.745+0000] {standard_task_runner.py:91} INFO - Job 140: Subtask extract.extract_and_load_to_staging
[2026-03-25T11:16:29.857+0000] {task_command.py:426} INFO - Running <TaskInstance: e_commerce_dw_etl.extract.extract_and_load_to_staging scheduled__2025-03-11T00:00:00+00:00 [running]> on host d26a046c4728
[2026-03-25T11:16:29.989+0000] {taskinstance.py:2648} INFO - Exporting env vars: AIRFLOW_CTX_DAG_OWNER='***' AIRFLOW_CTX_DAG_ID='e_commerce_dw_etl' AIRFLOW_CTX_TASK_ID='extract.extract_and_load_to_staging' AIRFLOW_CTX_EXECUTION_DATE='2025-03-11T00:00:00+00:00' AIRFLOW_CTX_TRY_NUMBER='1' AIRFLOW_CTX_DAG_RUN_ID='scheduled__2025-03-11T00:00:00+00:00'
[2026-03-25T11:16:29.990+0000] {taskinstance.py:430} INFO - ::endgroup::
[2026-03-25T11:16:30.227+0000] {base.py:84} INFO - Using connection ID 'mysql' for task execution.
[2026-03-25T11:16:34.075+0000] {mysql_operator.py:13} ERROR - Can't connect to mysql database
[2026-03-25T11:16:34.084+0000] {base.py:84} INFO - Using connection ID 'mysql' for task execution.
[2026-03-25T11:16:37.921+0000] {taskinstance.py:441} INFO - ::group::Post task execution logs
[2026-03-25T11:16:37.922+0000] {taskinstance.py:2905} ERROR - Task failed with exception
Traceback (most recent call last):
  File "/home/airflow/.local/lib/python3.10/site-packages/airflow/models/taskinstance.py", line 465, in _execute_task
    result = _execute_callable(context=context, **execute_callable_kwargs)
  File "/home/airflow/.local/lib/python3.10/site-packages/airflow/models/taskinstance.py", line 432, in _execute_callable
    return execute_callable(context=context, **execute_callable_kwargs)
  File "/home/airflow/.local/lib/python3.10/site-packages/airflow/models/baseoperator.py", line 401, in wrapper
    return func(self, *args, **kwargs)
  File "/home/airflow/.local/lib/python3.10/site-packages/airflow/operators/python.py", line 235, in execute
    return_value = self.execute_callable()
  File "/home/airflow/.local/lib/python3.10/site-packages/airflow/operators/python.py", line 252, in execute_callable
    return self.python_callable(*self.op_args, **self.op_kwargs)
  File "/opt/airflow/dags/extract_data.py", line 30, in extract_and_load_to_staging
    df = source_operator.get_data_to_pd(f"SELECT * FROM {table}")
  File "/opt/airflow/plugins/mysql_operator.py", line 15, in get_data_to_pd
    return self.mysqlhook.get_pandas_df(query)
  File "/home/airflow/.local/lib/python3.10/site-packages/airflow/providers/common/sql/hooks/sql.py", line 262, in get_pandas_df
    with closing(self.get_conn()) as conn:
  File "/home/airflow/.local/lib/python3.10/site-packages/airflow/providers/mysql/hooks/mysql.py", line 196, in get_conn
    return MySQLdb.connect(**conn_config)
  File "/home/airflow/.local/lib/python3.10/site-packages/MySQLdb/__init__.py", line 121, in Connect
    return Connection(*args, **kwargs)
  File "/home/airflow/.local/lib/python3.10/site-packages/MySQLdb/connections.py", line 195, in __init__
    super().__init__(*args, **kwargs2)
MySQLdb.OperationalError: (2005, "Unknown server host 'mysql' (-2)")
[2026-03-25T11:16:37.942+0000] {taskinstance.py:1206} INFO - Marking task as FAILED. dag_id=e_commerce_dw_etl, task_id=extract.extract_and_load_to_staging, run_id=scheduled__2025-03-11T00:00:00+00:00, execution_date=20250311T000000, start_date=20260325T111629, end_date=20260325T111637
[2026-03-25T11:16:37.959+0000] {standard_task_runner.py:110} ERROR - Failed to execute job 140 for task extract.extract_and_load_to_staging ((2005, "Unknown server host 'mysql' (-2)"); 667)
[2026-03-25T11:16:38.003+0000] {local_task_job_runner.py:240} INFO - Task exited with return code 1
[2026-03-25T11:16:38.024+0000] {taskinstance.py:3503} INFO - 0 downstream tasks scheduled from follow-on schedule check
[2026-03-25T11:16:38.032+0000] {local_task_job_runner.py:222} INFO - ::endgroup::
[2026-03-25T11:40:46.814+0000] {local_task_job_runner.py:120} INFO - ::group::Pre task execution logs
[2026-03-25T11:40:46.859+0000] {taskinstance.py:2076} INFO - Dependencies all met for dep_context=non-requeueable deps ti=<TaskInstance: e_commerce_dw_etl.extract.extract_and_load_to_staging scheduled__2025-03-11T00:00:00+00:00 [queued]>
[2026-03-25T11:40:46.870+0000] {taskinstance.py:2076} INFO - Dependencies all met for dep_context=requeueable deps ti=<TaskInstance: e_commerce_dw_etl.extract.extract_and_load_to_staging scheduled__2025-03-11T00:00:00+00:00 [queued]>
[2026-03-25T11:40:46.871+0000] {taskinstance.py:2306} INFO - Starting attempt 1 of 1
[2026-03-25T11:40:46.890+0000] {taskinstance.py:2330} INFO - Executing <Task(PythonOperator): extract.extract_and_load_to_staging> on 2025-03-11 00:00:00+00:00
[2026-03-25T11:40:46.897+0000] {standard_task_runner.py:63} INFO - Started process 593 to run task
[2026-03-25T11:40:46.901+0000] {standard_task_runner.py:90} INFO - Running: ['***', 'tasks', 'run', 'e_commerce_dw_etl', 'extract.extract_and_load_to_staging', 'scheduled__2025-03-11T00:00:00+00:00', '--job-id', '140', '--raw', '--subdir', 'DAGS_FOLDER/e_commerce_dw_dag.py', '--cfg-path', '/tmp/tmpraxb0v1_']
[2026-03-25T11:40:46.904+0000] {standard_task_runner.py:91} INFO - Job 140: Subtask extract.extract_and_load_to_staging
[2026-03-25T11:40:46.995+0000] {task_command.py:426} INFO - Running <TaskInstance: e_commerce_dw_etl.extract.extract_and_load_to_staging scheduled__2025-03-11T00:00:00+00:00 [running]> on host d9d1693fa74b
[2026-03-25T11:40:47.098+0000] {taskinstance.py:2648} INFO - Exporting env vars: AIRFLOW_CTX_DAG_OWNER='***' AIRFLOW_CTX_DAG_ID='e_commerce_dw_etl' AIRFLOW_CTX_TASK_ID='extract.extract_and_load_to_staging' AIRFLOW_CTX_EXECUTION_DATE='2025-03-11T00:00:00+00:00' AIRFLOW_CTX_TRY_NUMBER='1' AIRFLOW_CTX_DAG_RUN_ID='scheduled__2025-03-11T00:00:00+00:00'
[2026-03-25T11:40:47.100+0000] {taskinstance.py:430} INFO - ::endgroup::
[2026-03-25T11:40:47.270+0000] {base.py:84} INFO - Using connection ID 'mysql' for task execution.
[2026-03-25T11:40:47.287+0000] {base.py:84} INFO - Using connection ID 'mysql' for task execution.
[2026-03-25T11:40:47.298+0000] {logging_mixin.py:188} WARNING - /home/***/.local/lib/python3.10/site-packages/***/providers/common/sql/hooks/sql.py:263 UserWarning: pandas only supports SQLAlchemy connectable (engine/connection) or database string URI or sqlite3 DBAPI2 connection. Other DBAPI2 objects are not tested. Please consider using SQLAlchemy.
[2026-03-25T11:40:47.300+0000] {taskinstance.py:441} INFO - ::group::Post task execution logs
[2026-03-25T11:40:47.301+0000] {taskinstance.py:2905} ERROR - Task failed with exception
Traceback (most recent call last):
  File "/home/airflow/.local/lib/python3.10/site-packages/pandas/io/sql.py", line 2018, in execute
    cur.execute(*args, **kwargs)
  File "/home/airflow/.local/lib/python3.10/site-packages/MySQLdb/cursors.py", line 179, in execute
    res = self._query(mogrified_query)
  File "/home/airflow/.local/lib/python3.10/site-packages/MySQLdb/cursors.py", line 330, in _query
    db.query(q)
  File "/home/airflow/.local/lib/python3.10/site-packages/MySQLdb/connections.py", line 261, in query
    _mysql.connection.query(self, query)
MySQLdb.ProgrammingError: (1146, "Table 'olist.product_category_name_translation' doesn't exist")

The above exception was the direct cause of the following exception:

Traceback (most recent call last):
  File "/home/airflow/.local/lib/python3.10/site-packages/airflow/models/taskinstance.py", line 465, in _execute_task
    result = _execute_callable(context=context, **execute_callable_kwargs)
  File "/home/airflow/.local/lib/python3.10/site-packages/airflow/models/taskinstance.py", line 432, in _execute_callable
    return execute_callable(context=context, **execute_callable_kwargs)
  File "/home/airflow/.local/lib/python3.10/site-packages/airflow/models/baseoperator.py", line 401, in wrapper
    return func(self, *args, **kwargs)
  File "/home/airflow/.local/lib/python3.10/site-packages/airflow/operators/python.py", line 235, in execute
    return_value = self.execute_callable()
  File "/home/airflow/.local/lib/python3.10/site-packages/airflow/operators/python.py", line 252, in execute_callable
    return self.python_callable(*self.op_args, **self.op_kwargs)
  File "/opt/airflow/dags/extract_data.py", line 30, in extract_and_load_to_staging
    df = source_operator.get_data_to_pd(f"SELECT * FROM {table}")
  File "/opt/airflow/plugins/mysql_operator.py", line 15, in get_data_to_pd
    return self.mysqlhook.get_pandas_df(query)
  File "/home/airflow/.local/lib/python3.10/site-packages/airflow/providers/common/sql/hooks/sql.py", line 263, in get_pandas_df
    return psql.read_sql(sql, con=conn, params=parameters, **kwargs)
  File "/home/airflow/.local/lib/python3.10/site-packages/pandas/io/sql.py", line 564, in read_sql
    return pandas_sql.read_query(
  File "/home/airflow/.local/lib/python3.10/site-packages/pandas/io/sql.py", line 2078, in read_query
    cursor = self.execute(*args)
  File "/home/airflow/.local/lib/python3.10/site-packages/pandas/io/sql.py", line 2030, in execute
    raise ex from exc
pandas.errors.DatabaseError: Execution failed on sql 'SELECT * FROM product_category_name_translation': (1146, "Table 'olist.product_category_name_translation' doesn't exist")
[2026-03-25T11:40:47.328+0000] {taskinstance.py:1206} INFO - Marking task as FAILED. dag_id=e_commerce_dw_etl, task_id=extract.extract_and_load_to_staging, run_id=scheduled__2025-03-11T00:00:00+00:00, execution_date=20250311T000000, start_date=20260325T114046, end_date=20260325T114047
[2026-03-25T11:40:47.342+0000] {standard_task_runner.py:110} ERROR - Failed to execute job 140 for task extract.extract_and_load_to_staging (Execution failed on sql 'SELECT * FROM product_category_name_translation': (1146, "Table 'olist.product_category_name_translation' doesn't exist"); 593)
[2026-03-25T11:40:47.355+0000] {local_task_job_runner.py:240} INFO - Task exited with return code 1
[2026-03-25T11:40:47.382+0000] {taskinstance.py:3503} INFO - 0 downstream tasks scheduled from follow-on schedule check
[2026-03-25T11:40:47.389+0000] {local_task_job_runner.py:222} INFO - ::endgroup::
[2026-03-25T13:56:09.625+0000] {local_task_job_runner.py:120} INFO - ::group::Pre task execution logs
[2026-03-25T13:56:09.680+0000] {taskinstance.py:2076} INFO - Dependencies all met for dep_context=non-requeueable deps ti=<TaskInstance: e_commerce_dw_etl.extract.extract_and_load_to_staging scheduled__2025-03-11T00:00:00+00:00 [queued]>
[2026-03-25T13:56:09.695+0000] {taskinstance.py:2076} INFO - Dependencies all met for dep_context=requeueable deps ti=<TaskInstance: e_commerce_dw_etl.extract.extract_and_load_to_staging scheduled__2025-03-11T00:00:00+00:00 [queued]>
[2026-03-25T13:56:09.697+0000] {taskinstance.py:2306} INFO - Starting attempt 1 of 1
[2026-03-25T13:56:09.730+0000] {taskinstance.py:2330} INFO - Executing <Task(PythonOperator): extract.extract_and_load_to_staging> on 2025-03-11 00:00:00+00:00
[2026-03-25T13:56:09.741+0000] {standard_task_runner.py:63} INFO - Started process 673 to run task
[2026-03-25T13:56:09.749+0000] {standard_task_runner.py:90} INFO - Running: ['***', 'tasks', 'run', 'e_commerce_dw_etl', 'extract.extract_and_load_to_staging', 'scheduled__2025-03-11T00:00:00+00:00', '--job-id', '140', '--raw', '--subdir', 'DAGS_FOLDER/e_commerce_dw_dag.py', '--cfg-path', '/tmp/tmpe11wl_zw']
[2026-03-25T13:56:09.756+0000] {standard_task_runner.py:91} INFO - Job 140: Subtask extract.extract_and_load_to_staging
[2026-03-25T13:56:09.981+0000] {task_command.py:426} INFO - Running <TaskInstance: e_commerce_dw_etl.extract.extract_and_load_to_staging scheduled__2025-03-11T00:00:00+00:00 [running]> on host 85f4963e6238
[2026-03-25T13:56:10.204+0000] {taskinstance.py:2648} INFO - Exporting env vars: AIRFLOW_CTX_DAG_OWNER='***' AIRFLOW_CTX_DAG_ID='e_commerce_dw_etl' AIRFLOW_CTX_TASK_ID='extract.extract_and_load_to_staging' AIRFLOW_CTX_EXECUTION_DATE='2025-03-11T00:00:00+00:00' AIRFLOW_CTX_TRY_NUMBER='1' AIRFLOW_CTX_DAG_RUN_ID='scheduled__2025-03-11T00:00:00+00:00'
[2026-03-25T13:56:10.210+0000] {taskinstance.py:430} INFO - ::endgroup::
[2026-03-25T13:56:10.489+0000] {base.py:84} INFO - Using connection ID 'mysql' for task execution.
[2026-03-25T13:56:10.513+0000] {base.py:84} INFO - Using connection ID 'mysql' for task execution.
[2026-03-25T13:56:10.529+0000] {logging_mixin.py:188} WARNING - /home/***/.local/lib/python3.10/site-packages/***/providers/common/sql/hooks/sql.py:263 UserWarning: pandas only supports SQLAlchemy connectable (engine/connection) or database string URI or sqlite3 DBAPI2 connection. Other DBAPI2 objects are not tested. Please consider using SQLAlchemy.
[2026-03-25T13:56:10.540+0000] {taskinstance.py:441} INFO - ::group::Post task execution logs
[2026-03-25T13:56:10.552+0000] {taskinstance.py:2905} ERROR - Task failed with exception
Traceback (most recent call last):
  File "/home/airflow/.local/lib/python3.10/site-packages/airflow/models/taskinstance.py", line 465, in _execute_task
    result = _execute_callable(context=context, **execute_callable_kwargs)
  File "/home/airflow/.local/lib/python3.10/site-packages/airflow/models/taskinstance.py", line 432, in _execute_callable
    return execute_callable(context=context, **execute_callable_kwargs)
  File "/home/airflow/.local/lib/python3.10/site-packages/airflow/models/baseoperator.py", line 401, in wrapper
    return func(self, *args, **kwargs)
  File "/home/airflow/.local/lib/python3.10/site-packages/airflow/operators/python.py", line 235, in execute
    return_value = self.execute_callable()
  File "/home/airflow/.local/lib/python3.10/site-packages/airflow/operators/python.py", line 252, in execute_callable
    return self.python_callable(*self.op_args, **self.op_kwargs)
  File "/opt/airflow/dags/extract_data.py", line 33, in extract_and_load_to_staging
    staging_operator.save_data_to_postgres(
  File "/opt/airflow/plugins/postgresql_operator.py", line 17, in save_data_to_postgres
    conn = self.hook.get_uri()
  File "/home/airflow/.local/lib/python3.10/site-packages/airflow/providers/postgres/hooks/postgres.py", line 204, in get_uri
    return self.sqlalchemy_url.render_as_string(hide_password=False)
  File "/home/airflow/.local/lib/python3.10/site-packages/airflow/providers/postgres/hooks/postgres.py", line 119, in sqlalchemy_url
    conn = self.get_connection(getattr(self, self.conn_name_attr))
  File "/home/airflow/.local/lib/python3.10/site-packages/airflow/hooks/base.py", line 83, in get_connection
    conn = Connection.get_connection_from_secrets(conn_id)
  File "/home/airflow/.local/lib/python3.10/site-packages/airflow/models/connection.py", line 519, in get_connection_from_secrets
    raise AirflowNotFoundException(f"The conn_id `{conn_id}` isn't defined")
airflow.exceptions.AirflowNotFoundException: The conn_id `postgres` isn't defined
[2026-03-25T13:56:10.571+0000] {taskinstance.py:1206} INFO - Marking task as FAILED. dag_id=e_commerce_dw_etl, task_id=extract.extract_and_load_to_staging, run_id=scheduled__2025-03-11T00:00:00+00:00, execution_date=20250311T000000, start_date=20260325T135609, end_date=20260325T135610
[2026-03-25T13:56:10.590+0000] {standard_task_runner.py:110} ERROR - Failed to execute job 140 for task extract.extract_and_load_to_staging (The conn_id `postgres` isn't defined; 673)
[2026-03-25T13:56:10.627+0000] {local_task_job_runner.py:240} INFO - Task exited with return code 1
[2026-03-25T13:56:10.669+0000] {taskinstance.py:3503} INFO - 0 downstream tasks scheduled from follow-on schedule check
[2026-03-25T13:56:10.680+0000] {local_task_job_runner.py:222} INFO - ::endgroup::
[2026-03-26T03:44:13.983+0000] {local_task_job_runner.py:120} INFO - ::group::Pre task execution logs
[2026-03-26T03:44:14.109+0000] {taskinstance.py:2076} INFO - Dependencies all met for dep_context=non-requeueable deps ti=<TaskInstance: e_commerce_dw_etl.extract.extract_and_load_to_staging scheduled__2025-03-11T00:00:00+00:00 [queued]>
[2026-03-26T03:44:14.171+0000] {taskinstance.py:2076} INFO - Dependencies all met for dep_context=requeueable deps ti=<TaskInstance: e_commerce_dw_etl.extract.extract_and_load_to_staging scheduled__2025-03-11T00:00:00+00:00 [queued]>
[2026-03-26T03:44:14.173+0000] {taskinstance.py:2306} INFO - Starting attempt 1 of 1
[2026-03-26T03:44:14.227+0000] {taskinstance.py:2330} INFO - Executing <Task(PythonOperator): extract.extract_and_load_to_staging> on 2025-03-11 00:00:00+00:00
[2026-03-26T03:44:14.281+0000] {standard_task_runner.py:63} INFO - Started process 2392 to run task
[2026-03-26T03:44:14.319+0000] {standard_task_runner.py:90} INFO - Running: ['***', 'tasks', 'run', 'e_commerce_dw_etl', 'extract.extract_and_load_to_staging', 'scheduled__2025-03-11T00:00:00+00:00', '--job-id', '797', '--raw', '--subdir', 'DAGS_FOLDER/e_commerce_dw_dag.py', '--cfg-path', '/tmp/tmpmx8_rb4w']
[2026-03-26T03:44:14.342+0000] {standard_task_runner.py:91} INFO - Job 797: Subtask extract.extract_and_load_to_staging
[2026-03-26T03:44:14.781+0000] {task_command.py:426} INFO - Running <TaskInstance: e_commerce_dw_etl.extract.extract_and_load_to_staging scheduled__2025-03-11T00:00:00+00:00 [running]> on host 031edd3e030e
[2026-03-26T03:44:16.408+0000] {taskinstance.py:2648} INFO - Exporting env vars: AIRFLOW_CTX_DAG_OWNER='***' AIRFLOW_CTX_DAG_ID='e_commerce_dw_etl' AIRFLOW_CTX_TASK_ID='extract.extract_and_load_to_staging' AIRFLOW_CTX_EXECUTION_DATE='2025-03-11T00:00:00+00:00' AIRFLOW_CTX_TRY_NUMBER='1' AIRFLOW_CTX_DAG_RUN_ID='scheduled__2025-03-11T00:00:00+00:00'
[2026-03-26T03:44:16.411+0000] {taskinstance.py:430} INFO - ::endgroup::
[2026-03-26T03:44:16.466+0000] {crypto.py:82} WARNING - empty cryptography key - values will not be stored encrypted.
[2026-03-26T03:44:16.469+0000] {base.py:84} INFO - Using connection ID 'mysql' for task execution.
[2026-03-26T03:44:16.491+0000] {base.py:84} INFO - Using connection ID 'mysql' for task execution.
[2026-03-26T03:44:16.524+0000] {logging_mixin.py:188} WARNING - /home/***/.local/lib/python3.10/site-packages/***/providers/common/sql/hooks/sql.py:263 UserWarning: pandas only supports SQLAlchemy connectable (engine/connection) or database string URI or sqlite3 DBAPI2 connection. Other DBAPI2 objects are not tested. Please consider using SQLAlchemy.
[2026-03-26T03:44:16.554+0000] {base.py:84} INFO - Using connection ID 'postgres' for task execution.
[2026-03-26T03:44:16.677+0000] {logging_mixin.py:188} INFO - Đã trích xuất và lưu bảng product_category_name_translation từ MySQL vào PostgreSQL public
[2026-03-26T03:44:16.684+0000] {base.py:84} INFO - Using connection ID 'mysql' for task execution.
[2026-03-26T03:44:16.721+0000] {logging_mixin.py:188} WARNING - /home/***/.local/lib/python3.10/site-packages/***/providers/common/sql/hooks/sql.py:263 UserWarning: pandas only supports SQLAlchemy connectable (engine/connection) or database string URI or sqlite3 DBAPI2 connection. Other DBAPI2 objects are not tested. Please consider using SQLAlchemy.
[2026-03-26T03:44:16.734+0000] {base.py:84} INFO - Using connection ID 'postgres' for task execution.
[2026-03-26T03:44:16.998+0000] {logging_mixin.py:188} INFO - Đã trích xuất và lưu bảng geolocation từ MySQL vào PostgreSQL public
[2026-03-26T03:44:17.005+0000] {base.py:84} INFO - Using connection ID 'mysql' for task execution.
[2026-03-26T03:44:17.023+0000] {logging_mixin.py:188} WARNING - /home/***/.local/lib/python3.10/site-packages/***/providers/common/sql/hooks/sql.py:263 UserWarning: pandas only supports SQLAlchemy connectable (engine/connection) or database string URI or sqlite3 DBAPI2 connection. Other DBAPI2 objects are not tested. Please consider using SQLAlchemy.
[2026-03-26T03:44:17.041+0000] {base.py:84} INFO - Using connection ID 'postgres' for task execution.
[2026-03-26T03:44:17.342+0000] {logging_mixin.py:188} INFO - Đã trích xuất và lưu bảng sellers từ MySQL vào PostgreSQL public
[2026-03-26T03:44:17.351+0000] {base.py:84} INFO - Using connection ID 'mysql' for task execution.
[2026-03-26T03:44:17.451+0000] {logging_mixin.py:188} WARNING - /home/***/.local/lib/python3.10/site-packages/***/providers/common/sql/hooks/sql.py:263 UserWarning: pandas only supports SQLAlchemy connectable (engine/connection) or database string URI or sqlite3 DBAPI2 connection. Other DBAPI2 objects are not tested. Please consider using SQLAlchemy.
[2026-03-26T03:44:17.456+0000] {base.py:84} INFO - Using connection ID 'postgres' for task execution.
[2026-03-26T03:44:17.738+0000] {logging_mixin.py:188} INFO - Đã trích xuất và lưu bảng customers từ MySQL vào PostgreSQL public
[2026-03-26T03:44:17.743+0000] {base.py:84} INFO - Using connection ID 'mysql' for task execution.
[2026-03-26T03:44:17.772+0000] {logging_mixin.py:188} WARNING - /home/***/.local/lib/python3.10/site-packages/***/providers/common/sql/hooks/sql.py:263 UserWarning: pandas only supports SQLAlchemy connectable (engine/connection) or database string URI or sqlite3 DBAPI2 connection. Other DBAPI2 objects are not tested. Please consider using SQLAlchemy.
[2026-03-26T03:44:17.821+0000] {base.py:84} INFO - Using connection ID 'postgres' for task execution.
[2026-03-26T03:44:18.230+0000] {logging_mixin.py:188} INFO - Đã trích xuất và lưu bảng products từ MySQL vào PostgreSQL public
[2026-03-26T03:44:18.240+0000] {base.py:84} INFO - Using connection ID 'mysql' for task execution.
[2026-03-26T03:44:18.264+0000] {logging_mixin.py:188} WARNING - /home/***/.local/lib/python3.10/site-packages/***/providers/common/sql/hooks/sql.py:263 UserWarning: pandas only supports SQLAlchemy connectable (engine/connection) or database string URI or sqlite3 DBAPI2 connection. Other DBAPI2 objects are not tested. Please consider using SQLAlchemy.
[2026-03-26T03:44:18.355+0000] {base.py:84} INFO - Using connection ID 'postgres' for task execution.
[2026-03-26T03:44:18.681+0000] {logging_mixin.py:188} INFO - Đã trích xuất và lưu bảng orders từ MySQL vào PostgreSQL public
[2026-03-26T03:44:18.720+0000] {base.py:84} INFO - Using connection ID 'mysql' for task execution.
[2026-03-26T03:44:18.787+0000] {logging_mixin.py:188} WARNING - /home/***/.local/lib/python3.10/site-packages/***/providers/common/sql/hooks/sql.py:263 UserWarning: pandas only supports SQLAlchemy connectable (engine/connection) or database string URI or sqlite3 DBAPI2 connection. Other DBAPI2 objects are not tested. Please consider using SQLAlchemy.
[2026-03-26T03:44:18.821+0000] {base.py:84} INFO - Using connection ID 'postgres' for task execution.
[2026-03-26T03:44:19.398+0000] {logging_mixin.py:188} INFO - Đã trích xuất và lưu bảng order_items từ MySQL vào PostgreSQL public
[2026-03-26T03:44:19.405+0000] {base.py:84} INFO - Using connection ID 'mysql' for task execution.
[2026-03-26T03:44:19.445+0000] {logging_mixin.py:188} WARNING - /home/***/.local/lib/python3.10/site-packages/***/providers/common/sql/hooks/sql.py:263 UserWarning: pandas only supports SQLAlchemy connectable (engine/connection) or database string URI or sqlite3 DBAPI2 connection. Other DBAPI2 objects are not tested. Please consider using SQLAlchemy.
[2026-03-26T03:44:19.485+0000] {base.py:84} INFO - Using connection ID 'postgres' for task execution.
[2026-03-26T03:44:19.653+0000] {logging_mixin.py:188} INFO - Đã trích xuất và lưu bảng payments từ MySQL vào PostgreSQL public
[2026-03-26T03:44:19.662+0000] {base.py:84} INFO - Using connection ID 'mysql' for task execution.
[2026-03-26T03:44:19.677+0000] {logging_mixin.py:188} WARNING - /home/***/.local/lib/python3.10/site-packages/***/providers/common/sql/hooks/sql.py:263 UserWarning: pandas only supports SQLAlchemy connectable (engine/connection) or database string URI or sqlite3 DBAPI2 connection. Other DBAPI2 objects are not tested. Please consider using SQLAlchemy.
[2026-03-26T03:44:19.687+0000] {base.py:84} INFO - Using connection ID 'postgres' for task execution.
[2026-03-26T03:44:19.976+0000] {logging_mixin.py:188} INFO - Đã trích xuất và lưu bảng order_reviews từ MySQL vào PostgreSQL public
[2026-03-26T03:44:19.984+0000] {python.py:237} INFO - Done. Returned value was: None
[2026-03-26T03:44:19.993+0000] {taskinstance.py:441} INFO - ::group::Post task execution logs
[2026-03-26T03:44:20.025+0000] {taskinstance.py:1206} INFO - Marking task as SUCCESS. dag_id=e_commerce_dw_etl, task_id=extract.extract_and_load_to_staging, run_id=scheduled__2025-03-11T00:00:00+00:00, execution_date=20250311T000000, start_date=20260326T034414, end_date=20260326T034420
[2026-03-26T03:44:20.180+0000] {local_task_job_runner.py:240} INFO - Task exited with return code 0
[2026-03-26T03:44:20.321+0000] {taskinstance.py:3503} INFO - 6 downstream tasks scheduled from follow-on schedule check
[2026-03-26T03:44:20.364+0000] {local_task_job_runner.py:222} INFO - ::endgroup::
[2026-03-26T04:08:58.822+0000] {local_task_job_runner.py:120} INFO - ::group::Pre task execution logs
[2026-03-26T04:08:59.157+0000] {taskinstance.py:2076} INFO - Dependencies all met for dep_context=non-requeueable deps ti=<TaskInstance: e_commerce_dw_etl.extract.extract_and_load_to_staging scheduled__2025-03-11T00:00:00+00:00 [queued]>
[2026-03-26T04:08:59.216+0000] {taskinstance.py:2076} INFO - Dependencies all met for dep_context=requeueable deps ti=<TaskInstance: e_commerce_dw_etl.extract.extract_and_load_to_staging scheduled__2025-03-11T00:00:00+00:00 [queued]>
[2026-03-26T04:08:59.223+0000] {taskinstance.py:2306} INFO - Starting attempt 1 of 1
[2026-03-26T04:08:59.302+0000] {taskinstance.py:2330} INFO - Executing <Task(PythonOperator): extract.extract_and_load_to_staging> on 2025-03-11 00:00:00+00:00
[2026-03-26T04:08:59.328+0000] {standard_task_runner.py:63} INFO - Started process 1145 to run task
[2026-03-26T04:08:59.349+0000] {standard_task_runner.py:90} INFO - Running: ['***', 'tasks', 'run', 'e_commerce_dw_etl', 'extract.extract_and_load_to_staging', 'scheduled__2025-03-11T00:00:00+00:00', '--job-id', '237', '--raw', '--subdir', 'DAGS_FOLDER/e_commerce_dw_dag.py', '--cfg-path', '/tmp/tmp4zhws9tn']
[2026-03-26T04:08:59.369+0000] {standard_task_runner.py:91} INFO - Job 237: Subtask extract.extract_and_load_to_staging
[2026-03-26T04:08:59.679+0000] {task_command.py:426} INFO - Running <TaskInstance: e_commerce_dw_etl.extract.extract_and_load_to_staging scheduled__2025-03-11T00:00:00+00:00 [running]> on host 2d1a3218d35e
[2026-03-26T04:09:00.695+0000] {taskinstance.py:2648} INFO - Exporting env vars: AIRFLOW_CTX_DAG_OWNER='***' AIRFLOW_CTX_DAG_ID='e_commerce_dw_etl' AIRFLOW_CTX_TASK_ID='extract.extract_and_load_to_staging' AIRFLOW_CTX_EXECUTION_DATE='2025-03-11T00:00:00+00:00' AIRFLOW_CTX_TRY_NUMBER='1' AIRFLOW_CTX_DAG_RUN_ID='scheduled__2025-03-11T00:00:00+00:00'
[2026-03-26T04:09:00.705+0000] {taskinstance.py:430} INFO - ::endgroup::
[2026-03-26T04:09:00.738+0000] {crypto.py:82} WARNING - empty cryptography key - values will not be stored encrypted.
[2026-03-26T04:09:00.744+0000] {base.py:84} INFO - Using connection ID 'mysql' for task execution.
[2026-03-26T04:09:00.784+0000] {base.py:84} INFO - Using connection ID 'mysql' for task execution.
[2026-03-26T04:09:00.807+0000] {logging_mixin.py:188} WARNING - /home/***/.local/lib/python3.10/site-packages/***/providers/common/sql/hooks/sql.py:263 UserWarning: pandas only supports SQLAlchemy connectable (engine/connection) or database string URI or sqlite3 DBAPI2 connection. Other DBAPI2 objects are not tested. Please consider using SQLAlchemy.
[2026-03-26T04:09:00.820+0000] {base.py:84} INFO - Using connection ID 'postgres' for task execution.
[2026-03-26T04:09:00.959+0000] {logging_mixin.py:188} INFO - Đã trích xuất và lưu bảng product_category_name_translation từ MySQL vào PostgreSQL public
[2026-03-26T04:09:00.961+0000] {base.py:84} INFO - Using connection ID 'mysql' for task execution.
[2026-03-26T04:09:00.973+0000] {logging_mixin.py:188} WARNING - /home/***/.local/lib/python3.10/site-packages/***/providers/common/sql/hooks/sql.py:263 UserWarning: pandas only supports SQLAlchemy connectable (engine/connection) or database string URI or sqlite3 DBAPI2 connection. Other DBAPI2 objects are not tested. Please consider using SQLAlchemy.
[2026-03-26T04:09:01.239+0000] {base.py:84} INFO - Using connection ID 'postgres' for task execution.
[2026-03-26T04:09:05.808+0000] {logging_mixin.py:188} INFO - Đã trích xuất và lưu bảng geolocation từ MySQL vào PostgreSQL public
[2026-03-26T04:09:05.818+0000] {base.py:84} INFO - Using connection ID 'mysql' for task execution.
[2026-03-26T04:09:05.831+0000] {logging_mixin.py:188} WARNING - /home/***/.local/lib/python3.10/site-packages/***/providers/common/sql/hooks/sql.py:263 UserWarning: pandas only supports SQLAlchemy connectable (engine/connection) or database string URI or sqlite3 DBAPI2 connection. Other DBAPI2 objects are not tested. Please consider using SQLAlchemy.
[2026-03-26T04:09:05.851+0000] {base.py:84} INFO - Using connection ID 'postgres' for task execution.
[2026-03-26T04:09:06.289+0000] {logging_mixin.py:188} INFO - Đã trích xuất và lưu bảng sellers từ MySQL vào PostgreSQL public
[2026-03-26T04:09:06.292+0000] {base.py:84} INFO - Using connection ID 'mysql' for task execution.
[2026-03-26T04:09:06.313+0000] {logging_mixin.py:188} WARNING - /home/***/.local/lib/python3.10/site-packages/***/providers/common/sql/hooks/sql.py:263 UserWarning: pandas only supports SQLAlchemy connectable (engine/connection) or database string URI or sqlite3 DBAPI2 connection. Other DBAPI2 objects are not tested. Please consider using SQLAlchemy.
[2026-03-26T04:09:07.221+0000] {base.py:84} INFO - Using connection ID 'postgres' for task execution.
[2026-03-26T04:09:23.231+0000] {logging_mixin.py:188} INFO - Đã trích xuất và lưu bảng customers từ MySQL vào PostgreSQL public
[2026-03-26T04:09:23.248+0000] {base.py:84} INFO - Using connection ID 'mysql' for task execution.
[2026-03-26T04:09:23.264+0000] {logging_mixin.py:188} WARNING - /home/***/.local/lib/python3.10/site-packages/***/providers/common/sql/hooks/sql.py:263 UserWarning: pandas only supports SQLAlchemy connectable (engine/connection) or database string URI or sqlite3 DBAPI2 connection. Other DBAPI2 objects are not tested. Please consider using SQLAlchemy.
[2026-03-26T04:09:24.622+0000] {base.py:84} INFO - Using connection ID 'postgres' for task execution.
[2026-03-26T04:09:30.739+0000] {logging_mixin.py:188} INFO - Đã trích xuất và lưu bảng products từ MySQL vào PostgreSQL public
[2026-03-26T04:09:30.746+0000] {base.py:84} INFO - Using connection ID 'mysql' for task execution.
[2026-03-26T04:09:30.758+0000] {logging_mixin.py:188} WARNING - /home/***/.local/lib/python3.10/site-packages/***/providers/common/sql/hooks/sql.py:263 UserWarning: pandas only supports SQLAlchemy connectable (engine/connection) or database string URI or sqlite3 DBAPI2 connection. Other DBAPI2 objects are not tested. Please consider using SQLAlchemy.
[2026-03-26T04:09:35.277+0000] {base.py:84} INFO - Using connection ID 'postgres' for task execution.
[2026-03-26T04:09:52.928+0000] {logging_mixin.py:188} INFO - Đã trích xuất và lưu bảng orders từ MySQL vào PostgreSQL public
[2026-03-26T04:09:52.931+0000] {base.py:84} INFO - Using connection ID 'mysql' for task execution.
[2026-03-26T04:09:52.938+0000] {logging_mixin.py:188} WARNING - /home/***/.local/lib/python3.10/site-packages/***/providers/common/sql/hooks/sql.py:263 UserWarning: pandas only supports SQLAlchemy connectable (engine/connection) or database string URI or sqlite3 DBAPI2 connection. Other DBAPI2 objects are not tested. Please consider using SQLAlchemy.
[2026-03-26T04:09:54.358+0000] {base.py:84} INFO - Using connection ID 'postgres' for task execution.
[2026-03-26T04:10:26.974+0000] {logging_mixin.py:188} INFO - Đã trích xuất và lưu bảng order_items từ MySQL vào PostgreSQL public
[2026-03-26T04:10:26.984+0000] {base.py:84} INFO - Using connection ID 'mysql' for task execution.
[2026-03-26T04:10:27.009+0000] {logging_mixin.py:188} WARNING - /home/***/.local/lib/python3.10/site-packages/***/providers/common/sql/hooks/sql.py:263 UserWarning: pandas only supports SQLAlchemy connectable (engine/connection) or database string URI or sqlite3 DBAPI2 connection. Other DBAPI2 objects are not tested. Please consider using SQLAlchemy.
[2026-03-26T04:10:28.069+0000] {base.py:84} INFO - Using connection ID 'postgres' for task execution.
[2026-03-26T04:10:40.267+0000] {logging_mixin.py:188} INFO - Đã trích xuất và lưu bảng payments từ MySQL vào PostgreSQL public
[2026-03-26T04:10:40.273+0000] {base.py:84} INFO - Using connection ID 'mysql' for task execution.
[2026-03-26T04:10:40.279+0000] {logging_mixin.py:188} WARNING - /home/***/.local/lib/python3.10/site-packages/***/providers/common/sql/hooks/sql.py:263 UserWarning: pandas only supports SQLAlchemy connectable (engine/connection) or database string URI or sqlite3 DBAPI2 connection. Other DBAPI2 objects are not tested. Please consider using SQLAlchemy.
[2026-03-26T04:10:42.544+0000] {base.py:84} INFO - Using connection ID 'postgres' for task execution.
[2026-03-26T04:11:03.912+0000] {logging_mixin.py:188} INFO - Đã trích xuất và lưu bảng order_reviews từ MySQL vào PostgreSQL public
[2026-03-26T04:11:03.981+0000] {python.py:237} INFO - Done. Returned value was: None
[2026-03-26T04:11:03.994+0000] {taskinstance.py:441} INFO - ::group::Post task execution logs
[2026-03-26T04:11:04.037+0000] {taskinstance.py:1206} INFO - Marking task as SUCCESS. dag_id=e_commerce_dw_etl, task_id=extract.extract_and_load_to_staging, run_id=scheduled__2025-03-11T00:00:00+00:00, execution_date=20250311T000000, start_date=20260326T040859, end_date=20260326T041104
[2026-03-26T04:11:05.460+0000] {local_task_job_runner.py:240} INFO - Task exited with return code 0
[2026-03-26T04:11:05.523+0000] {local_task_job_runner.py:222} INFO - ::endgroup::
