[2026-03-25T08:45:45.636+0000] {local_task_job_runner.py:120} INFO - ::group::Pre task execution logs
[2026-03-25T08:45:45.711+0000] {taskinstance.py:2076} INFO - Dependencies all met for dep_context=non-requeueable deps ti=<TaskInstance: e_commerce_dw_etl.extract.extract_and_load_to_staging scheduled__2025-11-27T00:00:00+00:00 [queued]>
[2026-03-25T08:45:45.732+0000] {taskinstance.py:2076} INFO - Dependencies all met for dep_context=requeueable deps ti=<TaskInstance: e_commerce_dw_etl.extract.extract_and_load_to_staging scheduled__2025-11-27T00:00:00+00:00 [queued]>
[2026-03-25T08:45:45.735+0000] {taskinstance.py:2306} INFO - Starting attempt 1 of 1
[2026-03-25T08:45:45.829+0000] {taskinstance.py:2330} INFO - Executing <Task(PythonOperator): extract.extract_and_load_to_staging> on 2025-11-27 00:00:00+00:00
[2026-03-25T08:45:45.838+0000] {standard_task_runner.py:63} INFO - Started process 1541 to run task
[2026-03-25T08:45:45.844+0000] {standard_task_runner.py:90} INFO - Running: ['***', 'tasks', 'run', 'e_commerce_dw_etl', 'extract.extract_and_load_to_staging', 'scheduled__2025-11-27T00:00:00+00:00', '--job-id', '416', '--raw', '--subdir', 'DAGS_FOLDER/e_commerce_dw_dag.py', '--cfg-path', '/tmp/tmp_qh9eyhx']
[2026-03-25T08:45:45.850+0000] {standard_task_runner.py:91} INFO - Job 416: Subtask extract.extract_and_load_to_staging
[2026-03-25T08:45:46.001+0000] {task_command.py:426} INFO - Running <TaskInstance: e_commerce_dw_etl.extract.extract_and_load_to_staging scheduled__2025-11-27T00:00:00+00:00 [running]> on host bcd9e4848a6d
[2026-03-25T08:45:46.327+0000] {taskinstance.py:2648} INFO - Exporting env vars: AIRFLOW_CTX_DAG_OWNER='***' AIRFLOW_CTX_DAG_ID='e_commerce_dw_etl' AIRFLOW_CTX_TASK_ID='extract.extract_and_load_to_staging' AIRFLOW_CTX_EXECUTION_DATE='2025-11-27T00:00:00+00:00' AIRFLOW_CTX_TRY_NUMBER='1' AIRFLOW_CTX_DAG_RUN_ID='scheduled__2025-11-27T00:00:00+00:00'
[2026-03-25T08:45:46.329+0000] {taskinstance.py:430} INFO - ::endgroup::
[2026-03-25T08:45:46.673+0000] {mysql_operator.py:13} ERROR - Can't connect to mysql database
[2026-03-25T08:45:46.686+0000] {taskinstance.py:441} INFO - ::group::Post task execution logs
[2026-03-25T08:45:46.700+0000] {taskinstance.py:2905} ERROR - Task failed with exception
Traceback (most recent call last):
  File "/home/airflow/.local/lib/python3.10/site-packages/airflow/models/taskinstance.py", line 465, in _execute_task
    result = _execute_callable(context=context, **execute_callable_kwargs)
  File "/home/airflow/.local/lib/python3.10/site-packages/airflow/models/taskinstance.py", line 432, in _execute_callable
    return execute_callable(context=context, **execute_callable_kwargs)
  File "/home/airflow/.local/lib/python3.10/site-packages/airflow/models/baseoperator.py", line 401, in wrapper
    return func(self, *args, **kwargs)
  File "/home/airflow/.local/lib/python3.10/site-packages/airflow/operators/python.py", line 235, in execute
    return_value = self.execute_callable()
  File "/home/airflow/.local/lib/python3.10/site-packages/airflow/operators/python.py", line 252, in execute_callable
    return self.python_callable(*self.op_args, **self.op_kwargs)
  File "/opt/airflow/dags/extract_data.py", line 30, in extract_and_load_to_staging
    df = source_operator.get_data_to_pd(f"SELECT * FROM {table}")
  File "/opt/airflow/plugins/mysql_operator.py", line 15, in get_data_to_pd
    return self.mysqlhook.get_pandas_df(query)
  File "/home/airflow/.local/lib/python3.10/site-packages/airflow/providers/common/sql/hooks/sql.py", line 262, in get_pandas_df
    with closing(self.get_conn()) as conn:
  File "/home/airflow/.local/lib/python3.10/site-packages/airflow/providers/mysql/hooks/mysql.py", line 188, in get_conn
    conn = self.connection or self.get_connection(getattr(self, self.conn_name_attr))
  File "/home/airflow/.local/lib/python3.10/site-packages/airflow/hooks/base.py", line 83, in get_connection
    conn = Connection.get_connection_from_secrets(conn_id)
  File "/home/airflow/.local/lib/python3.10/site-packages/airflow/models/connection.py", line 519, in get_connection_from_secrets
    raise AirflowNotFoundException(f"The conn_id `{conn_id}` isn't defined")
airflow.exceptions.AirflowNotFoundException: The conn_id `mysql` isn't defined
[2026-03-25T08:45:46.720+0000] {taskinstance.py:1206} INFO - Marking task as FAILED. dag_id=e_commerce_dw_etl, task_id=extract.extract_and_load_to_staging, run_id=scheduled__2025-11-27T00:00:00+00:00, execution_date=20251127T000000, start_date=20260325T084545, end_date=20260325T084546
[2026-03-25T08:45:46.868+0000] {standard_task_runner.py:110} ERROR - Failed to execute job 416 for task extract.extract_and_load_to_staging (The conn_id `mysql` isn't defined; 1541)
[2026-03-25T08:45:46.950+0000] {local_task_job_runner.py:240} INFO - Task exited with return code 1
[2026-03-25T08:45:47.040+0000] {taskinstance.py:3503} INFO - 0 downstream tasks scheduled from follow-on schedule check
[2026-03-25T08:45:47.074+0000] {local_task_job_runner.py:222} INFO - ::endgroup::
[2026-03-25T09:34:04.527+0000] {local_task_job_runner.py:120} INFO - ::group::Pre task execution logs
[2026-03-25T09:34:04.577+0000] {taskinstance.py:2076} INFO - Dependencies all met for dep_context=non-requeueable deps ti=<TaskInstance: e_commerce_dw_etl.extract.extract_and_load_to_staging scheduled__2025-11-27T00:00:00+00:00 [queued]>
[2026-03-25T09:34:04.592+0000] {taskinstance.py:2076} INFO - Dependencies all met for dep_context=requeueable deps ti=<TaskInstance: e_commerce_dw_etl.extract.extract_and_load_to_staging scheduled__2025-11-27T00:00:00+00:00 [queued]>
[2026-03-25T09:34:04.594+0000] {taskinstance.py:2306} INFO - Starting attempt 1 of 1
[2026-03-25T09:34:04.625+0000] {taskinstance.py:2330} INFO - Executing <Task(PythonOperator): extract.extract_and_load_to_staging> on 2025-11-27 00:00:00+00:00
[2026-03-25T09:34:04.637+0000] {standard_task_runner.py:63} INFO - Started process 1211 to run task
[2026-03-25T09:34:04.643+0000] {standard_task_runner.py:90} INFO - Running: ['***', 'tasks', 'run', 'e_commerce_dw_etl', 'extract.extract_and_load_to_staging', 'scheduled__2025-11-27T00:00:00+00:00', '--job-id', '404', '--raw', '--subdir', 'DAGS_FOLDER/e_commerce_dw_dag.py', '--cfg-path', '/tmp/tmp6tr6bnmm']
[2026-03-25T09:34:04.652+0000] {standard_task_runner.py:91} INFO - Job 404: Subtask extract.extract_and_load_to_staging
[2026-03-25T09:34:04.833+0000] {task_command.py:426} INFO - Running <TaskInstance: e_commerce_dw_etl.extract.extract_and_load_to_staging scheduled__2025-11-27T00:00:00+00:00 [running]> on host 0d903260eca4
[2026-03-25T09:34:04.993+0000] {taskinstance.py:2648} INFO - Exporting env vars: AIRFLOW_CTX_DAG_OWNER='***' AIRFLOW_CTX_DAG_ID='e_commerce_dw_etl' AIRFLOW_CTX_TASK_ID='extract.extract_and_load_to_staging' AIRFLOW_CTX_EXECUTION_DATE='2025-11-27T00:00:00+00:00' AIRFLOW_CTX_TRY_NUMBER='1' AIRFLOW_CTX_DAG_RUN_ID='scheduled__2025-11-27T00:00:00+00:00'
[2026-03-25T09:34:04.997+0000] {taskinstance.py:430} INFO - ::endgroup::
[2026-03-25T09:34:05.371+0000] {mysql_operator.py:13} ERROR - Can't connect to mysql database
[2026-03-25T09:34:05.386+0000] {taskinstance.py:441} INFO - ::group::Post task execution logs
[2026-03-25T09:34:05.401+0000] {taskinstance.py:2905} ERROR - Task failed with exception
Traceback (most recent call last):
  File "/home/airflow/.local/lib/python3.10/site-packages/airflow/models/taskinstance.py", line 465, in _execute_task
    result = _execute_callable(context=context, **execute_callable_kwargs)
  File "/home/airflow/.local/lib/python3.10/site-packages/airflow/models/taskinstance.py", line 432, in _execute_callable
    return execute_callable(context=context, **execute_callable_kwargs)
  File "/home/airflow/.local/lib/python3.10/site-packages/airflow/models/baseoperator.py", line 401, in wrapper
    return func(self, *args, **kwargs)
  File "/home/airflow/.local/lib/python3.10/site-packages/airflow/operators/python.py", line 235, in execute
    return_value = self.execute_callable()
  File "/home/airflow/.local/lib/python3.10/site-packages/airflow/operators/python.py", line 252, in execute_callable
    return self.python_callable(*self.op_args, **self.op_kwargs)
  File "/opt/airflow/dags/extract_data.py", line 30, in extract_and_load_to_staging
    df = source_operator.get_data_to_pd(f"SELECT * FROM {table}")
  File "/opt/airflow/plugins/mysql_operator.py", line 15, in get_data_to_pd
    return self.mysqlhook.get_pandas_df(query)
  File "/home/airflow/.local/lib/python3.10/site-packages/airflow/providers/common/sql/hooks/sql.py", line 262, in get_pandas_df
    with closing(self.get_conn()) as conn:
  File "/home/airflow/.local/lib/python3.10/site-packages/airflow/providers/mysql/hooks/mysql.py", line 188, in get_conn
    conn = self.connection or self.get_connection(getattr(self, self.conn_name_attr))
  File "/home/airflow/.local/lib/python3.10/site-packages/airflow/hooks/base.py", line 83, in get_connection
    conn = Connection.get_connection_from_secrets(conn_id)
  File "/home/airflow/.local/lib/python3.10/site-packages/airflow/models/connection.py", line 519, in get_connection_from_secrets
    raise AirflowNotFoundException(f"The conn_id `{conn_id}` isn't defined")
airflow.exceptions.AirflowNotFoundException: The conn_id `mysql` isn't defined
[2026-03-25T09:34:05.432+0000] {taskinstance.py:1206} INFO - Marking task as FAILED. dag_id=e_commerce_dw_etl, task_id=extract.extract_and_load_to_staging, run_id=scheduled__2025-11-27T00:00:00+00:00, execution_date=20251127T000000, start_date=20260325T093404, end_date=20260325T093405
[2026-03-25T09:34:05.573+0000] {standard_task_runner.py:110} ERROR - Failed to execute job 404 for task extract.extract_and_load_to_staging (The conn_id `mysql` isn't defined; 1211)
[2026-03-25T09:34:05.644+0000] {local_task_job_runner.py:240} INFO - Task exited with return code 1
[2026-03-25T09:34:05.703+0000] {taskinstance.py:3503} INFO - 0 downstream tasks scheduled from follow-on schedule check
[2026-03-25T09:34:05.719+0000] {local_task_job_runner.py:222} INFO - ::endgroup::
[2026-03-25T11:01:21.381+0000] {local_task_job_runner.py:120} INFO - ::group::Pre task execution logs
[2026-03-25T11:01:21.476+0000] {taskinstance.py:2076} INFO - Dependencies all met for dep_context=non-requeueable deps ti=<TaskInstance: e_commerce_dw_etl.extract.extract_and_load_to_staging scheduled__2025-11-27T00:00:00+00:00 [queued]>
[2026-03-25T11:01:21.503+0000] {taskinstance.py:2076} INFO - Dependencies all met for dep_context=requeueable deps ti=<TaskInstance: e_commerce_dw_etl.extract.extract_and_load_to_staging scheduled__2025-11-27T00:00:00+00:00 [queued]>
[2026-03-25T11:01:21.505+0000] {taskinstance.py:2306} INFO - Starting attempt 1 of 1
[2026-03-25T11:01:21.685+0000] {taskinstance.py:2330} INFO - Executing <Task(PythonOperator): extract.extract_and_load_to_staging> on 2025-11-27 00:00:00+00:00
[2026-03-25T11:01:21.703+0000] {standard_task_runner.py:63} INFO - Started process 1399 to run task
[2026-03-25T11:01:21.711+0000] {standard_task_runner.py:90} INFO - Running: ['***', 'tasks', 'run', 'e_commerce_dw_etl', 'extract.extract_and_load_to_staging', 'scheduled__2025-11-27T00:00:00+00:00', '--job-id', '402', '--raw', '--subdir', 'DAGS_FOLDER/e_commerce_dw_dag.py', '--cfg-path', '/tmp/tmpiawwkueh']
[2026-03-25T11:01:21.749+0000] {standard_task_runner.py:91} INFO - Job 402: Subtask extract.extract_and_load_to_staging
[2026-03-25T11:01:21.990+0000] {task_command.py:426} INFO - Running <TaskInstance: e_commerce_dw_etl.extract.extract_and_load_to_staging scheduled__2025-11-27T00:00:00+00:00 [running]> on host b7a6f340f223
[2026-03-25T11:01:22.303+0000] {taskinstance.py:2648} INFO - Exporting env vars: AIRFLOW_CTX_DAG_OWNER='***' AIRFLOW_CTX_DAG_ID='e_commerce_dw_etl' AIRFLOW_CTX_TASK_ID='extract.extract_and_load_to_staging' AIRFLOW_CTX_EXECUTION_DATE='2025-11-27T00:00:00+00:00' AIRFLOW_CTX_TRY_NUMBER='1' AIRFLOW_CTX_DAG_RUN_ID='scheduled__2025-11-27T00:00:00+00:00'
[2026-03-25T11:01:22.311+0000] {taskinstance.py:430} INFO - ::endgroup::
[2026-03-25T11:01:22.879+0000] {crypto.py:82} WARNING - empty cryptography key - values will not be stored encrypted.
[2026-03-25T11:01:22.888+0000] {base.py:84} INFO - Using connection ID 'mysql' for task execution.
[2026-03-25T11:01:26.784+0000] {mysql_operator.py:13} ERROR - Can't connect to mysql database
[2026-03-25T11:01:26.796+0000] {base.py:84} INFO - Using connection ID 'mysql' for task execution.
[2026-03-25T11:01:30.647+0000] {taskinstance.py:441} INFO - ::group::Post task execution logs
[2026-03-25T11:01:30.648+0000] {taskinstance.py:2905} ERROR - Task failed with exception
Traceback (most recent call last):
  File "/home/airflow/.local/lib/python3.10/site-packages/airflow/models/taskinstance.py", line 465, in _execute_task
    result = _execute_callable(context=context, **execute_callable_kwargs)
  File "/home/airflow/.local/lib/python3.10/site-packages/airflow/models/taskinstance.py", line 432, in _execute_callable
    return execute_callable(context=context, **execute_callable_kwargs)
  File "/home/airflow/.local/lib/python3.10/site-packages/airflow/models/baseoperator.py", line 401, in wrapper
    return func(self, *args, **kwargs)
  File "/home/airflow/.local/lib/python3.10/site-packages/airflow/operators/python.py", line 235, in execute
    return_value = self.execute_callable()
  File "/home/airflow/.local/lib/python3.10/site-packages/airflow/operators/python.py", line 252, in execute_callable
    return self.python_callable(*self.op_args, **self.op_kwargs)
  File "/opt/airflow/dags/extract_data.py", line 30, in extract_and_load_to_staging
    df = source_operator.get_data_to_pd(f"SELECT * FROM {table}")
  File "/opt/airflow/plugins/mysql_operator.py", line 15, in get_data_to_pd
    return self.mysqlhook.get_pandas_df(query)
  File "/home/airflow/.local/lib/python3.10/site-packages/airflow/providers/common/sql/hooks/sql.py", line 262, in get_pandas_df
    with closing(self.get_conn()) as conn:
  File "/home/airflow/.local/lib/python3.10/site-packages/airflow/providers/mysql/hooks/mysql.py", line 196, in get_conn
    return MySQLdb.connect(**conn_config)
  File "/home/airflow/.local/lib/python3.10/site-packages/MySQLdb/__init__.py", line 121, in Connect
    return Connection(*args, **kwargs)
  File "/home/airflow/.local/lib/python3.10/site-packages/MySQLdb/connections.py", line 195, in __init__
    super().__init__(*args, **kwargs2)
MySQLdb.OperationalError: (2005, "Unknown server host 'mysql' (-2)")
[2026-03-25T11:01:30.682+0000] {taskinstance.py:1206} INFO - Marking task as FAILED. dag_id=e_commerce_dw_etl, task_id=extract.extract_and_load_to_staging, run_id=scheduled__2025-11-27T00:00:00+00:00, execution_date=20251127T000000, start_date=20260325T110121, end_date=20260325T110130
[2026-03-25T11:01:30.702+0000] {standard_task_runner.py:110} ERROR - Failed to execute job 402 for task extract.extract_and_load_to_staging ((2005, "Unknown server host 'mysql' (-2)"); 1399)
[2026-03-25T11:01:30.754+0000] {local_task_job_runner.py:240} INFO - Task exited with return code 1
[2026-03-25T11:01:30.800+0000] {taskinstance.py:3503} INFO - 0 downstream tasks scheduled from follow-on schedule check
[2026-03-25T11:01:30.813+0000] {local_task_job_runner.py:222} INFO - ::endgroup::
[2026-03-25T11:20:43.579+0000] {local_task_job_runner.py:120} INFO - ::group::Pre task execution logs
[2026-03-25T11:20:43.629+0000] {taskinstance.py:2076} INFO - Dependencies all met for dep_context=non-requeueable deps ti=<TaskInstance: e_commerce_dw_etl.extract.extract_and_load_to_staging scheduled__2025-11-27T00:00:00+00:00 [queued]>
[2026-03-25T11:20:43.640+0000] {taskinstance.py:2076} INFO - Dependencies all met for dep_context=requeueable deps ti=<TaskInstance: e_commerce_dw_etl.extract.extract_and_load_to_staging scheduled__2025-11-27T00:00:00+00:00 [queued]>
[2026-03-25T11:20:43.641+0000] {taskinstance.py:2306} INFO - Starting attempt 1 of 1
[2026-03-25T11:20:43.661+0000] {taskinstance.py:2330} INFO - Executing <Task(PythonOperator): extract.extract_and_load_to_staging> on 2025-11-27 00:00:00+00:00
[2026-03-25T11:20:43.667+0000] {standard_task_runner.py:63} INFO - Started process 1404 to run task
[2026-03-25T11:20:43.673+0000] {standard_task_runner.py:90} INFO - Running: ['***', 'tasks', 'run', 'e_commerce_dw_etl', 'extract.extract_and_load_to_staging', 'scheduled__2025-11-27T00:00:00+00:00', '--job-id', '401', '--raw', '--subdir', 'DAGS_FOLDER/e_commerce_dw_dag.py', '--cfg-path', '/tmp/tmpgsdyyss2']
[2026-03-25T11:20:43.678+0000] {standard_task_runner.py:91} INFO - Job 401: Subtask extract.extract_and_load_to_staging
[2026-03-25T11:20:43.794+0000] {task_command.py:426} INFO - Running <TaskInstance: e_commerce_dw_etl.extract.extract_and_load_to_staging scheduled__2025-11-27T00:00:00+00:00 [running]> on host d26a046c4728
[2026-03-25T11:20:43.907+0000] {taskinstance.py:2648} INFO - Exporting env vars: AIRFLOW_CTX_DAG_OWNER='***' AIRFLOW_CTX_DAG_ID='e_commerce_dw_etl' AIRFLOW_CTX_TASK_ID='extract.extract_and_load_to_staging' AIRFLOW_CTX_EXECUTION_DATE='2025-11-27T00:00:00+00:00' AIRFLOW_CTX_TRY_NUMBER='1' AIRFLOW_CTX_DAG_RUN_ID='scheduled__2025-11-27T00:00:00+00:00'
[2026-03-25T11:20:43.908+0000] {taskinstance.py:430} INFO - ::endgroup::
[2026-03-25T11:20:44.105+0000] {base.py:84} INFO - Using connection ID 'mysql' for task execution.
[2026-03-25T11:20:47.955+0000] {mysql_operator.py:13} ERROR - Can't connect to mysql database
[2026-03-25T11:20:47.964+0000] {base.py:84} INFO - Using connection ID 'mysql' for task execution.
[2026-03-25T11:20:51.807+0000] {taskinstance.py:441} INFO - ::group::Post task execution logs
[2026-03-25T11:20:51.808+0000] {taskinstance.py:2905} ERROR - Task failed with exception
Traceback (most recent call last):
  File "/home/airflow/.local/lib/python3.10/site-packages/airflow/models/taskinstance.py", line 465, in _execute_task
    result = _execute_callable(context=context, **execute_callable_kwargs)
  File "/home/airflow/.local/lib/python3.10/site-packages/airflow/models/taskinstance.py", line 432, in _execute_callable
    return execute_callable(context=context, **execute_callable_kwargs)
  File "/home/airflow/.local/lib/python3.10/site-packages/airflow/models/baseoperator.py", line 401, in wrapper
    return func(self, *args, **kwargs)
  File "/home/airflow/.local/lib/python3.10/site-packages/airflow/operators/python.py", line 235, in execute
    return_value = self.execute_callable()
  File "/home/airflow/.local/lib/python3.10/site-packages/airflow/operators/python.py", line 252, in execute_callable
    return self.python_callable(*self.op_args, **self.op_kwargs)
  File "/opt/airflow/dags/extract_data.py", line 30, in extract_and_load_to_staging
    df = source_operator.get_data_to_pd(f"SELECT * FROM {table}")
  File "/opt/airflow/plugins/mysql_operator.py", line 15, in get_data_to_pd
    return self.mysqlhook.get_pandas_df(query)
  File "/home/airflow/.local/lib/python3.10/site-packages/airflow/providers/common/sql/hooks/sql.py", line 262, in get_pandas_df
    with closing(self.get_conn()) as conn:
  File "/home/airflow/.local/lib/python3.10/site-packages/airflow/providers/mysql/hooks/mysql.py", line 196, in get_conn
    return MySQLdb.connect(**conn_config)
  File "/home/airflow/.local/lib/python3.10/site-packages/MySQLdb/__init__.py", line 121, in Connect
    return Connection(*args, **kwargs)
  File "/home/airflow/.local/lib/python3.10/site-packages/MySQLdb/connections.py", line 195, in __init__
    super().__init__(*args, **kwargs2)
MySQLdb.OperationalError: (2005, "Unknown server host 'mysql' (-2)")
[2026-03-25T11:20:51.824+0000] {taskinstance.py:1206} INFO - Marking task as FAILED. dag_id=e_commerce_dw_etl, task_id=extract.extract_and_load_to_staging, run_id=scheduled__2025-11-27T00:00:00+00:00, execution_date=20251127T000000, start_date=20260325T112043, end_date=20260325T112051
[2026-03-25T11:20:51.835+0000] {standard_task_runner.py:110} ERROR - Failed to execute job 401 for task extract.extract_and_load_to_staging ((2005, "Unknown server host 'mysql' (-2)"); 1404)
[2026-03-25T11:20:51.865+0000] {local_task_job_runner.py:240} INFO - Task exited with return code 1
[2026-03-25T11:20:51.884+0000] {taskinstance.py:3503} INFO - 0 downstream tasks scheduled from follow-on schedule check
[2026-03-25T11:20:51.890+0000] {local_task_job_runner.py:222} INFO - ::endgroup::
[2026-03-25T11:43:23.665+0000] {local_task_job_runner.py:120} INFO - ::group::Pre task execution logs
[2026-03-25T11:43:23.725+0000] {taskinstance.py:2076} INFO - Dependencies all met for dep_context=non-requeueable deps ti=<TaskInstance: e_commerce_dw_etl.extract.extract_and_load_to_staging scheduled__2025-11-27T00:00:00+00:00 [queued]>
[2026-03-25T11:43:23.742+0000] {taskinstance.py:2076} INFO - Dependencies all met for dep_context=requeueable deps ti=<TaskInstance: e_commerce_dw_etl.extract.extract_and_load_to_staging scheduled__2025-11-27T00:00:00+00:00 [queued]>
[2026-03-25T11:43:23.743+0000] {taskinstance.py:2306} INFO - Starting attempt 1 of 1
[2026-03-25T11:43:23.775+0000] {taskinstance.py:2330} INFO - Executing <Task(PythonOperator): extract.extract_and_load_to_staging> on 2025-11-27 00:00:00+00:00
[2026-03-25T11:43:23.785+0000] {standard_task_runner.py:63} INFO - Started process 1245 to run task
[2026-03-25T11:43:23.792+0000] {standard_task_runner.py:90} INFO - Running: ['***', 'tasks', 'run', 'e_commerce_dw_etl', 'extract.extract_and_load_to_staging', 'scheduled__2025-11-27T00:00:00+00:00', '--job-id', '401', '--raw', '--subdir', 'DAGS_FOLDER/e_commerce_dw_dag.py', '--cfg-path', '/tmp/tmp22hn0aam']
[2026-03-25T11:43:23.796+0000] {standard_task_runner.py:91} INFO - Job 401: Subtask extract.extract_and_load_to_staging
[2026-03-25T11:43:23.919+0000] {task_command.py:426} INFO - Running <TaskInstance: e_commerce_dw_etl.extract.extract_and_load_to_staging scheduled__2025-11-27T00:00:00+00:00 [running]> on host d9d1693fa74b
[2026-03-25T11:43:24.073+0000] {taskinstance.py:2648} INFO - Exporting env vars: AIRFLOW_CTX_DAG_OWNER='***' AIRFLOW_CTX_DAG_ID='e_commerce_dw_etl' AIRFLOW_CTX_TASK_ID='extract.extract_and_load_to_staging' AIRFLOW_CTX_EXECUTION_DATE='2025-11-27T00:00:00+00:00' AIRFLOW_CTX_TRY_NUMBER='1' AIRFLOW_CTX_DAG_RUN_ID='scheduled__2025-11-27T00:00:00+00:00'
[2026-03-25T11:43:24.075+0000] {taskinstance.py:430} INFO - ::endgroup::
[2026-03-25T11:43:24.378+0000] {base.py:84} INFO - Using connection ID 'mysql' for task execution.
[2026-03-25T11:43:24.406+0000] {base.py:84} INFO - Using connection ID 'mysql' for task execution.
[2026-03-25T11:43:24.424+0000] {logging_mixin.py:188} WARNING - /home/***/.local/lib/python3.10/site-packages/***/providers/common/sql/hooks/sql.py:263 UserWarning: pandas only supports SQLAlchemy connectable (engine/connection) or database string URI or sqlite3 DBAPI2 connection. Other DBAPI2 objects are not tested. Please consider using SQLAlchemy.
[2026-03-25T11:43:24.427+0000] {taskinstance.py:441} INFO - ::group::Post task execution logs
[2026-03-25T11:43:24.428+0000] {taskinstance.py:2905} ERROR - Task failed with exception
Traceback (most recent call last):
  File "/home/airflow/.local/lib/python3.10/site-packages/pandas/io/sql.py", line 2018, in execute
    cur.execute(*args, **kwargs)
  File "/home/airflow/.local/lib/python3.10/site-packages/MySQLdb/cursors.py", line 179, in execute
    res = self._query(mogrified_query)
  File "/home/airflow/.local/lib/python3.10/site-packages/MySQLdb/cursors.py", line 330, in _query
    db.query(q)
  File "/home/airflow/.local/lib/python3.10/site-packages/MySQLdb/connections.py", line 261, in query
    _mysql.connection.query(self, query)
MySQLdb.ProgrammingError: (1146, "Table 'olist.product_category_name_translation' doesn't exist")

The above exception was the direct cause of the following exception:

Traceback (most recent call last):
  File "/home/airflow/.local/lib/python3.10/site-packages/airflow/models/taskinstance.py", line 465, in _execute_task
    result = _execute_callable(context=context, **execute_callable_kwargs)
  File "/home/airflow/.local/lib/python3.10/site-packages/airflow/models/taskinstance.py", line 432, in _execute_callable
    return execute_callable(context=context, **execute_callable_kwargs)
  File "/home/airflow/.local/lib/python3.10/site-packages/airflow/models/baseoperator.py", line 401, in wrapper
    return func(self, *args, **kwargs)
  File "/home/airflow/.local/lib/python3.10/site-packages/airflow/operators/python.py", line 235, in execute
    return_value = self.execute_callable()
  File "/home/airflow/.local/lib/python3.10/site-packages/airflow/operators/python.py", line 252, in execute_callable
    return self.python_callable(*self.op_args, **self.op_kwargs)
  File "/opt/airflow/dags/extract_data.py", line 30, in extract_and_load_to_staging
    df = source_operator.get_data_to_pd(f"SELECT * FROM {table}")
  File "/opt/airflow/plugins/mysql_operator.py", line 15, in get_data_to_pd
    return self.mysqlhook.get_pandas_df(query)
  File "/home/airflow/.local/lib/python3.10/site-packages/airflow/providers/common/sql/hooks/sql.py", line 263, in get_pandas_df
    return psql.read_sql(sql, con=conn, params=parameters, **kwargs)
  File "/home/airflow/.local/lib/python3.10/site-packages/pandas/io/sql.py", line 564, in read_sql
    return pandas_sql.read_query(
  File "/home/airflow/.local/lib/python3.10/site-packages/pandas/io/sql.py", line 2078, in read_query
    cursor = self.execute(*args)
  File "/home/airflow/.local/lib/python3.10/site-packages/pandas/io/sql.py", line 2030, in execute
    raise ex from exc
pandas.errors.DatabaseError: Execution failed on sql 'SELECT * FROM product_category_name_translation': (1146, "Table 'olist.product_category_name_translation' doesn't exist")
[2026-03-25T11:43:24.452+0000] {taskinstance.py:1206} INFO - Marking task as FAILED. dag_id=e_commerce_dw_etl, task_id=extract.extract_and_load_to_staging, run_id=scheduled__2025-11-27T00:00:00+00:00, execution_date=20251127T000000, start_date=20260325T114323, end_date=20260325T114324
[2026-03-25T11:43:24.469+0000] {standard_task_runner.py:110} ERROR - Failed to execute job 401 for task extract.extract_and_load_to_staging (Execution failed on sql 'SELECT * FROM product_category_name_translation': (1146, "Table 'olist.product_category_name_translation' doesn't exist"); 1245)
[2026-03-25T11:43:24.529+0000] {local_task_job_runner.py:240} INFO - Task exited with return code 1
[2026-03-25T11:43:24.561+0000] {taskinstance.py:3503} INFO - 0 downstream tasks scheduled from follow-on schedule check
[2026-03-25T11:43:24.570+0000] {local_task_job_runner.py:222} INFO - ::endgroup::
[2026-03-25T13:58:36.312+0000] {local_task_job_runner.py:120} INFO - ::group::Pre task execution logs
[2026-03-25T13:58:36.357+0000] {taskinstance.py:2076} INFO - Dependencies all met for dep_context=non-requeueable deps ti=<TaskInstance: e_commerce_dw_etl.extract.extract_and_load_to_staging scheduled__2025-11-27T00:00:00+00:00 [queued]>
[2026-03-25T13:58:36.370+0000] {taskinstance.py:2076} INFO - Dependencies all met for dep_context=requeueable deps ti=<TaskInstance: e_commerce_dw_etl.extract.extract_and_load_to_staging scheduled__2025-11-27T00:00:00+00:00 [queued]>
[2026-03-25T13:58:36.372+0000] {taskinstance.py:2306} INFO - Starting attempt 1 of 1
[2026-03-25T13:58:36.395+0000] {taskinstance.py:2330} INFO - Executing <Task(PythonOperator): extract.extract_and_load_to_staging> on 2025-11-27 00:00:00+00:00
[2026-03-25T13:58:36.405+0000] {standard_task_runner.py:63} INFO - Started process 1326 to run task
[2026-03-25T13:58:36.410+0000] {standard_task_runner.py:90} INFO - Running: ['***', 'tasks', 'run', 'e_commerce_dw_etl', 'extract.extract_and_load_to_staging', 'scheduled__2025-11-27T00:00:00+00:00', '--job-id', '402', '--raw', '--subdir', 'DAGS_FOLDER/e_commerce_dw_dag.py', '--cfg-path', '/tmp/tmptwb6ja6p']
[2026-03-25T13:58:36.413+0000] {standard_task_runner.py:91} INFO - Job 402: Subtask extract.extract_and_load_to_staging
[2026-03-25T13:58:36.505+0000] {task_command.py:426} INFO - Running <TaskInstance: e_commerce_dw_etl.extract.extract_and_load_to_staging scheduled__2025-11-27T00:00:00+00:00 [running]> on host 85f4963e6238
[2026-03-25T13:58:36.642+0000] {taskinstance.py:2648} INFO - Exporting env vars: AIRFLOW_CTX_DAG_OWNER='***' AIRFLOW_CTX_DAG_ID='e_commerce_dw_etl' AIRFLOW_CTX_TASK_ID='extract.extract_and_load_to_staging' AIRFLOW_CTX_EXECUTION_DATE='2025-11-27T00:00:00+00:00' AIRFLOW_CTX_TRY_NUMBER='1' AIRFLOW_CTX_DAG_RUN_ID='scheduled__2025-11-27T00:00:00+00:00'
[2026-03-25T13:58:36.644+0000] {taskinstance.py:430} INFO - ::endgroup::
[2026-03-25T13:58:36.894+0000] {base.py:84} INFO - Using connection ID 'mysql' for task execution.
[2026-03-25T13:58:36.913+0000] {base.py:84} INFO - Using connection ID 'mysql' for task execution.
[2026-03-25T13:58:36.926+0000] {logging_mixin.py:188} WARNING - /home/***/.local/lib/python3.10/site-packages/***/providers/common/sql/hooks/sql.py:263 UserWarning: pandas only supports SQLAlchemy connectable (engine/connection) or database string URI or sqlite3 DBAPI2 connection. Other DBAPI2 objects are not tested. Please consider using SQLAlchemy.
[2026-03-25T13:58:36.938+0000] {taskinstance.py:441} INFO - ::group::Post task execution logs
[2026-03-25T13:58:36.949+0000] {taskinstance.py:2905} ERROR - Task failed with exception
Traceback (most recent call last):
  File "/home/airflow/.local/lib/python3.10/site-packages/airflow/models/taskinstance.py", line 465, in _execute_task
    result = _execute_callable(context=context, **execute_callable_kwargs)
  File "/home/airflow/.local/lib/python3.10/site-packages/airflow/models/taskinstance.py", line 432, in _execute_callable
    return execute_callable(context=context, **execute_callable_kwargs)
  File "/home/airflow/.local/lib/python3.10/site-packages/airflow/models/baseoperator.py", line 401, in wrapper
    return func(self, *args, **kwargs)
  File "/home/airflow/.local/lib/python3.10/site-packages/airflow/operators/python.py", line 235, in execute
    return_value = self.execute_callable()
  File "/home/airflow/.local/lib/python3.10/site-packages/airflow/operators/python.py", line 252, in execute_callable
    return self.python_callable(*self.op_args, **self.op_kwargs)
  File "/opt/airflow/dags/extract_data.py", line 33, in extract_and_load_to_staging
    staging_operator.save_data_to_postgres(
  File "/opt/airflow/plugins/postgresql_operator.py", line 17, in save_data_to_postgres
    conn = self.hook.get_uri()
  File "/home/airflow/.local/lib/python3.10/site-packages/airflow/providers/postgres/hooks/postgres.py", line 204, in get_uri
    return self.sqlalchemy_url.render_as_string(hide_password=False)
  File "/home/airflow/.local/lib/python3.10/site-packages/airflow/providers/postgres/hooks/postgres.py", line 119, in sqlalchemy_url
    conn = self.get_connection(getattr(self, self.conn_name_attr))
  File "/home/airflow/.local/lib/python3.10/site-packages/airflow/hooks/base.py", line 83, in get_connection
    conn = Connection.get_connection_from_secrets(conn_id)
  File "/home/airflow/.local/lib/python3.10/site-packages/airflow/models/connection.py", line 519, in get_connection_from_secrets
    raise AirflowNotFoundException(f"The conn_id `{conn_id}` isn't defined")
airflow.exceptions.AirflowNotFoundException: The conn_id `postgres` isn't defined
[2026-03-25T13:58:36.964+0000] {taskinstance.py:1206} INFO - Marking task as FAILED. dag_id=e_commerce_dw_etl, task_id=extract.extract_and_load_to_staging, run_id=scheduled__2025-11-27T00:00:00+00:00, execution_date=20251127T000000, start_date=20260325T135836, end_date=20260325T135836
[2026-03-25T13:58:36.984+0000] {standard_task_runner.py:110} ERROR - Failed to execute job 402 for task extract.extract_and_load_to_staging (The conn_id `postgres` isn't defined; 1326)
[2026-03-25T13:58:37.036+0000] {local_task_job_runner.py:240} INFO - Task exited with return code 1
[2026-03-25T13:58:37.059+0000] {local_task_job_runner.py:222} INFO - ::endgroup::
[2026-03-26T04:25:50.078+0000] {local_task_job_runner.py:120} INFO - ::group::Pre task execution logs
[2026-03-26T04:25:50.216+0000] {taskinstance.py:2076} INFO - Dependencies all met for dep_context=non-requeueable deps ti=<TaskInstance: e_commerce_dw_etl.extract.extract_and_load_to_staging scheduled__2025-11-27T00:00:00+00:00 [queued]>
[2026-03-26T04:25:50.235+0000] {taskinstance.py:2076} INFO - Dependencies all met for dep_context=requeueable deps ti=<TaskInstance: e_commerce_dw_etl.extract.extract_and_load_to_staging scheduled__2025-11-27T00:00:00+00:00 [queued]>
[2026-03-26T04:25:50.237+0000] {taskinstance.py:2306} INFO - Starting attempt 1 of 1
[2026-03-26T04:25:50.503+0000] {taskinstance.py:2330} INFO - Executing <Task(PythonOperator): extract.extract_and_load_to_staging> on 2025-11-27 00:00:00+00:00
[2026-03-26T04:25:50.528+0000] {standard_task_runner.py:63} INFO - Started process 3280 to run task
[2026-03-26T04:25:50.536+0000] {standard_task_runner.py:90} INFO - Running: ['***', 'tasks', 'run', 'e_commerce_dw_etl', 'extract.extract_and_load_to_staging', 'scheduled__2025-11-27T00:00:00+00:00', '--job-id', '885', '--raw', '--subdir', 'DAGS_FOLDER/e_commerce_dw_dag.py', '--cfg-path', '/tmp/tmp9b9cegkl']
[2026-03-26T04:25:50.547+0000] {standard_task_runner.py:91} INFO - Job 885: Subtask extract.extract_and_load_to_staging
[2026-03-26T04:25:50.838+0000] {task_command.py:426} INFO - Running <TaskInstance: e_commerce_dw_etl.extract.extract_and_load_to_staging scheduled__2025-11-27T00:00:00+00:00 [running]> on host 2d1a3218d35e
[2026-03-26T04:25:51.684+0000] {taskinstance.py:2648} INFO - Exporting env vars: AIRFLOW_CTX_DAG_OWNER='***' AIRFLOW_CTX_DAG_ID='e_commerce_dw_etl' AIRFLOW_CTX_TASK_ID='extract.extract_and_load_to_staging' AIRFLOW_CTX_EXECUTION_DATE='2025-11-27T00:00:00+00:00' AIRFLOW_CTX_TRY_NUMBER='1' AIRFLOW_CTX_DAG_RUN_ID='scheduled__2025-11-27T00:00:00+00:00'
[2026-03-26T04:25:51.685+0000] {taskinstance.py:430} INFO - ::endgroup::
[2026-03-26T04:25:51.709+0000] {crypto.py:82} WARNING - empty cryptography key - values will not be stored encrypted.
[2026-03-26T04:25:51.731+0000] {base.py:84} INFO - Using connection ID 'mysql' for task execution.
[2026-03-26T04:25:51.772+0000] {base.py:84} INFO - Using connection ID 'mysql' for task execution.
[2026-03-26T04:25:51.809+0000] {logging_mixin.py:188} WARNING - /home/***/.local/lib/python3.10/site-packages/***/providers/common/sql/hooks/sql.py:263 UserWarning: pandas only supports SQLAlchemy connectable (engine/connection) or database string URI or sqlite3 DBAPI2 connection. Other DBAPI2 objects are not tested. Please consider using SQLAlchemy.
[2026-03-26T04:25:51.816+0000] {base.py:84} INFO - Using connection ID 'postgres' for task execution.
[2026-03-26T04:25:51.987+0000] {logging_mixin.py:188} INFO - Đã trích xuất và lưu bảng product_category_name_translation từ MySQL vào PostgreSQL public
[2026-03-26T04:25:51.989+0000] {base.py:84} INFO - Using connection ID 'mysql' for task execution.
[2026-03-26T04:25:51.995+0000] {logging_mixin.py:188} WARNING - /home/***/.local/lib/python3.10/site-packages/***/providers/common/sql/hooks/sql.py:263 UserWarning: pandas only supports SQLAlchemy connectable (engine/connection) or database string URI or sqlite3 DBAPI2 connection. Other DBAPI2 objects are not tested. Please consider using SQLAlchemy.
[2026-03-26T04:25:52.172+0000] {base.py:84} INFO - Using connection ID 'postgres' for task execution.
[2026-03-26T04:25:54.491+0000] {logging_mixin.py:188} INFO - Đã trích xuất và lưu bảng geolocation từ MySQL vào PostgreSQL public
[2026-03-26T04:25:54.496+0000] {base.py:84} INFO - Using connection ID 'mysql' for task execution.
[2026-03-26T04:25:54.505+0000] {logging_mixin.py:188} WARNING - /home/***/.local/lib/python3.10/site-packages/***/providers/common/sql/hooks/sql.py:263 UserWarning: pandas only supports SQLAlchemy connectable (engine/connection) or database string URI or sqlite3 DBAPI2 connection. Other DBAPI2 objects are not tested. Please consider using SQLAlchemy.
[2026-03-26T04:25:54.520+0000] {base.py:84} INFO - Using connection ID 'postgres' for task execution.
[2026-03-26T04:25:55.179+0000] {logging_mixin.py:188} INFO - Đã trích xuất và lưu bảng sellers từ MySQL vào PostgreSQL public
[2026-03-26T04:25:55.184+0000] {base.py:84} INFO - Using connection ID 'mysql' for task execution.
[2026-03-26T04:25:55.218+0000] {logging_mixin.py:188} WARNING - /home/***/.local/lib/python3.10/site-packages/***/providers/common/sql/hooks/sql.py:263 UserWarning: pandas only supports SQLAlchemy connectable (engine/connection) or database string URI or sqlite3 DBAPI2 connection. Other DBAPI2 objects are not tested. Please consider using SQLAlchemy.
[2026-03-26T04:25:55.737+0000] {base.py:84} INFO - Using connection ID 'postgres' for task execution.
[2026-03-26T04:26:03.150+0000] {logging_mixin.py:188} INFO - Đã trích xuất và lưu bảng customers từ MySQL vào PostgreSQL public
[2026-03-26T04:26:03.156+0000] {base.py:84} INFO - Using connection ID 'mysql' for task execution.
[2026-03-26T04:26:03.164+0000] {logging_mixin.py:188} WARNING - /home/***/.local/lib/python3.10/site-packages/***/providers/common/sql/hooks/sql.py:263 UserWarning: pandas only supports SQLAlchemy connectable (engine/connection) or database string URI or sqlite3 DBAPI2 connection. Other DBAPI2 objects are not tested. Please consider using SQLAlchemy.
[2026-03-26T04:26:03.478+0000] {base.py:84} INFO - Using connection ID 'postgres' for task execution.
[2026-03-26T04:26:08.122+0000] {logging_mixin.py:188} INFO - Đã trích xuất và lưu bảng products từ MySQL vào PostgreSQL public
[2026-03-26T04:26:08.129+0000] {base.py:84} INFO - Using connection ID 'mysql' for task execution.
[2026-03-26T04:26:08.145+0000] {logging_mixin.py:188} WARNING - /home/***/.local/lib/python3.10/site-packages/***/providers/common/sql/hooks/sql.py:263 UserWarning: pandas only supports SQLAlchemy connectable (engine/connection) or database string URI or sqlite3 DBAPI2 connection. Other DBAPI2 objects are not tested. Please consider using SQLAlchemy.
[2026-03-26T04:26:13.781+0000] {base.py:84} INFO - Using connection ID 'postgres' for task execution.
[2026-03-26T04:26:43.317+0000] {logging_mixin.py:188} INFO - Đã trích xuất và lưu bảng orders từ MySQL vào PostgreSQL public
[2026-03-26T04:26:43.319+0000] {base.py:84} INFO - Using connection ID 'mysql' for task execution.
[2026-03-26T04:26:43.350+0000] {logging_mixin.py:188} WARNING - /home/***/.local/lib/python3.10/site-packages/***/providers/common/sql/hooks/sql.py:263 UserWarning: pandas only supports SQLAlchemy connectable (engine/connection) or database string URI or sqlite3 DBAPI2 connection. Other DBAPI2 objects are not tested. Please consider using SQLAlchemy.
[2026-03-26T04:26:44.825+0000] {base.py:84} INFO - Using connection ID 'postgres' for task execution.
[2026-03-26T04:26:58.381+0000] {logging_mixin.py:188} INFO - Đã trích xuất và lưu bảng order_items từ MySQL vào PostgreSQL public
[2026-03-26T04:26:58.384+0000] {base.py:84} INFO - Using connection ID 'mysql' for task execution.
[2026-03-26T04:26:58.389+0000] {logging_mixin.py:188} WARNING - /home/***/.local/lib/python3.10/site-packages/***/providers/common/sql/hooks/sql.py:263 UserWarning: pandas only supports SQLAlchemy connectable (engine/connection) or database string URI or sqlite3 DBAPI2 connection. Other DBAPI2 objects are not tested. Please consider using SQLAlchemy.
[2026-03-26T04:26:58.854+0000] {base.py:84} INFO - Using connection ID 'postgres' for task execution.
[2026-03-26T04:27:07.380+0000] {logging_mixin.py:188} INFO - Đã trích xuất và lưu bảng payments từ MySQL vào PostgreSQL public
[2026-03-26T04:27:07.382+0000] {base.py:84} INFO - Using connection ID 'mysql' for task execution.
[2026-03-26T04:27:07.392+0000] {logging_mixin.py:188} WARNING - /home/***/.local/lib/python3.10/site-packages/***/providers/common/sql/hooks/sql.py:263 UserWarning: pandas only supports SQLAlchemy connectable (engine/connection) or database string URI or sqlite3 DBAPI2 connection. Other DBAPI2 objects are not tested. Please consider using SQLAlchemy.
[2026-03-26T04:27:09.842+0000] {base.py:84} INFO - Using connection ID 'postgres' for task execution.
[2026-03-26T04:27:30.589+0000] {logging_mixin.py:188} INFO - Đã trích xuất và lưu bảng order_reviews từ MySQL vào PostgreSQL public
[2026-03-26T04:27:30.712+0000] {python.py:237} INFO - Done. Returned value was: None
[2026-03-26T04:27:30.719+0000] {taskinstance.py:441} INFO - ::group::Post task execution logs
[2026-03-26T04:27:30.758+0000] {taskinstance.py:1206} INFO - Marking task as SUCCESS. dag_id=e_commerce_dw_etl, task_id=extract.extract_and_load_to_staging, run_id=scheduled__2025-11-27T00:00:00+00:00, execution_date=20251127T000000, start_date=20260326T042550, end_date=20260326T042730
[2026-03-26T04:27:31.001+0000] {local_task_job_runner.py:240} INFO - Task exited with return code 0
[2026-03-26T04:27:31.093+0000] {taskinstance.py:3503} INFO - 6 downstream tasks scheduled from follow-on schedule check
[2026-03-26T04:27:31.102+0000] {local_task_job_runner.py:222} INFO - ::endgroup::
