[2026-03-25T08:43:09.390+0000] {local_task_job_runner.py:120} INFO - ::group::Pre task execution logs
[2026-03-25T08:43:09.442+0000] {taskinstance.py:2076} INFO - Dependencies all met for dep_context=non-requeueable deps ti=<TaskInstance: e_commerce_dw_etl.extract.extract_and_load_to_staging scheduled__2025-04-04T00:00:00+00:00 [queued]>
[2026-03-25T08:43:09.460+0000] {taskinstance.py:2076} INFO - Dependencies all met for dep_context=requeueable deps ti=<TaskInstance: e_commerce_dw_etl.extract.extract_and_load_to_staging scheduled__2025-04-04T00:00:00+00:00 [queued]>
[2026-03-25T08:43:09.462+0000] {taskinstance.py:2306} INFO - Starting attempt 1 of 1
[2026-03-25T08:43:09.488+0000] {taskinstance.py:2330} INFO - Executing <Task(PythonOperator): extract.extract_and_load_to_staging> on 2025-04-04 00:00:00+00:00
[2026-03-25T08:43:09.499+0000] {standard_task_runner.py:63} INFO - Started process 929 to run task
[2026-03-25T08:43:09.506+0000] {standard_task_runner.py:90} INFO - Running: ['***', 'tasks', 'run', 'e_commerce_dw_etl', 'extract.extract_and_load_to_staging', 'scheduled__2025-04-04T00:00:00+00:00', '--job-id', '177', '--raw', '--subdir', 'DAGS_FOLDER/e_commerce_dw_dag.py', '--cfg-path', '/tmp/tmp38x35u34']
[2026-03-25T08:43:09.509+0000] {standard_task_runner.py:91} INFO - Job 177: Subtask extract.extract_and_load_to_staging
[2026-03-25T08:43:09.590+0000] {task_command.py:426} INFO - Running <TaskInstance: e_commerce_dw_etl.extract.extract_and_load_to_staging scheduled__2025-04-04T00:00:00+00:00 [running]> on host bcd9e4848a6d
[2026-03-25T08:43:09.699+0000] {taskinstance.py:2648} INFO - Exporting env vars: AIRFLOW_CTX_DAG_OWNER='***' AIRFLOW_CTX_DAG_ID='e_commerce_dw_etl' AIRFLOW_CTX_TASK_ID='extract.extract_and_load_to_staging' AIRFLOW_CTX_EXECUTION_DATE='2025-04-04T00:00:00+00:00' AIRFLOW_CTX_TRY_NUMBER='1' AIRFLOW_CTX_DAG_RUN_ID='scheduled__2025-04-04T00:00:00+00:00'
[2026-03-25T08:43:09.700+0000] {taskinstance.py:430} INFO - ::endgroup::
[2026-03-25T08:43:09.877+0000] {mysql_operator.py:13} ERROR - Can't connect to mysql database
[2026-03-25T08:43:09.885+0000] {taskinstance.py:441} INFO - ::group::Post task execution logs
[2026-03-25T08:43:09.896+0000] {taskinstance.py:2905} ERROR - Task failed with exception
Traceback (most recent call last):
  File "/home/airflow/.local/lib/python3.10/site-packages/airflow/models/taskinstance.py", line 465, in _execute_task
    result = _execute_callable(context=context, **execute_callable_kwargs)
  File "/home/airflow/.local/lib/python3.10/site-packages/airflow/models/taskinstance.py", line 432, in _execute_callable
    return execute_callable(context=context, **execute_callable_kwargs)
  File "/home/airflow/.local/lib/python3.10/site-packages/airflow/models/baseoperator.py", line 401, in wrapper
    return func(self, *args, **kwargs)
  File "/home/airflow/.local/lib/python3.10/site-packages/airflow/operators/python.py", line 235, in execute
    return_value = self.execute_callable()
  File "/home/airflow/.local/lib/python3.10/site-packages/airflow/operators/python.py", line 252, in execute_callable
    return self.python_callable(*self.op_args, **self.op_kwargs)
  File "/opt/airflow/dags/extract_data.py", line 30, in extract_and_load_to_staging
    df = source_operator.get_data_to_pd(f"SELECT * FROM {table}")
  File "/opt/airflow/plugins/mysql_operator.py", line 15, in get_data_to_pd
    return self.mysqlhook.get_pandas_df(query)
  File "/home/airflow/.local/lib/python3.10/site-packages/airflow/providers/common/sql/hooks/sql.py", line 262, in get_pandas_df
    with closing(self.get_conn()) as conn:
  File "/home/airflow/.local/lib/python3.10/site-packages/airflow/providers/mysql/hooks/mysql.py", line 188, in get_conn
    conn = self.connection or self.get_connection(getattr(self, self.conn_name_attr))
  File "/home/airflow/.local/lib/python3.10/site-packages/airflow/hooks/base.py", line 83, in get_connection
    conn = Connection.get_connection_from_secrets(conn_id)
  File "/home/airflow/.local/lib/python3.10/site-packages/airflow/models/connection.py", line 519, in get_connection_from_secrets
    raise AirflowNotFoundException(f"The conn_id `{conn_id}` isn't defined")
airflow.exceptions.AirflowNotFoundException: The conn_id `mysql` isn't defined
[2026-03-25T08:43:09.915+0000] {taskinstance.py:1206} INFO - Marking task as FAILED. dag_id=e_commerce_dw_etl, task_id=extract.extract_and_load_to_staging, run_id=scheduled__2025-04-04T00:00:00+00:00, execution_date=20250404T000000, start_date=20260325T084309, end_date=20260325T084309
[2026-03-25T08:43:09.928+0000] {standard_task_runner.py:110} ERROR - Failed to execute job 177 for task extract.extract_and_load_to_staging (The conn_id `mysql` isn't defined; 929)
[2026-03-25T08:43:09.965+0000] {local_task_job_runner.py:240} INFO - Task exited with return code 1
[2026-03-25T08:43:10.001+0000] {taskinstance.py:3503} INFO - 0 downstream tasks scheduled from follow-on schedule check
[2026-03-25T08:43:10.012+0000] {local_task_job_runner.py:222} INFO - ::endgroup::
[2026-03-25T09:31:34.767+0000] {local_task_job_runner.py:120} INFO - ::group::Pre task execution logs
[2026-03-25T09:31:34.825+0000] {taskinstance.py:2076} INFO - Dependencies all met for dep_context=non-requeueable deps ti=<TaskInstance: e_commerce_dw_etl.extract.extract_and_load_to_staging scheduled__2025-04-04T00:00:00+00:00 [queued]>
[2026-03-25T09:31:34.841+0000] {taskinstance.py:2076} INFO - Dependencies all met for dep_context=requeueable deps ti=<TaskInstance: e_commerce_dw_etl.extract.extract_and_load_to_staging scheduled__2025-04-04T00:00:00+00:00 [queued]>
[2026-03-25T09:31:34.843+0000] {taskinstance.py:2306} INFO - Starting attempt 1 of 1
[2026-03-25T09:31:34.927+0000] {taskinstance.py:2330} INFO - Executing <Task(PythonOperator): extract.extract_and_load_to_staging> on 2025-04-04 00:00:00+00:00
[2026-03-25T09:31:34.941+0000] {standard_task_runner.py:63} INFO - Started process 608 to run task
[2026-03-25T09:31:34.947+0000] {standard_task_runner.py:90} INFO - Running: ['***', 'tasks', 'run', 'e_commerce_dw_etl', 'extract.extract_and_load_to_staging', 'scheduled__2025-04-04T00:00:00+00:00', '--job-id', '167', '--raw', '--subdir', 'DAGS_FOLDER/e_commerce_dw_dag.py', '--cfg-path', '/tmp/tmp_e83dim_']
[2026-03-25T09:31:34.952+0000] {standard_task_runner.py:91} INFO - Job 167: Subtask extract.extract_and_load_to_staging
[2026-03-25T09:31:35.116+0000] {task_command.py:426} INFO - Running <TaskInstance: e_commerce_dw_etl.extract.extract_and_load_to_staging scheduled__2025-04-04T00:00:00+00:00 [running]> on host 0d903260eca4
[2026-03-25T09:31:35.288+0000] {taskinstance.py:2648} INFO - Exporting env vars: AIRFLOW_CTX_DAG_OWNER='***' AIRFLOW_CTX_DAG_ID='e_commerce_dw_etl' AIRFLOW_CTX_TASK_ID='extract.extract_and_load_to_staging' AIRFLOW_CTX_EXECUTION_DATE='2025-04-04T00:00:00+00:00' AIRFLOW_CTX_TRY_NUMBER='1' AIRFLOW_CTX_DAG_RUN_ID='scheduled__2025-04-04T00:00:00+00:00'
[2026-03-25T09:31:35.290+0000] {taskinstance.py:430} INFO - ::endgroup::
[2026-03-25T09:31:35.674+0000] {mysql_operator.py:13} ERROR - Can't connect to mysql database
[2026-03-25T09:31:35.688+0000] {taskinstance.py:441} INFO - ::group::Post task execution logs
[2026-03-25T09:31:35.710+0000] {taskinstance.py:2905} ERROR - Task failed with exception
Traceback (most recent call last):
  File "/home/airflow/.local/lib/python3.10/site-packages/airflow/models/taskinstance.py", line 465, in _execute_task
    result = _execute_callable(context=context, **execute_callable_kwargs)
  File "/home/airflow/.local/lib/python3.10/site-packages/airflow/models/taskinstance.py", line 432, in _execute_callable
    return execute_callable(context=context, **execute_callable_kwargs)
  File "/home/airflow/.local/lib/python3.10/site-packages/airflow/models/baseoperator.py", line 401, in wrapper
    return func(self, *args, **kwargs)
  File "/home/airflow/.local/lib/python3.10/site-packages/airflow/operators/python.py", line 235, in execute
    return_value = self.execute_callable()
  File "/home/airflow/.local/lib/python3.10/site-packages/airflow/operators/python.py", line 252, in execute_callable
    return self.python_callable(*self.op_args, **self.op_kwargs)
  File "/opt/airflow/dags/extract_data.py", line 30, in extract_and_load_to_staging
    df = source_operator.get_data_to_pd(f"SELECT * FROM {table}")
  File "/opt/airflow/plugins/mysql_operator.py", line 15, in get_data_to_pd
    return self.mysqlhook.get_pandas_df(query)
  File "/home/airflow/.local/lib/python3.10/site-packages/airflow/providers/common/sql/hooks/sql.py", line 262, in get_pandas_df
    with closing(self.get_conn()) as conn:
  File "/home/airflow/.local/lib/python3.10/site-packages/airflow/providers/mysql/hooks/mysql.py", line 188, in get_conn
    conn = self.connection or self.get_connection(getattr(self, self.conn_name_attr))
  File "/home/airflow/.local/lib/python3.10/site-packages/airflow/hooks/base.py", line 83, in get_connection
    conn = Connection.get_connection_from_secrets(conn_id)
  File "/home/airflow/.local/lib/python3.10/site-packages/airflow/models/connection.py", line 519, in get_connection_from_secrets
    raise AirflowNotFoundException(f"The conn_id `{conn_id}` isn't defined")
airflow.exceptions.AirflowNotFoundException: The conn_id `mysql` isn't defined
[2026-03-25T09:31:35.757+0000] {taskinstance.py:1206} INFO - Marking task as FAILED. dag_id=e_commerce_dw_etl, task_id=extract.extract_and_load_to_staging, run_id=scheduled__2025-04-04T00:00:00+00:00, execution_date=20250404T000000, start_date=20260325T093134, end_date=20260325T093135
[2026-03-25T09:31:35.910+0000] {standard_task_runner.py:110} ERROR - Failed to execute job 167 for task extract.extract_and_load_to_staging (The conn_id `mysql` isn't defined; 608)
[2026-03-25T09:31:35.984+0000] {local_task_job_runner.py:240} INFO - Task exited with return code 1
[2026-03-25T09:31:36.017+0000] {local_task_job_runner.py:222} INFO - ::endgroup::
[2026-03-25T10:22:26.541+0000] {local_task_job_runner.py:120} INFO - ::group::Pre task execution logs
[2026-03-25T10:22:26.600+0000] {taskinstance.py:2076} INFO - Dependencies all met for dep_context=non-requeueable deps ti=<TaskInstance: e_commerce_dw_etl.extract.extract_and_load_to_staging scheduled__2025-04-04T00:00:00+00:00 [queued]>
[2026-03-25T10:22:26.621+0000] {taskinstance.py:2076} INFO - Dependencies all met for dep_context=requeueable deps ti=<TaskInstance: e_commerce_dw_etl.extract.extract_and_load_to_staging scheduled__2025-04-04T00:00:00+00:00 [queued]>
[2026-03-25T10:22:26.623+0000] {taskinstance.py:2306} INFO - Starting attempt 1 of 1
[2026-03-25T10:22:26.660+0000] {taskinstance.py:2330} INFO - Executing <Task(PythonOperator): extract.extract_and_load_to_staging> on 2025-04-04 00:00:00+00:00
[2026-03-25T10:22:26.676+0000] {standard_task_runner.py:63} INFO - Started process 718 to run task
[2026-03-25T10:22:26.685+0000] {standard_task_runner.py:90} INFO - Running: ['***', 'tasks', 'run', 'e_commerce_dw_etl', 'extract.extract_and_load_to_staging', 'scheduled__2025-04-04T00:00:00+00:00', '--job-id', '163', '--raw', '--subdir', 'DAGS_FOLDER/e_commerce_dw_dag.py', '--cfg-path', '/tmp/tmpm1s1_f_5']
[2026-03-25T10:22:26.694+0000] {standard_task_runner.py:91} INFO - Job 163: Subtask extract.extract_and_load_to_staging
[2026-03-25T10:22:26.843+0000] {task_command.py:426} INFO - Running <TaskInstance: e_commerce_dw_etl.extract.extract_and_load_to_staging scheduled__2025-04-04T00:00:00+00:00 [running]> on host 1f1ff5b841ce
[2026-03-25T10:22:27.125+0000] {taskinstance.py:2648} INFO - Exporting env vars: AIRFLOW_CTX_DAG_OWNER='***' AIRFLOW_CTX_DAG_ID='e_commerce_dw_etl' AIRFLOW_CTX_TASK_ID='extract.extract_and_load_to_staging' AIRFLOW_CTX_EXECUTION_DATE='2025-04-04T00:00:00+00:00' AIRFLOW_CTX_TRY_NUMBER='1' AIRFLOW_CTX_DAG_RUN_ID='scheduled__2025-04-04T00:00:00+00:00'
[2026-03-25T10:22:27.128+0000] {taskinstance.py:430} INFO - ::endgroup::
[2026-03-25T10:22:27.559+0000] {crypto.py:82} WARNING - empty cryptography key - values will not be stored encrypted.
[2026-03-25T10:22:27.561+0000] {base.py:84} INFO - Using connection ID 'mysql' for task execution.
[2026-03-25T10:22:31.415+0000] {mysql_operator.py:13} ERROR - Can't connect to mysql database
[2026-03-25T10:22:31.418+0000] {base.py:84} INFO - Using connection ID 'mysql' for task execution.
[2026-03-25T10:22:35.266+0000] {taskinstance.py:441} INFO - ::group::Post task execution logs
[2026-03-25T10:22:35.268+0000] {taskinstance.py:2905} ERROR - Task failed with exception
Traceback (most recent call last):
  File "/home/airflow/.local/lib/python3.10/site-packages/airflow/models/taskinstance.py", line 465, in _execute_task
    result = _execute_callable(context=context, **execute_callable_kwargs)
  File "/home/airflow/.local/lib/python3.10/site-packages/airflow/models/taskinstance.py", line 432, in _execute_callable
    return execute_callable(context=context, **execute_callable_kwargs)
  File "/home/airflow/.local/lib/python3.10/site-packages/airflow/models/baseoperator.py", line 401, in wrapper
    return func(self, *args, **kwargs)
  File "/home/airflow/.local/lib/python3.10/site-packages/airflow/operators/python.py", line 235, in execute
    return_value = self.execute_callable()
  File "/home/airflow/.local/lib/python3.10/site-packages/airflow/operators/python.py", line 252, in execute_callable
    return self.python_callable(*self.op_args, **self.op_kwargs)
  File "/opt/airflow/dags/extract_data.py", line 30, in extract_and_load_to_staging
    df = source_operator.get_data_to_pd(f"SELECT * FROM {table}")
  File "/opt/airflow/plugins/mysql_operator.py", line 15, in get_data_to_pd
    return self.mysqlhook.get_pandas_df(query)
  File "/home/airflow/.local/lib/python3.10/site-packages/airflow/providers/common/sql/hooks/sql.py", line 262, in get_pandas_df
    with closing(self.get_conn()) as conn:
  File "/home/airflow/.local/lib/python3.10/site-packages/airflow/providers/mysql/hooks/mysql.py", line 196, in get_conn
    return MySQLdb.connect(**conn_config)
  File "/home/airflow/.local/lib/python3.10/site-packages/MySQLdb/__init__.py", line 121, in Connect
    return Connection(*args, **kwargs)
  File "/home/airflow/.local/lib/python3.10/site-packages/MySQLdb/connections.py", line 195, in __init__
    super().__init__(*args, **kwargs2)
MySQLdb.OperationalError: (2005, "Unknown server host 'mysql' (-2)")
[2026-03-25T10:22:35.287+0000] {taskinstance.py:1206} INFO - Marking task as FAILED. dag_id=e_commerce_dw_etl, task_id=extract.extract_and_load_to_staging, run_id=scheduled__2025-04-04T00:00:00+00:00, execution_date=20250404T000000, start_date=20260325T102226, end_date=20260325T102235
[2026-03-25T10:22:35.378+0000] {standard_task_runner.py:110} ERROR - Failed to execute job 163 for task extract.extract_and_load_to_staging ((2005, "Unknown server host 'mysql' (-2)"); 718)
[2026-03-25T10:22:35.402+0000] {local_task_job_runner.py:240} INFO - Task exited with return code 1
[2026-03-25T10:22:35.425+0000] {taskinstance.py:3503} INFO - 0 downstream tasks scheduled from follow-on schedule check
[2026-03-25T10:22:35.432+0000] {local_task_job_runner.py:222} INFO - ::endgroup::
[2026-03-25T10:57:07.880+0000] {local_task_job_runner.py:120} INFO - ::group::Pre task execution logs
[2026-03-25T10:57:07.932+0000] {taskinstance.py:2076} INFO - Dependencies all met for dep_context=non-requeueable deps ti=<TaskInstance: e_commerce_dw_etl.extract.extract_and_load_to_staging scheduled__2025-04-04T00:00:00+00:00 [queued]>
[2026-03-25T10:57:07.945+0000] {taskinstance.py:2076} INFO - Dependencies all met for dep_context=requeueable deps ti=<TaskInstance: e_commerce_dw_etl.extract.extract_and_load_to_staging scheduled__2025-04-04T00:00:00+00:00 [queued]>
[2026-03-25T10:57:07.946+0000] {taskinstance.py:2306} INFO - Starting attempt 1 of 1
[2026-03-25T10:57:07.973+0000] {taskinstance.py:2330} INFO - Executing <Task(PythonOperator): extract.extract_and_load_to_staging> on 2025-04-04 00:00:00+00:00
[2026-03-25T10:57:07.985+0000] {standard_task_runner.py:63} INFO - Started process 700 to run task
[2026-03-25T10:57:07.994+0000] {standard_task_runner.py:90} INFO - Running: ['***', 'tasks', 'run', 'e_commerce_dw_etl', 'extract.extract_and_load_to_staging', 'scheduled__2025-04-04T00:00:00+00:00', '--job-id', '164', '--raw', '--subdir', 'DAGS_FOLDER/e_commerce_dw_dag.py', '--cfg-path', '/tmp/tmpgu08jzak']
[2026-03-25T10:57:08.002+0000] {standard_task_runner.py:91} INFO - Job 164: Subtask extract.extract_and_load_to_staging
[2026-03-25T10:57:08.134+0000] {task_command.py:426} INFO - Running <TaskInstance: e_commerce_dw_etl.extract.extract_and_load_to_staging scheduled__2025-04-04T00:00:00+00:00 [running]> on host b7a6f340f223
[2026-03-25T10:57:08.341+0000] {taskinstance.py:2648} INFO - Exporting env vars: AIRFLOW_CTX_DAG_OWNER='***' AIRFLOW_CTX_DAG_ID='e_commerce_dw_etl' AIRFLOW_CTX_TASK_ID='extract.extract_and_load_to_staging' AIRFLOW_CTX_EXECUTION_DATE='2025-04-04T00:00:00+00:00' AIRFLOW_CTX_TRY_NUMBER='1' AIRFLOW_CTX_DAG_RUN_ID='scheduled__2025-04-04T00:00:00+00:00'
[2026-03-25T10:57:08.342+0000] {taskinstance.py:430} INFO - ::endgroup::
[2026-03-25T10:57:08.720+0000] {crypto.py:82} WARNING - empty cryptography key - values will not be stored encrypted.
[2026-03-25T10:57:08.722+0000] {base.py:84} INFO - Using connection ID 'mysql' for task execution.
[2026-03-25T10:57:12.583+0000] {mysql_operator.py:13} ERROR - Can't connect to mysql database
[2026-03-25T10:57:12.584+0000] {base.py:84} INFO - Using connection ID 'mysql' for task execution.
[2026-03-25T10:57:16.417+0000] {taskinstance.py:441} INFO - ::group::Post task execution logs
[2026-03-25T10:57:16.418+0000] {taskinstance.py:2905} ERROR - Task failed with exception
Traceback (most recent call last):
  File "/home/airflow/.local/lib/python3.10/site-packages/airflow/models/taskinstance.py", line 465, in _execute_task
    result = _execute_callable(context=context, **execute_callable_kwargs)
  File "/home/airflow/.local/lib/python3.10/site-packages/airflow/models/taskinstance.py", line 432, in _execute_callable
    return execute_callable(context=context, **execute_callable_kwargs)
  File "/home/airflow/.local/lib/python3.10/site-packages/airflow/models/baseoperator.py", line 401, in wrapper
    return func(self, *args, **kwargs)
  File "/home/airflow/.local/lib/python3.10/site-packages/airflow/operators/python.py", line 235, in execute
    return_value = self.execute_callable()
  File "/home/airflow/.local/lib/python3.10/site-packages/airflow/operators/python.py", line 252, in execute_callable
    return self.python_callable(*self.op_args, **self.op_kwargs)
  File "/opt/airflow/dags/extract_data.py", line 30, in extract_and_load_to_staging
    df = source_operator.get_data_to_pd(f"SELECT * FROM {table}")
  File "/opt/airflow/plugins/mysql_operator.py", line 15, in get_data_to_pd
    return self.mysqlhook.get_pandas_df(query)
  File "/home/airflow/.local/lib/python3.10/site-packages/airflow/providers/common/sql/hooks/sql.py", line 262, in get_pandas_df
    with closing(self.get_conn()) as conn:
  File "/home/airflow/.local/lib/python3.10/site-packages/airflow/providers/mysql/hooks/mysql.py", line 196, in get_conn
    return MySQLdb.connect(**conn_config)
  File "/home/airflow/.local/lib/python3.10/site-packages/MySQLdb/__init__.py", line 121, in Connect
    return Connection(*args, **kwargs)
  File "/home/airflow/.local/lib/python3.10/site-packages/MySQLdb/connections.py", line 195, in __init__
    super().__init__(*args, **kwargs2)
MySQLdb.OperationalError: (2005, "Unknown server host 'mysql' (-2)")
[2026-03-25T10:57:16.446+0000] {taskinstance.py:1206} INFO - Marking task as FAILED. dag_id=e_commerce_dw_etl, task_id=extract.extract_and_load_to_staging, run_id=scheduled__2025-04-04T00:00:00+00:00, execution_date=20250404T000000, start_date=20260325T105707, end_date=20260325T105716
[2026-03-25T10:57:16.463+0000] {standard_task_runner.py:110} ERROR - Failed to execute job 164 for task extract.extract_and_load_to_staging ((2005, "Unknown server host 'mysql' (-2)"); 700)
[2026-03-25T10:57:16.511+0000] {local_task_job_runner.py:240} INFO - Task exited with return code 1
[2026-03-25T10:57:16.542+0000] {taskinstance.py:3503} INFO - 0 downstream tasks scheduled from follow-on schedule check
[2026-03-25T10:57:16.550+0000] {local_task_job_runner.py:222} INFO - ::endgroup::
[2026-03-25T11:17:01.385+0000] {local_task_job_runner.py:120} INFO - ::group::Pre task execution logs
[2026-03-25T11:17:01.447+0000] {taskinstance.py:2076} INFO - Dependencies all met for dep_context=non-requeueable deps ti=<TaskInstance: e_commerce_dw_etl.extract.extract_and_load_to_staging scheduled__2025-04-04T00:00:00+00:00 [queued]>
[2026-03-25T11:17:01.468+0000] {taskinstance.py:2076} INFO - Dependencies all met for dep_context=requeueable deps ti=<TaskInstance: e_commerce_dw_etl.extract.extract_and_load_to_staging scheduled__2025-04-04T00:00:00+00:00 [queued]>
[2026-03-25T11:17:01.470+0000] {taskinstance.py:2306} INFO - Starting attempt 1 of 1
[2026-03-25T11:17:01.541+0000] {taskinstance.py:2330} INFO - Executing <Task(PythonOperator): extract.extract_and_load_to_staging> on 2025-04-04 00:00:00+00:00
[2026-03-25T11:17:01.550+0000] {standard_task_runner.py:63} INFO - Started process 743 to run task
[2026-03-25T11:17:01.558+0000] {standard_task_runner.py:90} INFO - Running: ['***', 'tasks', 'run', 'e_commerce_dw_etl', 'extract.extract_and_load_to_staging', 'scheduled__2025-04-04T00:00:00+00:00', '--job-id', '164', '--raw', '--subdir', 'DAGS_FOLDER/e_commerce_dw_dag.py', '--cfg-path', '/tmp/tmpaycspkoa']
[2026-03-25T11:17:01.564+0000] {standard_task_runner.py:91} INFO - Job 164: Subtask extract.extract_and_load_to_staging
[2026-03-25T11:17:01.686+0000] {task_command.py:426} INFO - Running <TaskInstance: e_commerce_dw_etl.extract.extract_and_load_to_staging scheduled__2025-04-04T00:00:00+00:00 [running]> on host d26a046c4728
[2026-03-25T11:17:01.872+0000] {taskinstance.py:2648} INFO - Exporting env vars: AIRFLOW_CTX_DAG_OWNER='***' AIRFLOW_CTX_DAG_ID='e_commerce_dw_etl' AIRFLOW_CTX_TASK_ID='extract.extract_and_load_to_staging' AIRFLOW_CTX_EXECUTION_DATE='2025-04-04T00:00:00+00:00' AIRFLOW_CTX_TRY_NUMBER='1' AIRFLOW_CTX_DAG_RUN_ID='scheduled__2025-04-04T00:00:00+00:00'
[2026-03-25T11:17:01.876+0000] {taskinstance.py:430} INFO - ::endgroup::
[2026-03-25T11:17:02.282+0000] {base.py:84} INFO - Using connection ID 'mysql' for task execution.
[2026-03-25T11:17:06.293+0000] {mysql_operator.py:13} ERROR - Can't connect to mysql database
[2026-03-25T11:17:06.305+0000] {base.py:84} INFO - Using connection ID 'mysql' for task execution.
[2026-03-25T11:17:10.146+0000] {taskinstance.py:441} INFO - ::group::Post task execution logs
[2026-03-25T11:17:10.149+0000] {taskinstance.py:2905} ERROR - Task failed with exception
Traceback (most recent call last):
  File "/home/airflow/.local/lib/python3.10/site-packages/airflow/models/taskinstance.py", line 465, in _execute_task
    result = _execute_callable(context=context, **execute_callable_kwargs)
  File "/home/airflow/.local/lib/python3.10/site-packages/airflow/models/taskinstance.py", line 432, in _execute_callable
    return execute_callable(context=context, **execute_callable_kwargs)
  File "/home/airflow/.local/lib/python3.10/site-packages/airflow/models/baseoperator.py", line 401, in wrapper
    return func(self, *args, **kwargs)
  File "/home/airflow/.local/lib/python3.10/site-packages/airflow/operators/python.py", line 235, in execute
    return_value = self.execute_callable()
  File "/home/airflow/.local/lib/python3.10/site-packages/airflow/operators/python.py", line 252, in execute_callable
    return self.python_callable(*self.op_args, **self.op_kwargs)
  File "/opt/airflow/dags/extract_data.py", line 30, in extract_and_load_to_staging
    df = source_operator.get_data_to_pd(f"SELECT * FROM {table}")
  File "/opt/airflow/plugins/mysql_operator.py", line 15, in get_data_to_pd
    return self.mysqlhook.get_pandas_df(query)
  File "/home/airflow/.local/lib/python3.10/site-packages/airflow/providers/common/sql/hooks/sql.py", line 262, in get_pandas_df
    with closing(self.get_conn()) as conn:
  File "/home/airflow/.local/lib/python3.10/site-packages/airflow/providers/mysql/hooks/mysql.py", line 196, in get_conn
    return MySQLdb.connect(**conn_config)
  File "/home/airflow/.local/lib/python3.10/site-packages/MySQLdb/__init__.py", line 121, in Connect
    return Connection(*args, **kwargs)
  File "/home/airflow/.local/lib/python3.10/site-packages/MySQLdb/connections.py", line 195, in __init__
    super().__init__(*args, **kwargs2)
MySQLdb.OperationalError: (2005, "Unknown server host 'mysql' (-2)")
[2026-03-25T11:17:10.179+0000] {taskinstance.py:1206} INFO - Marking task as FAILED. dag_id=e_commerce_dw_etl, task_id=extract.extract_and_load_to_staging, run_id=scheduled__2025-04-04T00:00:00+00:00, execution_date=20250404T000000, start_date=20260325T111701, end_date=20260325T111710
[2026-03-25T11:17:10.198+0000] {standard_task_runner.py:110} ERROR - Failed to execute job 164 for task extract.extract_and_load_to_staging ((2005, "Unknown server host 'mysql' (-2)"); 743)
[2026-03-25T11:17:10.242+0000] {local_task_job_runner.py:240} INFO - Task exited with return code 1
[2026-03-25T11:17:10.273+0000] {taskinstance.py:3503} INFO - 0 downstream tasks scheduled from follow-on schedule check
[2026-03-25T11:17:10.282+0000] {local_task_job_runner.py:222} INFO - ::endgroup::
[2026-03-25T11:41:10.066+0000] {local_task_job_runner.py:120} INFO - ::group::Pre task execution logs
[2026-03-25T11:41:10.155+0000] {taskinstance.py:2076} INFO - Dependencies all met for dep_context=non-requeueable deps ti=<TaskInstance: e_commerce_dw_etl.extract.extract_and_load_to_staging scheduled__2025-04-04T00:00:00+00:00 [queued]>
[2026-03-25T11:41:10.186+0000] {taskinstance.py:2076} INFO - Dependencies all met for dep_context=requeueable deps ti=<TaskInstance: e_commerce_dw_etl.extract.extract_and_load_to_staging scheduled__2025-04-04T00:00:00+00:00 [queued]>
[2026-03-25T11:41:10.189+0000] {taskinstance.py:2306} INFO - Starting attempt 1 of 1
[2026-03-25T11:41:10.393+0000] {taskinstance.py:2330} INFO - Executing <Task(PythonOperator): extract.extract_and_load_to_staging> on 2025-04-04 00:00:00+00:00
[2026-03-25T11:41:10.414+0000] {standard_task_runner.py:63} INFO - Started process 668 to run task
[2026-03-25T11:41:10.420+0000] {standard_task_runner.py:90} INFO - Running: ['***', 'tasks', 'run', 'e_commerce_dw_etl', 'extract.extract_and_load_to_staging', 'scheduled__2025-04-04T00:00:00+00:00', '--job-id', '164', '--raw', '--subdir', 'DAGS_FOLDER/e_commerce_dw_dag.py', '--cfg-path', '/tmp/tmp5_q51d8f']
[2026-03-25T11:41:10.433+0000] {standard_task_runner.py:91} INFO - Job 164: Subtask extract.extract_and_load_to_staging
[2026-03-25T11:41:10.598+0000] {task_command.py:426} INFO - Running <TaskInstance: e_commerce_dw_etl.extract.extract_and_load_to_staging scheduled__2025-04-04T00:00:00+00:00 [running]> on host d9d1693fa74b
[2026-03-25T11:41:10.786+0000] {taskinstance.py:2648} INFO - Exporting env vars: AIRFLOW_CTX_DAG_OWNER='***' AIRFLOW_CTX_DAG_ID='e_commerce_dw_etl' AIRFLOW_CTX_TASK_ID='extract.extract_and_load_to_staging' AIRFLOW_CTX_EXECUTION_DATE='2025-04-04T00:00:00+00:00' AIRFLOW_CTX_TRY_NUMBER='1' AIRFLOW_CTX_DAG_RUN_ID='scheduled__2025-04-04T00:00:00+00:00'
[2026-03-25T11:41:10.789+0000] {taskinstance.py:430} INFO - ::endgroup::
[2026-03-25T11:41:11.288+0000] {base.py:84} INFO - Using connection ID 'mysql' for task execution.
[2026-03-25T11:41:11.323+0000] {base.py:84} INFO - Using connection ID 'mysql' for task execution.
[2026-03-25T11:41:11.372+0000] {logging_mixin.py:188} WARNING - /home/***/.local/lib/python3.10/site-packages/***/providers/common/sql/hooks/sql.py:263 UserWarning: pandas only supports SQLAlchemy connectable (engine/connection) or database string URI or sqlite3 DBAPI2 connection. Other DBAPI2 objects are not tested. Please consider using SQLAlchemy.
[2026-03-25T11:41:11.375+0000] {taskinstance.py:441} INFO - ::group::Post task execution logs
[2026-03-25T11:41:11.376+0000] {taskinstance.py:2905} ERROR - Task failed with exception
Traceback (most recent call last):
  File "/home/airflow/.local/lib/python3.10/site-packages/pandas/io/sql.py", line 2018, in execute
    cur.execute(*args, **kwargs)
  File "/home/airflow/.local/lib/python3.10/site-packages/MySQLdb/cursors.py", line 179, in execute
    res = self._query(mogrified_query)
  File "/home/airflow/.local/lib/python3.10/site-packages/MySQLdb/cursors.py", line 330, in _query
    db.query(q)
  File "/home/airflow/.local/lib/python3.10/site-packages/MySQLdb/connections.py", line 261, in query
    _mysql.connection.query(self, query)
MySQLdb.ProgrammingError: (1146, "Table 'olist.product_category_name_translation' doesn't exist")

The above exception was the direct cause of the following exception:

Traceback (most recent call last):
  File "/home/airflow/.local/lib/python3.10/site-packages/airflow/models/taskinstance.py", line 465, in _execute_task
    result = _execute_callable(context=context, **execute_callable_kwargs)
  File "/home/airflow/.local/lib/python3.10/site-packages/airflow/models/taskinstance.py", line 432, in _execute_callable
    return execute_callable(context=context, **execute_callable_kwargs)
  File "/home/airflow/.local/lib/python3.10/site-packages/airflow/models/baseoperator.py", line 401, in wrapper
    return func(self, *args, **kwargs)
  File "/home/airflow/.local/lib/python3.10/site-packages/airflow/operators/python.py", line 235, in execute
    return_value = self.execute_callable()
  File "/home/airflow/.local/lib/python3.10/site-packages/airflow/operators/python.py", line 252, in execute_callable
    return self.python_callable(*self.op_args, **self.op_kwargs)
  File "/opt/airflow/dags/extract_data.py", line 30, in extract_and_load_to_staging
    df = source_operator.get_data_to_pd(f"SELECT * FROM {table}")
  File "/opt/airflow/plugins/mysql_operator.py", line 15, in get_data_to_pd
    return self.mysqlhook.get_pandas_df(query)
  File "/home/airflow/.local/lib/python3.10/site-packages/airflow/providers/common/sql/hooks/sql.py", line 263, in get_pandas_df
    return psql.read_sql(sql, con=conn, params=parameters, **kwargs)
  File "/home/airflow/.local/lib/python3.10/site-packages/pandas/io/sql.py", line 564, in read_sql
    return pandas_sql.read_query(
  File "/home/airflow/.local/lib/python3.10/site-packages/pandas/io/sql.py", line 2078, in read_query
    cursor = self.execute(*args)
  File "/home/airflow/.local/lib/python3.10/site-packages/pandas/io/sql.py", line 2030, in execute
    raise ex from exc
pandas.errors.DatabaseError: Execution failed on sql 'SELECT * FROM product_category_name_translation': (1146, "Table 'olist.product_category_name_translation' doesn't exist")
[2026-03-25T11:41:11.404+0000] {taskinstance.py:1206} INFO - Marking task as FAILED. dag_id=e_commerce_dw_etl, task_id=extract.extract_and_load_to_staging, run_id=scheduled__2025-04-04T00:00:00+00:00, execution_date=20250404T000000, start_date=20260325T114110, end_date=20260325T114111
[2026-03-25T11:41:11.430+0000] {standard_task_runner.py:110} ERROR - Failed to execute job 164 for task extract.extract_and_load_to_staging (Execution failed on sql 'SELECT * FROM product_category_name_translation': (1146, "Table 'olist.product_category_name_translation' doesn't exist"); 668)
[2026-03-25T11:41:11.488+0000] {local_task_job_runner.py:240} INFO - Task exited with return code 1
[2026-03-25T11:41:11.532+0000] {taskinstance.py:3503} INFO - 0 downstream tasks scheduled from follow-on schedule check
[2026-03-25T11:41:11.544+0000] {local_task_job_runner.py:222} INFO - ::endgroup::
[2026-03-25T13:56:27.521+0000] {local_task_job_runner.py:120} INFO - ::group::Pre task execution logs
[2026-03-25T13:56:27.555+0000] {taskinstance.py:2076} INFO - Dependencies all met for dep_context=non-requeueable deps ti=<TaskInstance: e_commerce_dw_etl.extract.extract_and_load_to_staging scheduled__2025-04-04T00:00:00+00:00 [queued]>
[2026-03-25T13:56:27.564+0000] {taskinstance.py:2076} INFO - Dependencies all met for dep_context=requeueable deps ti=<TaskInstance: e_commerce_dw_etl.extract.extract_and_load_to_staging scheduled__2025-04-04T00:00:00+00:00 [queued]>
[2026-03-25T13:56:27.565+0000] {taskinstance.py:2306} INFO - Starting attempt 1 of 1
[2026-03-25T13:56:27.581+0000] {taskinstance.py:2330} INFO - Executing <Task(PythonOperator): extract.extract_and_load_to_staging> on 2025-04-04 00:00:00+00:00
[2026-03-25T13:56:27.587+0000] {standard_task_runner.py:63} INFO - Started process 745 to run task
[2026-03-25T13:56:27.591+0000] {standard_task_runner.py:90} INFO - Running: ['***', 'tasks', 'run', 'e_commerce_dw_etl', 'extract.extract_and_load_to_staging', 'scheduled__2025-04-04T00:00:00+00:00', '--job-id', '164', '--raw', '--subdir', 'DAGS_FOLDER/e_commerce_dw_dag.py', '--cfg-path', '/tmp/tmpub3jys12']
[2026-03-25T13:56:27.594+0000] {standard_task_runner.py:91} INFO - Job 164: Subtask extract.extract_and_load_to_staging
[2026-03-25T13:56:27.691+0000] {task_command.py:426} INFO - Running <TaskInstance: e_commerce_dw_etl.extract.extract_and_load_to_staging scheduled__2025-04-04T00:00:00+00:00 [running]> on host 85f4963e6238
[2026-03-25T13:56:27.777+0000] {taskinstance.py:2648} INFO - Exporting env vars: AIRFLOW_CTX_DAG_OWNER='***' AIRFLOW_CTX_DAG_ID='e_commerce_dw_etl' AIRFLOW_CTX_TASK_ID='extract.extract_and_load_to_staging' AIRFLOW_CTX_EXECUTION_DATE='2025-04-04T00:00:00+00:00' AIRFLOW_CTX_TRY_NUMBER='1' AIRFLOW_CTX_DAG_RUN_ID='scheduled__2025-04-04T00:00:00+00:00'
[2026-03-25T13:56:27.778+0000] {taskinstance.py:430} INFO - ::endgroup::
[2026-03-25T13:56:27.931+0000] {base.py:84} INFO - Using connection ID 'mysql' for task execution.
[2026-03-25T13:56:27.946+0000] {base.py:84} INFO - Using connection ID 'mysql' for task execution.
[2026-03-25T13:56:27.956+0000] {logging_mixin.py:188} WARNING - /home/***/.local/lib/python3.10/site-packages/***/providers/common/sql/hooks/sql.py:263 UserWarning: pandas only supports SQLAlchemy connectable (engine/connection) or database string URI or sqlite3 DBAPI2 connection. Other DBAPI2 objects are not tested. Please consider using SQLAlchemy.
[2026-03-25T13:56:27.967+0000] {taskinstance.py:441} INFO - ::group::Post task execution logs
[2026-03-25T13:56:27.977+0000] {taskinstance.py:2905} ERROR - Task failed with exception
Traceback (most recent call last):
  File "/home/airflow/.local/lib/python3.10/site-packages/airflow/models/taskinstance.py", line 465, in _execute_task
    result = _execute_callable(context=context, **execute_callable_kwargs)
  File "/home/airflow/.local/lib/python3.10/site-packages/airflow/models/taskinstance.py", line 432, in _execute_callable
    return execute_callable(context=context, **execute_callable_kwargs)
  File "/home/airflow/.local/lib/python3.10/site-packages/airflow/models/baseoperator.py", line 401, in wrapper
    return func(self, *args, **kwargs)
  File "/home/airflow/.local/lib/python3.10/site-packages/airflow/operators/python.py", line 235, in execute
    return_value = self.execute_callable()
  File "/home/airflow/.local/lib/python3.10/site-packages/airflow/operators/python.py", line 252, in execute_callable
    return self.python_callable(*self.op_args, **self.op_kwargs)
  File "/opt/airflow/dags/extract_data.py", line 33, in extract_and_load_to_staging
    staging_operator.save_data_to_postgres(
  File "/opt/airflow/plugins/postgresql_operator.py", line 17, in save_data_to_postgres
    conn = self.hook.get_uri()
  File "/home/airflow/.local/lib/python3.10/site-packages/airflow/providers/postgres/hooks/postgres.py", line 204, in get_uri
    return self.sqlalchemy_url.render_as_string(hide_password=False)
  File "/home/airflow/.local/lib/python3.10/site-packages/airflow/providers/postgres/hooks/postgres.py", line 119, in sqlalchemy_url
    conn = self.get_connection(getattr(self, self.conn_name_attr))
  File "/home/airflow/.local/lib/python3.10/site-packages/airflow/hooks/base.py", line 83, in get_connection
    conn = Connection.get_connection_from_secrets(conn_id)
  File "/home/airflow/.local/lib/python3.10/site-packages/airflow/models/connection.py", line 519, in get_connection_from_secrets
    raise AirflowNotFoundException(f"The conn_id `{conn_id}` isn't defined")
airflow.exceptions.AirflowNotFoundException: The conn_id `postgres` isn't defined
[2026-03-25T13:56:27.991+0000] {taskinstance.py:1206} INFO - Marking task as FAILED. dag_id=e_commerce_dw_etl, task_id=extract.extract_and_load_to_staging, run_id=scheduled__2025-04-04T00:00:00+00:00, execution_date=20250404T000000, start_date=20260325T135627, end_date=20260325T135627
[2026-03-25T13:56:28.004+0000] {standard_task_runner.py:110} ERROR - Failed to execute job 164 for task extract.extract_and_load_to_staging (The conn_id `postgres` isn't defined; 745)
[2026-03-25T13:56:28.047+0000] {local_task_job_runner.py:240} INFO - Task exited with return code 1
[2026-03-25T13:56:28.076+0000] {taskinstance.py:3503} INFO - 0 downstream tasks scheduled from follow-on schedule check
[2026-03-25T13:56:28.085+0000] {local_task_job_runner.py:222} INFO - ::endgroup::
[2026-03-26T03:45:35.416+0000] {local_task_job_runner.py:120} INFO - ::group::Pre task execution logs
[2026-03-26T03:45:35.542+0000] {taskinstance.py:2076} INFO - Dependencies all met for dep_context=non-requeueable deps ti=<TaskInstance: e_commerce_dw_etl.extract.extract_and_load_to_staging scheduled__2025-04-04T00:00:00+00:00 [queued]>
[2026-03-26T03:45:35.582+0000] {taskinstance.py:2076} INFO - Dependencies all met for dep_context=requeueable deps ti=<TaskInstance: e_commerce_dw_etl.extract.extract_and_load_to_staging scheduled__2025-04-04T00:00:00+00:00 [queued]>
[2026-03-26T03:45:35.593+0000] {taskinstance.py:2306} INFO - Starting attempt 1 of 1
[2026-03-26T03:45:35.724+0000] {taskinstance.py:2330} INFO - Executing <Task(PythonOperator): extract.extract_and_load_to_staging> on 2025-04-04 00:00:00+00:00
[2026-03-26T03:45:35.747+0000] {standard_task_runner.py:63} INFO - Started process 2836 to run task
[2026-03-26T03:45:35.755+0000] {standard_task_runner.py:90} INFO - Running: ['***', 'tasks', 'run', 'e_commerce_dw_etl', 'extract.extract_and_load_to_staging', 'scheduled__2025-04-04T00:00:00+00:00', '--job-id', '991', '--raw', '--subdir', 'DAGS_FOLDER/e_commerce_dw_dag.py', '--cfg-path', '/tmp/tmpdvb5jd04']
[2026-03-26T03:45:35.770+0000] {standard_task_runner.py:91} INFO - Job 991: Subtask extract.extract_and_load_to_staging
[2026-03-26T03:45:36.011+0000] {task_command.py:426} INFO - Running <TaskInstance: e_commerce_dw_etl.extract.extract_and_load_to_staging scheduled__2025-04-04T00:00:00+00:00 [running]> on host 031edd3e030e
[2026-03-26T03:45:36.862+0000] {taskinstance.py:2648} INFO - Exporting env vars: AIRFLOW_CTX_DAG_OWNER='***' AIRFLOW_CTX_DAG_ID='e_commerce_dw_etl' AIRFLOW_CTX_TASK_ID='extract.extract_and_load_to_staging' AIRFLOW_CTX_EXECUTION_DATE='2025-04-04T00:00:00+00:00' AIRFLOW_CTX_TRY_NUMBER='1' AIRFLOW_CTX_DAG_RUN_ID='scheduled__2025-04-04T00:00:00+00:00'
[2026-03-26T03:45:36.865+0000] {taskinstance.py:430} INFO - ::endgroup::
[2026-03-26T03:45:36.947+0000] {crypto.py:82} WARNING - empty cryptography key - values will not be stored encrypted.
[2026-03-26T03:45:36.958+0000] {base.py:84} INFO - Using connection ID 'mysql' for task execution.
[2026-03-26T03:45:36.993+0000] {base.py:84} INFO - Using connection ID 'mysql' for task execution.
[2026-03-26T03:45:37.018+0000] {logging_mixin.py:188} WARNING - /home/***/.local/lib/python3.10/site-packages/***/providers/common/sql/hooks/sql.py:263 UserWarning: pandas only supports SQLAlchemy connectable (engine/connection) or database string URI or sqlite3 DBAPI2 connection. Other DBAPI2 objects are not tested. Please consider using SQLAlchemy.
[2026-03-26T03:45:37.034+0000] {base.py:84} INFO - Using connection ID 'postgres' for task execution.
[2026-03-26T03:45:37.298+0000] {logging_mixin.py:188} INFO - Đã trích xuất và lưu bảng product_category_name_translation từ MySQL vào PostgreSQL public
[2026-03-26T03:45:37.300+0000] {base.py:84} INFO - Using connection ID 'mysql' for task execution.
[2026-03-26T03:45:37.318+0000] {logging_mixin.py:188} WARNING - /home/***/.local/lib/python3.10/site-packages/***/providers/common/sql/hooks/sql.py:263 UserWarning: pandas only supports SQLAlchemy connectable (engine/connection) or database string URI or sqlite3 DBAPI2 connection. Other DBAPI2 objects are not tested. Please consider using SQLAlchemy.
[2026-03-26T03:45:37.340+0000] {base.py:84} INFO - Using connection ID 'postgres' for task execution.
[2026-03-26T03:45:37.571+0000] {logging_mixin.py:188} INFO - Đã trích xuất và lưu bảng geolocation từ MySQL vào PostgreSQL public
[2026-03-26T03:45:37.579+0000] {base.py:84} INFO - Using connection ID 'mysql' for task execution.
[2026-03-26T03:45:37.595+0000] {logging_mixin.py:188} WARNING - /home/***/.local/lib/python3.10/site-packages/***/providers/common/sql/hooks/sql.py:263 UserWarning: pandas only supports SQLAlchemy connectable (engine/connection) or database string URI or sqlite3 DBAPI2 connection. Other DBAPI2 objects are not tested. Please consider using SQLAlchemy.
[2026-03-26T03:45:37.602+0000] {base.py:84} INFO - Using connection ID 'postgres' for task execution.
[2026-03-26T03:45:37.766+0000] {logging_mixin.py:188} INFO - Đã trích xuất và lưu bảng sellers từ MySQL vào PostgreSQL public
[2026-03-26T03:45:37.777+0000] {base.py:84} INFO - Using connection ID 'mysql' for task execution.
[2026-03-26T03:45:37.786+0000] {logging_mixin.py:188} WARNING - /home/***/.local/lib/python3.10/site-packages/***/providers/common/sql/hooks/sql.py:263 UserWarning: pandas only supports SQLAlchemy connectable (engine/connection) or database string URI or sqlite3 DBAPI2 connection. Other DBAPI2 objects are not tested. Please consider using SQLAlchemy.
[2026-03-26T03:45:37.798+0000] {base.py:84} INFO - Using connection ID 'postgres' for task execution.
[2026-03-26T03:45:37.945+0000] {logging_mixin.py:188} INFO - Đã trích xuất và lưu bảng customers từ MySQL vào PostgreSQL public
[2026-03-26T03:45:37.947+0000] {base.py:84} INFO - Using connection ID 'mysql' for task execution.
[2026-03-26T03:45:37.967+0000] {logging_mixin.py:188} WARNING - /home/***/.local/lib/python3.10/site-packages/***/providers/common/sql/hooks/sql.py:263 UserWarning: pandas only supports SQLAlchemy connectable (engine/connection) or database string URI or sqlite3 DBAPI2 connection. Other DBAPI2 objects are not tested. Please consider using SQLAlchemy.
[2026-03-26T03:45:37.984+0000] {base.py:84} INFO - Using connection ID 'postgres' for task execution.
[2026-03-26T03:45:38.182+0000] {logging_mixin.py:188} INFO - Đã trích xuất và lưu bảng products từ MySQL vào PostgreSQL public
[2026-03-26T03:45:38.188+0000] {base.py:84} INFO - Using connection ID 'mysql' for task execution.
[2026-03-26T03:45:38.210+0000] {logging_mixin.py:188} WARNING - /home/***/.local/lib/python3.10/site-packages/***/providers/common/sql/hooks/sql.py:263 UserWarning: pandas only supports SQLAlchemy connectable (engine/connection) or database string URI or sqlite3 DBAPI2 connection. Other DBAPI2 objects are not tested. Please consider using SQLAlchemy.
[2026-03-26T03:45:38.247+0000] {base.py:84} INFO - Using connection ID 'postgres' for task execution.
[2026-03-26T03:45:38.443+0000] {logging_mixin.py:188} INFO - Đã trích xuất và lưu bảng orders từ MySQL vào PostgreSQL public
[2026-03-26T03:45:38.445+0000] {base.py:84} INFO - Using connection ID 'mysql' for task execution.
[2026-03-26T03:45:38.461+0000] {logging_mixin.py:188} WARNING - /home/***/.local/lib/python3.10/site-packages/***/providers/common/sql/hooks/sql.py:263 UserWarning: pandas only supports SQLAlchemy connectable (engine/connection) or database string URI or sqlite3 DBAPI2 connection. Other DBAPI2 objects are not tested. Please consider using SQLAlchemy.
[2026-03-26T03:45:38.465+0000] {base.py:84} INFO - Using connection ID 'postgres' for task execution.
[2026-03-26T03:45:38.700+0000] {logging_mixin.py:188} INFO - Đã trích xuất và lưu bảng order_items từ MySQL vào PostgreSQL public
[2026-03-26T03:45:38.702+0000] {base.py:84} INFO - Using connection ID 'mysql' for task execution.
[2026-03-26T03:45:38.713+0000] {logging_mixin.py:188} WARNING - /home/***/.local/lib/python3.10/site-packages/***/providers/common/sql/hooks/sql.py:263 UserWarning: pandas only supports SQLAlchemy connectable (engine/connection) or database string URI or sqlite3 DBAPI2 connection. Other DBAPI2 objects are not tested. Please consider using SQLAlchemy.
[2026-03-26T03:45:38.736+0000] {base.py:84} INFO - Using connection ID 'postgres' for task execution.
[2026-03-26T03:45:38.965+0000] {logging_mixin.py:188} INFO - Đã trích xuất và lưu bảng payments từ MySQL vào PostgreSQL public
[2026-03-26T03:45:38.972+0000] {base.py:84} INFO - Using connection ID 'mysql' for task execution.
[2026-03-26T03:45:38.979+0000] {logging_mixin.py:188} WARNING - /home/***/.local/lib/python3.10/site-packages/***/providers/common/sql/hooks/sql.py:263 UserWarning: pandas only supports SQLAlchemy connectable (engine/connection) or database string URI or sqlite3 DBAPI2 connection. Other DBAPI2 objects are not tested. Please consider using SQLAlchemy.
[2026-03-26T03:45:38.993+0000] {base.py:84} INFO - Using connection ID 'postgres' for task execution.
[2026-03-26T03:45:39.255+0000] {logging_mixin.py:188} INFO - Đã trích xuất và lưu bảng order_reviews từ MySQL vào PostgreSQL public
[2026-03-26T03:45:39.257+0000] {python.py:237} INFO - Done. Returned value was: None
[2026-03-26T03:45:39.259+0000] {taskinstance.py:441} INFO - ::group::Post task execution logs
[2026-03-26T03:45:39.297+0000] {taskinstance.py:1206} INFO - Marking task as SUCCESS. dag_id=e_commerce_dw_etl, task_id=extract.extract_and_load_to_staging, run_id=scheduled__2025-04-04T00:00:00+00:00, execution_date=20250404T000000, start_date=20260326T034535, end_date=20260326T034539
[2026-03-26T03:45:39.424+0000] {local_task_job_runner.py:240} INFO - Task exited with return code 0
[2026-03-26T03:45:39.695+0000] {taskinstance.py:3503} INFO - 6 downstream tasks scheduled from follow-on schedule check
[2026-03-26T03:45:39.714+0000] {local_task_job_runner.py:222} INFO - ::endgroup::
[2026-03-26T04:10:53.174+0000] {local_task_job_runner.py:120} INFO - ::group::Pre task execution logs
[2026-03-26T04:10:53.462+0000] {taskinstance.py:2076} INFO - Dependencies all met for dep_context=non-requeueable deps ti=<TaskInstance: e_commerce_dw_etl.extract.extract_and_load_to_staging scheduled__2025-04-04T00:00:00+00:00 [queued]>
[2026-03-26T04:10:53.531+0000] {taskinstance.py:2076} INFO - Dependencies all met for dep_context=requeueable deps ti=<TaskInstance: e_commerce_dw_etl.extract.extract_and_load_to_staging scheduled__2025-04-04T00:00:00+00:00 [queued]>
[2026-03-26T04:10:53.544+0000] {taskinstance.py:2306} INFO - Starting attempt 1 of 1
[2026-03-26T04:10:54.404+0000] {taskinstance.py:2330} INFO - Executing <Task(PythonOperator): extract.extract_and_load_to_staging> on 2025-04-04 00:00:00+00:00
[2026-03-26T04:10:54.440+0000] {standard_task_runner.py:63} INFO - Started process 1358 to run task
[2026-03-26T04:10:54.449+0000] {standard_task_runner.py:90} INFO - Running: ['***', 'tasks', 'run', 'e_commerce_dw_etl', 'extract.extract_and_load_to_staging', 'scheduled__2025-04-04T00:00:00+00:00', '--job-id', '302', '--raw', '--subdir', 'DAGS_FOLDER/e_commerce_dw_dag.py', '--cfg-path', '/tmp/tmp2oh_dw18']
[2026-03-26T04:10:54.473+0000] {standard_task_runner.py:91} INFO - Job 302: Subtask extract.extract_and_load_to_staging
[2026-03-26T04:10:55.007+0000] {task_command.py:426} INFO - Running <TaskInstance: e_commerce_dw_etl.extract.extract_and_load_to_staging scheduled__2025-04-04T00:00:00+00:00 [running]> on host 2d1a3218d35e
[2026-03-26T04:10:56.088+0000] {taskinstance.py:2648} INFO - Exporting env vars: AIRFLOW_CTX_DAG_OWNER='***' AIRFLOW_CTX_DAG_ID='e_commerce_dw_etl' AIRFLOW_CTX_TASK_ID='extract.extract_and_load_to_staging' AIRFLOW_CTX_EXECUTION_DATE='2025-04-04T00:00:00+00:00' AIRFLOW_CTX_TRY_NUMBER='1' AIRFLOW_CTX_DAG_RUN_ID='scheduled__2025-04-04T00:00:00+00:00'
[2026-03-26T04:10:56.090+0000] {taskinstance.py:430} INFO - ::endgroup::
[2026-03-26T04:10:56.129+0000] {crypto.py:82} WARNING - empty cryptography key - values will not be stored encrypted.
[2026-03-26T04:10:56.136+0000] {base.py:84} INFO - Using connection ID 'mysql' for task execution.
[2026-03-26T04:10:56.168+0000] {base.py:84} INFO - Using connection ID 'mysql' for task execution.
[2026-03-26T04:10:56.236+0000] {logging_mixin.py:188} WARNING - /home/***/.local/lib/python3.10/site-packages/***/providers/common/sql/hooks/sql.py:263 UserWarning: pandas only supports SQLAlchemy connectable (engine/connection) or database string URI or sqlite3 DBAPI2 connection. Other DBAPI2 objects are not tested. Please consider using SQLAlchemy.
[2026-03-26T04:10:56.267+0000] {base.py:84} INFO - Using connection ID 'postgres' for task execution.
[2026-03-26T04:10:56.636+0000] {logging_mixin.py:188} INFO - Đã trích xuất và lưu bảng product_category_name_translation từ MySQL vào PostgreSQL public
[2026-03-26T04:10:56.639+0000] {base.py:84} INFO - Using connection ID 'mysql' for task execution.
[2026-03-26T04:10:56.658+0000] {logging_mixin.py:188} WARNING - /home/***/.local/lib/python3.10/site-packages/***/providers/common/sql/hooks/sql.py:263 UserWarning: pandas only supports SQLAlchemy connectable (engine/connection) or database string URI or sqlite3 DBAPI2 connection. Other DBAPI2 objects are not tested. Please consider using SQLAlchemy.
[2026-03-26T04:10:56.882+0000] {base.py:84} INFO - Using connection ID 'postgres' for task execution.
[2026-03-26T04:10:59.622+0000] {logging_mixin.py:188} INFO - Đã trích xuất và lưu bảng geolocation từ MySQL vào PostgreSQL public
[2026-03-26T04:10:59.630+0000] {base.py:84} INFO - Using connection ID 'mysql' for task execution.
[2026-03-26T04:10:59.648+0000] {logging_mixin.py:188} WARNING - /home/***/.local/lib/python3.10/site-packages/***/providers/common/sql/hooks/sql.py:263 UserWarning: pandas only supports SQLAlchemy connectable (engine/connection) or database string URI or sqlite3 DBAPI2 connection. Other DBAPI2 objects are not tested. Please consider using SQLAlchemy.
[2026-03-26T04:10:59.695+0000] {base.py:84} INFO - Using connection ID 'postgres' for task execution.
[2026-03-26T04:11:00.032+0000] {logging_mixin.py:188} INFO - Đã trích xuất và lưu bảng sellers từ MySQL vào PostgreSQL public
[2026-03-26T04:11:00.040+0000] {base.py:84} INFO - Using connection ID 'mysql' for task execution.
[2026-03-26T04:11:00.059+0000] {logging_mixin.py:188} WARNING - /home/***/.local/lib/python3.10/site-packages/***/providers/common/sql/hooks/sql.py:263 UserWarning: pandas only supports SQLAlchemy connectable (engine/connection) or database string URI or sqlite3 DBAPI2 connection. Other DBAPI2 objects are not tested. Please consider using SQLAlchemy.
[2026-03-26T04:11:00.581+0000] {base.py:84} INFO - Using connection ID 'postgres' for task execution.
[2026-03-26T04:11:09.025+0000] {taskinstance.py:441} INFO - ::group::Post task execution logs
[2026-03-26T04:11:09.039+0000] {taskinstance.py:2905} ERROR - Task failed with exception
Traceback (most recent call last):
  File "/home/airflow/.local/lib/python3.10/site-packages/sqlalchemy/engine/base.py", line 1890, in _execute_context
    self.dialect.do_executemany(
  File "/home/airflow/.local/lib/python3.10/site-packages/sqlalchemy/dialects/postgresql/psycopg2.py", line 982, in do_executemany
    context._psycopg2_fetched_rows = xtras.execute_values(
  File "/home/airflow/.local/lib/python3.10/site-packages/psycopg2/extras.py", line 1299, in execute_values
    cur.execute(b''.join(parts))
psycopg2.errors.UndefinedTable: relation "staging.stg_customers" does not exist
LINE 1: INSERT INTO staging.stg_customers (customer_id, customer_uni...
                    ^


The above exception was the direct cause of the following exception:

Traceback (most recent call last):
  File "/home/airflow/.local/lib/python3.10/site-packages/airflow/models/taskinstance.py", line 465, in _execute_task
    result = _execute_callable(context=context, **execute_callable_kwargs)
  File "/home/airflow/.local/lib/python3.10/site-packages/airflow/models/taskinstance.py", line 432, in _execute_callable
    return execute_callable(context=context, **execute_callable_kwargs)
  File "/home/airflow/.local/lib/python3.10/site-packages/airflow/models/baseoperator.py", line 401, in wrapper
    return func(self, *args, **kwargs)
  File "/home/airflow/.local/lib/python3.10/site-packages/airflow/operators/python.py", line 235, in execute
    return_value = self.execute_callable()
  File "/home/airflow/.local/lib/python3.10/site-packages/airflow/operators/python.py", line 252, in execute_callable
    return self.python_callable(*self.op_args, **self.op_kwargs)
  File "/opt/airflow/dags/extract_data.py", line 33, in extract_and_load_to_staging
    staging_operator.save_data_to_postgres(
  File "/opt/airflow/plugins/postgresql_operator.py", line 25, in save_data_to_postgres
    df.to_sql(table_name, engine, schema=schema, if_exists=if_exists, index=False)
  File "/home/airflow/.local/lib/python3.10/site-packages/pandas/core/generic.py", line 2987, in to_sql
    return sql.to_sql(
  File "/home/airflow/.local/lib/python3.10/site-packages/pandas/io/sql.py", line 695, in to_sql
    return pandas_sql.to_sql(
  File "/home/airflow/.local/lib/python3.10/site-packages/pandas/io/sql.py", line 1738, in to_sql
    total_inserted = sql_engine.insert_records(
  File "/home/airflow/.local/lib/python3.10/site-packages/pandas/io/sql.py", line 1335, in insert_records
    raise err
  File "/home/airflow/.local/lib/python3.10/site-packages/pandas/io/sql.py", line 1325, in insert_records
    return table.insert(chunksize=chunksize, method=method)
  File "/home/airflow/.local/lib/python3.10/site-packages/pandas/io/sql.py", line 946, in insert
    num_inserted = exec_insert(conn, keys, chunk_iter)
  File "/home/airflow/.local/lib/python3.10/site-packages/pandas/io/sql.py", line 853, in _execute_insert
    result = conn.execute(self.table.insert(), data)
  File "/home/airflow/.local/lib/python3.10/site-packages/sqlalchemy/engine/base.py", line 1385, in execute
    return meth(self, multiparams, params, _EMPTY_EXECUTION_OPTS)
  File "/home/airflow/.local/lib/python3.10/site-packages/sqlalchemy/sql/elements.py", line 334, in _execute_on_connection
    return connection._execute_clauseelement(
  File "/home/airflow/.local/lib/python3.10/site-packages/sqlalchemy/engine/base.py", line 1577, in _execute_clauseelement
    ret = self._execute_context(
  File "/home/airflow/.local/lib/python3.10/site-packages/sqlalchemy/engine/base.py", line 1953, in _execute_context
    self._handle_dbapi_exception(
  File "/home/airflow/.local/lib/python3.10/site-packages/sqlalchemy/engine/base.py", line 2134, in _handle_dbapi_exception
    util.raise_(
  File "/home/airflow/.local/lib/python3.10/site-packages/sqlalchemy/util/compat.py", line 211, in raise_
    raise exception
  File "/home/airflow/.local/lib/python3.10/site-packages/sqlalchemy/engine/base.py", line 1890, in _execute_context
    self.dialect.do_executemany(
  File "/home/airflow/.local/lib/python3.10/site-packages/sqlalchemy/dialects/postgresql/psycopg2.py", line 982, in do_executemany
    context._psycopg2_fetched_rows = xtras.execute_values(
  File "/home/airflow/.local/lib/python3.10/site-packages/psycopg2/extras.py", line 1299, in execute_values
    cur.execute(b''.join(parts))
sqlalchemy.exc.ProgrammingError: (psycopg2.errors.UndefinedTable) relation "staging.stg_customers" does not exist
LINE 1: INSERT INTO staging.stg_customers (customer_id, customer_uni...
                    ^

[SQL: INSERT INTO staging.stg_customers (customer_id, customer_unique_id, customer_zip_code_prefix, customer_city, customer_state) VALUES (%(customer_id)s, %(customer_unique_id)s, %(customer_zip_code_prefix)s, %(customer_city)s, %(customer_state)s)]
[parameters: ({'customer_id': '00012a2ce6f8dcda20d059ce98491703', 'customer_unique_id': '248ffe10d632bebe4f7267f1f44844c9', 'customer_zip_code_prefix': 6273, 'customer_city': 'osasco', 'customer_state': 'SP'}, {'customer_id': '000161a058600d5901f007fab4c27140', 'customer_unique_id': 'b0015e09bb4b6e47c52844fab5fb6638', 'customer_zip_code_prefix': 35550, 'customer_city': 'itapecerica', 'customer_state': 'MG'}, {'customer_id': '0001fd6190edaaf884bcaf3d49edf079', 'customer_unique_id': '94b11d37cd61cb2994a194d11f89682b', 'customer_zip_code_prefix': 29830, 'customer_city': 'nova venecia', 'customer_state': 'ES'}, {'customer_id': '0002414f95344307404f0ace7a26f1d5', 'customer_unique_id': '4893ad4ea28b2c5b3ddf4e82e79db9e6', 'customer_zip_code_prefix': 39664, 'customer_city': 'mendonca', 'customer_state': 'MG'}, {'customer_id': '000379cdec625522490c315e70c7a9fb', 'customer_unique_id': '0b83f73b19c2019e182fd552c048a22c', 'customer_zip_code_prefix': 4841, 'customer_city': 'sao paulo', 'customer_state': 'SP'}, {'customer_id': '0004164d20a9e969af783496f3408652', 'customer_unique_id': '104bdb7e6a6cdceaa88c3ea5fa6b2b93', 'customer_zip_code_prefix': 13272, 'customer_city': 'valinhos', 'customer_state': 'SP'}, {'customer_id': '000419c5494106c306a97b5635748086', 'customer_unique_id': '14843983d4a159080f6afe4b7f346e7c', 'customer_zip_code_prefix': 24220, 'customer_city': 'niteroi', 'customer_state': 'RJ'}, {'customer_id': '00046a560d407e99b969756e0b10f282', 'customer_unique_id': '0b5295fc9819d831f68eb0e9a3e13ab7', 'customer_zip_code_prefix': 20540, 'customer_city': 'rio de janeiro', 'customer_state': 'RJ'}  ... displaying 10 of 99441 total bound parameter sets ...  {'customer_id': 'ffffa3172527f765de70084a7e53aae8', 'customer_unique_id': '48fd7dec70f2b104a1d5e8c5c639102b', 'customer_zip_code_prefix': 37130, 'customer_city': 'alfenas', 'customer_state': 'MG'}, {'customer_id': 'ffffe8b65bbe3087b653a978c870db99', 'customer_unique_id': '736e6bfa0510aa5b878881a226a5fd89', 'customer_zip_code_prefix': 6172, 'customer_city': 'osasco', 'customer_state': 'SP'})]
(Background on this error at: https://sqlalche.me/e/14/f405)
[2026-03-26T04:11:09.159+0000] {taskinstance.py:1206} INFO - Marking task as FAILED. dag_id=e_commerce_dw_etl, task_id=extract.extract_and_load_to_staging, run_id=scheduled__2025-04-04T00:00:00+00:00, execution_date=20250404T000000, start_date=20260326T041053, end_date=20260326T041109
[2026-03-26T04:11:09.249+0000] {standard_task_runner.py:110} ERROR - Failed to execute job 302 for task extract.extract_and_load_to_staging ((psycopg2.errors.UndefinedTable) relation "staging.stg_customers" does not exist
LINE 1: INSERT INTO staging.stg_customers (customer_id, customer_uni...
                    ^

[SQL: INSERT INTO staging.stg_customers (customer_id, customer_unique_id, customer_zip_code_prefix, customer_city, customer_state) VALUES (%(customer_id)s, %(customer_unique_id)s, %(customer_zip_code_prefix)s, %(customer_city)s, %(customer_state)s)]
[parameters: ({'customer_id': '00012a2ce6f8dcda20d059ce98491703', 'customer_unique_id': '248ffe10d632bebe4f7267f1f44844c9', 'customer_zip_code_prefix': 6273, 'customer_city': 'osasco', 'customer_state': 'SP'}, {'customer_id': '000161a058600d5901f007fab4c27140', 'customer_unique_id': 'b0015e09bb4b6e47c52844fab5fb6638', 'customer_zip_code_prefix': 35550, 'customer_city': 'itapecerica', 'customer_state': 'MG'}, {'customer_id': '0001fd6190edaaf884bcaf3d49edf079', 'customer_unique_id': '94b11d37cd61cb2994a194d11f89682b', 'customer_zip_code_prefix': 29830, 'customer_city': 'nova venecia', 'customer_state': 'ES'}, {'customer_id': '0002414f95344307404f0ace7a26f1d5', 'customer_unique_id': '4893ad4ea28b2c5b3ddf4e82e79db9e6', 'customer_zip_code_prefix': 39664, 'customer_city': 'mendonca', 'customer_state': 'MG'}, {'customer_id': '000379cdec625522490c315e70c7a9fb', 'customer_unique_id': '0b83f73b19c2019e182fd552c048a22c', 'customer_zip_code_prefix': 4841, 'customer_city': 'sao paulo', 'customer_state': 'SP'}, {'customer_id': '0004164d20a9e969af783496f3408652', 'customer_unique_id': '104bdb7e6a6cdceaa88c3ea5fa6b2b93', 'customer_zip_code_prefix': 13272, 'customer_city': 'valinhos', 'customer_state': 'SP'}, {'customer_id': '000419c5494106c306a97b5635748086', 'customer_unique_id': '14843983d4a159080f6afe4b7f346e7c', 'customer_zip_code_prefix': 24220, 'customer_city': 'niteroi', 'customer_state': 'RJ'}, {'customer_id': '00046a560d407e99b969756e0b10f282', 'customer_unique_id': '0b5295fc9819d831f68eb0e9a3e13ab7', 'customer_zip_code_prefix': 20540, 'customer_city': 'rio de janeiro', 'customer_state': 'RJ'}  ... displaying 10 of 99441 total bound parameter sets ...  {'customer_id': 'ffffa3172527f765de70084a7e53aae8', 'customer_unique_id': '48fd7dec70f2b104a1d5e8c5c639102b', 'customer_zip_code_prefix': 37130, 'customer_city': 'alfenas', 'customer_state': 'MG'}, {'customer_id': 'ffffe8b65bbe3087b653a978c870db99', 'customer_unique_id': '736e6bfa0510aa5b878881a226a5fd89', 'customer_zip_code_prefix': 6172, 'customer_city': 'osasco', 'customer_state': 'SP'})]
(Background on this error at: https://sqlalche.me/e/14/f405); 1358)
[2026-03-26T04:11:09.482+0000] {local_task_job_runner.py:240} INFO - Task exited with return code 1
[2026-03-26T04:11:09.737+0000] {taskinstance.py:3503} INFO - 0 downstream tasks scheduled from follow-on schedule check
[2026-03-26T04:11:09.756+0000] {local_task_job_runner.py:222} INFO - ::endgroup::
