[2026-03-26T03:43:09.752+0000] {local_task_job_runner.py:120} INFO - ::group::Pre task execution logs
[2026-03-26T03:43:09.985+0000] {taskinstance.py:2076} INFO - Dependencies all met for dep_context=non-requeueable deps ti=<TaskInstance: e_commerce_dw_etl.transform.transform_dim_customers scheduled__2025-02-10T00:00:00+00:00 [queued]>
[2026-03-26T03:43:10.072+0000] {taskinstance.py:2076} INFO - Dependencies all met for dep_context=requeueable deps ti=<TaskInstance: e_commerce_dw_etl.transform.transform_dim_customers scheduled__2025-02-10T00:00:00+00:00 [queued]>
[2026-03-26T03:43:10.077+0000] {taskinstance.py:2306} INFO - Starting attempt 1 of 1
[2026-03-26T03:43:10.318+0000] {taskinstance.py:2330} INFO - Executing <Task(PythonOperator): transform.transform_dim_customers> on 2025-02-10 00:00:00+00:00
[2026-03-26T03:43:10.363+0000] {standard_task_runner.py:63} INFO - Started process 2091 to run task
[2026-03-26T03:43:10.403+0000] {standard_task_runner.py:90} INFO - Running: ['***', 'tasks', 'run', 'e_commerce_dw_etl', 'transform.transform_dim_customers', 'scheduled__2025-02-10T00:00:00+00:00', '--job-id', '677', '--raw', '--subdir', 'DAGS_FOLDER/e_commerce_dw_dag.py', '--cfg-path', '/tmp/tmprss7s5es']
[2026-03-26T03:43:10.425+0000] {standard_task_runner.py:91} INFO - Job 677: Subtask transform.transform_dim_customers
[2026-03-26T03:43:11.032+0000] {task_command.py:426} INFO - Running <TaskInstance: e_commerce_dw_etl.transform.transform_dim_customers scheduled__2025-02-10T00:00:00+00:00 [running]> on host 031edd3e030e
[2026-03-26T03:43:12.656+0000] {taskinstance.py:2648} INFO - Exporting env vars: AIRFLOW_CTX_DAG_OWNER='***' AIRFLOW_CTX_DAG_ID='e_commerce_dw_etl' AIRFLOW_CTX_TASK_ID='transform.transform_dim_customers' AIRFLOW_CTX_EXECUTION_DATE='2025-02-10T00:00:00+00:00' AIRFLOW_CTX_TRY_NUMBER='1' AIRFLOW_CTX_DAG_RUN_ID='scheduled__2025-02-10T00:00:00+00:00'
[2026-03-26T03:43:12.701+0000] {taskinstance.py:430} INFO - ::endgroup::
[2026-03-26T03:43:12.813+0000] {crypto.py:82} WARNING - empty cryptography key - values will not be stored encrypted.
[2026-03-26T03:43:12.828+0000] {base.py:84} INFO - Using connection ID 'postgres' for task execution.
[2026-03-26T03:43:12.911+0000] {logging_mixin.py:188} WARNING - /home/***/.local/lib/python3.10/site-packages/***/providers/common/sql/hooks/sql.py:263 UserWarning: pandas only supports SQLAlchemy connectable (engine/connection) or database string URI or sqlite3 DBAPI2 connection. Other DBAPI2 objects are not tested. Please consider using SQLAlchemy.
[2026-03-26T03:43:12.949+0000] {base.py:84} INFO - Using connection ID 'postgres' for task execution.
[2026-03-26T03:43:13.367+0000] {logging_mixin.py:188} INFO - Đã transform và lưu dữ liệu vào dim_customers
[2026-03-26T03:43:13.408+0000] {python.py:237} INFO - Done. Returned value was: None
[2026-03-26T03:43:13.440+0000] {taskinstance.py:441} INFO - ::group::Post task execution logs
[2026-03-26T03:43:13.486+0000] {taskinstance.py:1206} INFO - Marking task as SUCCESS. dag_id=e_commerce_dw_etl, task_id=transform.transform_dim_customers, run_id=scheduled__2025-02-10T00:00:00+00:00, execution_date=20250210T000000, start_date=20260326T034310, end_date=20260326T034313
[2026-03-26T03:43:13.753+0000] {local_task_job_runner.py:240} INFO - Task exited with return code 0
[2026-03-26T03:43:14.082+0000] {local_task_job_runner.py:222} INFO - ::endgroup::
[2026-03-26T04:09:32.296+0000] {local_task_job_runner.py:120} INFO - ::group::Pre task execution logs
[2026-03-26T04:09:32.466+0000] {taskinstance.py:2076} INFO - Dependencies all met for dep_context=non-requeueable deps ti=<TaskInstance: e_commerce_dw_etl.transform.transform_dim_customers scheduled__2025-02-10T00:00:00+00:00 [queued]>
[2026-03-26T04:09:32.490+0000] {taskinstance.py:2076} INFO - Dependencies all met for dep_context=requeueable deps ti=<TaskInstance: e_commerce_dw_etl.transform.transform_dim_customers scheduled__2025-02-10T00:00:00+00:00 [queued]>
[2026-03-26T04:09:32.495+0000] {taskinstance.py:2306} INFO - Starting attempt 1 of 1
[2026-03-26T04:09:32.598+0000] {taskinstance.py:2330} INFO - Executing <Task(PythonOperator): transform.transform_dim_customers> on 2025-02-10 00:00:00+00:00
[2026-03-26T04:09:32.661+0000] {standard_task_runner.py:63} INFO - Started process 1208 to run task
[2026-03-26T04:09:32.666+0000] {standard_task_runner.py:90} INFO - Running: ['***', 'tasks', 'run', 'e_commerce_dw_etl', 'transform.transform_dim_customers', 'scheduled__2025-02-10T00:00:00+00:00', '--job-id', '253', '--raw', '--subdir', 'DAGS_FOLDER/e_commerce_dw_dag.py', '--cfg-path', '/tmp/tmp5z6ooxu8']
[2026-03-26T04:09:32.671+0000] {standard_task_runner.py:91} INFO - Job 253: Subtask transform.transform_dim_customers
[2026-03-26T04:09:32.907+0000] {task_command.py:426} INFO - Running <TaskInstance: e_commerce_dw_etl.transform.transform_dim_customers scheduled__2025-02-10T00:00:00+00:00 [running]> on host 2d1a3218d35e
[2026-03-26T04:09:34.656+0000] {taskinstance.py:2648} INFO - Exporting env vars: AIRFLOW_CTX_DAG_OWNER='***' AIRFLOW_CTX_DAG_ID='e_commerce_dw_etl' AIRFLOW_CTX_TASK_ID='transform.transform_dim_customers' AIRFLOW_CTX_EXECUTION_DATE='2025-02-10T00:00:00+00:00' AIRFLOW_CTX_TRY_NUMBER='1' AIRFLOW_CTX_DAG_RUN_ID='scheduled__2025-02-10T00:00:00+00:00'
[2026-03-26T04:09:34.666+0000] {taskinstance.py:430} INFO - ::endgroup::
[2026-03-26T04:09:34.845+0000] {crypto.py:82} WARNING - empty cryptography key - values will not be stored encrypted.
[2026-03-26T04:09:34.850+0000] {base.py:84} INFO - Using connection ID 'postgres' for task execution.
[2026-03-26T04:09:34.923+0000] {logging_mixin.py:188} WARNING - /home/***/.local/lib/python3.10/site-packages/***/providers/common/sql/hooks/sql.py:263 UserWarning: pandas only supports SQLAlchemy connectable (engine/connection) or database string URI or sqlite3 DBAPI2 connection. Other DBAPI2 objects are not tested. Please consider using SQLAlchemy.
[2026-03-26T04:09:34.948+0000] {base.py:84} INFO - Using connection ID 'postgres' for task execution.
[2026-03-26T04:09:35.454+0000] {logging_mixin.py:188} INFO - Đã transform và lưu dữ liệu vào dim_customers
[2026-03-26T04:09:35.455+0000] {python.py:237} INFO - Done. Returned value was: None
[2026-03-26T04:09:35.462+0000] {taskinstance.py:441} INFO - ::group::Post task execution logs
[2026-03-26T04:09:35.500+0000] {taskinstance.py:1206} INFO - Marking task as SUCCESS. dag_id=e_commerce_dw_etl, task_id=transform.transform_dim_customers, run_id=scheduled__2025-02-10T00:00:00+00:00, execution_date=20250210T000000, start_date=20260326T040932, end_date=20260326T040935
[2026-03-26T04:09:35.617+0000] {local_task_job_runner.py:240} INFO - Task exited with return code 0
[2026-03-26T04:09:35.687+0000] {taskinstance.py:3503} INFO - 0 downstream tasks scheduled from follow-on schedule check
[2026-03-26T04:09:35.693+0000] {local_task_job_runner.py:222} INFO - ::endgroup::
