[2026-03-31T08:57:29.154+0000] {local_task_job_runner.py:120} INFO - ::group::Pre task execution logs
[2026-03-31T08:57:29.217+0000] {taskinstance.py:2076} INFO - Dependencies all met for dep_context=non-requeueable deps ti=<TaskInstance: e_commerce_dw_etl.transform.transform_dim_geolocation manual__2026-03-31T08:57:07.720043+00:00 [queued]>
[2026-03-31T08:57:29.234+0000] {taskinstance.py:2076} INFO - Dependencies all met for dep_context=requeueable deps ti=<TaskInstance: e_commerce_dw_etl.transform.transform_dim_geolocation manual__2026-03-31T08:57:07.720043+00:00 [queued]>
[2026-03-31T08:57:29.236+0000] {taskinstance.py:2306} INFO - Starting attempt 1 of 1
[2026-03-31T08:57:29.259+0000] {taskinstance.py:2330} INFO - Executing <Task(PythonOperator): transform.transform_dim_geolocation> on 2026-03-31 08:57:07.720043+00:00
[2026-03-31T08:57:29.267+0000] {standard_task_runner.py:63} INFO - Started process 396 to run task
[2026-03-31T08:57:29.271+0000] {standard_task_runner.py:90} INFO - Running: ['***', 'tasks', 'run', 'e_commerce_dw_etl', 'transform.transform_dim_geolocation', 'manual__2026-03-31T08:57:07.720043+00:00', '--job-id', '1237', '--raw', '--subdir', 'DAGS_FOLDER/e_commerce_dw_dag.py', '--cfg-path', '/tmp/tmpes1u3hra']
[2026-03-31T08:57:29.274+0000] {standard_task_runner.py:91} INFO - Job 1237: Subtask transform.transform_dim_geolocation
[2026-03-31T08:57:29.370+0000] {task_command.py:426} INFO - Running <TaskInstance: e_commerce_dw_etl.transform.transform_dim_geolocation manual__2026-03-31T08:57:07.720043+00:00 [running]> on host 9fdddff2d219
[2026-03-31T08:57:29.512+0000] {taskinstance.py:2648} INFO - Exporting env vars: AIRFLOW_CTX_DAG_OWNER='***' AIRFLOW_CTX_DAG_ID='e_commerce_dw_etl' AIRFLOW_CTX_TASK_ID='transform.transform_dim_geolocation' AIRFLOW_CTX_EXECUTION_DATE='2026-03-31T08:57:07.720043+00:00' AIRFLOW_CTX_TRY_NUMBER='1' AIRFLOW_CTX_DAG_RUN_ID='manual__2026-03-31T08:57:07.720043+00:00'
[2026-03-31T08:57:29.513+0000] {taskinstance.py:430} INFO - ::endgroup::
[2026-03-31T08:57:29.923+0000] {crypto.py:82} WARNING - empty cryptography key - values will not be stored encrypted.
[2026-03-31T08:57:29.925+0000] {base.py:84} INFO - Using connection ID 'postgres' for task execution.
[2026-03-31T08:57:29.943+0000] {logging_mixin.py:188} WARNING - /home/***/.local/lib/python3.10/site-packages/***/providers/common/sql/hooks/sql.py:263 UserWarning: pandas only supports SQLAlchemy connectable (engine/connection) or database string URI or sqlite3 DBAPI2 connection. Other DBAPI2 objects are not tested. Please consider using SQLAlchemy.
[2026-03-31T08:57:30.186+0000] {base.py:84} INFO - Using connection ID 'postgres' for task execution.
[2026-03-31T08:57:31.354+0000] {logging_mixin.py:188} INFO - Đã transform và lưu dữ liệu vào dim_geolocation
[2026-03-31T08:57:31.356+0000] {python.py:237} INFO - Done. Returned value was: None
[2026-03-31T08:57:31.357+0000] {taskinstance.py:441} INFO - ::group::Post task execution logs
[2026-03-31T08:57:31.369+0000] {taskinstance.py:1206} INFO - Marking task as SUCCESS. dag_id=e_commerce_dw_etl, task_id=transform.transform_dim_geolocation, run_id=manual__2026-03-31T08:57:07.720043+00:00, execution_date=20260331T085707, start_date=20260331T085729, end_date=20260331T085731
[2026-03-31T08:57:31.417+0000] {local_task_job_runner.py:240} INFO - Task exited with return code 0
[2026-03-31T08:57:31.453+0000] {taskinstance.py:3503} INFO - 0 downstream tasks scheduled from follow-on schedule check
[2026-03-31T08:57:31.458+0000] {local_task_job_runner.py:222} INFO - ::endgroup::
