[2026-03-26T03:40:50.974+0000] {local_task_job_runner.py:120} INFO - ::group::Pre task execution logs
[2026-03-26T03:40:51.224+0000] {taskinstance.py:2076} INFO - Dependencies all met for dep_context=non-requeueable deps ti=<TaskInstance: e_commerce_dw_etl.transform.transform_dim_customers scheduled__2024-12-20T00:00:00+00:00 [queued]>
[2026-03-26T03:40:51.300+0000] {taskinstance.py:2076} INFO - Dependencies all met for dep_context=requeueable deps ti=<TaskInstance: e_commerce_dw_etl.transform.transform_dim_customers scheduled__2024-12-20T00:00:00+00:00 [queued]>
[2026-03-26T03:40:51.304+0000] {taskinstance.py:2306} INFO - Starting attempt 1 of 1
[2026-03-26T03:40:51.468+0000] {taskinstance.py:2330} INFO - Executing <Task(PythonOperator): transform.transform_dim_customers> on 2024-12-20 00:00:00+00:00
[2026-03-26T03:40:51.508+0000] {standard_task_runner.py:63} INFO - Started process 1300 to run task
[2026-03-26T03:40:51.561+0000] {standard_task_runner.py:90} INFO - Running: ['***', 'tasks', 'run', 'e_commerce_dw_etl', 'transform.transform_dim_customers', 'scheduled__2024-12-20T00:00:00+00:00', '--job-id', '334', '--raw', '--subdir', 'DAGS_FOLDER/e_commerce_dw_dag.py', '--cfg-path', '/tmp/tmp7jvmw3sf']
[2026-03-26T03:40:51.586+0000] {standard_task_runner.py:91} INFO - Job 334: Subtask transform.transform_dim_customers
[2026-03-26T03:40:52.077+0000] {task_command.py:426} INFO - Running <TaskInstance: e_commerce_dw_etl.transform.transform_dim_customers scheduled__2024-12-20T00:00:00+00:00 [running]> on host 031edd3e030e
[2026-03-26T03:40:53.612+0000] {taskinstance.py:2648} INFO - Exporting env vars: AIRFLOW_CTX_DAG_OWNER='***' AIRFLOW_CTX_DAG_ID='e_commerce_dw_etl' AIRFLOW_CTX_TASK_ID='transform.transform_dim_customers' AIRFLOW_CTX_EXECUTION_DATE='2024-12-20T00:00:00+00:00' AIRFLOW_CTX_TRY_NUMBER='1' AIRFLOW_CTX_DAG_RUN_ID='scheduled__2024-12-20T00:00:00+00:00'
[2026-03-26T03:40:53.622+0000] {taskinstance.py:430} INFO - ::endgroup::
[2026-03-26T03:40:53.677+0000] {crypto.py:82} WARNING - empty cryptography key - values will not be stored encrypted.
[2026-03-26T03:40:53.678+0000] {base.py:84} INFO - Using connection ID 'postgres' for task execution.
[2026-03-26T03:40:53.782+0000] {logging_mixin.py:188} WARNING - /home/***/.local/lib/python3.10/site-packages/***/providers/common/sql/hooks/sql.py:263 UserWarning: pandas only supports SQLAlchemy connectable (engine/connection) or database string URI or sqlite3 DBAPI2 connection. Other DBAPI2 objects are not tested. Please consider using SQLAlchemy.
[2026-03-26T03:40:53.865+0000] {base.py:84} INFO - Using connection ID 'postgres' for task execution.
[2026-03-26T03:40:54.440+0000] {logging_mixin.py:188} INFO - Đã transform và lưu dữ liệu vào dim_customers
[2026-03-26T03:40:54.449+0000] {python.py:237} INFO - Done. Returned value was: None
[2026-03-26T03:40:54.468+0000] {taskinstance.py:441} INFO - ::group::Post task execution logs
[2026-03-26T03:40:54.622+0000] {taskinstance.py:1206} INFO - Marking task as SUCCESS. dag_id=e_commerce_dw_etl, task_id=transform.transform_dim_customers, run_id=scheduled__2024-12-20T00:00:00+00:00, execution_date=20241220T000000, start_date=20260326T034051, end_date=20260326T034054
[2026-03-26T03:40:54.983+0000] {local_task_job_runner.py:240} INFO - Task exited with return code 0
[2026-03-26T03:40:55.239+0000] {local_task_job_runner.py:222} INFO - ::endgroup::
[2026-03-26T04:06:18.179+0000] {local_task_job_runner.py:120} INFO - ::group::Pre task execution logs
[2026-03-26T04:06:18.514+0000] {taskinstance.py:2076} INFO - Dependencies all met for dep_context=non-requeueable deps ti=<TaskInstance: e_commerce_dw_etl.transform.transform_dim_customers scheduled__2024-12-20T00:00:00+00:00 [queued]>
[2026-03-26T04:06:18.595+0000] {taskinstance.py:2076} INFO - Dependencies all met for dep_context=requeueable deps ti=<TaskInstance: e_commerce_dw_etl.transform.transform_dim_customers scheduled__2024-12-20T00:00:00+00:00 [queued]>
[2026-03-26T04:06:18.596+0000] {taskinstance.py:2306} INFO - Starting attempt 1 of 1
[2026-03-26T04:06:18.725+0000] {taskinstance.py:2330} INFO - Executing <Task(PythonOperator): transform.transform_dim_customers> on 2024-12-20 00:00:00+00:00
[2026-03-26T04:06:18.759+0000] {standard_task_runner.py:63} INFO - Started process 830 to run task
[2026-03-26T04:06:18.815+0000] {standard_task_runner.py:90} INFO - Running: ['***', 'tasks', 'run', 'e_commerce_dw_etl', 'transform.transform_dim_customers', 'scheduled__2024-12-20T00:00:00+00:00', '--job-id', '146', '--raw', '--subdir', 'DAGS_FOLDER/e_commerce_dw_dag.py', '--cfg-path', '/tmp/tmptkjdw74a']
[2026-03-26T04:06:18.831+0000] {standard_task_runner.py:91} INFO - Job 146: Subtask transform.transform_dim_customers
[2026-03-26T04:06:19.424+0000] {task_command.py:426} INFO - Running <TaskInstance: e_commerce_dw_etl.transform.transform_dim_customers scheduled__2024-12-20T00:00:00+00:00 [running]> on host 2d1a3218d35e
[2026-03-26T04:06:22.520+0000] {taskinstance.py:2648} INFO - Exporting env vars: AIRFLOW_CTX_DAG_OWNER='***' AIRFLOW_CTX_DAG_ID='e_commerce_dw_etl' AIRFLOW_CTX_TASK_ID='transform.transform_dim_customers' AIRFLOW_CTX_EXECUTION_DATE='2024-12-20T00:00:00+00:00' AIRFLOW_CTX_TRY_NUMBER='1' AIRFLOW_CTX_DAG_RUN_ID='scheduled__2024-12-20T00:00:00+00:00'
[2026-03-26T04:06:22.522+0000] {taskinstance.py:430} INFO - ::endgroup::
[2026-03-26T04:06:22.557+0000] {crypto.py:82} WARNING - empty cryptography key - values will not be stored encrypted.
[2026-03-26T04:06:22.561+0000] {base.py:84} INFO - Using connection ID 'postgres' for task execution.
[2026-03-26T04:06:22.642+0000] {logging_mixin.py:188} WARNING - /home/***/.local/lib/python3.10/site-packages/***/providers/common/sql/hooks/sql.py:263 UserWarning: pandas only supports SQLAlchemy connectable (engine/connection) or database string URI or sqlite3 DBAPI2 connection. Other DBAPI2 objects are not tested. Please consider using SQLAlchemy.
[2026-03-26T04:06:22.702+0000] {base.py:84} INFO - Using connection ID 'postgres' for task execution.
[2026-03-26T04:06:22.945+0000] {logging_mixin.py:188} INFO - Đã transform và lưu dữ liệu vào dim_customers
[2026-03-26T04:06:22.960+0000] {python.py:237} INFO - Done. Returned value was: None
[2026-03-26T04:06:22.961+0000] {taskinstance.py:441} INFO - ::group::Post task execution logs
[2026-03-26T04:06:23.006+0000] {taskinstance.py:1206} INFO - Marking task as SUCCESS. dag_id=e_commerce_dw_etl, task_id=transform.transform_dim_customers, run_id=scheduled__2024-12-20T00:00:00+00:00, execution_date=20241220T000000, start_date=20260326T040618, end_date=20260326T040623
[2026-03-26T04:06:23.419+0000] {local_task_job_runner.py:240} INFO - Task exited with return code 0
[2026-03-26T04:06:23.487+0000] {taskinstance.py:3503} INFO - 0 downstream tasks scheduled from follow-on schedule check
[2026-03-26T04:06:23.502+0000] {local_task_job_runner.py:222} INFO - ::endgroup::
