[2026-03-25T08:44:25.618+0000] {local_task_job_runner.py:120} INFO - ::group::Pre task execution logs
[2026-03-25T08:44:25.680+0000] {taskinstance.py:2076} INFO - Dependencies all met for dep_context=non-requeueable deps ti=<TaskInstance: e_commerce_dw_etl.extract.extract_and_load_to_staging scheduled__2025-07-29T00:00:00+00:00 [queued]>
[2026-03-25T08:44:25.708+0000] {taskinstance.py:2076} INFO - Dependencies all met for dep_context=requeueable deps ti=<TaskInstance: e_commerce_dw_etl.extract.extract_and_load_to_staging scheduled__2025-07-29T00:00:00+00:00 [queued]>
[2026-03-25T08:44:25.710+0000] {taskinstance.py:2306} INFO - Starting attempt 1 of 1
[2026-03-25T08:44:25.849+0000] {taskinstance.py:2330} INFO - Executing <Task(PythonOperator): extract.extract_and_load_to_staging> on 2025-07-29 00:00:00+00:00
[2026-03-25T08:44:25.866+0000] {standard_task_runner.py:63} INFO - Started process 1231 to run task
[2026-03-25T08:44:25.882+0000] {standard_task_runner.py:90} INFO - Running: ['***', 'tasks', 'run', 'e_commerce_dw_etl', 'extract.extract_and_load_to_staging', 'scheduled__2025-07-29T00:00:00+00:00', '--job-id', '293', '--raw', '--subdir', 'DAGS_FOLDER/e_commerce_dw_dag.py', '--cfg-path', '/tmp/tmp91g17_5j']
[2026-03-25T08:44:25.889+0000] {standard_task_runner.py:91} INFO - Job 293: Subtask extract.extract_and_load_to_staging
[2026-03-25T08:44:26.103+0000] {task_command.py:426} INFO - Running <TaskInstance: e_commerce_dw_etl.extract.extract_and_load_to_staging scheduled__2025-07-29T00:00:00+00:00 [running]> on host bcd9e4848a6d
[2026-03-25T08:44:26.507+0000] {taskinstance.py:2648} INFO - Exporting env vars: AIRFLOW_CTX_DAG_OWNER='***' AIRFLOW_CTX_DAG_ID='e_commerce_dw_etl' AIRFLOW_CTX_TASK_ID='extract.extract_and_load_to_staging' AIRFLOW_CTX_EXECUTION_DATE='2025-07-29T00:00:00+00:00' AIRFLOW_CTX_TRY_NUMBER='1' AIRFLOW_CTX_DAG_RUN_ID='scheduled__2025-07-29T00:00:00+00:00'
[2026-03-25T08:44:26.509+0000] {taskinstance.py:430} INFO - ::endgroup::
[2026-03-25T08:44:26.923+0000] {mysql_operator.py:13} ERROR - Can't connect to mysql database
[2026-03-25T08:44:26.957+0000] {taskinstance.py:441} INFO - ::group::Post task execution logs
[2026-03-25T08:44:26.987+0000] {taskinstance.py:2905} ERROR - Task failed with exception
Traceback (most recent call last):
  File "/home/airflow/.local/lib/python3.10/site-packages/airflow/models/taskinstance.py", line 465, in _execute_task
    result = _execute_callable(context=context, **execute_callable_kwargs)
  File "/home/airflow/.local/lib/python3.10/site-packages/airflow/models/taskinstance.py", line 432, in _execute_callable
    return execute_callable(context=context, **execute_callable_kwargs)
  File "/home/airflow/.local/lib/python3.10/site-packages/airflow/models/baseoperator.py", line 401, in wrapper
    return func(self, *args, **kwargs)
  File "/home/airflow/.local/lib/python3.10/site-packages/airflow/operators/python.py", line 235, in execute
    return_value = self.execute_callable()
  File "/home/airflow/.local/lib/python3.10/site-packages/airflow/operators/python.py", line 252, in execute_callable
    return self.python_callable(*self.op_args, **self.op_kwargs)
  File "/opt/airflow/dags/extract_data.py", line 30, in extract_and_load_to_staging
    df = source_operator.get_data_to_pd(f"SELECT * FROM {table}")
  File "/opt/airflow/plugins/mysql_operator.py", line 15, in get_data_to_pd
    return self.mysqlhook.get_pandas_df(query)
  File "/home/airflow/.local/lib/python3.10/site-packages/airflow/providers/common/sql/hooks/sql.py", line 262, in get_pandas_df
    with closing(self.get_conn()) as conn:
  File "/home/airflow/.local/lib/python3.10/site-packages/airflow/providers/mysql/hooks/mysql.py", line 188, in get_conn
    conn = self.connection or self.get_connection(getattr(self, self.conn_name_attr))
  File "/home/airflow/.local/lib/python3.10/site-packages/airflow/hooks/base.py", line 83, in get_connection
    conn = Connection.get_connection_from_secrets(conn_id)
  File "/home/airflow/.local/lib/python3.10/site-packages/airflow/models/connection.py", line 519, in get_connection_from_secrets
    raise AirflowNotFoundException(f"The conn_id `{conn_id}` isn't defined")
airflow.exceptions.AirflowNotFoundException: The conn_id `mysql` isn't defined
[2026-03-25T08:44:27.047+0000] {taskinstance.py:1206} INFO - Marking task as FAILED. dag_id=e_commerce_dw_etl, task_id=extract.extract_and_load_to_staging, run_id=scheduled__2025-07-29T00:00:00+00:00, execution_date=20250729T000000, start_date=20260325T084425, end_date=20260325T084427
[2026-03-25T08:44:27.289+0000] {standard_task_runner.py:110} ERROR - Failed to execute job 293 for task extract.extract_and_load_to_staging (The conn_id `mysql` isn't defined; 1231)
[2026-03-25T08:44:27.389+0000] {local_task_job_runner.py:240} INFO - Task exited with return code 1
[2026-03-25T08:44:27.471+0000] {local_task_job_runner.py:222} INFO - ::endgroup::
[2026-03-25T09:32:43.657+0000] {local_task_job_runner.py:120} INFO - ::group::Pre task execution logs
[2026-03-25T09:32:43.725+0000] {taskinstance.py:2076} INFO - Dependencies all met for dep_context=non-requeueable deps ti=<TaskInstance: e_commerce_dw_etl.extract.extract_and_load_to_staging scheduled__2025-07-29T00:00:00+00:00 [queued]>
[2026-03-25T09:32:43.744+0000] {taskinstance.py:2076} INFO - Dependencies all met for dep_context=requeueable deps ti=<TaskInstance: e_commerce_dw_etl.extract.extract_and_load_to_staging scheduled__2025-07-29T00:00:00+00:00 [queued]>
[2026-03-25T09:32:43.746+0000] {taskinstance.py:2306} INFO - Starting attempt 1 of 1
[2026-03-25T09:32:43.852+0000] {taskinstance.py:2330} INFO - Executing <Task(PythonOperator): extract.extract_and_load_to_staging> on 2025-07-29 00:00:00+00:00
[2026-03-25T09:32:43.862+0000] {standard_task_runner.py:63} INFO - Started process 890 to run task
[2026-03-25T09:32:43.871+0000] {standard_task_runner.py:90} INFO - Running: ['***', 'tasks', 'run', 'e_commerce_dw_etl', 'extract.extract_and_load_to_staging', 'scheduled__2025-07-29T00:00:00+00:00', '--job-id', '283', '--raw', '--subdir', 'DAGS_FOLDER/e_commerce_dw_dag.py', '--cfg-path', '/tmp/tmp7rcsm2yn']
[2026-03-25T09:32:43.878+0000] {standard_task_runner.py:91} INFO - Job 283: Subtask extract.extract_and_load_to_staging
[2026-03-25T09:32:44.045+0000] {task_command.py:426} INFO - Running <TaskInstance: e_commerce_dw_etl.extract.extract_and_load_to_staging scheduled__2025-07-29T00:00:00+00:00 [running]> on host 0d903260eca4
[2026-03-25T09:32:44.263+0000] {taskinstance.py:2648} INFO - Exporting env vars: AIRFLOW_CTX_DAG_OWNER='***' AIRFLOW_CTX_DAG_ID='e_commerce_dw_etl' AIRFLOW_CTX_TASK_ID='extract.extract_and_load_to_staging' AIRFLOW_CTX_EXECUTION_DATE='2025-07-29T00:00:00+00:00' AIRFLOW_CTX_TRY_NUMBER='1' AIRFLOW_CTX_DAG_RUN_ID='scheduled__2025-07-29T00:00:00+00:00'
[2026-03-25T09:32:44.265+0000] {taskinstance.py:430} INFO - ::endgroup::
[2026-03-25T09:32:44.689+0000] {mysql_operator.py:13} ERROR - Can't connect to mysql database
[2026-03-25T09:32:44.705+0000] {taskinstance.py:441} INFO - ::group::Post task execution logs
[2026-03-25T09:32:44.730+0000] {taskinstance.py:2905} ERROR - Task failed with exception
Traceback (most recent call last):
  File "/home/airflow/.local/lib/python3.10/site-packages/airflow/models/taskinstance.py", line 465, in _execute_task
    result = _execute_callable(context=context, **execute_callable_kwargs)
  File "/home/airflow/.local/lib/python3.10/site-packages/airflow/models/taskinstance.py", line 432, in _execute_callable
    return execute_callable(context=context, **execute_callable_kwargs)
  File "/home/airflow/.local/lib/python3.10/site-packages/airflow/models/baseoperator.py", line 401, in wrapper
    return func(self, *args, **kwargs)
  File "/home/airflow/.local/lib/python3.10/site-packages/airflow/operators/python.py", line 235, in execute
    return_value = self.execute_callable()
  File "/home/airflow/.local/lib/python3.10/site-packages/airflow/operators/python.py", line 252, in execute_callable
    return self.python_callable(*self.op_args, **self.op_kwargs)
  File "/opt/airflow/dags/extract_data.py", line 30, in extract_and_load_to_staging
    df = source_operator.get_data_to_pd(f"SELECT * FROM {table}")
  File "/opt/airflow/plugins/mysql_operator.py", line 15, in get_data_to_pd
    return self.mysqlhook.get_pandas_df(query)
  File "/home/airflow/.local/lib/python3.10/site-packages/airflow/providers/common/sql/hooks/sql.py", line 262, in get_pandas_df
    with closing(self.get_conn()) as conn:
  File "/home/airflow/.local/lib/python3.10/site-packages/airflow/providers/mysql/hooks/mysql.py", line 188, in get_conn
    conn = self.connection or self.get_connection(getattr(self, self.conn_name_attr))
  File "/home/airflow/.local/lib/python3.10/site-packages/airflow/hooks/base.py", line 83, in get_connection
    conn = Connection.get_connection_from_secrets(conn_id)
  File "/home/airflow/.local/lib/python3.10/site-packages/airflow/models/connection.py", line 519, in get_connection_from_secrets
    raise AirflowNotFoundException(f"The conn_id `{conn_id}` isn't defined")
airflow.exceptions.AirflowNotFoundException: The conn_id `mysql` isn't defined
[2026-03-25T09:32:44.757+0000] {taskinstance.py:1206} INFO - Marking task as FAILED. dag_id=e_commerce_dw_etl, task_id=extract.extract_and_load_to_staging, run_id=scheduled__2025-07-29T00:00:00+00:00, execution_date=20250729T000000, start_date=20260325T093243, end_date=20260325T093244
[2026-03-25T09:32:44.880+0000] {standard_task_runner.py:110} ERROR - Failed to execute job 283 for task extract.extract_and_load_to_staging (The conn_id `mysql` isn't defined; 890)
[2026-03-25T09:32:44.915+0000] {local_task_job_runner.py:240} INFO - Task exited with return code 1
[2026-03-25T09:32:44.971+0000] {taskinstance.py:3503} INFO - 0 downstream tasks scheduled from follow-on schedule check
[2026-03-25T09:32:44.983+0000] {local_task_job_runner.py:222} INFO - ::endgroup::
[2026-03-25T10:59:02.767+0000] {local_task_job_runner.py:120} INFO - ::group::Pre task execution logs
[2026-03-25T10:59:02.822+0000] {taskinstance.py:2076} INFO - Dependencies all met for dep_context=non-requeueable deps ti=<TaskInstance: e_commerce_dw_etl.extract.extract_and_load_to_staging scheduled__2025-07-29T00:00:00+00:00 [queued]>
[2026-03-25T10:59:02.840+0000] {taskinstance.py:2076} INFO - Dependencies all met for dep_context=requeueable deps ti=<TaskInstance: e_commerce_dw_etl.extract.extract_and_load_to_staging scheduled__2025-07-29T00:00:00+00:00 [queued]>
[2026-03-25T10:59:02.841+0000] {taskinstance.py:2306} INFO - Starting attempt 1 of 1
[2026-03-25T10:59:03.026+0000] {taskinstance.py:2330} INFO - Executing <Task(PythonOperator): extract.extract_and_load_to_staging> on 2025-07-29 00:00:00+00:00
[2026-03-25T10:59:03.034+0000] {standard_task_runner.py:63} INFO - Started process 1027 to run task
[2026-03-25T10:59:03.042+0000] {standard_task_runner.py:90} INFO - Running: ['***', 'tasks', 'run', 'e_commerce_dw_etl', 'extract.extract_and_load_to_staging', 'scheduled__2025-07-29T00:00:00+00:00', '--job-id', '281', '--raw', '--subdir', 'DAGS_FOLDER/e_commerce_dw_dag.py', '--cfg-path', '/tmp/tmp1lymfmo3']
[2026-03-25T10:59:03.047+0000] {standard_task_runner.py:91} INFO - Job 281: Subtask extract.extract_and_load_to_staging
[2026-03-25T10:59:03.191+0000] {task_command.py:426} INFO - Running <TaskInstance: e_commerce_dw_etl.extract.extract_and_load_to_staging scheduled__2025-07-29T00:00:00+00:00 [running]> on host b7a6f340f223
[2026-03-25T10:59:03.340+0000] {taskinstance.py:2648} INFO - Exporting env vars: AIRFLOW_CTX_DAG_OWNER='***' AIRFLOW_CTX_DAG_ID='e_commerce_dw_etl' AIRFLOW_CTX_TASK_ID='extract.extract_and_load_to_staging' AIRFLOW_CTX_EXECUTION_DATE='2025-07-29T00:00:00+00:00' AIRFLOW_CTX_TRY_NUMBER='1' AIRFLOW_CTX_DAG_RUN_ID='scheduled__2025-07-29T00:00:00+00:00'
[2026-03-25T10:59:03.341+0000] {taskinstance.py:430} INFO - ::endgroup::
[2026-03-25T10:59:03.586+0000] {crypto.py:82} WARNING - empty cryptography key - values will not be stored encrypted.
[2026-03-25T10:59:03.587+0000] {base.py:84} INFO - Using connection ID 'mysql' for task execution.
[2026-03-25T10:59:07.473+0000] {mysql_operator.py:13} ERROR - Can't connect to mysql database
[2026-03-25T10:59:07.478+0000] {base.py:84} INFO - Using connection ID 'mysql' for task execution.
[2026-03-25T10:59:11.321+0000] {taskinstance.py:441} INFO - ::group::Post task execution logs
[2026-03-25T10:59:11.322+0000] {taskinstance.py:2905} ERROR - Task failed with exception
Traceback (most recent call last):
  File "/home/airflow/.local/lib/python3.10/site-packages/airflow/models/taskinstance.py", line 465, in _execute_task
    result = _execute_callable(context=context, **execute_callable_kwargs)
  File "/home/airflow/.local/lib/python3.10/site-packages/airflow/models/taskinstance.py", line 432, in _execute_callable
    return execute_callable(context=context, **execute_callable_kwargs)
  File "/home/airflow/.local/lib/python3.10/site-packages/airflow/models/baseoperator.py", line 401, in wrapper
    return func(self, *args, **kwargs)
  File "/home/airflow/.local/lib/python3.10/site-packages/airflow/operators/python.py", line 235, in execute
    return_value = self.execute_callable()
  File "/home/airflow/.local/lib/python3.10/site-packages/airflow/operators/python.py", line 252, in execute_callable
    return self.python_callable(*self.op_args, **self.op_kwargs)
  File "/opt/airflow/dags/extract_data.py", line 30, in extract_and_load_to_staging
    df = source_operator.get_data_to_pd(f"SELECT * FROM {table}")
  File "/opt/airflow/plugins/mysql_operator.py", line 15, in get_data_to_pd
    return self.mysqlhook.get_pandas_df(query)
  File "/home/airflow/.local/lib/python3.10/site-packages/airflow/providers/common/sql/hooks/sql.py", line 262, in get_pandas_df
    with closing(self.get_conn()) as conn:
  File "/home/airflow/.local/lib/python3.10/site-packages/airflow/providers/mysql/hooks/mysql.py", line 196, in get_conn
    return MySQLdb.connect(**conn_config)
  File "/home/airflow/.local/lib/python3.10/site-packages/MySQLdb/__init__.py", line 121, in Connect
    return Connection(*args, **kwargs)
  File "/home/airflow/.local/lib/python3.10/site-packages/MySQLdb/connections.py", line 195, in __init__
    super().__init__(*args, **kwargs2)
MySQLdb.OperationalError: (2005, "Unknown server host 'mysql' (-2)")
[2026-03-25T10:59:11.341+0000] {taskinstance.py:1206} INFO - Marking task as FAILED. dag_id=e_commerce_dw_etl, task_id=extract.extract_and_load_to_staging, run_id=scheduled__2025-07-29T00:00:00+00:00, execution_date=20250729T000000, start_date=20260325T105902, end_date=20260325T105911
[2026-03-25T10:59:11.355+0000] {standard_task_runner.py:110} ERROR - Failed to execute job 281 for task extract.extract_and_load_to_staging ((2005, "Unknown server host 'mysql' (-2)"); 1027)
[2026-03-25T10:59:11.386+0000] {local_task_job_runner.py:240} INFO - Task exited with return code 1
[2026-03-25T10:59:11.394+0000] {local_task_job_runner.py:222} INFO - ::endgroup::
[2026-03-25T11:18:53.422+0000] {local_task_job_runner.py:120} INFO - ::group::Pre task execution logs
[2026-03-25T11:18:53.525+0000] {taskinstance.py:2076} INFO - Dependencies all met for dep_context=non-requeueable deps ti=<TaskInstance: e_commerce_dw_etl.extract.extract_and_load_to_staging scheduled__2025-07-29T00:00:00+00:00 [queued]>
[2026-03-25T11:18:53.548+0000] {taskinstance.py:2076} INFO - Dependencies all met for dep_context=requeueable deps ti=<TaskInstance: e_commerce_dw_etl.extract.extract_and_load_to_staging scheduled__2025-07-29T00:00:00+00:00 [queued]>
[2026-03-25T11:18:53.549+0000] {taskinstance.py:2306} INFO - Starting attempt 1 of 1
[2026-03-25T11:18:53.623+0000] {taskinstance.py:2330} INFO - Executing <Task(PythonOperator): extract.extract_and_load_to_staging> on 2025-07-29 00:00:00+00:00
[2026-03-25T11:18:53.646+0000] {standard_task_runner.py:63} INFO - Started process 1080 to run task
[2026-03-25T11:18:53.654+0000] {standard_task_runner.py:90} INFO - Running: ['***', 'tasks', 'run', 'e_commerce_dw_etl', 'extract.extract_and_load_to_staging', 'scheduled__2025-07-29T00:00:00+00:00', '--job-id', '280', '--raw', '--subdir', 'DAGS_FOLDER/e_commerce_dw_dag.py', '--cfg-path', '/tmp/tmpg1staw6f']
[2026-03-25T11:18:53.661+0000] {standard_task_runner.py:91} INFO - Job 280: Subtask extract.extract_and_load_to_staging
[2026-03-25T11:18:53.800+0000] {task_command.py:426} INFO - Running <TaskInstance: e_commerce_dw_etl.extract.extract_and_load_to_staging scheduled__2025-07-29T00:00:00+00:00 [running]> on host d26a046c4728
[2026-03-25T11:18:54.036+0000] {taskinstance.py:2648} INFO - Exporting env vars: AIRFLOW_CTX_DAG_OWNER='***' AIRFLOW_CTX_DAG_ID='e_commerce_dw_etl' AIRFLOW_CTX_TASK_ID='extract.extract_and_load_to_staging' AIRFLOW_CTX_EXECUTION_DATE='2025-07-29T00:00:00+00:00' AIRFLOW_CTX_TRY_NUMBER='1' AIRFLOW_CTX_DAG_RUN_ID='scheduled__2025-07-29T00:00:00+00:00'
[2026-03-25T11:18:54.039+0000] {taskinstance.py:430} INFO - ::endgroup::
[2026-03-25T11:18:54.460+0000] {base.py:84} INFO - Using connection ID 'mysql' for task execution.
[2026-03-25T11:18:58.320+0000] {mysql_operator.py:13} ERROR - Can't connect to mysql database
[2026-03-25T11:18:58.330+0000] {base.py:84} INFO - Using connection ID 'mysql' for task execution.
[2026-03-25T11:19:02.153+0000] {taskinstance.py:441} INFO - ::group::Post task execution logs
[2026-03-25T11:19:02.155+0000] {taskinstance.py:2905} ERROR - Task failed with exception
Traceback (most recent call last):
  File "/home/airflow/.local/lib/python3.10/site-packages/airflow/models/taskinstance.py", line 465, in _execute_task
    result = _execute_callable(context=context, **execute_callable_kwargs)
  File "/home/airflow/.local/lib/python3.10/site-packages/airflow/models/taskinstance.py", line 432, in _execute_callable
    return execute_callable(context=context, **execute_callable_kwargs)
  File "/home/airflow/.local/lib/python3.10/site-packages/airflow/models/baseoperator.py", line 401, in wrapper
    return func(self, *args, **kwargs)
  File "/home/airflow/.local/lib/python3.10/site-packages/airflow/operators/python.py", line 235, in execute
    return_value = self.execute_callable()
  File "/home/airflow/.local/lib/python3.10/site-packages/airflow/operators/python.py", line 252, in execute_callable
    return self.python_callable(*self.op_args, **self.op_kwargs)
  File "/opt/airflow/dags/extract_data.py", line 30, in extract_and_load_to_staging
    df = source_operator.get_data_to_pd(f"SELECT * FROM {table}")
  File "/opt/airflow/plugins/mysql_operator.py", line 15, in get_data_to_pd
    return self.mysqlhook.get_pandas_df(query)
  File "/home/airflow/.local/lib/python3.10/site-packages/airflow/providers/common/sql/hooks/sql.py", line 262, in get_pandas_df
    with closing(self.get_conn()) as conn:
  File "/home/airflow/.local/lib/python3.10/site-packages/airflow/providers/mysql/hooks/mysql.py", line 196, in get_conn
    return MySQLdb.connect(**conn_config)
  File "/home/airflow/.local/lib/python3.10/site-packages/MySQLdb/__init__.py", line 121, in Connect
    return Connection(*args, **kwargs)
  File "/home/airflow/.local/lib/python3.10/site-packages/MySQLdb/connections.py", line 195, in __init__
    super().__init__(*args, **kwargs2)
MySQLdb.OperationalError: (2005, "Unknown server host 'mysql' (-2)")
[2026-03-25T11:19:02.172+0000] {taskinstance.py:1206} INFO - Marking task as FAILED. dag_id=e_commerce_dw_etl, task_id=extract.extract_and_load_to_staging, run_id=scheduled__2025-07-29T00:00:00+00:00, execution_date=20250729T000000, start_date=20260325T111853, end_date=20260325T111902
[2026-03-25T11:19:02.186+0000] {standard_task_runner.py:110} ERROR - Failed to execute job 280 for task extract.extract_and_load_to_staging ((2005, "Unknown server host 'mysql' (-2)"); 1080)
[2026-03-25T11:19:02.222+0000] {local_task_job_runner.py:240} INFO - Task exited with return code 1
[2026-03-25T11:19:02.246+0000] {taskinstance.py:3503} INFO - 0 downstream tasks scheduled from follow-on schedule check
[2026-03-25T11:19:02.254+0000] {local_task_job_runner.py:222} INFO - ::endgroup::
[2026-03-25T11:42:19.428+0000] {local_task_job_runner.py:120} INFO - ::group::Pre task execution logs
[2026-03-25T11:42:19.500+0000] {taskinstance.py:2076} INFO - Dependencies all met for dep_context=non-requeueable deps ti=<TaskInstance: e_commerce_dw_etl.extract.extract_and_load_to_staging scheduled__2025-07-29T00:00:00+00:00 [queued]>
[2026-03-25T11:42:19.521+0000] {taskinstance.py:2076} INFO - Dependencies all met for dep_context=requeueable deps ti=<TaskInstance: e_commerce_dw_etl.extract.extract_and_load_to_staging scheduled__2025-07-29T00:00:00+00:00 [queued]>
[2026-03-25T11:42:19.522+0000] {taskinstance.py:2306} INFO - Starting attempt 1 of 1
[2026-03-25T11:42:19.575+0000] {taskinstance.py:2330} INFO - Executing <Task(PythonOperator): extract.extract_and_load_to_staging> on 2025-07-29 00:00:00+00:00
[2026-03-25T11:42:19.599+0000] {standard_task_runner.py:63} INFO - Started process 952 to run task
[2026-03-25T11:42:19.607+0000] {standard_task_runner.py:90} INFO - Running: ['***', 'tasks', 'run', 'e_commerce_dw_etl', 'extract.extract_and_load_to_staging', 'scheduled__2025-07-29T00:00:00+00:00', '--job-id', '280', '--raw', '--subdir', 'DAGS_FOLDER/e_commerce_dw_dag.py', '--cfg-path', '/tmp/tmpneo_9_n_']
[2026-03-25T11:42:19.613+0000] {standard_task_runner.py:91} INFO - Job 280: Subtask extract.extract_and_load_to_staging
[2026-03-25T11:42:19.789+0000] {task_command.py:426} INFO - Running <TaskInstance: e_commerce_dw_etl.extract.extract_and_load_to_staging scheduled__2025-07-29T00:00:00+00:00 [running]> on host d9d1693fa74b
[2026-03-25T11:42:19.996+0000] {taskinstance.py:2648} INFO - Exporting env vars: AIRFLOW_CTX_DAG_OWNER='***' AIRFLOW_CTX_DAG_ID='e_commerce_dw_etl' AIRFLOW_CTX_TASK_ID='extract.extract_and_load_to_staging' AIRFLOW_CTX_EXECUTION_DATE='2025-07-29T00:00:00+00:00' AIRFLOW_CTX_TRY_NUMBER='1' AIRFLOW_CTX_DAG_RUN_ID='scheduled__2025-07-29T00:00:00+00:00'
[2026-03-25T11:42:19.998+0000] {taskinstance.py:430} INFO - ::endgroup::
[2026-03-25T11:42:20.355+0000] {base.py:84} INFO - Using connection ID 'mysql' for task execution.
[2026-03-25T11:42:20.386+0000] {base.py:84} INFO - Using connection ID 'mysql' for task execution.
[2026-03-25T11:42:20.399+0000] {logging_mixin.py:188} WARNING - /home/***/.local/lib/python3.10/site-packages/***/providers/common/sql/hooks/sql.py:263 UserWarning: pandas only supports SQLAlchemy connectable (engine/connection) or database string URI or sqlite3 DBAPI2 connection. Other DBAPI2 objects are not tested. Please consider using SQLAlchemy.
[2026-03-25T11:42:20.401+0000] {taskinstance.py:441} INFO - ::group::Post task execution logs
[2026-03-25T11:42:20.403+0000] {taskinstance.py:2905} ERROR - Task failed with exception
Traceback (most recent call last):
  File "/home/airflow/.local/lib/python3.10/site-packages/pandas/io/sql.py", line 2018, in execute
    cur.execute(*args, **kwargs)
  File "/home/airflow/.local/lib/python3.10/site-packages/MySQLdb/cursors.py", line 179, in execute
    res = self._query(mogrified_query)
  File "/home/airflow/.local/lib/python3.10/site-packages/MySQLdb/cursors.py", line 330, in _query
    db.query(q)
  File "/home/airflow/.local/lib/python3.10/site-packages/MySQLdb/connections.py", line 261, in query
    _mysql.connection.query(self, query)
MySQLdb.ProgrammingError: (1146, "Table 'olist.product_category_name_translation' doesn't exist")

The above exception was the direct cause of the following exception:

Traceback (most recent call last):
  File "/home/airflow/.local/lib/python3.10/site-packages/airflow/models/taskinstance.py", line 465, in _execute_task
    result = _execute_callable(context=context, **execute_callable_kwargs)
  File "/home/airflow/.local/lib/python3.10/site-packages/airflow/models/taskinstance.py", line 432, in _execute_callable
    return execute_callable(context=context, **execute_callable_kwargs)
  File "/home/airflow/.local/lib/python3.10/site-packages/airflow/models/baseoperator.py", line 401, in wrapper
    return func(self, *args, **kwargs)
  File "/home/airflow/.local/lib/python3.10/site-packages/airflow/operators/python.py", line 235, in execute
    return_value = self.execute_callable()
  File "/home/airflow/.local/lib/python3.10/site-packages/airflow/operators/python.py", line 252, in execute_callable
    return self.python_callable(*self.op_args, **self.op_kwargs)
  File "/opt/airflow/dags/extract_data.py", line 30, in extract_and_load_to_staging
    df = source_operator.get_data_to_pd(f"SELECT * FROM {table}")
  File "/opt/airflow/plugins/mysql_operator.py", line 15, in get_data_to_pd
    return self.mysqlhook.get_pandas_df(query)
  File "/home/airflow/.local/lib/python3.10/site-packages/airflow/providers/common/sql/hooks/sql.py", line 263, in get_pandas_df
    return psql.read_sql(sql, con=conn, params=parameters, **kwargs)
  File "/home/airflow/.local/lib/python3.10/site-packages/pandas/io/sql.py", line 564, in read_sql
    return pandas_sql.read_query(
  File "/home/airflow/.local/lib/python3.10/site-packages/pandas/io/sql.py", line 2078, in read_query
    cursor = self.execute(*args)
  File "/home/airflow/.local/lib/python3.10/site-packages/pandas/io/sql.py", line 2030, in execute
    raise ex from exc
pandas.errors.DatabaseError: Execution failed on sql 'SELECT * FROM product_category_name_translation': (1146, "Table 'olist.product_category_name_translation' doesn't exist")
[2026-03-25T11:42:20.434+0000] {taskinstance.py:1206} INFO - Marking task as FAILED. dag_id=e_commerce_dw_etl, task_id=extract.extract_and_load_to_staging, run_id=scheduled__2025-07-29T00:00:00+00:00, execution_date=20250729T000000, start_date=20260325T114219, end_date=20260325T114220
[2026-03-25T11:42:20.458+0000] {standard_task_runner.py:110} ERROR - Failed to execute job 280 for task extract.extract_and_load_to_staging (Execution failed on sql 'SELECT * FROM product_category_name_translation': (1146, "Table 'olist.product_category_name_translation' doesn't exist"); 952)
[2026-03-25T11:42:20.525+0000] {local_task_job_runner.py:240} INFO - Task exited with return code 1
[2026-03-25T11:42:20.582+0000] {taskinstance.py:3503} INFO - 0 downstream tasks scheduled from follow-on schedule check
[2026-03-25T11:42:20.596+0000] {local_task_job_runner.py:222} INFO - ::endgroup::
[2026-03-25T13:57:34.752+0000] {local_task_job_runner.py:120} INFO - ::group::Pre task execution logs
[2026-03-25T13:57:34.789+0000] {taskinstance.py:2076} INFO - Dependencies all met for dep_context=non-requeueable deps ti=<TaskInstance: e_commerce_dw_etl.extract.extract_and_load_to_staging scheduled__2025-07-29T00:00:00+00:00 [queued]>
[2026-03-25T13:57:34.801+0000] {taskinstance.py:2076} INFO - Dependencies all met for dep_context=requeueable deps ti=<TaskInstance: e_commerce_dw_etl.extract.extract_and_load_to_staging scheduled__2025-07-29T00:00:00+00:00 [queued]>
[2026-03-25T13:57:34.801+0000] {taskinstance.py:2306} INFO - Starting attempt 1 of 1
[2026-03-25T13:57:34.820+0000] {taskinstance.py:2330} INFO - Executing <Task(PythonOperator): extract.extract_and_load_to_staging> on 2025-07-29 00:00:00+00:00
[2026-03-25T13:57:34.828+0000] {standard_task_runner.py:63} INFO - Started process 1034 to run task
[2026-03-25T13:57:34.832+0000] {standard_task_runner.py:90} INFO - Running: ['***', 'tasks', 'run', 'e_commerce_dw_etl', 'extract.extract_and_load_to_staging', 'scheduled__2025-07-29T00:00:00+00:00', '--job-id', '281', '--raw', '--subdir', 'DAGS_FOLDER/e_commerce_dw_dag.py', '--cfg-path', '/tmp/tmpmted8wm3']
[2026-03-25T13:57:34.836+0000] {standard_task_runner.py:91} INFO - Job 281: Subtask extract.extract_and_load_to_staging
[2026-03-25T13:57:34.920+0000] {task_command.py:426} INFO - Running <TaskInstance: e_commerce_dw_etl.extract.extract_and_load_to_staging scheduled__2025-07-29T00:00:00+00:00 [running]> on host 85f4963e6238
[2026-03-25T13:57:35.036+0000] {taskinstance.py:2648} INFO - Exporting env vars: AIRFLOW_CTX_DAG_OWNER='***' AIRFLOW_CTX_DAG_ID='e_commerce_dw_etl' AIRFLOW_CTX_TASK_ID='extract.extract_and_load_to_staging' AIRFLOW_CTX_EXECUTION_DATE='2025-07-29T00:00:00+00:00' AIRFLOW_CTX_TRY_NUMBER='1' AIRFLOW_CTX_DAG_RUN_ID='scheduled__2025-07-29T00:00:00+00:00'
[2026-03-25T13:57:35.037+0000] {taskinstance.py:430} INFO - ::endgroup::
[2026-03-25T13:57:35.295+0000] {base.py:84} INFO - Using connection ID 'mysql' for task execution.
[2026-03-25T13:57:35.313+0000] {base.py:84} INFO - Using connection ID 'mysql' for task execution.
[2026-03-25T13:57:35.327+0000] {logging_mixin.py:188} WARNING - /home/***/.local/lib/python3.10/site-packages/***/providers/common/sql/hooks/sql.py:263 UserWarning: pandas only supports SQLAlchemy connectable (engine/connection) or database string URI or sqlite3 DBAPI2 connection. Other DBAPI2 objects are not tested. Please consider using SQLAlchemy.
[2026-03-25T13:57:35.348+0000] {taskinstance.py:441} INFO - ::group::Post task execution logs
[2026-03-25T13:57:35.361+0000] {taskinstance.py:2905} ERROR - Task failed with exception
Traceback (most recent call last):
  File "/home/airflow/.local/lib/python3.10/site-packages/airflow/models/taskinstance.py", line 465, in _execute_task
    result = _execute_callable(context=context, **execute_callable_kwargs)
  File "/home/airflow/.local/lib/python3.10/site-packages/airflow/models/taskinstance.py", line 432, in _execute_callable
    return execute_callable(context=context, **execute_callable_kwargs)
  File "/home/airflow/.local/lib/python3.10/site-packages/airflow/models/baseoperator.py", line 401, in wrapper
    return func(self, *args, **kwargs)
  File "/home/airflow/.local/lib/python3.10/site-packages/airflow/operators/python.py", line 235, in execute
    return_value = self.execute_callable()
  File "/home/airflow/.local/lib/python3.10/site-packages/airflow/operators/python.py", line 252, in execute_callable
    return self.python_callable(*self.op_args, **self.op_kwargs)
  File "/opt/airflow/dags/extract_data.py", line 33, in extract_and_load_to_staging
    staging_operator.save_data_to_postgres(
  File "/opt/airflow/plugins/postgresql_operator.py", line 17, in save_data_to_postgres
    conn = self.hook.get_uri()
  File "/home/airflow/.local/lib/python3.10/site-packages/airflow/providers/postgres/hooks/postgres.py", line 204, in get_uri
    return self.sqlalchemy_url.render_as_string(hide_password=False)
  File "/home/airflow/.local/lib/python3.10/site-packages/airflow/providers/postgres/hooks/postgres.py", line 119, in sqlalchemy_url
    conn = self.get_connection(getattr(self, self.conn_name_attr))
  File "/home/airflow/.local/lib/python3.10/site-packages/airflow/hooks/base.py", line 83, in get_connection
    conn = Connection.get_connection_from_secrets(conn_id)
  File "/home/airflow/.local/lib/python3.10/site-packages/airflow/models/connection.py", line 519, in get_connection_from_secrets
    raise AirflowNotFoundException(f"The conn_id `{conn_id}` isn't defined")
airflow.exceptions.AirflowNotFoundException: The conn_id `postgres` isn't defined
[2026-03-25T13:57:35.378+0000] {taskinstance.py:1206} INFO - Marking task as FAILED. dag_id=e_commerce_dw_etl, task_id=extract.extract_and_load_to_staging, run_id=scheduled__2025-07-29T00:00:00+00:00, execution_date=20250729T000000, start_date=20260325T135734, end_date=20260325T135735
[2026-03-25T13:57:35.395+0000] {standard_task_runner.py:110} ERROR - Failed to execute job 281 for task extract.extract_and_load_to_staging (The conn_id `postgres` isn't defined; 1034)
[2026-03-25T13:57:35.452+0000] {local_task_job_runner.py:240} INFO - Task exited with return code 1
[2026-03-25T13:57:35.473+0000] {local_task_job_runner.py:222} INFO - ::endgroup::
[2026-03-26T04:18:28.744+0000] {local_task_job_runner.py:120} INFO - ::group::Pre task execution logs
[2026-03-26T04:18:28.845+0000] {taskinstance.py:2076} INFO - Dependencies all met for dep_context=non-requeueable deps ti=<TaskInstance: e_commerce_dw_etl.extract.extract_and_load_to_staging scheduled__2025-07-29T00:00:00+00:00 [queued]>
[2026-03-26T04:18:28.872+0000] {taskinstance.py:2076} INFO - Dependencies all met for dep_context=requeueable deps ti=<TaskInstance: e_commerce_dw_etl.extract.extract_and_load_to_staging scheduled__2025-07-29T00:00:00+00:00 [queued]>
[2026-03-26T04:18:28.880+0000] {taskinstance.py:2306} INFO - Starting attempt 1 of 1
[2026-03-26T04:18:28.960+0000] {taskinstance.py:2330} INFO - Executing <Task(PythonOperator): extract.extract_and_load_to_staging> on 2025-07-29 00:00:00+00:00
[2026-03-26T04:18:28.991+0000] {standard_task_runner.py:63} INFO - Started process 2285 to run task
[2026-03-26T04:18:29.007+0000] {standard_task_runner.py:90} INFO - Running: ['***', 'tasks', 'run', 'e_commerce_dw_etl', 'extract.extract_and_load_to_staging', 'scheduled__2025-07-29T00:00:00+00:00', '--job-id', '575', '--raw', '--subdir', 'DAGS_FOLDER/e_commerce_dw_dag.py', '--cfg-path', '/tmp/tmpfzpuvuh5']
[2026-03-26T04:18:29.028+0000] {standard_task_runner.py:91} INFO - Job 575: Subtask extract.extract_and_load_to_staging
[2026-03-26T04:18:29.258+0000] {task_command.py:426} INFO - Running <TaskInstance: e_commerce_dw_etl.extract.extract_and_load_to_staging scheduled__2025-07-29T00:00:00+00:00 [running]> on host 2d1a3218d35e
[2026-03-26T04:18:30.445+0000] {taskinstance.py:2648} INFO - Exporting env vars: AIRFLOW_CTX_DAG_OWNER='***' AIRFLOW_CTX_DAG_ID='e_commerce_dw_etl' AIRFLOW_CTX_TASK_ID='extract.extract_and_load_to_staging' AIRFLOW_CTX_EXECUTION_DATE='2025-07-29T00:00:00+00:00' AIRFLOW_CTX_TRY_NUMBER='1' AIRFLOW_CTX_DAG_RUN_ID='scheduled__2025-07-29T00:00:00+00:00'
[2026-03-26T04:18:30.451+0000] {taskinstance.py:430} INFO - ::endgroup::
[2026-03-26T04:18:30.490+0000] {crypto.py:82} WARNING - empty cryptography key - values will not be stored encrypted.
[2026-03-26T04:18:30.494+0000] {base.py:84} INFO - Using connection ID 'mysql' for task execution.
[2026-03-26T04:18:30.529+0000] {base.py:84} INFO - Using connection ID 'mysql' for task execution.
[2026-03-26T04:18:30.567+0000] {logging_mixin.py:188} WARNING - /home/***/.local/lib/python3.10/site-packages/***/providers/common/sql/hooks/sql.py:263 UserWarning: pandas only supports SQLAlchemy connectable (engine/connection) or database string URI or sqlite3 DBAPI2 connection. Other DBAPI2 objects are not tested. Please consider using SQLAlchemy.
[2026-03-26T04:18:30.582+0000] {base.py:84} INFO - Using connection ID 'postgres' for task execution.
[2026-03-26T04:18:30.789+0000] {logging_mixin.py:188} INFO - Đã trích xuất và lưu bảng product_category_name_translation từ MySQL vào PostgreSQL public
[2026-03-26T04:18:30.791+0000] {base.py:84} INFO - Using connection ID 'mysql' for task execution.
[2026-03-26T04:18:30.807+0000] {logging_mixin.py:188} WARNING - /home/***/.local/lib/python3.10/site-packages/***/providers/common/sql/hooks/sql.py:263 UserWarning: pandas only supports SQLAlchemy connectable (engine/connection) or database string URI or sqlite3 DBAPI2 connection. Other DBAPI2 objects are not tested. Please consider using SQLAlchemy.
[2026-03-26T04:18:30.966+0000] {base.py:84} INFO - Using connection ID 'postgres' for task execution.
[2026-03-26T04:18:33.332+0000] {logging_mixin.py:188} INFO - Đã trích xuất và lưu bảng geolocation từ MySQL vào PostgreSQL public
[2026-03-26T04:18:33.340+0000] {base.py:84} INFO - Using connection ID 'mysql' for task execution.
[2026-03-26T04:18:33.354+0000] {logging_mixin.py:188} WARNING - /home/***/.local/lib/python3.10/site-packages/***/providers/common/sql/hooks/sql.py:263 UserWarning: pandas only supports SQLAlchemy connectable (engine/connection) or database string URI or sqlite3 DBAPI2 connection. Other DBAPI2 objects are not tested. Please consider using SQLAlchemy.
[2026-03-26T04:18:33.411+0000] {base.py:84} INFO - Using connection ID 'postgres' for task execution.
[2026-03-26T04:18:33.973+0000] {logging_mixin.py:188} INFO - Đã trích xuất và lưu bảng sellers từ MySQL vào PostgreSQL public
[2026-03-26T04:18:33.975+0000] {base.py:84} INFO - Using connection ID 'mysql' for task execution.
[2026-03-26T04:18:33.995+0000] {logging_mixin.py:188} WARNING - /home/***/.local/lib/python3.10/site-packages/***/providers/common/sql/hooks/sql.py:263 UserWarning: pandas only supports SQLAlchemy connectable (engine/connection) or database string URI or sqlite3 DBAPI2 connection. Other DBAPI2 objects are not tested. Please consider using SQLAlchemy.
[2026-03-26T04:18:34.546+0000] {base.py:84} INFO - Using connection ID 'postgres' for task execution.
[2026-03-26T04:18:42.305+0000] {taskinstance.py:441} INFO - ::group::Post task execution logs
[2026-03-26T04:18:42.307+0000] {taskinstance.py:2905} ERROR - Task failed with exception
Traceback (most recent call last):
  File "/home/airflow/.local/lib/python3.10/site-packages/sqlalchemy/engine/base.py", line 1890, in _execute_context
    self.dialect.do_executemany(
  File "/home/airflow/.local/lib/python3.10/site-packages/sqlalchemy/dialects/postgresql/psycopg2.py", line 982, in do_executemany
    context._psycopg2_fetched_rows = xtras.execute_values(
  File "/home/airflow/.local/lib/python3.10/site-packages/psycopg2/extras.py", line 1299, in execute_values
    cur.execute(b''.join(parts))
psycopg2.errors.UndefinedTable: relation "staging.stg_customers" does not exist
LINE 1: INSERT INTO staging.stg_customers (customer_id, customer_uni...
                    ^


The above exception was the direct cause of the following exception:

Traceback (most recent call last):
  File "/home/airflow/.local/lib/python3.10/site-packages/airflow/models/taskinstance.py", line 465, in _execute_task
    result = _execute_callable(context=context, **execute_callable_kwargs)
  File "/home/airflow/.local/lib/python3.10/site-packages/airflow/models/taskinstance.py", line 432, in _execute_callable
    return execute_callable(context=context, **execute_callable_kwargs)
  File "/home/airflow/.local/lib/python3.10/site-packages/airflow/models/baseoperator.py", line 401, in wrapper
    return func(self, *args, **kwargs)
  File "/home/airflow/.local/lib/python3.10/site-packages/airflow/operators/python.py", line 235, in execute
    return_value = self.execute_callable()
  File "/home/airflow/.local/lib/python3.10/site-packages/airflow/operators/python.py", line 252, in execute_callable
    return self.python_callable(*self.op_args, **self.op_kwargs)
  File "/opt/airflow/dags/extract_data.py", line 33, in extract_and_load_to_staging
    staging_operator.save_data_to_postgres(
  File "/opt/airflow/plugins/postgresql_operator.py", line 25, in save_data_to_postgres
    df.to_sql(table_name, engine, schema=schema, if_exists=if_exists, index=False)
  File "/home/airflow/.local/lib/python3.10/site-packages/pandas/core/generic.py", line 2987, in to_sql
    return sql.to_sql(
  File "/home/airflow/.local/lib/python3.10/site-packages/pandas/io/sql.py", line 695, in to_sql
    return pandas_sql.to_sql(
  File "/home/airflow/.local/lib/python3.10/site-packages/pandas/io/sql.py", line 1738, in to_sql
    total_inserted = sql_engine.insert_records(
  File "/home/airflow/.local/lib/python3.10/site-packages/pandas/io/sql.py", line 1335, in insert_records
    raise err
  File "/home/airflow/.local/lib/python3.10/site-packages/pandas/io/sql.py", line 1325, in insert_records
    return table.insert(chunksize=chunksize, method=method)
  File "/home/airflow/.local/lib/python3.10/site-packages/pandas/io/sql.py", line 946, in insert
    num_inserted = exec_insert(conn, keys, chunk_iter)
  File "/home/airflow/.local/lib/python3.10/site-packages/pandas/io/sql.py", line 853, in _execute_insert
    result = conn.execute(self.table.insert(), data)
  File "/home/airflow/.local/lib/python3.10/site-packages/sqlalchemy/engine/base.py", line 1385, in execute
    return meth(self, multiparams, params, _EMPTY_EXECUTION_OPTS)
  File "/home/airflow/.local/lib/python3.10/site-packages/sqlalchemy/sql/elements.py", line 334, in _execute_on_connection
    return connection._execute_clauseelement(
  File "/home/airflow/.local/lib/python3.10/site-packages/sqlalchemy/engine/base.py", line 1577, in _execute_clauseelement
    ret = self._execute_context(
  File "/home/airflow/.local/lib/python3.10/site-packages/sqlalchemy/engine/base.py", line 1953, in _execute_context
    self._handle_dbapi_exception(
  File "/home/airflow/.local/lib/python3.10/site-packages/sqlalchemy/engine/base.py", line 2134, in _handle_dbapi_exception
    util.raise_(
  File "/home/airflow/.local/lib/python3.10/site-packages/sqlalchemy/util/compat.py", line 211, in raise_
    raise exception
  File "/home/airflow/.local/lib/python3.10/site-packages/sqlalchemy/engine/base.py", line 1890, in _execute_context
    self.dialect.do_executemany(
  File "/home/airflow/.local/lib/python3.10/site-packages/sqlalchemy/dialects/postgresql/psycopg2.py", line 982, in do_executemany
    context._psycopg2_fetched_rows = xtras.execute_values(
  File "/home/airflow/.local/lib/python3.10/site-packages/psycopg2/extras.py", line 1299, in execute_values
    cur.execute(b''.join(parts))
sqlalchemy.exc.ProgrammingError: (psycopg2.errors.UndefinedTable) relation "staging.stg_customers" does not exist
LINE 1: INSERT INTO staging.stg_customers (customer_id, customer_uni...
                    ^

[SQL: INSERT INTO staging.stg_customers (customer_id, customer_unique_id, customer_zip_code_prefix, customer_city, customer_state) VALUES (%(customer_id)s, %(customer_unique_id)s, %(customer_zip_code_prefix)s, %(customer_city)s, %(customer_state)s)]
[parameters: ({'customer_id': '00012a2ce6f8dcda20d059ce98491703', 'customer_unique_id': '248ffe10d632bebe4f7267f1f44844c9', 'customer_zip_code_prefix': 6273, 'customer_city': 'osasco', 'customer_state': 'SP'}, {'customer_id': '000161a058600d5901f007fab4c27140', 'customer_unique_id': 'b0015e09bb4b6e47c52844fab5fb6638', 'customer_zip_code_prefix': 35550, 'customer_city': 'itapecerica', 'customer_state': 'MG'}, {'customer_id': '0001fd6190edaaf884bcaf3d49edf079', 'customer_unique_id': '94b11d37cd61cb2994a194d11f89682b', 'customer_zip_code_prefix': 29830, 'customer_city': 'nova venecia', 'customer_state': 'ES'}, {'customer_id': '0002414f95344307404f0ace7a26f1d5', 'customer_unique_id': '4893ad4ea28b2c5b3ddf4e82e79db9e6', 'customer_zip_code_prefix': 39664, 'customer_city': 'mendonca', 'customer_state': 'MG'}, {'customer_id': '000379cdec625522490c315e70c7a9fb', 'customer_unique_id': '0b83f73b19c2019e182fd552c048a22c', 'customer_zip_code_prefix': 4841, 'customer_city': 'sao paulo', 'customer_state': 'SP'}, {'customer_id': '0004164d20a9e969af783496f3408652', 'customer_unique_id': '104bdb7e6a6cdceaa88c3ea5fa6b2b93', 'customer_zip_code_prefix': 13272, 'customer_city': 'valinhos', 'customer_state': 'SP'}, {'customer_id': '000419c5494106c306a97b5635748086', 'customer_unique_id': '14843983d4a159080f6afe4b7f346e7c', 'customer_zip_code_prefix': 24220, 'customer_city': 'niteroi', 'customer_state': 'RJ'}, {'customer_id': '00046a560d407e99b969756e0b10f282', 'customer_unique_id': '0b5295fc9819d831f68eb0e9a3e13ab7', 'customer_zip_code_prefix': 20540, 'customer_city': 'rio de janeiro', 'customer_state': 'RJ'}  ... displaying 10 of 99441 total bound parameter sets ...  {'customer_id': 'ffffa3172527f765de70084a7e53aae8', 'customer_unique_id': '48fd7dec70f2b104a1d5e8c5c639102b', 'customer_zip_code_prefix': 37130, 'customer_city': 'alfenas', 'customer_state': 'MG'}, {'customer_id': 'ffffe8b65bbe3087b653a978c870db99', 'customer_unique_id': '736e6bfa0510aa5b878881a226a5fd89', 'customer_zip_code_prefix': 6172, 'customer_city': 'osasco', 'customer_state': 'SP'})]
(Background on this error at: https://sqlalche.me/e/14/f405)
[2026-03-26T04:18:42.489+0000] {taskinstance.py:1206} INFO - Marking task as FAILED. dag_id=e_commerce_dw_etl, task_id=extract.extract_and_load_to_staging, run_id=scheduled__2025-07-29T00:00:00+00:00, execution_date=20250729T000000, start_date=20260326T041828, end_date=20260326T041842
[2026-03-26T04:18:43.214+0000] {standard_task_runner.py:110} ERROR - Failed to execute job 575 for task extract.extract_and_load_to_staging ((psycopg2.errors.UndefinedTable) relation "staging.stg_customers" does not exist
LINE 1: INSERT INTO staging.stg_customers (customer_id, customer_uni...
                    ^

[SQL: INSERT INTO staging.stg_customers (customer_id, customer_unique_id, customer_zip_code_prefix, customer_city, customer_state) VALUES (%(customer_id)s, %(customer_unique_id)s, %(customer_zip_code_prefix)s, %(customer_city)s, %(customer_state)s)]
[parameters: ({'customer_id': '00012a2ce6f8dcda20d059ce98491703', 'customer_unique_id': '248ffe10d632bebe4f7267f1f44844c9', 'customer_zip_code_prefix': 6273, 'customer_city': 'osasco', 'customer_state': 'SP'}, {'customer_id': '000161a058600d5901f007fab4c27140', 'customer_unique_id': 'b0015e09bb4b6e47c52844fab5fb6638', 'customer_zip_code_prefix': 35550, 'customer_city': 'itapecerica', 'customer_state': 'MG'}, {'customer_id': '0001fd6190edaaf884bcaf3d49edf079', 'customer_unique_id': '94b11d37cd61cb2994a194d11f89682b', 'customer_zip_code_prefix': 29830, 'customer_city': 'nova venecia', 'customer_state': 'ES'}, {'customer_id': '0002414f95344307404f0ace7a26f1d5', 'customer_unique_id': '4893ad4ea28b2c5b3ddf4e82e79db9e6', 'customer_zip_code_prefix': 39664, 'customer_city': 'mendonca', 'customer_state': 'MG'}, {'customer_id': '000379cdec625522490c315e70c7a9fb', 'customer_unique_id': '0b83f73b19c2019e182fd552c048a22c', 'customer_zip_code_prefix': 4841, 'customer_city': 'sao paulo', 'customer_state': 'SP'}, {'customer_id': '0004164d20a9e969af783496f3408652', 'customer_unique_id': '104bdb7e6a6cdceaa88c3ea5fa6b2b93', 'customer_zip_code_prefix': 13272, 'customer_city': 'valinhos', 'customer_state': 'SP'}, {'customer_id': '000419c5494106c306a97b5635748086', 'customer_unique_id': '14843983d4a159080f6afe4b7f346e7c', 'customer_zip_code_prefix': 24220, 'customer_city': 'niteroi', 'customer_state': 'RJ'}, {'customer_id': '00046a560d407e99b969756e0b10f282', 'customer_unique_id': '0b5295fc9819d831f68eb0e9a3e13ab7', 'customer_zip_code_prefix': 20540, 'customer_city': 'rio de janeiro', 'customer_state': 'RJ'}  ... displaying 10 of 99441 total bound parameter sets ...  {'customer_id': 'ffffa3172527f765de70084a7e53aae8', 'customer_unique_id': '48fd7dec70f2b104a1d5e8c5c639102b', 'customer_zip_code_prefix': 37130, 'customer_city': 'alfenas', 'customer_state': 'MG'}, {'customer_id': 'ffffe8b65bbe3087b653a978c870db99', 'customer_unique_id': '736e6bfa0510aa5b878881a226a5fd89', 'customer_zip_code_prefix': 6172, 'customer_city': 'osasco', 'customer_state': 'SP'})]
(Background on this error at: https://sqlalche.me/e/14/f405); 2285)
[2026-03-26T04:18:43.374+0000] {local_task_job_runner.py:240} INFO - Task exited with return code 1
[2026-03-26T04:18:43.456+0000] {taskinstance.py:3503} INFO - 0 downstream tasks scheduled from follow-on schedule check
[2026-03-26T04:18:43.632+0000] {local_task_job_runner.py:222} INFO - ::endgroup::
