[2026-03-26T03:42:49.095+0000] {local_task_job_runner.py:120} INFO - ::group::Pre task execution logs
[2026-03-26T03:42:49.296+0000] {taskinstance.py:2076} INFO - Dependencies all met for dep_context=non-requeueable deps ti=<TaskInstance: e_commerce_dw_etl.transform.transform_dim_payments scheduled__2025-01-30T00:00:00+00:00 [queued]>
[2026-03-26T03:42:49.353+0000] {taskinstance.py:2076} INFO - Dependencies all met for dep_context=requeueable deps ti=<TaskInstance: e_commerce_dw_etl.transform.transform_dim_payments scheduled__2025-01-30T00:00:00+00:00 [queued]>
[2026-03-26T03:42:49.358+0000] {taskinstance.py:2306} INFO - Starting attempt 1 of 1
[2026-03-26T03:42:49.469+0000] {taskinstance.py:2330} INFO - Executing <Task(PythonOperator): transform.transform_dim_payments> on 2025-01-30 00:00:00+00:00
[2026-03-26T03:42:49.508+0000] {standard_task_runner.py:63} INFO - Started process 1971 to run task
[2026-03-26T03:42:49.514+0000] {standard_task_runner.py:90} INFO - Running: ['***', 'tasks', 'run', 'e_commerce_dw_etl', 'transform.transform_dim_payments', 'scheduled__2025-01-30T00:00:00+00:00', '--job-id', '624', '--raw', '--subdir', 'DAGS_FOLDER/e_commerce_dw_dag.py', '--cfg-path', '/tmp/tmpnod_kzfb']
[2026-03-26T03:42:49.557+0000] {standard_task_runner.py:91} INFO - Job 624: Subtask transform.transform_dim_payments
[2026-03-26T03:42:49.829+0000] {task_command.py:426} INFO - Running <TaskInstance: e_commerce_dw_etl.transform.transform_dim_payments scheduled__2025-01-30T00:00:00+00:00 [running]> on host 031edd3e030e
[2026-03-26T03:42:50.592+0000] {taskinstance.py:2648} INFO - Exporting env vars: AIRFLOW_CTX_DAG_OWNER='***' AIRFLOW_CTX_DAG_ID='e_commerce_dw_etl' AIRFLOW_CTX_TASK_ID='transform.transform_dim_payments' AIRFLOW_CTX_EXECUTION_DATE='2025-01-30T00:00:00+00:00' AIRFLOW_CTX_TRY_NUMBER='1' AIRFLOW_CTX_DAG_RUN_ID='scheduled__2025-01-30T00:00:00+00:00'
[2026-03-26T03:42:50.598+0000] {taskinstance.py:430} INFO - ::endgroup::
[2026-03-26T03:42:52.440+0000] {crypto.py:82} WARNING - empty cryptography key - values will not be stored encrypted.
[2026-03-26T03:42:52.444+0000] {base.py:84} INFO - Using connection ID 'postgres' for task execution.
[2026-03-26T03:42:52.550+0000] {logging_mixin.py:188} WARNING - /home/***/.local/lib/python3.10/site-packages/***/providers/common/sql/hooks/sql.py:263 UserWarning: pandas only supports SQLAlchemy connectable (engine/connection) or database string URI or sqlite3 DBAPI2 connection. Other DBAPI2 objects are not tested. Please consider using SQLAlchemy.
[2026-03-26T03:42:52.595+0000] {base.py:84} INFO - Using connection ID 'postgres' for task execution.
[2026-03-26T03:42:52.851+0000] {logging_mixin.py:188} INFO - Đã transform và lưu dữ liệu vào dim_payments
[2026-03-26T03:42:52.863+0000] {python.py:237} INFO - Done. Returned value was: None
[2026-03-26T03:42:52.870+0000] {taskinstance.py:441} INFO - ::group::Post task execution logs
[2026-03-26T03:42:52.941+0000] {taskinstance.py:1206} INFO - Marking task as SUCCESS. dag_id=e_commerce_dw_etl, task_id=transform.transform_dim_payments, run_id=scheduled__2025-01-30T00:00:00+00:00, execution_date=20250130T000000, start_date=20260326T034249, end_date=20260326T034252
[2026-03-26T03:42:53.123+0000] {local_task_job_runner.py:240} INFO - Task exited with return code 0
[2026-03-26T03:42:53.197+0000] {taskinstance.py:3503} INFO - 0 downstream tasks scheduled from follow-on schedule check
[2026-03-26T03:42:53.205+0000] {local_task_job_runner.py:222} INFO - ::endgroup::
[2026-03-26T04:08:33.418+0000] {local_task_job_runner.py:120} INFO - ::group::Pre task execution logs
[2026-03-26T04:08:33.567+0000] {taskinstance.py:2076} INFO - Dependencies all met for dep_context=non-requeueable deps ti=<TaskInstance: e_commerce_dw_etl.transform.transform_dim_payments scheduled__2025-01-30T00:00:00+00:00 [queued]>
[2026-03-26T04:08:33.596+0000] {taskinstance.py:2076} INFO - Dependencies all met for dep_context=requeueable deps ti=<TaskInstance: e_commerce_dw_etl.transform.transform_dim_payments scheduled__2025-01-30T00:00:00+00:00 [queued]>
[2026-03-26T04:08:33.598+0000] {taskinstance.py:2306} INFO - Starting attempt 1 of 1
[2026-03-26T04:08:33.941+0000] {taskinstance.py:2330} INFO - Executing <Task(PythonOperator): transform.transform_dim_payments> on 2025-01-30 00:00:00+00:00
[2026-03-26T04:08:34.055+0000] {standard_task_runner.py:63} INFO - Started process 1104 to run task
[2026-03-26T04:08:34.110+0000] {standard_task_runner.py:90} INFO - Running: ['***', 'tasks', 'run', 'e_commerce_dw_etl', 'transform.transform_dim_payments', 'scheduled__2025-01-30T00:00:00+00:00', '--job-id', '226', '--raw', '--subdir', 'DAGS_FOLDER/e_commerce_dw_dag.py', '--cfg-path', '/tmp/tmpwate75e9']
[2026-03-26T04:08:34.144+0000] {standard_task_runner.py:91} INFO - Job 226: Subtask transform.transform_dim_payments
[2026-03-26T04:08:34.599+0000] {task_command.py:426} INFO - Running <TaskInstance: e_commerce_dw_etl.transform.transform_dim_payments scheduled__2025-01-30T00:00:00+00:00 [running]> on host 2d1a3218d35e
[2026-03-26T04:08:37.936+0000] {taskinstance.py:2648} INFO - Exporting env vars: AIRFLOW_CTX_DAG_OWNER='***' AIRFLOW_CTX_DAG_ID='e_commerce_dw_etl' AIRFLOW_CTX_TASK_ID='transform.transform_dim_payments' AIRFLOW_CTX_EXECUTION_DATE='2025-01-30T00:00:00+00:00' AIRFLOW_CTX_TRY_NUMBER='1' AIRFLOW_CTX_DAG_RUN_ID='scheduled__2025-01-30T00:00:00+00:00'
[2026-03-26T04:08:37.949+0000] {taskinstance.py:430} INFO - ::endgroup::
[2026-03-26T04:08:38.364+0000] {crypto.py:82} WARNING - empty cryptography key - values will not be stored encrypted.
[2026-03-26T04:08:38.397+0000] {base.py:84} INFO - Using connection ID 'postgres' for task execution.
[2026-03-26T04:08:38.580+0000] {logging_mixin.py:188} WARNING - /home/***/.local/lib/python3.10/site-packages/***/providers/common/sql/hooks/sql.py:263 UserWarning: pandas only supports SQLAlchemy connectable (engine/connection) or database string URI or sqlite3 DBAPI2 connection. Other DBAPI2 objects are not tested. Please consider using SQLAlchemy.
[2026-03-26T04:08:41.289+0000] {base.py:84} INFO - Using connection ID 'postgres' for task execution.
[2026-03-26T04:08:41.980+0000] {logging_mixin.py:188} INFO - Đã transform và lưu dữ liệu vào dim_payments
[2026-03-26T04:08:41.997+0000] {python.py:237} INFO - Done. Returned value was: None
[2026-03-26T04:08:42.007+0000] {taskinstance.py:441} INFO - ::group::Post task execution logs
[2026-03-26T04:08:42.111+0000] {taskinstance.py:1206} INFO - Marking task as SUCCESS. dag_id=e_commerce_dw_etl, task_id=transform.transform_dim_payments, run_id=scheduled__2025-01-30T00:00:00+00:00, execution_date=20250130T000000, start_date=20260326T040833, end_date=20260326T040842
[2026-03-26T04:08:42.667+0000] {local_task_job_runner.py:240} INFO - Task exited with return code 0
[2026-03-26T04:08:42.897+0000] {taskinstance.py:3503} INFO - 0 downstream tasks scheduled from follow-on schedule check
[2026-03-26T04:08:42.913+0000] {local_task_job_runner.py:222} INFO - ::endgroup::
