[2026-03-26T03:38:58.969+0000] {local_task_job_runner.py:120} INFO - ::group::Pre task execution logs
[2026-03-26T03:38:59.119+0000] {taskinstance.py:2076} INFO - Dependencies all met for dep_context=non-requeueable deps ti=<TaskInstance: e_commerce_dw_etl.transform.transform_dim_geolocation scheduled__2024-11-03T00:00:00+00:00 [queued]>
[2026-03-26T03:38:59.149+0000] {taskinstance.py:2076} INFO - Dependencies all met for dep_context=requeueable deps ti=<TaskInstance: e_commerce_dw_etl.transform.transform_dim_geolocation scheduled__2024-11-03T00:00:00+00:00 [queued]>
[2026-03-26T03:38:59.150+0000] {taskinstance.py:2306} INFO - Starting attempt 1 of 1
[2026-03-26T03:38:59.201+0000] {taskinstance.py:2330} INFO - Executing <Task(PythonOperator): transform.transform_dim_geolocation> on 2024-11-03 00:00:00+00:00
[2026-03-26T03:38:59.220+0000] {standard_task_runner.py:63} INFO - Started process 627 to run task
[2026-03-26T03:38:59.237+0000] {standard_task_runner.py:90} INFO - Running: ['***', 'tasks', 'run', 'e_commerce_dw_etl', 'transform.transform_dim_geolocation', 'scheduled__2024-11-03T00:00:00+00:00', '--job-id', '52', '--raw', '--subdir', 'DAGS_FOLDER/e_commerce_dw_dag.py', '--cfg-path', '/tmp/tmpm3o0j5gw']
[2026-03-26T03:38:59.253+0000] {standard_task_runner.py:91} INFO - Job 52: Subtask transform.transform_dim_geolocation
[2026-03-26T03:38:59.602+0000] {task_command.py:426} INFO - Running <TaskInstance: e_commerce_dw_etl.transform.transform_dim_geolocation scheduled__2024-11-03T00:00:00+00:00 [running]> on host 031edd3e030e
[2026-03-26T03:39:00.328+0000] {taskinstance.py:2648} INFO - Exporting env vars: AIRFLOW_CTX_DAG_OWNER='***' AIRFLOW_CTX_DAG_ID='e_commerce_dw_etl' AIRFLOW_CTX_TASK_ID='transform.transform_dim_geolocation' AIRFLOW_CTX_EXECUTION_DATE='2024-11-03T00:00:00+00:00' AIRFLOW_CTX_TRY_NUMBER='1' AIRFLOW_CTX_DAG_RUN_ID='scheduled__2024-11-03T00:00:00+00:00'
[2026-03-26T03:39:00.331+0000] {taskinstance.py:430} INFO - ::endgroup::
[2026-03-26T03:39:01.123+0000] {crypto.py:82} WARNING - empty cryptography key - values will not be stored encrypted.
[2026-03-26T03:39:01.125+0000] {base.py:84} INFO - Using connection ID 'postgres' for task execution.
[2026-03-26T03:39:01.169+0000] {logging_mixin.py:188} WARNING - /home/***/.local/lib/python3.10/site-packages/***/providers/common/sql/hooks/sql.py:263 UserWarning: pandas only supports SQLAlchemy connectable (engine/connection) or database string URI or sqlite3 DBAPI2 connection. Other DBAPI2 objects are not tested. Please consider using SQLAlchemy.
[2026-03-26T03:39:01.171+0000] {taskinstance.py:441} INFO - ::group::Post task execution logs
[2026-03-26T03:39:01.190+0000] {taskinstance.py:2905} ERROR - Task failed with exception
Traceback (most recent call last):
  File "/home/airflow/.local/lib/python3.10/site-packages/pandas/io/sql.py", line 2018, in execute
    cur.execute(*args, **kwargs)
psycopg2.errors.UndefinedTable: relation "staging.stg_geolocation" does not exist
LINE 1: SELECT * FROM staging.stg_geolocation
                      ^


The above exception was the direct cause of the following exception:

Traceback (most recent call last):
  File "/home/airflow/.local/lib/python3.10/site-packages/airflow/models/taskinstance.py", line 465, in _execute_task
    result = _execute_callable(context=context, **execute_callable_kwargs)
  File "/home/airflow/.local/lib/python3.10/site-packages/airflow/models/taskinstance.py", line 432, in _execute_callable
    return execute_callable(context=context, **execute_callable_kwargs)
  File "/home/airflow/.local/lib/python3.10/site-packages/airflow/models/baseoperator.py", line 401, in wrapper
    return func(self, *args, **kwargs)
  File "/home/airflow/.local/lib/python3.10/site-packages/airflow/operators/python.py", line 235, in execute
    return_value = self.execute_callable()
  File "/home/airflow/.local/lib/python3.10/site-packages/airflow/operators/python.py", line 252, in execute_callable
    return self.python_callable(*self.op_args, **self.op_kwargs)
  File "/opt/airflow/dags/transform_dim_geolocation.py", line 10, in transform_dim_geolocation
    df = staging_operator.get_data_to_pd("SELECT * FROM staging.stg_geolocation")
  File "/opt/airflow/plugins/postgresql_operator.py", line 14, in get_data_to_pd
    return self.hook.get_pandas_df(sql)
  File "/home/airflow/.local/lib/python3.10/site-packages/airflow/providers/common/sql/hooks/sql.py", line 263, in get_pandas_df
    return psql.read_sql(sql, con=conn, params=parameters, **kwargs)
  File "/home/airflow/.local/lib/python3.10/site-packages/pandas/io/sql.py", line 564, in read_sql
    return pandas_sql.read_query(
  File "/home/airflow/.local/lib/python3.10/site-packages/pandas/io/sql.py", line 2078, in read_query
    cursor = self.execute(*args)
  File "/home/airflow/.local/lib/python3.10/site-packages/pandas/io/sql.py", line 2030, in execute
    raise ex from exc
pandas.errors.DatabaseError: Execution failed on sql 'SELECT * FROM staging.stg_geolocation': relation "staging.stg_geolocation" does not exist
LINE 1: SELECT * FROM staging.stg_geolocation
                      ^

[2026-03-26T03:39:01.339+0000] {taskinstance.py:1206} INFO - Marking task as FAILED. dag_id=e_commerce_dw_etl, task_id=transform.transform_dim_geolocation, run_id=scheduled__2024-11-03T00:00:00+00:00, execution_date=20241103T000000, start_date=20260326T033859, end_date=20260326T033901
[2026-03-26T03:39:01.689+0000] {standard_task_runner.py:110} ERROR - Failed to execute job 52 for task transform.transform_dim_geolocation (Execution failed on sql 'SELECT * FROM staging.stg_geolocation': relation "staging.stg_geolocation" does not exist
LINE 1: SELECT * FROM staging.stg_geolocation
                      ^
; 627)
[2026-03-26T03:39:01.847+0000] {local_task_job_runner.py:240} INFO - Task exited with return code 1
[2026-03-26T03:39:01.971+0000] {taskinstance.py:3503} INFO - 0 downstream tasks scheduled from follow-on schedule check
[2026-03-26T03:39:02.019+0000] {local_task_job_runner.py:222} INFO - ::endgroup::
