[2026-03-31T08:34:57.334+0000] {local_task_job_runner.py:120} INFO - ::group::Pre task execution logs
[2026-03-31T08:34:57.423+0000] {taskinstance.py:2076} INFO - Dependencies all met for dep_context=non-requeueable deps ti=<TaskInstance: e_commerce_dw_etl.transform.transform_dim_dates manual__2026-03-31T08:34:30.901014+00:00 [queued]>
[2026-03-31T08:34:57.453+0000] {taskinstance.py:2076} INFO - Dependencies all met for dep_context=requeueable deps ti=<TaskInstance: e_commerce_dw_etl.transform.transform_dim_dates manual__2026-03-31T08:34:30.901014+00:00 [queued]>
[2026-03-31T08:34:57.455+0000] {taskinstance.py:2306} INFO - Starting attempt 1 of 1
[2026-03-31T08:34:57.493+0000] {taskinstance.py:2330} INFO - Executing <Task(PythonOperator): transform.transform_dim_dates> on 2026-03-31 08:34:30.901014+00:00
[2026-03-31T08:34:57.505+0000] {standard_task_runner.py:63} INFO - Started process 376 to run task
[2026-03-31T08:34:57.519+0000] {standard_task_runner.py:90} INFO - Running: ['***', 'tasks', 'run', 'e_commerce_dw_etl', 'transform.transform_dim_dates', 'manual__2026-03-31T08:34:30.901014+00:00', '--job-id', '1230', '--raw', '--subdir', 'DAGS_FOLDER/e_commerce_dw_dag.py', '--cfg-path', '/tmp/tmpljjep7pd']
[2026-03-31T08:34:57.527+0000] {standard_task_runner.py:91} INFO - Job 1230: Subtask transform.transform_dim_dates
[2026-03-31T08:34:57.708+0000] {task_command.py:426} INFO - Running <TaskInstance: e_commerce_dw_etl.transform.transform_dim_dates manual__2026-03-31T08:34:30.901014+00:00 [running]> on host c2c6e793923b
[2026-03-31T08:34:58.218+0000] {taskinstance.py:2648} INFO - Exporting env vars: AIRFLOW_CTX_DAG_OWNER='***' AIRFLOW_CTX_DAG_ID='e_commerce_dw_etl' AIRFLOW_CTX_TASK_ID='transform.transform_dim_dates' AIRFLOW_CTX_EXECUTION_DATE='2026-03-31T08:34:30.901014+00:00' AIRFLOW_CTX_TRY_NUMBER='1' AIRFLOW_CTX_DAG_RUN_ID='manual__2026-03-31T08:34:30.901014+00:00'
[2026-03-31T08:34:58.240+0000] {taskinstance.py:430} INFO - ::endgroup::
[2026-03-31T08:34:59.268+0000] {crypto.py:82} WARNING - empty cryptography key - values will not be stored encrypted.
[2026-03-31T08:34:59.275+0000] {base.py:84} INFO - Using connection ID 'postgres' for task execution.
[2026-03-31T08:35:00.128+0000] {logging_mixin.py:188} INFO - Đã tạo và lưu dữ liệu vào dim_dates
[2026-03-31T08:35:00.154+0000] {python.py:237} INFO - Done. Returned value was: None
[2026-03-31T08:35:00.173+0000] {taskinstance.py:441} INFO - ::group::Post task execution logs
[2026-03-31T08:35:00.213+0000] {taskinstance.py:1206} INFO - Marking task as SUCCESS. dag_id=e_commerce_dw_etl, task_id=transform.transform_dim_dates, run_id=manual__2026-03-31T08:34:30.901014+00:00, execution_date=20260331T083430, start_date=20260331T083457, end_date=20260331T083500
[2026-03-31T08:35:00.370+0000] {local_task_job_runner.py:240} INFO - Task exited with return code 0
[2026-03-31T08:35:00.539+0000] {taskinstance.py:3503} INFO - 0 downstream tasks scheduled from follow-on schedule check
[2026-03-31T08:35:00.589+0000] {local_task_job_runner.py:222} INFO - ::endgroup::
