[2026-03-26T03:46:05.178+0000] {local_task_job_runner.py:120} INFO - ::group::Pre task execution logs
[2026-03-26T03:46:05.338+0000] {taskinstance.py:2076} INFO - Dependencies all met for dep_context=non-requeueable deps ti=<TaskInstance: e_commerce_dw_etl.transform.transform_dim_geolocation scheduled__2025-04-14T00:00:00+00:00 [queued]>
[2026-03-26T03:46:05.379+0000] {taskinstance.py:2076} INFO - Dependencies all met for dep_context=requeueable deps ti=<TaskInstance: e_commerce_dw_etl.transform.transform_dim_geolocation scheduled__2025-04-14T00:00:00+00:00 [queued]>
[2026-03-26T03:46:05.386+0000] {taskinstance.py:2306} INFO - Starting attempt 1 of 1
[2026-03-26T03:46:05.680+0000] {taskinstance.py:2330} INFO - Executing <Task(PythonOperator): transform.transform_dim_geolocation> on 2025-04-14 00:00:00+00:00
[2026-03-26T03:46:05.702+0000] {standard_task_runner.py:63} INFO - Started process 3013 to run task
[2026-03-26T03:46:05.744+0000] {standard_task_runner.py:90} INFO - Running: ['***', 'tasks', 'run', 'e_commerce_dw_etl', 'transform.transform_dim_geolocation', 'scheduled__2025-04-14T00:00:00+00:00', '--job-id', '1065', '--raw', '--subdir', 'DAGS_FOLDER/e_commerce_dw_dag.py', '--cfg-path', '/tmp/tmptodo88kf']
[2026-03-26T03:46:05.796+0000] {standard_task_runner.py:91} INFO - Job 1065: Subtask transform.transform_dim_geolocation
[2026-03-26T03:46:06.052+0000] {task_command.py:426} INFO - Running <TaskInstance: e_commerce_dw_etl.transform.transform_dim_geolocation scheduled__2025-04-14T00:00:00+00:00 [running]> on host 031edd3e030e
[2026-03-26T03:46:06.817+0000] {taskinstance.py:2648} INFO - Exporting env vars: AIRFLOW_CTX_DAG_OWNER='***' AIRFLOW_CTX_DAG_ID='e_commerce_dw_etl' AIRFLOW_CTX_TASK_ID='transform.transform_dim_geolocation' AIRFLOW_CTX_EXECUTION_DATE='2025-04-14T00:00:00+00:00' AIRFLOW_CTX_TRY_NUMBER='1' AIRFLOW_CTX_DAG_RUN_ID='scheduled__2025-04-14T00:00:00+00:00'
[2026-03-26T03:46:06.821+0000] {taskinstance.py:430} INFO - ::endgroup::
[2026-03-26T03:46:06.947+0000] {crypto.py:82} WARNING - empty cryptography key - values will not be stored encrypted.
[2026-03-26T03:46:06.961+0000] {base.py:84} INFO - Using connection ID 'postgres' for task execution.
[2026-03-26T03:46:07.095+0000] {local_task_job_runner.py:124} ERROR - Received SIGTERM. Terminating subprocesses
[2026-03-26T03:46:07.114+0000] {process_utils.py:132} INFO - Sending 15 to group 3013. PIDs of all processes in the group: [3013]
[2026-03-26T03:46:07.193+0000] {process_utils.py:87} INFO - Sending the signal 15 to group 3013
[2026-03-26T03:46:07.225+0000] {taskinstance.py:2611} ERROR - Received SIGTERM. Terminating subprocesses.
[2026-03-26T03:46:07.233+0000] {taskinstance.py:441} INFO - ::group::Post task execution logs
[2026-03-26T03:46:07.412+0000] {taskinstance.py:2905} ERROR - Task failed with exception
Traceback (most recent call last):
  File "/home/airflow/.local/lib/python3.10/site-packages/airflow/models/taskinstance.py", line 465, in _execute_task
    result = _execute_callable(context=context, **execute_callable_kwargs)
  File "/home/airflow/.local/lib/python3.10/site-packages/airflow/models/taskinstance.py", line 432, in _execute_callable
    return execute_callable(context=context, **execute_callable_kwargs)
  File "/home/airflow/.local/lib/python3.10/site-packages/airflow/models/baseoperator.py", line 401, in wrapper
    return func(self, *args, **kwargs)
  File "/home/airflow/.local/lib/python3.10/site-packages/airflow/operators/python.py", line 235, in execute
    return_value = self.execute_callable()
  File "/home/airflow/.local/lib/python3.10/site-packages/airflow/operators/python.py", line 252, in execute_callable
    return self.python_callable(*self.op_args, **self.op_kwargs)
  File "/opt/airflow/dags/transform_dim_geolocation.py", line 10, in transform_dim_geolocation
    df = staging_operator.get_data_to_pd("SELECT * FROM staging.stg_geolocation")
  File "/opt/airflow/plugins/postgresql_operator.py", line 14, in get_data_to_pd
    def get_data_to_pd(self, sql):
  File "/home/airflow/.local/lib/python3.10/site-packages/airflow/providers/common/sql/hooks/sql.py", line 263, in get_pandas_df
    return psql.read_sql(sql, con=conn, params=parameters, **kwargs)
  File "/home/airflow/.local/lib/python3.10/site-packages/pandas/io/sql.py", line 561, in read_sql
    pandas_sql = pandasSQL_builder(con)
  File "/home/airflow/.local/lib/python3.10/site-packages/pandas/io/sql.py", line 759, in pandasSQL_builder
    warnings.warn(
  File "/usr/local/lib/python3.10/warnings.py", line 109, in _showwarnmsg
    sw(msg.message, msg.category, msg.filename, msg.lineno,
  File "/home/airflow/.local/lib/python3.10/site-packages/airflow/settings.py", line 128, in custom_show_warning
    write_console.print(msg, soft_wrap=True)
  File "/home/airflow/.local/lib/python3.10/site-packages/rich/console.py", line 1674, in print
    renderables = self._collect_renderables(
  File "/home/airflow/.local/lib/python3.10/site-packages/rich/console.py", line 1538, in _collect_renderables
    self.render_str(
  File "/home/airflow/.local/lib/python3.10/site-packages/rich/console.py", line 1450, in render_str
    highlight_text = _highlighter(str(rich_text))
  File "/home/airflow/.local/lib/python3.10/site-packages/rich/highlighter.py", line 38, in __call__
    self.highlight(highlight_text)
  File "/home/airflow/.local/lib/python3.10/site-packages/rich/highlighter.py", line 77, in highlight
    highlight_regex(re_highlight, style_prefix=self.base_style)
  File "/home/airflow/.local/lib/python3.10/site-packages/airflow/models/taskinstance.py", line 2613, in signal_handler
    raise AirflowTaskTerminated("Task received SIGTERM signal")
airflow.exceptions.AirflowTaskTerminated: Task received SIGTERM signal
[2026-03-26T03:46:07.599+0000] {taskinstance.py:1206} INFO - Marking task as FAILED. dag_id=e_commerce_dw_etl, task_id=transform.transform_dim_geolocation, run_id=scheduled__2025-04-14T00:00:00+00:00, execution_date=20250414T000000, start_date=20260326T034605, end_date=20260326T034607
[2026-03-26T03:46:08.039+0000] {process_utils.py:80} INFO - Process psutil.Process(pid=3013, status='terminated', exitcode=2, started='03:46:05') (3013) terminated with exit code 2
[2026-03-26T03:46:08.046+0000] {local_task_job_runner.py:240} INFO - Task exited with return code 143
