[2026-03-25T08:45:02.574+0000] {local_task_job_runner.py:120} INFO - ::group::Pre task execution logs
[2026-03-25T08:45:02.610+0000] {taskinstance.py:2076} INFO - Dependencies all met for dep_context=non-requeueable deps ti=<TaskInstance: e_commerce_dw_etl.extract.extract_and_load_to_staging scheduled__2025-09-22T00:00:00+00:00 [queued]>
[2026-03-25T08:45:02.622+0000] {taskinstance.py:2076} INFO - Dependencies all met for dep_context=requeueable deps ti=<TaskInstance: e_commerce_dw_etl.extract.extract_and_load_to_staging scheduled__2025-09-22T00:00:00+00:00 [queued]>
[2026-03-25T08:45:02.623+0000] {taskinstance.py:2306} INFO - Starting attempt 1 of 1
[2026-03-25T08:45:02.643+0000] {taskinstance.py:2330} INFO - Executing <Task(PythonOperator): extract.extract_and_load_to_staging> on 2025-09-22 00:00:00+00:00
[2026-03-25T08:45:02.651+0000] {standard_task_runner.py:63} INFO - Started process 1374 to run task
[2026-03-25T08:45:02.655+0000] {standard_task_runner.py:90} INFO - Running: ['***', 'tasks', 'run', 'e_commerce_dw_etl', 'extract.extract_and_load_to_staging', 'scheduled__2025-09-22T00:00:00+00:00', '--job-id', '348', '--raw', '--subdir', 'DAGS_FOLDER/e_commerce_dw_dag.py', '--cfg-path', '/tmp/tmphbva0plb']
[2026-03-25T08:45:02.659+0000] {standard_task_runner.py:91} INFO - Job 348: Subtask extract.extract_and_load_to_staging
[2026-03-25T08:45:02.736+0000] {task_command.py:426} INFO - Running <TaskInstance: e_commerce_dw_etl.extract.extract_and_load_to_staging scheduled__2025-09-22T00:00:00+00:00 [running]> on host bcd9e4848a6d
[2026-03-25T08:45:02.850+0000] {taskinstance.py:2648} INFO - Exporting env vars: AIRFLOW_CTX_DAG_OWNER='***' AIRFLOW_CTX_DAG_ID='e_commerce_dw_etl' AIRFLOW_CTX_TASK_ID='extract.extract_and_load_to_staging' AIRFLOW_CTX_EXECUTION_DATE='2025-09-22T00:00:00+00:00' AIRFLOW_CTX_TRY_NUMBER='1' AIRFLOW_CTX_DAG_RUN_ID='scheduled__2025-09-22T00:00:00+00:00'
[2026-03-25T08:45:02.852+0000] {taskinstance.py:430} INFO - ::endgroup::
[2026-03-25T08:45:03.134+0000] {mysql_operator.py:13} ERROR - Can't connect to mysql database
[2026-03-25T08:45:03.145+0000] {taskinstance.py:441} INFO - ::group::Post task execution logs
[2026-03-25T08:45:03.159+0000] {taskinstance.py:2905} ERROR - Task failed with exception
Traceback (most recent call last):
  File "/home/airflow/.local/lib/python3.10/site-packages/airflow/models/taskinstance.py", line 465, in _execute_task
    result = _execute_callable(context=context, **execute_callable_kwargs)
  File "/home/airflow/.local/lib/python3.10/site-packages/airflow/models/taskinstance.py", line 432, in _execute_callable
    return execute_callable(context=context, **execute_callable_kwargs)
  File "/home/airflow/.local/lib/python3.10/site-packages/airflow/models/baseoperator.py", line 401, in wrapper
    return func(self, *args, **kwargs)
  File "/home/airflow/.local/lib/python3.10/site-packages/airflow/operators/python.py", line 235, in execute
    return_value = self.execute_callable()
  File "/home/airflow/.local/lib/python3.10/site-packages/airflow/operators/python.py", line 252, in execute_callable
    return self.python_callable(*self.op_args, **self.op_kwargs)
  File "/opt/airflow/dags/extract_data.py", line 30, in extract_and_load_to_staging
    df = source_operator.get_data_to_pd(f"SELECT * FROM {table}")
  File "/opt/airflow/plugins/mysql_operator.py", line 15, in get_data_to_pd
    return self.mysqlhook.get_pandas_df(query)
  File "/home/airflow/.local/lib/python3.10/site-packages/airflow/providers/common/sql/hooks/sql.py", line 262, in get_pandas_df
    with closing(self.get_conn()) as conn:
  File "/home/airflow/.local/lib/python3.10/site-packages/airflow/providers/mysql/hooks/mysql.py", line 188, in get_conn
    conn = self.connection or self.get_connection(getattr(self, self.conn_name_attr))
  File "/home/airflow/.local/lib/python3.10/site-packages/airflow/hooks/base.py", line 83, in get_connection
    conn = Connection.get_connection_from_secrets(conn_id)
  File "/home/airflow/.local/lib/python3.10/site-packages/airflow/models/connection.py", line 519, in get_connection_from_secrets
    raise AirflowNotFoundException(f"The conn_id `{conn_id}` isn't defined")
airflow.exceptions.AirflowNotFoundException: The conn_id `mysql` isn't defined
[2026-03-25T08:45:03.192+0000] {taskinstance.py:1206} INFO - Marking task as FAILED. dag_id=e_commerce_dw_etl, task_id=extract.extract_and_load_to_staging, run_id=scheduled__2025-09-22T00:00:00+00:00, execution_date=20250922T000000, start_date=20260325T084502, end_date=20260325T084503
[2026-03-25T08:45:03.377+0000] {standard_task_runner.py:110} ERROR - Failed to execute job 348 for task extract.extract_and_load_to_staging (The conn_id `mysql` isn't defined; 1374)
[2026-03-25T08:45:03.446+0000] {local_task_job_runner.py:240} INFO - Task exited with return code 1
[2026-03-25T08:45:03.519+0000] {taskinstance.py:3503} INFO - 0 downstream tasks scheduled from follow-on schedule check
[2026-03-25T08:45:03.538+0000] {local_task_job_runner.py:222} INFO - ::endgroup::
[2026-03-25T09:33:23.255+0000] {local_task_job_runner.py:120} INFO - ::group::Pre task execution logs
[2026-03-25T09:33:23.299+0000] {taskinstance.py:2076} INFO - Dependencies all met for dep_context=non-requeueable deps ti=<TaskInstance: e_commerce_dw_etl.extract.extract_and_load_to_staging scheduled__2025-09-22T00:00:00+00:00 [queued]>
[2026-03-25T09:33:23.313+0000] {taskinstance.py:2076} INFO - Dependencies all met for dep_context=requeueable deps ti=<TaskInstance: e_commerce_dw_etl.extract.extract_and_load_to_staging scheduled__2025-09-22T00:00:00+00:00 [queued]>
[2026-03-25T09:33:23.315+0000] {taskinstance.py:2306} INFO - Starting attempt 1 of 1
[2026-03-25T09:33:23.374+0000] {taskinstance.py:2330} INFO - Executing <Task(PythonOperator): extract.extract_and_load_to_staging> on 2025-09-22 00:00:00+00:00
[2026-03-25T09:33:23.381+0000] {standard_task_runner.py:63} INFO - Started process 1053 to run task
[2026-03-25T09:33:23.386+0000] {standard_task_runner.py:90} INFO - Running: ['***', 'tasks', 'run', 'e_commerce_dw_etl', 'extract.extract_and_load_to_staging', 'scheduled__2025-09-22T00:00:00+00:00', '--job-id', '338', '--raw', '--subdir', 'DAGS_FOLDER/e_commerce_dw_dag.py', '--cfg-path', '/tmp/tmpbfq5ybvq']
[2026-03-25T09:33:23.390+0000] {standard_task_runner.py:91} INFO - Job 338: Subtask extract.extract_and_load_to_staging
[2026-03-25T09:33:23.482+0000] {task_command.py:426} INFO - Running <TaskInstance: e_commerce_dw_etl.extract.extract_and_load_to_staging scheduled__2025-09-22T00:00:00+00:00 [running]> on host 0d903260eca4
[2026-03-25T09:33:23.652+0000] {taskinstance.py:2648} INFO - Exporting env vars: AIRFLOW_CTX_DAG_OWNER='***' AIRFLOW_CTX_DAG_ID='e_commerce_dw_etl' AIRFLOW_CTX_TASK_ID='extract.extract_and_load_to_staging' AIRFLOW_CTX_EXECUTION_DATE='2025-09-22T00:00:00+00:00' AIRFLOW_CTX_TRY_NUMBER='1' AIRFLOW_CTX_DAG_RUN_ID='scheduled__2025-09-22T00:00:00+00:00'
[2026-03-25T09:33:23.663+0000] {taskinstance.py:430} INFO - ::endgroup::
[2026-03-25T09:33:24.007+0000] {mysql_operator.py:13} ERROR - Can't connect to mysql database
[2026-03-25T09:33:24.022+0000] {taskinstance.py:441} INFO - ::group::Post task execution logs
[2026-03-25T09:33:24.038+0000] {taskinstance.py:2905} ERROR - Task failed with exception
Traceback (most recent call last):
  File "/home/airflow/.local/lib/python3.10/site-packages/airflow/models/taskinstance.py", line 465, in _execute_task
    result = _execute_callable(context=context, **execute_callable_kwargs)
  File "/home/airflow/.local/lib/python3.10/site-packages/airflow/models/taskinstance.py", line 432, in _execute_callable
    return execute_callable(context=context, **execute_callable_kwargs)
  File "/home/airflow/.local/lib/python3.10/site-packages/airflow/models/baseoperator.py", line 401, in wrapper
    return func(self, *args, **kwargs)
  File "/home/airflow/.local/lib/python3.10/site-packages/airflow/operators/python.py", line 235, in execute
    return_value = self.execute_callable()
  File "/home/airflow/.local/lib/python3.10/site-packages/airflow/operators/python.py", line 252, in execute_callable
    return self.python_callable(*self.op_args, **self.op_kwargs)
  File "/opt/airflow/dags/extract_data.py", line 30, in extract_and_load_to_staging
    df = source_operator.get_data_to_pd(f"SELECT * FROM {table}")
  File "/opt/airflow/plugins/mysql_operator.py", line 15, in get_data_to_pd
    return self.mysqlhook.get_pandas_df(query)
  File "/home/airflow/.local/lib/python3.10/site-packages/airflow/providers/common/sql/hooks/sql.py", line 262, in get_pandas_df
    with closing(self.get_conn()) as conn:
  File "/home/airflow/.local/lib/python3.10/site-packages/airflow/providers/mysql/hooks/mysql.py", line 188, in get_conn
    conn = self.connection or self.get_connection(getattr(self, self.conn_name_attr))
  File "/home/airflow/.local/lib/python3.10/site-packages/airflow/hooks/base.py", line 83, in get_connection
    conn = Connection.get_connection_from_secrets(conn_id)
  File "/home/airflow/.local/lib/python3.10/site-packages/airflow/models/connection.py", line 519, in get_connection_from_secrets
    raise AirflowNotFoundException(f"The conn_id `{conn_id}` isn't defined")
airflow.exceptions.AirflowNotFoundException: The conn_id `mysql` isn't defined
[2026-03-25T09:33:24.054+0000] {taskinstance.py:1206} INFO - Marking task as FAILED. dag_id=e_commerce_dw_etl, task_id=extract.extract_and_load_to_staging, run_id=scheduled__2025-09-22T00:00:00+00:00, execution_date=20250922T000000, start_date=20260325T093323, end_date=20260325T093324
[2026-03-25T09:33:24.090+0000] {standard_task_runner.py:110} ERROR - Failed to execute job 338 for task extract.extract_and_load_to_staging (The conn_id `mysql` isn't defined; 1053)
[2026-03-25T09:33:24.130+0000] {local_task_job_runner.py:240} INFO - Task exited with return code 1
[2026-03-25T09:33:24.192+0000] {taskinstance.py:3503} INFO - 0 downstream tasks scheduled from follow-on schedule check
[2026-03-25T09:33:24.203+0000] {local_task_job_runner.py:222} INFO - ::endgroup::
[2026-03-25T11:00:09.789+0000] {local_task_job_runner.py:120} INFO - ::group::Pre task execution logs
[2026-03-25T11:00:09.935+0000] {taskinstance.py:2076} INFO - Dependencies all met for dep_context=non-requeueable deps ti=<TaskInstance: e_commerce_dw_etl.extract.extract_and_load_to_staging scheduled__2025-09-22T00:00:00+00:00 [queued]>
[2026-03-25T11:00:09.974+0000] {taskinstance.py:2076} INFO - Dependencies all met for dep_context=requeueable deps ti=<TaskInstance: e_commerce_dw_etl.extract.extract_and_load_to_staging scheduled__2025-09-22T00:00:00+00:00 [queued]>
[2026-03-25T11:00:09.978+0000] {taskinstance.py:2306} INFO - Starting attempt 1 of 1
[2026-03-25T11:00:10.038+0000] {taskinstance.py:2330} INFO - Executing <Task(PythonOperator): extract.extract_and_load_to_staging> on 2025-09-22 00:00:00+00:00
[2026-03-25T11:00:10.069+0000] {standard_task_runner.py:63} INFO - Started process 1201 to run task
[2026-03-25T11:00:10.076+0000] {standard_task_runner.py:90} INFO - Running: ['***', 'tasks', 'run', 'e_commerce_dw_etl', 'extract.extract_and_load_to_staging', 'scheduled__2025-09-22T00:00:00+00:00', '--job-id', '336', '--raw', '--subdir', 'DAGS_FOLDER/e_commerce_dw_dag.py', '--cfg-path', '/tmp/tmpe_ne1slq']
[2026-03-25T11:00:10.082+0000] {standard_task_runner.py:91} INFO - Job 336: Subtask extract.extract_and_load_to_staging
[2026-03-25T11:00:10.240+0000] {task_command.py:426} INFO - Running <TaskInstance: e_commerce_dw_etl.extract.extract_and_load_to_staging scheduled__2025-09-22T00:00:00+00:00 [running]> on host b7a6f340f223
[2026-03-25T11:00:10.528+0000] {taskinstance.py:2648} INFO - Exporting env vars: AIRFLOW_CTX_DAG_OWNER='***' AIRFLOW_CTX_DAG_ID='e_commerce_dw_etl' AIRFLOW_CTX_TASK_ID='extract.extract_and_load_to_staging' AIRFLOW_CTX_EXECUTION_DATE='2025-09-22T00:00:00+00:00' AIRFLOW_CTX_TRY_NUMBER='1' AIRFLOW_CTX_DAG_RUN_ID='scheduled__2025-09-22T00:00:00+00:00'
[2026-03-25T11:00:10.531+0000] {taskinstance.py:430} INFO - ::endgroup::
[2026-03-25T11:00:10.868+0000] {crypto.py:82} WARNING - empty cryptography key - values will not be stored encrypted.
[2026-03-25T11:00:10.870+0000] {base.py:84} INFO - Using connection ID 'mysql' for task execution.
[2026-03-25T11:00:14.887+0000] {mysql_operator.py:13} ERROR - Can't connect to mysql database
[2026-03-25T11:00:14.889+0000] {base.py:84} INFO - Using connection ID 'mysql' for task execution.
[2026-03-25T11:00:18.730+0000] {taskinstance.py:441} INFO - ::group::Post task execution logs
[2026-03-25T11:00:18.732+0000] {taskinstance.py:2905} ERROR - Task failed with exception
Traceback (most recent call last):
  File "/home/airflow/.local/lib/python3.10/site-packages/airflow/models/taskinstance.py", line 465, in _execute_task
    result = _execute_callable(context=context, **execute_callable_kwargs)
  File "/home/airflow/.local/lib/python3.10/site-packages/airflow/models/taskinstance.py", line 432, in _execute_callable
    return execute_callable(context=context, **execute_callable_kwargs)
  File "/home/airflow/.local/lib/python3.10/site-packages/airflow/models/baseoperator.py", line 401, in wrapper
    return func(self, *args, **kwargs)
  File "/home/airflow/.local/lib/python3.10/site-packages/airflow/operators/python.py", line 235, in execute
    return_value = self.execute_callable()
  File "/home/airflow/.local/lib/python3.10/site-packages/airflow/operators/python.py", line 252, in execute_callable
    return self.python_callable(*self.op_args, **self.op_kwargs)
  File "/opt/airflow/dags/extract_data.py", line 30, in extract_and_load_to_staging
    df = source_operator.get_data_to_pd(f"SELECT * FROM {table}")
  File "/opt/airflow/plugins/mysql_operator.py", line 15, in get_data_to_pd
    return self.mysqlhook.get_pandas_df(query)
  File "/home/airflow/.local/lib/python3.10/site-packages/airflow/providers/common/sql/hooks/sql.py", line 262, in get_pandas_df
    with closing(self.get_conn()) as conn:
  File "/home/airflow/.local/lib/python3.10/site-packages/airflow/providers/mysql/hooks/mysql.py", line 196, in get_conn
    return MySQLdb.connect(**conn_config)
  File "/home/airflow/.local/lib/python3.10/site-packages/MySQLdb/__init__.py", line 121, in Connect
    return Connection(*args, **kwargs)
  File "/home/airflow/.local/lib/python3.10/site-packages/MySQLdb/connections.py", line 195, in __init__
    super().__init__(*args, **kwargs2)
MySQLdb.OperationalError: (2005, "Unknown server host 'mysql' (-2)")
[2026-03-25T11:00:18.755+0000] {taskinstance.py:1206} INFO - Marking task as FAILED. dag_id=e_commerce_dw_etl, task_id=extract.extract_and_load_to_staging, run_id=scheduled__2025-09-22T00:00:00+00:00, execution_date=20250922T000000, start_date=20260325T110009, end_date=20260325T110018
[2026-03-25T11:00:18.770+0000] {standard_task_runner.py:110} ERROR - Failed to execute job 336 for task extract.extract_and_load_to_staging ((2005, "Unknown server host 'mysql' (-2)"); 1201)
[2026-03-25T11:00:18.806+0000] {local_task_job_runner.py:240} INFO - Task exited with return code 1
[2026-03-25T11:00:18.835+0000] {taskinstance.py:3503} INFO - 0 downstream tasks scheduled from follow-on schedule check
[2026-03-25T11:00:18.842+0000] {local_task_job_runner.py:222} INFO - ::endgroup::
[2026-03-25T11:19:44.756+0000] {local_task_job_runner.py:120} INFO - ::group::Pre task execution logs
[2026-03-25T11:19:44.804+0000] {taskinstance.py:2076} INFO - Dependencies all met for dep_context=non-requeueable deps ti=<TaskInstance: e_commerce_dw_etl.extract.extract_and_load_to_staging scheduled__2025-09-22T00:00:00+00:00 [queued]>
[2026-03-25T11:19:44.818+0000] {taskinstance.py:2076} INFO - Dependencies all met for dep_context=requeueable deps ti=<TaskInstance: e_commerce_dw_etl.extract.extract_and_load_to_staging scheduled__2025-09-22T00:00:00+00:00 [queued]>
[2026-03-25T11:19:44.819+0000] {taskinstance.py:2306} INFO - Starting attempt 1 of 1
[2026-03-25T11:19:44.983+0000] {taskinstance.py:2330} INFO - Executing <Task(PythonOperator): extract.extract_and_load_to_staging> on 2025-09-22 00:00:00+00:00
[2026-03-25T11:19:44.993+0000] {standard_task_runner.py:63} INFO - Started process 1221 to run task
[2026-03-25T11:19:45.000+0000] {standard_task_runner.py:90} INFO - Running: ['***', 'tasks', 'run', 'e_commerce_dw_etl', 'extract.extract_and_load_to_staging', 'scheduled__2025-09-22T00:00:00+00:00', '--job-id', '335', '--raw', '--subdir', 'DAGS_FOLDER/e_commerce_dw_dag.py', '--cfg-path', '/tmp/tmph7tu769y']
[2026-03-25T11:19:45.007+0000] {standard_task_runner.py:91} INFO - Job 335: Subtask extract.extract_and_load_to_staging
[2026-03-25T11:19:45.139+0000] {task_command.py:426} INFO - Running <TaskInstance: e_commerce_dw_etl.extract.extract_and_load_to_staging scheduled__2025-09-22T00:00:00+00:00 [running]> on host d26a046c4728
[2026-03-25T11:19:45.296+0000] {taskinstance.py:2648} INFO - Exporting env vars: AIRFLOW_CTX_DAG_OWNER='***' AIRFLOW_CTX_DAG_ID='e_commerce_dw_etl' AIRFLOW_CTX_TASK_ID='extract.extract_and_load_to_staging' AIRFLOW_CTX_EXECUTION_DATE='2025-09-22T00:00:00+00:00' AIRFLOW_CTX_TRY_NUMBER='1' AIRFLOW_CTX_DAG_RUN_ID='scheduled__2025-09-22T00:00:00+00:00'
[2026-03-25T11:19:45.298+0000] {taskinstance.py:430} INFO - ::endgroup::
[2026-03-25T11:19:45.567+0000] {base.py:84} INFO - Using connection ID 'mysql' for task execution.
[2026-03-25T11:19:49.431+0000] {mysql_operator.py:13} ERROR - Can't connect to mysql database
[2026-03-25T11:19:49.440+0000] {base.py:84} INFO - Using connection ID 'mysql' for task execution.
[2026-03-25T11:19:53.289+0000] {taskinstance.py:441} INFO - ::group::Post task execution logs
[2026-03-25T11:19:53.291+0000] {taskinstance.py:2905} ERROR - Task failed with exception
Traceback (most recent call last):
  File "/home/airflow/.local/lib/python3.10/site-packages/airflow/models/taskinstance.py", line 465, in _execute_task
    result = _execute_callable(context=context, **execute_callable_kwargs)
  File "/home/airflow/.local/lib/python3.10/site-packages/airflow/models/taskinstance.py", line 432, in _execute_callable
    return execute_callable(context=context, **execute_callable_kwargs)
  File "/home/airflow/.local/lib/python3.10/site-packages/airflow/models/baseoperator.py", line 401, in wrapper
    return func(self, *args, **kwargs)
  File "/home/airflow/.local/lib/python3.10/site-packages/airflow/operators/python.py", line 235, in execute
    return_value = self.execute_callable()
  File "/home/airflow/.local/lib/python3.10/site-packages/airflow/operators/python.py", line 252, in execute_callable
    return self.python_callable(*self.op_args, **self.op_kwargs)
  File "/opt/airflow/dags/extract_data.py", line 30, in extract_and_load_to_staging
    df = source_operator.get_data_to_pd(f"SELECT * FROM {table}")
  File "/opt/airflow/plugins/mysql_operator.py", line 15, in get_data_to_pd
    return self.mysqlhook.get_pandas_df(query)
  File "/home/airflow/.local/lib/python3.10/site-packages/airflow/providers/common/sql/hooks/sql.py", line 262, in get_pandas_df
    with closing(self.get_conn()) as conn:
  File "/home/airflow/.local/lib/python3.10/site-packages/airflow/providers/mysql/hooks/mysql.py", line 196, in get_conn
    return MySQLdb.connect(**conn_config)
  File "/home/airflow/.local/lib/python3.10/site-packages/MySQLdb/__init__.py", line 121, in Connect
    return Connection(*args, **kwargs)
  File "/home/airflow/.local/lib/python3.10/site-packages/MySQLdb/connections.py", line 195, in __init__
    super().__init__(*args, **kwargs2)
MySQLdb.OperationalError: (2005, "Unknown server host 'mysql' (-2)")
[2026-03-25T11:19:53.313+0000] {taskinstance.py:1206} INFO - Marking task as FAILED. dag_id=e_commerce_dw_etl, task_id=extract.extract_and_load_to_staging, run_id=scheduled__2025-09-22T00:00:00+00:00, execution_date=20250922T000000, start_date=20260325T111944, end_date=20260325T111953
[2026-03-25T11:19:53.327+0000] {standard_task_runner.py:110} ERROR - Failed to execute job 335 for task extract.extract_and_load_to_staging ((2005, "Unknown server host 'mysql' (-2)"); 1221)
[2026-03-25T11:19:53.346+0000] {local_task_job_runner.py:240} INFO - Task exited with return code 1
[2026-03-25T11:19:53.366+0000] {taskinstance.py:3503} INFO - 0 downstream tasks scheduled from follow-on schedule check
[2026-03-25T11:19:53.372+0000] {local_task_job_runner.py:222} INFO - ::endgroup::
[2026-03-25T11:42:49.733+0000] {local_task_job_runner.py:120} INFO - ::group::Pre task execution logs
[2026-03-25T11:42:49.791+0000] {taskinstance.py:2076} INFO - Dependencies all met for dep_context=non-requeueable deps ti=<TaskInstance: e_commerce_dw_etl.extract.extract_and_load_to_staging scheduled__2025-09-22T00:00:00+00:00 [queued]>
[2026-03-25T11:42:49.805+0000] {taskinstance.py:2076} INFO - Dependencies all met for dep_context=requeueable deps ti=<TaskInstance: e_commerce_dw_etl.extract.extract_and_load_to_staging scheduled__2025-09-22T00:00:00+00:00 [queued]>
[2026-03-25T11:42:49.806+0000] {taskinstance.py:2306} INFO - Starting attempt 1 of 1
[2026-03-25T11:42:49.837+0000] {taskinstance.py:2330} INFO - Executing <Task(PythonOperator): extract.extract_and_load_to_staging> on 2025-09-22 00:00:00+00:00
[2026-03-25T11:42:49.848+0000] {standard_task_runner.py:63} INFO - Started process 1087 to run task
[2026-03-25T11:42:49.853+0000] {standard_task_runner.py:90} INFO - Running: ['***', 'tasks', 'run', 'e_commerce_dw_etl', 'extract.extract_and_load_to_staging', 'scheduled__2025-09-22T00:00:00+00:00', '--job-id', '335', '--raw', '--subdir', 'DAGS_FOLDER/e_commerce_dw_dag.py', '--cfg-path', '/tmp/tmp4x1tjgf8']
[2026-03-25T11:42:49.859+0000] {standard_task_runner.py:91} INFO - Job 335: Subtask extract.extract_and_load_to_staging
[2026-03-25T11:42:49.989+0000] {task_command.py:426} INFO - Running <TaskInstance: e_commerce_dw_etl.extract.extract_and_load_to_staging scheduled__2025-09-22T00:00:00+00:00 [running]> on host d9d1693fa74b
[2026-03-25T11:42:50.137+0000] {taskinstance.py:2648} INFO - Exporting env vars: AIRFLOW_CTX_DAG_OWNER='***' AIRFLOW_CTX_DAG_ID='e_commerce_dw_etl' AIRFLOW_CTX_TASK_ID='extract.extract_and_load_to_staging' AIRFLOW_CTX_EXECUTION_DATE='2025-09-22T00:00:00+00:00' AIRFLOW_CTX_TRY_NUMBER='1' AIRFLOW_CTX_DAG_RUN_ID='scheduled__2025-09-22T00:00:00+00:00'
[2026-03-25T11:42:50.138+0000] {taskinstance.py:430} INFO - ::endgroup::
[2026-03-25T11:42:50.391+0000] {base.py:84} INFO - Using connection ID 'mysql' for task execution.
[2026-03-25T11:42:50.408+0000] {base.py:84} INFO - Using connection ID 'mysql' for task execution.
[2026-03-25T11:42:50.420+0000] {logging_mixin.py:188} WARNING - /home/***/.local/lib/python3.10/site-packages/***/providers/common/sql/hooks/sql.py:263 UserWarning: pandas only supports SQLAlchemy connectable (engine/connection) or database string URI or sqlite3 DBAPI2 connection. Other DBAPI2 objects are not tested. Please consider using SQLAlchemy.
[2026-03-25T11:42:50.422+0000] {taskinstance.py:441} INFO - ::group::Post task execution logs
[2026-03-25T11:42:50.423+0000] {taskinstance.py:2905} ERROR - Task failed with exception
Traceback (most recent call last):
  File "/home/airflow/.local/lib/python3.10/site-packages/pandas/io/sql.py", line 2018, in execute
    cur.execute(*args, **kwargs)
  File "/home/airflow/.local/lib/python3.10/site-packages/MySQLdb/cursors.py", line 179, in execute
    res = self._query(mogrified_query)
  File "/home/airflow/.local/lib/python3.10/site-packages/MySQLdb/cursors.py", line 330, in _query
    db.query(q)
  File "/home/airflow/.local/lib/python3.10/site-packages/MySQLdb/connections.py", line 261, in query
    _mysql.connection.query(self, query)
MySQLdb.ProgrammingError: (1146, "Table 'olist.product_category_name_translation' doesn't exist")

The above exception was the direct cause of the following exception:

Traceback (most recent call last):
  File "/home/airflow/.local/lib/python3.10/site-packages/airflow/models/taskinstance.py", line 465, in _execute_task
    result = _execute_callable(context=context, **execute_callable_kwargs)
  File "/home/airflow/.local/lib/python3.10/site-packages/airflow/models/taskinstance.py", line 432, in _execute_callable
    return execute_callable(context=context, **execute_callable_kwargs)
  File "/home/airflow/.local/lib/python3.10/site-packages/airflow/models/baseoperator.py", line 401, in wrapper
    return func(self, *args, **kwargs)
  File "/home/airflow/.local/lib/python3.10/site-packages/airflow/operators/python.py", line 235, in execute
    return_value = self.execute_callable()
  File "/home/airflow/.local/lib/python3.10/site-packages/airflow/operators/python.py", line 252, in execute_callable
    return self.python_callable(*self.op_args, **self.op_kwargs)
  File "/opt/airflow/dags/extract_data.py", line 30, in extract_and_load_to_staging
    df = source_operator.get_data_to_pd(f"SELECT * FROM {table}")
  File "/opt/airflow/plugins/mysql_operator.py", line 15, in get_data_to_pd
    return self.mysqlhook.get_pandas_df(query)
  File "/home/airflow/.local/lib/python3.10/site-packages/airflow/providers/common/sql/hooks/sql.py", line 263, in get_pandas_df
    return psql.read_sql(sql, con=conn, params=parameters, **kwargs)
  File "/home/airflow/.local/lib/python3.10/site-packages/pandas/io/sql.py", line 564, in read_sql
    return pandas_sql.read_query(
  File "/home/airflow/.local/lib/python3.10/site-packages/pandas/io/sql.py", line 2078, in read_query
    cursor = self.execute(*args)
  File "/home/airflow/.local/lib/python3.10/site-packages/pandas/io/sql.py", line 2030, in execute
    raise ex from exc
pandas.errors.DatabaseError: Execution failed on sql 'SELECT * FROM product_category_name_translation': (1146, "Table 'olist.product_category_name_translation' doesn't exist")
[2026-03-25T11:42:50.445+0000] {taskinstance.py:1206} INFO - Marking task as FAILED. dag_id=e_commerce_dw_etl, task_id=extract.extract_and_load_to_staging, run_id=scheduled__2025-09-22T00:00:00+00:00, execution_date=20250922T000000, start_date=20260325T114249, end_date=20260325T114250
[2026-03-25T11:42:50.467+0000] {standard_task_runner.py:110} ERROR - Failed to execute job 335 for task extract.extract_and_load_to_staging (Execution failed on sql 'SELECT * FROM product_category_name_translation': (1146, "Table 'olist.product_category_name_translation' doesn't exist"); 1087)
[2026-03-25T11:42:50.510+0000] {local_task_job_runner.py:240} INFO - Task exited with return code 1
[2026-03-25T11:42:50.538+0000] {taskinstance.py:3503} INFO - 0 downstream tasks scheduled from follow-on schedule check
[2026-03-25T11:42:50.547+0000] {local_task_job_runner.py:222} INFO - ::endgroup::
[2026-03-25T13:58:05.585+0000] {local_task_job_runner.py:120} INFO - ::group::Pre task execution logs
[2026-03-25T13:58:05.626+0000] {taskinstance.py:2076} INFO - Dependencies all met for dep_context=non-requeueable deps ti=<TaskInstance: e_commerce_dw_etl.extract.extract_and_load_to_staging scheduled__2025-09-22T00:00:00+00:00 [queued]>
[2026-03-25T13:58:05.638+0000] {taskinstance.py:2076} INFO - Dependencies all met for dep_context=requeueable deps ti=<TaskInstance: e_commerce_dw_etl.extract.extract_and_load_to_staging scheduled__2025-09-22T00:00:00+00:00 [queued]>
[2026-03-25T13:58:05.639+0000] {taskinstance.py:2306} INFO - Starting attempt 1 of 1
[2026-03-25T13:58:05.729+0000] {taskinstance.py:2330} INFO - Executing <Task(PythonOperator): extract.extract_and_load_to_staging> on 2025-09-22 00:00:00+00:00
[2026-03-25T13:58:05.736+0000] {standard_task_runner.py:63} INFO - Started process 1169 to run task
[2026-03-25T13:58:05.741+0000] {standard_task_runner.py:90} INFO - Running: ['***', 'tasks', 'run', 'e_commerce_dw_etl', 'extract.extract_and_load_to_staging', 'scheduled__2025-09-22T00:00:00+00:00', '--job-id', '336', '--raw', '--subdir', 'DAGS_FOLDER/e_commerce_dw_dag.py', '--cfg-path', '/tmp/tmpwp0luqm0']
[2026-03-25T13:58:05.745+0000] {standard_task_runner.py:91} INFO - Job 336: Subtask extract.extract_and_load_to_staging
[2026-03-25T13:58:05.856+0000] {task_command.py:426} INFO - Running <TaskInstance: e_commerce_dw_etl.extract.extract_and_load_to_staging scheduled__2025-09-22T00:00:00+00:00 [running]> on host 85f4963e6238
[2026-03-25T13:58:06.005+0000] {taskinstance.py:2648} INFO - Exporting env vars: AIRFLOW_CTX_DAG_OWNER='***' AIRFLOW_CTX_DAG_ID='e_commerce_dw_etl' AIRFLOW_CTX_TASK_ID='extract.extract_and_load_to_staging' AIRFLOW_CTX_EXECUTION_DATE='2025-09-22T00:00:00+00:00' AIRFLOW_CTX_TRY_NUMBER='1' AIRFLOW_CTX_DAG_RUN_ID='scheduled__2025-09-22T00:00:00+00:00'
[2026-03-25T13:58:06.007+0000] {taskinstance.py:430} INFO - ::endgroup::
[2026-03-25T13:58:06.315+0000] {base.py:84} INFO - Using connection ID 'mysql' for task execution.
[2026-03-25T13:58:06.342+0000] {base.py:84} INFO - Using connection ID 'mysql' for task execution.
[2026-03-25T13:58:06.359+0000] {logging_mixin.py:188} WARNING - /home/***/.local/lib/python3.10/site-packages/***/providers/common/sql/hooks/sql.py:263 UserWarning: pandas only supports SQLAlchemy connectable (engine/connection) or database string URI or sqlite3 DBAPI2 connection. Other DBAPI2 objects are not tested. Please consider using SQLAlchemy.
[2026-03-25T13:58:06.380+0000] {taskinstance.py:441} INFO - ::group::Post task execution logs
[2026-03-25T13:58:06.399+0000] {taskinstance.py:2905} ERROR - Task failed with exception
Traceback (most recent call last):
  File "/home/airflow/.local/lib/python3.10/site-packages/airflow/models/taskinstance.py", line 465, in _execute_task
    result = _execute_callable(context=context, **execute_callable_kwargs)
  File "/home/airflow/.local/lib/python3.10/site-packages/airflow/models/taskinstance.py", line 432, in _execute_callable
    return execute_callable(context=context, **execute_callable_kwargs)
  File "/home/airflow/.local/lib/python3.10/site-packages/airflow/models/baseoperator.py", line 401, in wrapper
    return func(self, *args, **kwargs)
  File "/home/airflow/.local/lib/python3.10/site-packages/airflow/operators/python.py", line 235, in execute
    return_value = self.execute_callable()
  File "/home/airflow/.local/lib/python3.10/site-packages/airflow/operators/python.py", line 252, in execute_callable
    return self.python_callable(*self.op_args, **self.op_kwargs)
  File "/opt/airflow/dags/extract_data.py", line 33, in extract_and_load_to_staging
    staging_operator.save_data_to_postgres(
  File "/opt/airflow/plugins/postgresql_operator.py", line 17, in save_data_to_postgres
    conn = self.hook.get_uri()
  File "/home/airflow/.local/lib/python3.10/site-packages/airflow/providers/postgres/hooks/postgres.py", line 204, in get_uri
    return self.sqlalchemy_url.render_as_string(hide_password=False)
  File "/home/airflow/.local/lib/python3.10/site-packages/airflow/providers/postgres/hooks/postgres.py", line 119, in sqlalchemy_url
    conn = self.get_connection(getattr(self, self.conn_name_attr))
  File "/home/airflow/.local/lib/python3.10/site-packages/airflow/hooks/base.py", line 83, in get_connection
    conn = Connection.get_connection_from_secrets(conn_id)
  File "/home/airflow/.local/lib/python3.10/site-packages/airflow/models/connection.py", line 519, in get_connection_from_secrets
    raise AirflowNotFoundException(f"The conn_id `{conn_id}` isn't defined")
airflow.exceptions.AirflowNotFoundException: The conn_id `postgres` isn't defined
[2026-03-25T13:58:06.421+0000] {taskinstance.py:1206} INFO - Marking task as FAILED. dag_id=e_commerce_dw_etl, task_id=extract.extract_and_load_to_staging, run_id=scheduled__2025-09-22T00:00:00+00:00, execution_date=20250922T000000, start_date=20260325T135805, end_date=20260325T135806
[2026-03-25T13:58:06.447+0000] {standard_task_runner.py:110} ERROR - Failed to execute job 336 for task extract.extract_and_load_to_staging (The conn_id `postgres` isn't defined; 1169)
[2026-03-25T13:58:06.490+0000] {local_task_job_runner.py:240} INFO - Task exited with return code 1
[2026-03-25T13:58:06.518+0000] {local_task_job_runner.py:222} INFO - ::endgroup::
[2026-03-26T04:21:46.767+0000] {local_task_job_runner.py:120} INFO - ::group::Pre task execution logs
[2026-03-26T04:21:47.057+0000] {taskinstance.py:2076} INFO - Dependencies all met for dep_context=non-requeueable deps ti=<TaskInstance: e_commerce_dw_etl.extract.extract_and_load_to_staging scheduled__2025-09-22T00:00:00+00:00 [queued]>
[2026-03-26T04:21:47.116+0000] {taskinstance.py:2076} INFO - Dependencies all met for dep_context=requeueable deps ti=<TaskInstance: e_commerce_dw_etl.extract.extract_and_load_to_staging scheduled__2025-09-22T00:00:00+00:00 [queued]>
[2026-03-26T04:21:47.120+0000] {taskinstance.py:2306} INFO - Starting attempt 1 of 1
[2026-03-26T04:21:47.230+0000] {taskinstance.py:2330} INFO - Executing <Task(PythonOperator): extract.extract_and_load_to_staging> on 2025-09-22 00:00:00+00:00
[2026-03-26T04:21:47.271+0000] {standard_task_runner.py:63} INFO - Started process 2716 to run task
[2026-03-26T04:21:47.292+0000] {standard_task_runner.py:90} INFO - Running: ['***', 'tasks', 'run', 'e_commerce_dw_etl', 'extract.extract_and_load_to_staging', 'scheduled__2025-09-22T00:00:00+00:00', '--job-id', '706', '--raw', '--subdir', 'DAGS_FOLDER/e_commerce_dw_dag.py', '--cfg-path', '/tmp/tmpo4mb4x_w']
[2026-03-26T04:21:47.320+0000] {standard_task_runner.py:91} INFO - Job 706: Subtask extract.extract_and_load_to_staging
[2026-03-26T04:21:47.679+0000] {task_command.py:426} INFO - Running <TaskInstance: e_commerce_dw_etl.extract.extract_and_load_to_staging scheduled__2025-09-22T00:00:00+00:00 [running]> on host 2d1a3218d35e
[2026-03-26T04:21:48.633+0000] {taskinstance.py:2648} INFO - Exporting env vars: AIRFLOW_CTX_DAG_OWNER='***' AIRFLOW_CTX_DAG_ID='e_commerce_dw_etl' AIRFLOW_CTX_TASK_ID='extract.extract_and_load_to_staging' AIRFLOW_CTX_EXECUTION_DATE='2025-09-22T00:00:00+00:00' AIRFLOW_CTX_TRY_NUMBER='1' AIRFLOW_CTX_DAG_RUN_ID='scheduled__2025-09-22T00:00:00+00:00'
[2026-03-26T04:21:48.637+0000] {taskinstance.py:430} INFO - ::endgroup::
[2026-03-26T04:21:48.694+0000] {crypto.py:82} WARNING - empty cryptography key - values will not be stored encrypted.
[2026-03-26T04:21:48.701+0000] {base.py:84} INFO - Using connection ID 'mysql' for task execution.
[2026-03-26T04:21:48.790+0000] {base.py:84} INFO - Using connection ID 'mysql' for task execution.
[2026-03-26T04:21:48.893+0000] {logging_mixin.py:188} WARNING - /home/***/.local/lib/python3.10/site-packages/***/providers/common/sql/hooks/sql.py:263 UserWarning: pandas only supports SQLAlchemy connectable (engine/connection) or database string URI or sqlite3 DBAPI2 connection. Other DBAPI2 objects are not tested. Please consider using SQLAlchemy.
[2026-03-26T04:21:48.907+0000] {base.py:84} INFO - Using connection ID 'postgres' for task execution.
[2026-03-26T04:21:49.253+0000] {logging_mixin.py:188} INFO - Đã trích xuất và lưu bảng product_category_name_translation từ MySQL vào PostgreSQL public
[2026-03-26T04:21:49.256+0000] {base.py:84} INFO - Using connection ID 'mysql' for task execution.
[2026-03-26T04:21:49.266+0000] {logging_mixin.py:188} WARNING - /home/***/.local/lib/python3.10/site-packages/***/providers/common/sql/hooks/sql.py:263 UserWarning: pandas only supports SQLAlchemy connectable (engine/connection) or database string URI or sqlite3 DBAPI2 connection. Other DBAPI2 objects are not tested. Please consider using SQLAlchemy.
[2026-03-26T04:21:49.621+0000] {base.py:84} INFO - Using connection ID 'postgres' for task execution.
[2026-03-26T04:21:51.829+0000] {logging_mixin.py:188} INFO - Đã trích xuất và lưu bảng geolocation từ MySQL vào PostgreSQL public
[2026-03-26T04:21:51.832+0000] {base.py:84} INFO - Using connection ID 'mysql' for task execution.
[2026-03-26T04:21:51.843+0000] {logging_mixin.py:188} WARNING - /home/***/.local/lib/python3.10/site-packages/***/providers/common/sql/hooks/sql.py:263 UserWarning: pandas only supports SQLAlchemy connectable (engine/connection) or database string URI or sqlite3 DBAPI2 connection. Other DBAPI2 objects are not tested. Please consider using SQLAlchemy.
[2026-03-26T04:21:51.876+0000] {base.py:84} INFO - Using connection ID 'postgres' for task execution.
[2026-03-26T04:21:52.313+0000] {logging_mixin.py:188} INFO - Đã trích xuất và lưu bảng sellers từ MySQL vào PostgreSQL public
[2026-03-26T04:21:52.322+0000] {base.py:84} INFO - Using connection ID 'mysql' for task execution.
[2026-03-26T04:21:52.338+0000] {logging_mixin.py:188} WARNING - /home/***/.local/lib/python3.10/site-packages/***/providers/common/sql/hooks/sql.py:263 UserWarning: pandas only supports SQLAlchemy connectable (engine/connection) or database string URI or sqlite3 DBAPI2 connection. Other DBAPI2 objects are not tested. Please consider using SQLAlchemy.
[2026-03-26T04:21:53.674+0000] {base.py:84} INFO - Using connection ID 'postgres' for task execution.
[2026-03-26T04:21:56.813+0000] {taskinstance.py:441} INFO - ::group::Post task execution logs
[2026-03-26T04:21:56.815+0000] {taskinstance.py:2905} ERROR - Task failed with exception
Traceback (most recent call last):
  File "/home/airflow/.local/lib/python3.10/site-packages/sqlalchemy/engine/base.py", line 1910, in _execute_context
    self.dialect.do_execute(
  File "/home/airflow/.local/lib/python3.10/site-packages/sqlalchemy/engine/default.py", line 736, in do_execute
    cursor.execute(statement, parameters)
psycopg2.errors.UndefinedTable: table "stg_customers" does not exist


The above exception was the direct cause of the following exception:

Traceback (most recent call last):
  File "/home/airflow/.local/lib/python3.10/site-packages/airflow/models/taskinstance.py", line 465, in _execute_task
    result = _execute_callable(context=context, **execute_callable_kwargs)
  File "/home/airflow/.local/lib/python3.10/site-packages/airflow/models/taskinstance.py", line 432, in _execute_callable
    return execute_callable(context=context, **execute_callable_kwargs)
  File "/home/airflow/.local/lib/python3.10/site-packages/airflow/models/baseoperator.py", line 401, in wrapper
    return func(self, *args, **kwargs)
  File "/home/airflow/.local/lib/python3.10/site-packages/airflow/operators/python.py", line 235, in execute
    return_value = self.execute_callable()
  File "/home/airflow/.local/lib/python3.10/site-packages/airflow/operators/python.py", line 252, in execute_callable
    return self.python_callable(*self.op_args, **self.op_kwargs)
  File "/opt/airflow/dags/extract_data.py", line 33, in extract_and_load_to_staging
    staging_operator.save_data_to_postgres(
  File "/opt/airflow/plugins/postgresql_operator.py", line 25, in save_data_to_postgres
    df.to_sql(table_name, engine, schema=schema, if_exists=if_exists, index=False)
  File "/home/airflow/.local/lib/python3.10/site-packages/pandas/core/generic.py", line 2987, in to_sql
    return sql.to_sql(
  File "/home/airflow/.local/lib/python3.10/site-packages/pandas/io/sql.py", line 695, in to_sql
    return pandas_sql.to_sql(
  File "/home/airflow/.local/lib/python3.10/site-packages/pandas/io/sql.py", line 1728, in to_sql
    table = self.prep_table(
  File "/home/airflow/.local/lib/python3.10/site-packages/pandas/io/sql.py", line 1631, in prep_table
    table.create()
  File "/home/airflow/.local/lib/python3.10/site-packages/pandas/io/sql.py", line 831, in create
    self.pd_sql.drop_table(self.name, self.schema)
  File "/home/airflow/.local/lib/python3.10/site-packages/pandas/io/sql.py", line 1782, in drop_table
    self.get_table(table_name, schema).drop(bind=self.connectable)
  File "/home/airflow/.local/lib/python3.10/site-packages/sqlalchemy/sql/schema.py", line 979, in drop
    bind._run_ddl_visitor(ddl.SchemaDropper, self, checkfirst=checkfirst)
  File "/home/airflow/.local/lib/python3.10/site-packages/sqlalchemy/engine/base.py", line 3238, in _run_ddl_visitor
    conn._run_ddl_visitor(visitorcallable, element, **kwargs)
  File "/home/airflow/.local/lib/python3.10/site-packages/sqlalchemy/engine/base.py", line 2221, in _run_ddl_visitor
    visitorcallable(self.dialect, self, **kwargs).traverse_single(element)
  File "/home/airflow/.local/lib/python3.10/site-packages/sqlalchemy/sql/visitors.py", line 524, in traverse_single
    return meth(obj, **kw)
  File "/home/airflow/.local/lib/python3.10/site-packages/sqlalchemy/sql/ddl.py", line 1106, in visit_table
    self.connection.execute(DropTable(table))
  File "/home/airflow/.local/lib/python3.10/site-packages/sqlalchemy/engine/base.py", line 1385, in execute
    return meth(self, multiparams, params, _EMPTY_EXECUTION_OPTS)
  File "/home/airflow/.local/lib/python3.10/site-packages/sqlalchemy/sql/ddl.py", line 80, in _execute_on_connection
    return connection._execute_ddl(
  File "/home/airflow/.local/lib/python3.10/site-packages/sqlalchemy/engine/base.py", line 1477, in _execute_ddl
    ret = self._execute_context(
  File "/home/airflow/.local/lib/python3.10/site-packages/sqlalchemy/engine/base.py", line 1953, in _execute_context
    self._handle_dbapi_exception(
  File "/home/airflow/.local/lib/python3.10/site-packages/sqlalchemy/engine/base.py", line 2134, in _handle_dbapi_exception
    util.raise_(
  File "/home/airflow/.local/lib/python3.10/site-packages/sqlalchemy/util/compat.py", line 211, in raise_
    raise exception
  File "/home/airflow/.local/lib/python3.10/site-packages/sqlalchemy/engine/base.py", line 1910, in _execute_context
    self.dialect.do_execute(
  File "/home/airflow/.local/lib/python3.10/site-packages/sqlalchemy/engine/default.py", line 736, in do_execute
    cursor.execute(statement, parameters)
sqlalchemy.exc.ProgrammingError: (psycopg2.errors.UndefinedTable) table "stg_customers" does not exist

[SQL: 
DROP TABLE staging.stg_customers]
(Background on this error at: https://sqlalche.me/e/14/f405)
[2026-03-26T04:21:56.989+0000] {taskinstance.py:1206} INFO - Marking task as FAILED. dag_id=e_commerce_dw_etl, task_id=extract.extract_and_load_to_staging, run_id=scheduled__2025-09-22T00:00:00+00:00, execution_date=20250922T000000, start_date=20260326T042147, end_date=20260326T042156
[2026-03-26T04:21:57.509+0000] {standard_task_runner.py:110} ERROR - Failed to execute job 706 for task extract.extract_and_load_to_staging ((psycopg2.errors.UndefinedTable) table "stg_customers" does not exist

[SQL: 
DROP TABLE staging.stg_customers]
(Background on this error at: https://sqlalche.me/e/14/f405); 2716)
[2026-03-26T04:21:57.752+0000] {local_task_job_runner.py:240} INFO - Task exited with return code 1
[2026-03-26T04:21:57.812+0000] {local_task_job_runner.py:222} INFO - ::endgroup::
