[2026-03-25T08:43:00.264+0000] {local_task_job_runner.py:120} INFO - ::group::Pre task execution logs
[2026-03-25T08:43:00.387+0000] {taskinstance.py:2076} INFO - Dependencies all met for dep_context=non-requeueable deps ti=<TaskInstance: e_commerce_dw_etl.extract.extract_and_load_to_staging scheduled__2025-03-18T00:00:00+00:00 [queued]>
[2026-03-25T08:43:00.430+0000] {taskinstance.py:2076} INFO - Dependencies all met for dep_context=requeueable deps ti=<TaskInstance: e_commerce_dw_etl.extract.extract_and_load_to_staging scheduled__2025-03-18T00:00:00+00:00 [queued]>
[2026-03-25T08:43:00.433+0000] {taskinstance.py:2306} INFO - Starting attempt 1 of 1
[2026-03-25T08:43:00.531+0000] {taskinstance.py:2330} INFO - Executing <Task(PythonOperator): extract.extract_and_load_to_staging> on 2025-03-18 00:00:00+00:00
[2026-03-25T08:43:00.547+0000] {standard_task_runner.py:63} INFO - Started process 892 to run task
[2026-03-25T08:43:00.555+0000] {standard_task_runner.py:90} INFO - Running: ['***', 'tasks', 'run', 'e_commerce_dw_etl', 'extract.extract_and_load_to_staging', 'scheduled__2025-03-18T00:00:00+00:00', '--job-id', '160', '--raw', '--subdir', 'DAGS_FOLDER/e_commerce_dw_dag.py', '--cfg-path', '/tmp/tmpq8ziiyfj']
[2026-03-25T08:43:00.562+0000] {standard_task_runner.py:91} INFO - Job 160: Subtask extract.extract_and_load_to_staging
[2026-03-25T08:43:00.781+0000] {task_command.py:426} INFO - Running <TaskInstance: e_commerce_dw_etl.extract.extract_and_load_to_staging scheduled__2025-03-18T00:00:00+00:00 [running]> on host bcd9e4848a6d
[2026-03-25T08:43:01.224+0000] {taskinstance.py:2648} INFO - Exporting env vars: AIRFLOW_CTX_DAG_OWNER='***' AIRFLOW_CTX_DAG_ID='e_commerce_dw_etl' AIRFLOW_CTX_TASK_ID='extract.extract_and_load_to_staging' AIRFLOW_CTX_EXECUTION_DATE='2025-03-18T00:00:00+00:00' AIRFLOW_CTX_TRY_NUMBER='1' AIRFLOW_CTX_DAG_RUN_ID='scheduled__2025-03-18T00:00:00+00:00'
[2026-03-25T08:43:01.225+0000] {taskinstance.py:430} INFO - ::endgroup::
[2026-03-25T08:43:01.740+0000] {mysql_operator.py:13} ERROR - Can't connect to mysql database
[2026-03-25T08:43:01.754+0000] {taskinstance.py:441} INFO - ::group::Post task execution logs
[2026-03-25T08:43:01.782+0000] {taskinstance.py:2905} ERROR - Task failed with exception
Traceback (most recent call last):
  File "/home/airflow/.local/lib/python3.10/site-packages/airflow/models/taskinstance.py", line 465, in _execute_task
    result = _execute_callable(context=context, **execute_callable_kwargs)
  File "/home/airflow/.local/lib/python3.10/site-packages/airflow/models/taskinstance.py", line 432, in _execute_callable
    return execute_callable(context=context, **execute_callable_kwargs)
  File "/home/airflow/.local/lib/python3.10/site-packages/airflow/models/baseoperator.py", line 401, in wrapper
    return func(self, *args, **kwargs)
  File "/home/airflow/.local/lib/python3.10/site-packages/airflow/operators/python.py", line 235, in execute
    return_value = self.execute_callable()
  File "/home/airflow/.local/lib/python3.10/site-packages/airflow/operators/python.py", line 252, in execute_callable
    return self.python_callable(*self.op_args, **self.op_kwargs)
  File "/opt/airflow/dags/extract_data.py", line 30, in extract_and_load_to_staging
    df = source_operator.get_data_to_pd(f"SELECT * FROM {table}")
  File "/opt/airflow/plugins/mysql_operator.py", line 15, in get_data_to_pd
    return self.mysqlhook.get_pandas_df(query)
  File "/home/airflow/.local/lib/python3.10/site-packages/airflow/providers/common/sql/hooks/sql.py", line 262, in get_pandas_df
    with closing(self.get_conn()) as conn:
  File "/home/airflow/.local/lib/python3.10/site-packages/airflow/providers/mysql/hooks/mysql.py", line 188, in get_conn
    conn = self.connection or self.get_connection(getattr(self, self.conn_name_attr))
  File "/home/airflow/.local/lib/python3.10/site-packages/airflow/hooks/base.py", line 83, in get_connection
    conn = Connection.get_connection_from_secrets(conn_id)
  File "/home/airflow/.local/lib/python3.10/site-packages/airflow/models/connection.py", line 519, in get_connection_from_secrets
    raise AirflowNotFoundException(f"The conn_id `{conn_id}` isn't defined")
airflow.exceptions.AirflowNotFoundException: The conn_id `mysql` isn't defined
[2026-03-25T08:43:01.832+0000] {taskinstance.py:1206} INFO - Marking task as FAILED. dag_id=e_commerce_dw_etl, task_id=extract.extract_and_load_to_staging, run_id=scheduled__2025-03-18T00:00:00+00:00, execution_date=20250318T000000, start_date=20260325T084300, end_date=20260325T084301
[2026-03-25T08:43:02.018+0000] {standard_task_runner.py:110} ERROR - Failed to execute job 160 for task extract.extract_and_load_to_staging (The conn_id `mysql` isn't defined; 892)
[2026-03-25T08:43:02.096+0000] {local_task_job_runner.py:240} INFO - Task exited with return code 1
[2026-03-25T08:43:02.202+0000] {taskinstance.py:3503} INFO - 0 downstream tasks scheduled from follow-on schedule check
[2026-03-25T08:43:02.225+0000] {local_task_job_runner.py:222} INFO - ::endgroup::
[2026-03-25T09:31:23.777+0000] {local_task_job_runner.py:120} INFO - ::group::Pre task execution logs
[2026-03-25T09:31:23.854+0000] {taskinstance.py:2076} INFO - Dependencies all met for dep_context=non-requeueable deps ti=<TaskInstance: e_commerce_dw_etl.extract.extract_and_load_to_staging scheduled__2025-03-18T00:00:00+00:00 [queued]>
[2026-03-25T09:31:23.878+0000] {taskinstance.py:2076} INFO - Dependencies all met for dep_context=requeueable deps ti=<TaskInstance: e_commerce_dw_etl.extract.extract_and_load_to_staging scheduled__2025-03-18T00:00:00+00:00 [queued]>
[2026-03-25T09:31:23.880+0000] {taskinstance.py:2306} INFO - Starting attempt 1 of 1
[2026-03-25T09:31:24.085+0000] {taskinstance.py:2330} INFO - Executing <Task(PythonOperator): extract.extract_and_load_to_staging> on 2025-03-18 00:00:00+00:00
[2026-03-25T09:31:24.102+0000] {standard_task_runner.py:63} INFO - Started process 573 to run task
[2026-03-25T09:31:24.112+0000] {standard_task_runner.py:90} INFO - Running: ['***', 'tasks', 'run', 'e_commerce_dw_etl', 'extract.extract_and_load_to_staging', 'scheduled__2025-03-18T00:00:00+00:00', '--job-id', '150', '--raw', '--subdir', 'DAGS_FOLDER/e_commerce_dw_dag.py', '--cfg-path', '/tmp/tmpqy6zw2d6']
[2026-03-25T09:31:24.126+0000] {standard_task_runner.py:91} INFO - Job 150: Subtask extract.extract_and_load_to_staging
[2026-03-25T09:31:24.278+0000] {task_command.py:426} INFO - Running <TaskInstance: e_commerce_dw_etl.extract.extract_and_load_to_staging scheduled__2025-03-18T00:00:00+00:00 [running]> on host 0d903260eca4
[2026-03-25T09:31:24.468+0000] {taskinstance.py:2648} INFO - Exporting env vars: AIRFLOW_CTX_DAG_OWNER='***' AIRFLOW_CTX_DAG_ID='e_commerce_dw_etl' AIRFLOW_CTX_TASK_ID='extract.extract_and_load_to_staging' AIRFLOW_CTX_EXECUTION_DATE='2025-03-18T00:00:00+00:00' AIRFLOW_CTX_TRY_NUMBER='1' AIRFLOW_CTX_DAG_RUN_ID='scheduled__2025-03-18T00:00:00+00:00'
[2026-03-25T09:31:24.474+0000] {taskinstance.py:430} INFO - ::endgroup::
[2026-03-25T09:31:24.838+0000] {mysql_operator.py:13} ERROR - Can't connect to mysql database
[2026-03-25T09:31:24.854+0000] {taskinstance.py:441} INFO - ::group::Post task execution logs
[2026-03-25T09:31:24.883+0000] {taskinstance.py:2905} ERROR - Task failed with exception
Traceback (most recent call last):
  File "/home/airflow/.local/lib/python3.10/site-packages/airflow/models/taskinstance.py", line 465, in _execute_task
    result = _execute_callable(context=context, **execute_callable_kwargs)
  File "/home/airflow/.local/lib/python3.10/site-packages/airflow/models/taskinstance.py", line 432, in _execute_callable
    return execute_callable(context=context, **execute_callable_kwargs)
  File "/home/airflow/.local/lib/python3.10/site-packages/airflow/models/baseoperator.py", line 401, in wrapper
    return func(self, *args, **kwargs)
  File "/home/airflow/.local/lib/python3.10/site-packages/airflow/operators/python.py", line 235, in execute
    return_value = self.execute_callable()
  File "/home/airflow/.local/lib/python3.10/site-packages/airflow/operators/python.py", line 252, in execute_callable
    return self.python_callable(*self.op_args, **self.op_kwargs)
  File "/opt/airflow/dags/extract_data.py", line 30, in extract_and_load_to_staging
    df = source_operator.get_data_to_pd(f"SELECT * FROM {table}")
  File "/opt/airflow/plugins/mysql_operator.py", line 15, in get_data_to_pd
    return self.mysqlhook.get_pandas_df(query)
  File "/home/airflow/.local/lib/python3.10/site-packages/airflow/providers/common/sql/hooks/sql.py", line 262, in get_pandas_df
    with closing(self.get_conn()) as conn:
  File "/home/airflow/.local/lib/python3.10/site-packages/airflow/providers/mysql/hooks/mysql.py", line 188, in get_conn
    conn = self.connection or self.get_connection(getattr(self, self.conn_name_attr))
  File "/home/airflow/.local/lib/python3.10/site-packages/airflow/hooks/base.py", line 83, in get_connection
    conn = Connection.get_connection_from_secrets(conn_id)
  File "/home/airflow/.local/lib/python3.10/site-packages/airflow/models/connection.py", line 519, in get_connection_from_secrets
    raise AirflowNotFoundException(f"The conn_id `{conn_id}` isn't defined")
airflow.exceptions.AirflowNotFoundException: The conn_id `mysql` isn't defined
[2026-03-25T09:31:24.909+0000] {taskinstance.py:1206} INFO - Marking task as FAILED. dag_id=e_commerce_dw_etl, task_id=extract.extract_and_load_to_staging, run_id=scheduled__2025-03-18T00:00:00+00:00, execution_date=20250318T000000, start_date=20260325T093123, end_date=20260325T093124
[2026-03-25T09:31:25.049+0000] {standard_task_runner.py:110} ERROR - Failed to execute job 150 for task extract.extract_and_load_to_staging (The conn_id `mysql` isn't defined; 573)
[2026-03-25T09:31:25.109+0000] {local_task_job_runner.py:240} INFO - Task exited with return code 1
[2026-03-25T09:31:25.158+0000] {taskinstance.py:3503} INFO - 0 downstream tasks scheduled from follow-on schedule check
[2026-03-25T09:31:25.175+0000] {local_task_job_runner.py:222} INFO - ::endgroup::
[2026-03-25T10:22:07.477+0000] {local_task_job_runner.py:120} INFO - ::group::Pre task execution logs
[2026-03-25T10:22:07.585+0000] {taskinstance.py:2076} INFO - Dependencies all met for dep_context=non-requeueable deps ti=<TaskInstance: e_commerce_dw_etl.extract.extract_and_load_to_staging scheduled__2025-03-18T00:00:00+00:00 [queued]>
[2026-03-25T10:22:07.608+0000] {taskinstance.py:2076} INFO - Dependencies all met for dep_context=requeueable deps ti=<TaskInstance: e_commerce_dw_etl.extract.extract_and_load_to_staging scheduled__2025-03-18T00:00:00+00:00 [queued]>
[2026-03-25T10:22:07.609+0000] {taskinstance.py:2306} INFO - Starting attempt 1 of 1
[2026-03-25T10:22:07.881+0000] {taskinstance.py:2330} INFO - Executing <Task(PythonOperator): extract.extract_and_load_to_staging> on 2025-03-18 00:00:00+00:00
[2026-03-25T10:22:07.892+0000] {standard_task_runner.py:63} INFO - Started process 657 to run task
[2026-03-25T10:22:07.903+0000] {standard_task_runner.py:90} INFO - Running: ['***', 'tasks', 'run', 'e_commerce_dw_etl', 'extract.extract_and_load_to_staging', 'scheduled__2025-03-18T00:00:00+00:00', '--job-id', '146', '--raw', '--subdir', 'DAGS_FOLDER/e_commerce_dw_dag.py', '--cfg-path', '/tmp/tmpjbr0wpmd']
[2026-03-25T10:22:07.910+0000] {standard_task_runner.py:91} INFO - Job 146: Subtask extract.extract_and_load_to_staging
[2026-03-25T10:22:08.080+0000] {task_command.py:426} INFO - Running <TaskInstance: e_commerce_dw_etl.extract.extract_and_load_to_staging scheduled__2025-03-18T00:00:00+00:00 [running]> on host 1f1ff5b841ce
[2026-03-25T10:22:08.504+0000] {taskinstance.py:2648} INFO - Exporting env vars: AIRFLOW_CTX_DAG_OWNER='***' AIRFLOW_CTX_DAG_ID='e_commerce_dw_etl' AIRFLOW_CTX_TASK_ID='extract.extract_and_load_to_staging' AIRFLOW_CTX_EXECUTION_DATE='2025-03-18T00:00:00+00:00' AIRFLOW_CTX_TRY_NUMBER='1' AIRFLOW_CTX_DAG_RUN_ID='scheduled__2025-03-18T00:00:00+00:00'
[2026-03-25T10:22:08.511+0000] {taskinstance.py:430} INFO - ::endgroup::
[2026-03-25T10:22:08.785+0000] {crypto.py:82} WARNING - empty cryptography key - values will not be stored encrypted.
[2026-03-25T10:22:08.787+0000] {base.py:84} INFO - Using connection ID 'mysql' for task execution.
[2026-03-25T10:22:12.620+0000] {mysql_operator.py:13} ERROR - Can't connect to mysql database
[2026-03-25T10:22:12.622+0000] {base.py:84} INFO - Using connection ID 'mysql' for task execution.
[2026-03-25T10:22:16.474+0000] {taskinstance.py:441} INFO - ::group::Post task execution logs
[2026-03-25T10:22:16.475+0000] {taskinstance.py:2905} ERROR - Task failed with exception
Traceback (most recent call last):
  File "/home/airflow/.local/lib/python3.10/site-packages/airflow/models/taskinstance.py", line 465, in _execute_task
    result = _execute_callable(context=context, **execute_callable_kwargs)
  File "/home/airflow/.local/lib/python3.10/site-packages/airflow/models/taskinstance.py", line 432, in _execute_callable
    return execute_callable(context=context, **execute_callable_kwargs)
  File "/home/airflow/.local/lib/python3.10/site-packages/airflow/models/baseoperator.py", line 401, in wrapper
    return func(self, *args, **kwargs)
  File "/home/airflow/.local/lib/python3.10/site-packages/airflow/operators/python.py", line 235, in execute
    return_value = self.execute_callable()
  File "/home/airflow/.local/lib/python3.10/site-packages/airflow/operators/python.py", line 252, in execute_callable
    return self.python_callable(*self.op_args, **self.op_kwargs)
  File "/opt/airflow/dags/extract_data.py", line 30, in extract_and_load_to_staging
    df = source_operator.get_data_to_pd(f"SELECT * FROM {table}")
  File "/opt/airflow/plugins/mysql_operator.py", line 15, in get_data_to_pd
    return self.mysqlhook.get_pandas_df(query)
  File "/home/airflow/.local/lib/python3.10/site-packages/airflow/providers/common/sql/hooks/sql.py", line 262, in get_pandas_df
    with closing(self.get_conn()) as conn:
  File "/home/airflow/.local/lib/python3.10/site-packages/airflow/providers/mysql/hooks/mysql.py", line 196, in get_conn
    return MySQLdb.connect(**conn_config)
  File "/home/airflow/.local/lib/python3.10/site-packages/MySQLdb/__init__.py", line 121, in Connect
    return Connection(*args, **kwargs)
  File "/home/airflow/.local/lib/python3.10/site-packages/MySQLdb/connections.py", line 195, in __init__
    super().__init__(*args, **kwargs2)
MySQLdb.OperationalError: (2005, "Unknown server host 'mysql' (-2)")
[2026-03-25T10:22:16.492+0000] {taskinstance.py:1206} INFO - Marking task as FAILED. dag_id=e_commerce_dw_etl, task_id=extract.extract_and_load_to_staging, run_id=scheduled__2025-03-18T00:00:00+00:00, execution_date=20250318T000000, start_date=20260325T102207, end_date=20260325T102216
[2026-03-25T10:22:16.517+0000] {standard_task_runner.py:110} ERROR - Failed to execute job 146 for task extract.extract_and_load_to_staging ((2005, "Unknown server host 'mysql' (-2)"); 657)
[2026-03-25T10:22:16.537+0000] {local_task_job_runner.py:240} INFO - Task exited with return code 1
[2026-03-25T10:22:16.556+0000] {taskinstance.py:3503} INFO - 0 downstream tasks scheduled from follow-on schedule check
[2026-03-25T10:22:16.563+0000] {local_task_job_runner.py:222} INFO - ::endgroup::
[2026-03-25T10:56:52.703+0000] {local_task_job_runner.py:120} INFO - ::group::Pre task execution logs
[2026-03-25T10:56:52.793+0000] {taskinstance.py:2076} INFO - Dependencies all met for dep_context=non-requeueable deps ti=<TaskInstance: e_commerce_dw_etl.extract.extract_and_load_to_staging scheduled__2025-03-18T00:00:00+00:00 [queued]>
[2026-03-25T10:56:52.833+0000] {taskinstance.py:2076} INFO - Dependencies all met for dep_context=requeueable deps ti=<TaskInstance: e_commerce_dw_etl.extract.extract_and_load_to_staging scheduled__2025-03-18T00:00:00+00:00 [queued]>
[2026-03-25T10:56:52.839+0000] {taskinstance.py:2306} INFO - Starting attempt 1 of 1
[2026-03-25T10:56:52.899+0000] {taskinstance.py:2330} INFO - Executing <Task(PythonOperator): extract.extract_and_load_to_staging> on 2025-03-18 00:00:00+00:00
[2026-03-25T10:56:52.918+0000] {standard_task_runner.py:63} INFO - Started process 656 to run task
[2026-03-25T10:56:52.925+0000] {standard_task_runner.py:90} INFO - Running: ['***', 'tasks', 'run', 'e_commerce_dw_etl', 'extract.extract_and_load_to_staging', 'scheduled__2025-03-18T00:00:00+00:00', '--job-id', '147', '--raw', '--subdir', 'DAGS_FOLDER/e_commerce_dw_dag.py', '--cfg-path', '/tmp/tmpw0yx_h5b']
[2026-03-25T10:56:52.931+0000] {standard_task_runner.py:91} INFO - Job 147: Subtask extract.extract_and_load_to_staging
[2026-03-25T10:56:53.083+0000] {task_command.py:426} INFO - Running <TaskInstance: e_commerce_dw_etl.extract.extract_and_load_to_staging scheduled__2025-03-18T00:00:00+00:00 [running]> on host b7a6f340f223
[2026-03-25T10:56:53.372+0000] {taskinstance.py:2648} INFO - Exporting env vars: AIRFLOW_CTX_DAG_OWNER='***' AIRFLOW_CTX_DAG_ID='e_commerce_dw_etl' AIRFLOW_CTX_TASK_ID='extract.extract_and_load_to_staging' AIRFLOW_CTX_EXECUTION_DATE='2025-03-18T00:00:00+00:00' AIRFLOW_CTX_TRY_NUMBER='1' AIRFLOW_CTX_DAG_RUN_ID='scheduled__2025-03-18T00:00:00+00:00'
[2026-03-25T10:56:53.386+0000] {taskinstance.py:430} INFO - ::endgroup::
[2026-03-25T10:56:53.888+0000] {crypto.py:82} WARNING - empty cryptography key - values will not be stored encrypted.
[2026-03-25T10:56:53.889+0000] {base.py:84} INFO - Using connection ID 'mysql' for task execution.
[2026-03-25T10:56:57.764+0000] {mysql_operator.py:13} ERROR - Can't connect to mysql database
[2026-03-25T10:56:57.765+0000] {base.py:84} INFO - Using connection ID 'mysql' for task execution.
[2026-03-25T10:57:01.616+0000] {taskinstance.py:441} INFO - ::group::Post task execution logs
[2026-03-25T10:57:01.617+0000] {taskinstance.py:2905} ERROR - Task failed with exception
Traceback (most recent call last):
  File "/home/airflow/.local/lib/python3.10/site-packages/airflow/models/taskinstance.py", line 465, in _execute_task
    result = _execute_callable(context=context, **execute_callable_kwargs)
  File "/home/airflow/.local/lib/python3.10/site-packages/airflow/models/taskinstance.py", line 432, in _execute_callable
    return execute_callable(context=context, **execute_callable_kwargs)
  File "/home/airflow/.local/lib/python3.10/site-packages/airflow/models/baseoperator.py", line 401, in wrapper
    return func(self, *args, **kwargs)
  File "/home/airflow/.local/lib/python3.10/site-packages/airflow/operators/python.py", line 235, in execute
    return_value = self.execute_callable()
  File "/home/airflow/.local/lib/python3.10/site-packages/airflow/operators/python.py", line 252, in execute_callable
    return self.python_callable(*self.op_args, **self.op_kwargs)
  File "/opt/airflow/dags/extract_data.py", line 30, in extract_and_load_to_staging
    df = source_operator.get_data_to_pd(f"SELECT * FROM {table}")
  File "/opt/airflow/plugins/mysql_operator.py", line 15, in get_data_to_pd
    return self.mysqlhook.get_pandas_df(query)
  File "/home/airflow/.local/lib/python3.10/site-packages/airflow/providers/common/sql/hooks/sql.py", line 262, in get_pandas_df
    with closing(self.get_conn()) as conn:
  File "/home/airflow/.local/lib/python3.10/site-packages/airflow/providers/mysql/hooks/mysql.py", line 196, in get_conn
    return MySQLdb.connect(**conn_config)
  File "/home/airflow/.local/lib/python3.10/site-packages/MySQLdb/__init__.py", line 121, in Connect
    return Connection(*args, **kwargs)
  File "/home/airflow/.local/lib/python3.10/site-packages/MySQLdb/connections.py", line 195, in __init__
    super().__init__(*args, **kwargs2)
MySQLdb.OperationalError: (2005, "Unknown server host 'mysql' (-2)")
[2026-03-25T10:57:01.636+0000] {taskinstance.py:1206} INFO - Marking task as FAILED. dag_id=e_commerce_dw_etl, task_id=extract.extract_and_load_to_staging, run_id=scheduled__2025-03-18T00:00:00+00:00, execution_date=20250318T000000, start_date=20260325T105652, end_date=20260325T105701
[2026-03-25T10:57:01.649+0000] {standard_task_runner.py:110} ERROR - Failed to execute job 147 for task extract.extract_and_load_to_staging ((2005, "Unknown server host 'mysql' (-2)"); 656)
[2026-03-25T10:57:01.695+0000] {local_task_job_runner.py:240} INFO - Task exited with return code 1
[2026-03-25T10:57:01.716+0000] {taskinstance.py:3503} INFO - 0 downstream tasks scheduled from follow-on schedule check
[2026-03-25T10:57:01.725+0000] {local_task_job_runner.py:222} INFO - ::endgroup::
[2026-03-25T11:16:42.287+0000] {local_task_job_runner.py:120} INFO - ::group::Pre task execution logs
[2026-03-25T11:16:42.376+0000] {taskinstance.py:2076} INFO - Dependencies all met for dep_context=non-requeueable deps ti=<TaskInstance: e_commerce_dw_etl.extract.extract_and_load_to_staging scheduled__2025-03-18T00:00:00+00:00 [queued]>
[2026-03-25T11:16:42.398+0000] {taskinstance.py:2076} INFO - Dependencies all met for dep_context=requeueable deps ti=<TaskInstance: e_commerce_dw_etl.extract.extract_and_load_to_staging scheduled__2025-03-18T00:00:00+00:00 [queued]>
[2026-03-25T11:16:42.402+0000] {taskinstance.py:2306} INFO - Starting attempt 1 of 1
[2026-03-25T11:16:42.436+0000] {taskinstance.py:2330} INFO - Executing <Task(PythonOperator): extract.extract_and_load_to_staging> on 2025-03-18 00:00:00+00:00
[2026-03-25T11:16:42.446+0000] {standard_task_runner.py:63} INFO - Started process 690 to run task
[2026-03-25T11:16:42.457+0000] {standard_task_runner.py:90} INFO - Running: ['***', 'tasks', 'run', 'e_commerce_dw_etl', 'extract.extract_and_load_to_staging', 'scheduled__2025-03-18T00:00:00+00:00', '--job-id', '147', '--raw', '--subdir', 'DAGS_FOLDER/e_commerce_dw_dag.py', '--cfg-path', '/tmp/tmpjp2a088v']
[2026-03-25T11:16:42.463+0000] {standard_task_runner.py:91} INFO - Job 147: Subtask extract.extract_and_load_to_staging
[2026-03-25T11:16:42.610+0000] {task_command.py:426} INFO - Running <TaskInstance: e_commerce_dw_etl.extract.extract_and_load_to_staging scheduled__2025-03-18T00:00:00+00:00 [running]> on host d26a046c4728
[2026-03-25T11:16:42.802+0000] {taskinstance.py:2648} INFO - Exporting env vars: AIRFLOW_CTX_DAG_OWNER='***' AIRFLOW_CTX_DAG_ID='e_commerce_dw_etl' AIRFLOW_CTX_TASK_ID='extract.extract_and_load_to_staging' AIRFLOW_CTX_EXECUTION_DATE='2025-03-18T00:00:00+00:00' AIRFLOW_CTX_TRY_NUMBER='1' AIRFLOW_CTX_DAG_RUN_ID='scheduled__2025-03-18T00:00:00+00:00'
[2026-03-25T11:16:42.804+0000] {taskinstance.py:430} INFO - ::endgroup::
[2026-03-25T11:16:43.198+0000] {base.py:84} INFO - Using connection ID 'mysql' for task execution.
[2026-03-25T11:16:47.220+0000] {mysql_operator.py:13} ERROR - Can't connect to mysql database
[2026-03-25T11:16:47.247+0000] {base.py:84} INFO - Using connection ID 'mysql' for task execution.
[2026-03-25T11:16:51.109+0000] {taskinstance.py:441} INFO - ::group::Post task execution logs
[2026-03-25T11:16:51.113+0000] {taskinstance.py:2905} ERROR - Task failed with exception
Traceback (most recent call last):
  File "/home/airflow/.local/lib/python3.10/site-packages/airflow/models/taskinstance.py", line 465, in _execute_task
    result = _execute_callable(context=context, **execute_callable_kwargs)
  File "/home/airflow/.local/lib/python3.10/site-packages/airflow/models/taskinstance.py", line 432, in _execute_callable
    return execute_callable(context=context, **execute_callable_kwargs)
  File "/home/airflow/.local/lib/python3.10/site-packages/airflow/models/baseoperator.py", line 401, in wrapper
    return func(self, *args, **kwargs)
  File "/home/airflow/.local/lib/python3.10/site-packages/airflow/operators/python.py", line 235, in execute
    return_value = self.execute_callable()
  File "/home/airflow/.local/lib/python3.10/site-packages/airflow/operators/python.py", line 252, in execute_callable
    return self.python_callable(*self.op_args, **self.op_kwargs)
  File "/opt/airflow/dags/extract_data.py", line 30, in extract_and_load_to_staging
    df = source_operator.get_data_to_pd(f"SELECT * FROM {table}")
  File "/opt/airflow/plugins/mysql_operator.py", line 15, in get_data_to_pd
    return self.mysqlhook.get_pandas_df(query)
  File "/home/airflow/.local/lib/python3.10/site-packages/airflow/providers/common/sql/hooks/sql.py", line 262, in get_pandas_df
    with closing(self.get_conn()) as conn:
  File "/home/airflow/.local/lib/python3.10/site-packages/airflow/providers/mysql/hooks/mysql.py", line 196, in get_conn
    return MySQLdb.connect(**conn_config)
  File "/home/airflow/.local/lib/python3.10/site-packages/MySQLdb/__init__.py", line 121, in Connect
    return Connection(*args, **kwargs)
  File "/home/airflow/.local/lib/python3.10/site-packages/MySQLdb/connections.py", line 195, in __init__
    super().__init__(*args, **kwargs2)
MySQLdb.OperationalError: (2005, "Unknown server host 'mysql' (-2)")
[2026-03-25T11:16:51.165+0000] {taskinstance.py:1206} INFO - Marking task as FAILED. dag_id=e_commerce_dw_etl, task_id=extract.extract_and_load_to_staging, run_id=scheduled__2025-03-18T00:00:00+00:00, execution_date=20250318T000000, start_date=20260325T111642, end_date=20260325T111651
[2026-03-25T11:16:51.205+0000] {standard_task_runner.py:110} ERROR - Failed to execute job 147 for task extract.extract_and_load_to_staging ((2005, "Unknown server host 'mysql' (-2)"); 690)
[2026-03-25T11:16:51.244+0000] {local_task_job_runner.py:240} INFO - Task exited with return code 1
[2026-03-25T11:16:51.313+0000] {taskinstance.py:3503} INFO - 0 downstream tasks scheduled from follow-on schedule check
[2026-03-25T11:16:51.328+0000] {local_task_job_runner.py:222} INFO - ::endgroup::
[2026-03-25T11:40:55.810+0000] {local_task_job_runner.py:120} INFO - ::group::Pre task execution logs
[2026-03-25T11:40:55.837+0000] {taskinstance.py:2076} INFO - Dependencies all met for dep_context=non-requeueable deps ti=<TaskInstance: e_commerce_dw_etl.extract.extract_and_load_to_staging scheduled__2025-03-18T00:00:00+00:00 [queued]>
[2026-03-25T11:40:55.848+0000] {taskinstance.py:2076} INFO - Dependencies all met for dep_context=requeueable deps ti=<TaskInstance: e_commerce_dw_etl.extract.extract_and_load_to_staging scheduled__2025-03-18T00:00:00+00:00 [queued]>
[2026-03-25T11:40:55.849+0000] {taskinstance.py:2306} INFO - Starting attempt 1 of 1
[2026-03-25T11:40:55.863+0000] {taskinstance.py:2330} INFO - Executing <Task(PythonOperator): extract.extract_and_load_to_staging> on 2025-03-18 00:00:00+00:00
[2026-03-25T11:40:55.868+0000] {standard_task_runner.py:63} INFO - Started process 606 to run task
[2026-03-25T11:40:55.871+0000] {standard_task_runner.py:90} INFO - Running: ['***', 'tasks', 'run', 'e_commerce_dw_etl', 'extract.extract_and_load_to_staging', 'scheduled__2025-03-18T00:00:00+00:00', '--job-id', '147', '--raw', '--subdir', 'DAGS_FOLDER/e_commerce_dw_dag.py', '--cfg-path', '/tmp/tmpmfmq9t4p']
[2026-03-25T11:40:55.874+0000] {standard_task_runner.py:91} INFO - Job 147: Subtask extract.extract_and_load_to_staging
[2026-03-25T11:40:55.945+0000] {task_command.py:426} INFO - Running <TaskInstance: e_commerce_dw_etl.extract.extract_and_load_to_staging scheduled__2025-03-18T00:00:00+00:00 [running]> on host d9d1693fa74b
[2026-03-25T11:40:56.027+0000] {taskinstance.py:2648} INFO - Exporting env vars: AIRFLOW_CTX_DAG_OWNER='***' AIRFLOW_CTX_DAG_ID='e_commerce_dw_etl' AIRFLOW_CTX_TASK_ID='extract.extract_and_load_to_staging' AIRFLOW_CTX_EXECUTION_DATE='2025-03-18T00:00:00+00:00' AIRFLOW_CTX_TRY_NUMBER='1' AIRFLOW_CTX_DAG_RUN_ID='scheduled__2025-03-18T00:00:00+00:00'
[2026-03-25T11:40:56.028+0000] {taskinstance.py:430} INFO - ::endgroup::
[2026-03-25T11:40:56.190+0000] {base.py:84} INFO - Using connection ID 'mysql' for task execution.
[2026-03-25T11:40:56.220+0000] {base.py:84} INFO - Using connection ID 'mysql' for task execution.
[2026-03-25T11:40:56.230+0000] {logging_mixin.py:188} WARNING - /home/***/.local/lib/python3.10/site-packages/***/providers/common/sql/hooks/sql.py:263 UserWarning: pandas only supports SQLAlchemy connectable (engine/connection) or database string URI or sqlite3 DBAPI2 connection. Other DBAPI2 objects are not tested. Please consider using SQLAlchemy.
[2026-03-25T11:40:56.231+0000] {taskinstance.py:441} INFO - ::group::Post task execution logs
[2026-03-25T11:40:56.232+0000] {taskinstance.py:2905} ERROR - Task failed with exception
Traceback (most recent call last):
  File "/home/airflow/.local/lib/python3.10/site-packages/pandas/io/sql.py", line 2018, in execute
    cur.execute(*args, **kwargs)
  File "/home/airflow/.local/lib/python3.10/site-packages/MySQLdb/cursors.py", line 179, in execute
    res = self._query(mogrified_query)
  File "/home/airflow/.local/lib/python3.10/site-packages/MySQLdb/cursors.py", line 330, in _query
    db.query(q)
  File "/home/airflow/.local/lib/python3.10/site-packages/MySQLdb/connections.py", line 261, in query
    _mysql.connection.query(self, query)
MySQLdb.ProgrammingError: (1146, "Table 'olist.product_category_name_translation' doesn't exist")

The above exception was the direct cause of the following exception:

Traceback (most recent call last):
  File "/home/airflow/.local/lib/python3.10/site-packages/airflow/models/taskinstance.py", line 465, in _execute_task
    result = _execute_callable(context=context, **execute_callable_kwargs)
  File "/home/airflow/.local/lib/python3.10/site-packages/airflow/models/taskinstance.py", line 432, in _execute_callable
    return execute_callable(context=context, **execute_callable_kwargs)
  File "/home/airflow/.local/lib/python3.10/site-packages/airflow/models/baseoperator.py", line 401, in wrapper
    return func(self, *args, **kwargs)
  File "/home/airflow/.local/lib/python3.10/site-packages/airflow/operators/python.py", line 235, in execute
    return_value = self.execute_callable()
  File "/home/airflow/.local/lib/python3.10/site-packages/airflow/operators/python.py", line 252, in execute_callable
    return self.python_callable(*self.op_args, **self.op_kwargs)
  File "/opt/airflow/dags/extract_data.py", line 30, in extract_and_load_to_staging
    df = source_operator.get_data_to_pd(f"SELECT * FROM {table}")
  File "/opt/airflow/plugins/mysql_operator.py", line 15, in get_data_to_pd
    return self.mysqlhook.get_pandas_df(query)
  File "/home/airflow/.local/lib/python3.10/site-packages/airflow/providers/common/sql/hooks/sql.py", line 263, in get_pandas_df
    return psql.read_sql(sql, con=conn, params=parameters, **kwargs)
  File "/home/airflow/.local/lib/python3.10/site-packages/pandas/io/sql.py", line 564, in read_sql
    return pandas_sql.read_query(
  File "/home/airflow/.local/lib/python3.10/site-packages/pandas/io/sql.py", line 2078, in read_query
    cursor = self.execute(*args)
  File "/home/airflow/.local/lib/python3.10/site-packages/pandas/io/sql.py", line 2030, in execute
    raise ex from exc
pandas.errors.DatabaseError: Execution failed on sql 'SELECT * FROM product_category_name_translation': (1146, "Table 'olist.product_category_name_translation' doesn't exist")
[2026-03-25T11:40:56.255+0000] {taskinstance.py:1206} INFO - Marking task as FAILED. dag_id=e_commerce_dw_etl, task_id=extract.extract_and_load_to_staging, run_id=scheduled__2025-03-18T00:00:00+00:00, execution_date=20250318T000000, start_date=20260325T114055, end_date=20260325T114056
[2026-03-25T11:40:56.265+0000] {standard_task_runner.py:110} ERROR - Failed to execute job 147 for task extract.extract_and_load_to_staging (Execution failed on sql 'SELECT * FROM product_category_name_translation': (1146, "Table 'olist.product_category_name_translation' doesn't exist"); 606)
[2026-03-25T11:40:56.286+0000] {local_task_job_runner.py:240} INFO - Task exited with return code 1
[2026-03-25T11:40:56.309+0000] {taskinstance.py:3503} INFO - 0 downstream tasks scheduled from follow-on schedule check
[2026-03-25T11:40:56.316+0000] {local_task_job_runner.py:222} INFO - ::endgroup::
[2026-03-25T13:56:14.625+0000] {local_task_job_runner.py:120} INFO - ::group::Pre task execution logs
[2026-03-25T13:56:14.681+0000] {taskinstance.py:2076} INFO - Dependencies all met for dep_context=non-requeueable deps ti=<TaskInstance: e_commerce_dw_etl.extract.extract_and_load_to_staging scheduled__2025-03-18T00:00:00+00:00 [queued]>
[2026-03-25T13:56:14.699+0000] {taskinstance.py:2076} INFO - Dependencies all met for dep_context=requeueable deps ti=<TaskInstance: e_commerce_dw_etl.extract.extract_and_load_to_staging scheduled__2025-03-18T00:00:00+00:00 [queued]>
[2026-03-25T13:56:14.702+0000] {taskinstance.py:2306} INFO - Starting attempt 1 of 1
[2026-03-25T13:56:14.828+0000] {taskinstance.py:2330} INFO - Executing <Task(PythonOperator): extract.extract_and_load_to_staging> on 2025-03-18 00:00:00+00:00
[2026-03-25T13:56:14.839+0000] {standard_task_runner.py:63} INFO - Started process 693 to run task
[2026-03-25T13:56:14.846+0000] {standard_task_runner.py:90} INFO - Running: ['***', 'tasks', 'run', 'e_commerce_dw_etl', 'extract.extract_and_load_to_staging', 'scheduled__2025-03-18T00:00:00+00:00', '--job-id', '147', '--raw', '--subdir', 'DAGS_FOLDER/e_commerce_dw_dag.py', '--cfg-path', '/tmp/tmpjj_9txps']
[2026-03-25T13:56:14.851+0000] {standard_task_runner.py:91} INFO - Job 147: Subtask extract.extract_and_load_to_staging
[2026-03-25T13:56:14.974+0000] {task_command.py:426} INFO - Running <TaskInstance: e_commerce_dw_etl.extract.extract_and_load_to_staging scheduled__2025-03-18T00:00:00+00:00 [running]> on host 85f4963e6238
[2026-03-25T13:56:15.107+0000] {taskinstance.py:2648} INFO - Exporting env vars: AIRFLOW_CTX_DAG_OWNER='***' AIRFLOW_CTX_DAG_ID='e_commerce_dw_etl' AIRFLOW_CTX_TASK_ID='extract.extract_and_load_to_staging' AIRFLOW_CTX_EXECUTION_DATE='2025-03-18T00:00:00+00:00' AIRFLOW_CTX_TRY_NUMBER='1' AIRFLOW_CTX_DAG_RUN_ID='scheduled__2025-03-18T00:00:00+00:00'
[2026-03-25T13:56:15.115+0000] {taskinstance.py:430} INFO - ::endgroup::
[2026-03-25T13:56:15.382+0000] {base.py:84} INFO - Using connection ID 'mysql' for task execution.
[2026-03-25T13:56:15.404+0000] {base.py:84} INFO - Using connection ID 'mysql' for task execution.
[2026-03-25T13:56:15.421+0000] {logging_mixin.py:188} WARNING - /home/***/.local/lib/python3.10/site-packages/***/providers/common/sql/hooks/sql.py:263 UserWarning: pandas only supports SQLAlchemy connectable (engine/connection) or database string URI or sqlite3 DBAPI2 connection. Other DBAPI2 objects are not tested. Please consider using SQLAlchemy.
[2026-03-25T13:56:15.438+0000] {taskinstance.py:441} INFO - ::group::Post task execution logs
[2026-03-25T13:56:15.457+0000] {taskinstance.py:2905} ERROR - Task failed with exception
Traceback (most recent call last):
  File "/home/airflow/.local/lib/python3.10/site-packages/airflow/models/taskinstance.py", line 465, in _execute_task
    result = _execute_callable(context=context, **execute_callable_kwargs)
  File "/home/airflow/.local/lib/python3.10/site-packages/airflow/models/taskinstance.py", line 432, in _execute_callable
    return execute_callable(context=context, **execute_callable_kwargs)
  File "/home/airflow/.local/lib/python3.10/site-packages/airflow/models/baseoperator.py", line 401, in wrapper
    return func(self, *args, **kwargs)
  File "/home/airflow/.local/lib/python3.10/site-packages/airflow/operators/python.py", line 235, in execute
    return_value = self.execute_callable()
  File "/home/airflow/.local/lib/python3.10/site-packages/airflow/operators/python.py", line 252, in execute_callable
    return self.python_callable(*self.op_args, **self.op_kwargs)
  File "/opt/airflow/dags/extract_data.py", line 33, in extract_and_load_to_staging
    staging_operator.save_data_to_postgres(
  File "/opt/airflow/plugins/postgresql_operator.py", line 17, in save_data_to_postgres
    conn = self.hook.get_uri()
  File "/home/airflow/.local/lib/python3.10/site-packages/airflow/providers/postgres/hooks/postgres.py", line 204, in get_uri
    return self.sqlalchemy_url.render_as_string(hide_password=False)
  File "/home/airflow/.local/lib/python3.10/site-packages/airflow/providers/postgres/hooks/postgres.py", line 119, in sqlalchemy_url
    conn = self.get_connection(getattr(self, self.conn_name_attr))
  File "/home/airflow/.local/lib/python3.10/site-packages/airflow/hooks/base.py", line 83, in get_connection
    conn = Connection.get_connection_from_secrets(conn_id)
  File "/home/airflow/.local/lib/python3.10/site-packages/airflow/models/connection.py", line 519, in get_connection_from_secrets
    raise AirflowNotFoundException(f"The conn_id `{conn_id}` isn't defined")
airflow.exceptions.AirflowNotFoundException: The conn_id `postgres` isn't defined
[2026-03-25T13:56:15.487+0000] {taskinstance.py:1206} INFO - Marking task as FAILED. dag_id=e_commerce_dw_etl, task_id=extract.extract_and_load_to_staging, run_id=scheduled__2025-03-18T00:00:00+00:00, execution_date=20250318T000000, start_date=20260325T135614, end_date=20260325T135615
[2026-03-25T13:56:15.543+0000] {standard_task_runner.py:110} ERROR - Failed to execute job 147 for task extract.extract_and_load_to_staging (The conn_id `postgres` isn't defined; 693)
[2026-03-25T13:56:15.591+0000] {local_task_job_runner.py:240} INFO - Task exited with return code 1
[2026-03-25T13:56:15.629+0000] {taskinstance.py:3503} INFO - 0 downstream tasks scheduled from follow-on schedule check
[2026-03-25T13:56:15.638+0000] {local_task_job_runner.py:222} INFO - ::endgroup::
[2026-03-26T03:44:50.414+0000] {local_task_job_runner.py:120} INFO - ::group::Pre task execution logs
[2026-03-26T03:44:50.539+0000] {taskinstance.py:2076} INFO - Dependencies all met for dep_context=non-requeueable deps ti=<TaskInstance: e_commerce_dw_etl.extract.extract_and_load_to_staging scheduled__2025-03-18T00:00:00+00:00 [queued]>
[2026-03-26T03:44:50.568+0000] {taskinstance.py:2076} INFO - Dependencies all met for dep_context=requeueable deps ti=<TaskInstance: e_commerce_dw_etl.extract.extract_and_load_to_staging scheduled__2025-03-18T00:00:00+00:00 [queued]>
[2026-03-26T03:44:50.570+0000] {taskinstance.py:2306} INFO - Starting attempt 1 of 1
[2026-03-26T03:44:50.718+0000] {taskinstance.py:2330} INFO - Executing <Task(PythonOperator): extract.extract_and_load_to_staging> on 2025-03-18 00:00:00+00:00
[2026-03-26T03:44:50.757+0000] {standard_task_runner.py:63} INFO - Started process 2579 to run task
[2026-03-26T03:44:50.798+0000] {standard_task_runner.py:90} INFO - Running: ['***', 'tasks', 'run', 'e_commerce_dw_etl', 'extract.extract_and_load_to_staging', 'scheduled__2025-03-18T00:00:00+00:00', '--job-id', '880', '--raw', '--subdir', 'DAGS_FOLDER/e_commerce_dw_dag.py', '--cfg-path', '/tmp/tmpvbuvsl8c']
[2026-03-26T03:44:50.815+0000] {standard_task_runner.py:91} INFO - Job 880: Subtask extract.extract_and_load_to_staging
[2026-03-26T03:44:51.129+0000] {task_command.py:426} INFO - Running <TaskInstance: e_commerce_dw_etl.extract.extract_and_load_to_staging scheduled__2025-03-18T00:00:00+00:00 [running]> on host 031edd3e030e
[2026-03-26T03:44:52.535+0000] {taskinstance.py:2648} INFO - Exporting env vars: AIRFLOW_CTX_DAG_OWNER='***' AIRFLOW_CTX_DAG_ID='e_commerce_dw_etl' AIRFLOW_CTX_TASK_ID='extract.extract_and_load_to_staging' AIRFLOW_CTX_EXECUTION_DATE='2025-03-18T00:00:00+00:00' AIRFLOW_CTX_TRY_NUMBER='1' AIRFLOW_CTX_DAG_RUN_ID='scheduled__2025-03-18T00:00:00+00:00'
[2026-03-26T03:44:52.538+0000] {taskinstance.py:430} INFO - ::endgroup::
[2026-03-26T03:44:52.587+0000] {crypto.py:82} WARNING - empty cryptography key - values will not be stored encrypted.
[2026-03-26T03:44:52.588+0000] {base.py:84} INFO - Using connection ID 'mysql' for task execution.
[2026-03-26T03:44:52.622+0000] {base.py:84} INFO - Using connection ID 'mysql' for task execution.
[2026-03-26T03:44:52.679+0000] {logging_mixin.py:188} WARNING - /home/***/.local/lib/python3.10/site-packages/***/providers/common/sql/hooks/sql.py:263 UserWarning: pandas only supports SQLAlchemy connectable (engine/connection) or database string URI or sqlite3 DBAPI2 connection. Other DBAPI2 objects are not tested. Please consider using SQLAlchemy.
[2026-03-26T03:44:52.694+0000] {base.py:84} INFO - Using connection ID 'postgres' for task execution.
[2026-03-26T03:44:53.134+0000] {logging_mixin.py:188} INFO - Đã trích xuất và lưu bảng product_category_name_translation từ MySQL vào PostgreSQL public
[2026-03-26T03:44:53.135+0000] {base.py:84} INFO - Using connection ID 'mysql' for task execution.
[2026-03-26T03:44:53.149+0000] {logging_mixin.py:188} WARNING - /home/***/.local/lib/python3.10/site-packages/***/providers/common/sql/hooks/sql.py:263 UserWarning: pandas only supports SQLAlchemy connectable (engine/connection) or database string URI or sqlite3 DBAPI2 connection. Other DBAPI2 objects are not tested. Please consider using SQLAlchemy.
[2026-03-26T03:44:53.168+0000] {base.py:84} INFO - Using connection ID 'postgres' for task execution.
[2026-03-26T03:44:53.422+0000] {logging_mixin.py:188} INFO - Đã trích xuất và lưu bảng geolocation từ MySQL vào PostgreSQL public
[2026-03-26T03:44:53.429+0000] {base.py:84} INFO - Using connection ID 'mysql' for task execution.
[2026-03-26T03:44:53.447+0000] {logging_mixin.py:188} WARNING - /home/***/.local/lib/python3.10/site-packages/***/providers/common/sql/hooks/sql.py:263 UserWarning: pandas only supports SQLAlchemy connectable (engine/connection) or database string URI or sqlite3 DBAPI2 connection. Other DBAPI2 objects are not tested. Please consider using SQLAlchemy.
[2026-03-26T03:44:53.474+0000] {base.py:84} INFO - Using connection ID 'postgres' for task execution.
[2026-03-26T03:44:53.672+0000] {logging_mixin.py:188} INFO - Đã trích xuất và lưu bảng sellers từ MySQL vào PostgreSQL public
[2026-03-26T03:44:53.687+0000] {base.py:84} INFO - Using connection ID 'mysql' for task execution.
[2026-03-26T03:44:53.713+0000] {logging_mixin.py:188} WARNING - /home/***/.local/lib/python3.10/site-packages/***/providers/common/sql/hooks/sql.py:263 UserWarning: pandas only supports SQLAlchemy connectable (engine/connection) or database string URI or sqlite3 DBAPI2 connection. Other DBAPI2 objects are not tested. Please consider using SQLAlchemy.
[2026-03-26T03:44:53.723+0000] {base.py:84} INFO - Using connection ID 'postgres' for task execution.
[2026-03-26T03:44:54.096+0000] {logging_mixin.py:188} INFO - Đã trích xuất và lưu bảng customers từ MySQL vào PostgreSQL public
[2026-03-26T03:44:54.106+0000] {base.py:84} INFO - Using connection ID 'mysql' for task execution.
[2026-03-26T03:44:54.138+0000] {logging_mixin.py:188} WARNING - /home/***/.local/lib/python3.10/site-packages/***/providers/common/sql/hooks/sql.py:263 UserWarning: pandas only supports SQLAlchemy connectable (engine/connection) or database string URI or sqlite3 DBAPI2 connection. Other DBAPI2 objects are not tested. Please consider using SQLAlchemy.
[2026-03-26T03:44:54.169+0000] {base.py:84} INFO - Using connection ID 'postgres' for task execution.
[2026-03-26T03:44:54.505+0000] {logging_mixin.py:188} INFO - Đã trích xuất và lưu bảng products từ MySQL vào PostgreSQL public
[2026-03-26T03:44:54.510+0000] {base.py:84} INFO - Using connection ID 'mysql' for task execution.
[2026-03-26T03:44:54.607+0000] {logging_mixin.py:188} WARNING - /home/***/.local/lib/python3.10/site-packages/***/providers/common/sql/hooks/sql.py:263 UserWarning: pandas only supports SQLAlchemy connectable (engine/connection) or database string URI or sqlite3 DBAPI2 connection. Other DBAPI2 objects are not tested. Please consider using SQLAlchemy.
[2026-03-26T03:44:54.642+0000] {base.py:84} INFO - Using connection ID 'postgres' for task execution.
[2026-03-26T03:44:55.083+0000] {logging_mixin.py:188} INFO - Đã trích xuất và lưu bảng orders từ MySQL vào PostgreSQL public
[2026-03-26T03:44:55.089+0000] {base.py:84} INFO - Using connection ID 'mysql' for task execution.
[2026-03-26T03:44:55.147+0000] {logging_mixin.py:188} WARNING - /home/***/.local/lib/python3.10/site-packages/***/providers/common/sql/hooks/sql.py:263 UserWarning: pandas only supports SQLAlchemy connectable (engine/connection) or database string URI or sqlite3 DBAPI2 connection. Other DBAPI2 objects are not tested. Please consider using SQLAlchemy.
[2026-03-26T03:44:55.169+0000] {base.py:84} INFO - Using connection ID 'postgres' for task execution.
[2026-03-26T03:44:55.312+0000] {logging_mixin.py:188} INFO - Đã trích xuất và lưu bảng order_items từ MySQL vào PostgreSQL public
[2026-03-26T03:44:55.314+0000] {base.py:84} INFO - Using connection ID 'mysql' for task execution.
[2026-03-26T03:44:55.322+0000] {logging_mixin.py:188} WARNING - /home/***/.local/lib/python3.10/site-packages/***/providers/common/sql/hooks/sql.py:263 UserWarning: pandas only supports SQLAlchemy connectable (engine/connection) or database string URI or sqlite3 DBAPI2 connection. Other DBAPI2 objects are not tested. Please consider using SQLAlchemy.
[2026-03-26T03:44:55.335+0000] {base.py:84} INFO - Using connection ID 'postgres' for task execution.
[2026-03-26T03:44:55.466+0000] {logging_mixin.py:188} INFO - Đã trích xuất và lưu bảng payments từ MySQL vào PostgreSQL public
[2026-03-26T03:44:55.470+0000] {base.py:84} INFO - Using connection ID 'mysql' for task execution.
[2026-03-26T03:44:55.479+0000] {logging_mixin.py:188} WARNING - /home/***/.local/lib/python3.10/site-packages/***/providers/common/sql/hooks/sql.py:263 UserWarning: pandas only supports SQLAlchemy connectable (engine/connection) or database string URI or sqlite3 DBAPI2 connection. Other DBAPI2 objects are not tested. Please consider using SQLAlchemy.
[2026-03-26T03:44:55.485+0000] {base.py:84} INFO - Using connection ID 'postgres' for task execution.
[2026-03-26T03:44:55.904+0000] {logging_mixin.py:188} INFO - Đã trích xuất và lưu bảng order_reviews từ MySQL vào PostgreSQL public
[2026-03-26T03:44:55.911+0000] {python.py:237} INFO - Done. Returned value was: None
[2026-03-26T03:44:55.920+0000] {taskinstance.py:441} INFO - ::group::Post task execution logs
[2026-03-26T03:44:56.024+0000] {taskinstance.py:1206} INFO - Marking task as SUCCESS. dag_id=e_commerce_dw_etl, task_id=extract.extract_and_load_to_staging, run_id=scheduled__2025-03-18T00:00:00+00:00, execution_date=20250318T000000, start_date=20260326T034450, end_date=20260326T034456
[2026-03-26T03:44:56.729+0000] {local_task_job_runner.py:240} INFO - Task exited with return code 0
[2026-03-26T03:44:56.863+0000] {taskinstance.py:3503} INFO - 6 downstream tasks scheduled from follow-on schedule check
[2026-03-26T03:44:56.889+0000] {local_task_job_runner.py:222} INFO - ::endgroup::
[2026-03-26T04:10:02.940+0000] {local_task_job_runner.py:120} INFO - ::group::Pre task execution logs
[2026-03-26T04:10:03.216+0000] {taskinstance.py:2076} INFO - Dependencies all met for dep_context=non-requeueable deps ti=<TaskInstance: e_commerce_dw_etl.extract.extract_and_load_to_staging scheduled__2025-03-18T00:00:00+00:00 [queued]>
[2026-03-26T04:10:03.376+0000] {taskinstance.py:2076} INFO - Dependencies all met for dep_context=requeueable deps ti=<TaskInstance: e_commerce_dw_etl.extract.extract_and_load_to_staging scheduled__2025-03-18T00:00:00+00:00 [queued]>
[2026-03-26T04:10:03.405+0000] {taskinstance.py:2306} INFO - Starting attempt 1 of 1
[2026-03-26T04:10:04.386+0000] {taskinstance.py:2330} INFO - Executing <Task(PythonOperator): extract.extract_and_load_to_staging> on 2025-03-18 00:00:00+00:00
[2026-03-26T04:10:04.459+0000] {standard_task_runner.py:63} INFO - Started process 1269 to run task
[2026-03-26T04:10:04.517+0000] {standard_task_runner.py:90} INFO - Running: ['***', 'tasks', 'run', 'e_commerce_dw_etl', 'extract.extract_and_load_to_staging', 'scheduled__2025-03-18T00:00:00+00:00', '--job-id', '270', '--raw', '--subdir', 'DAGS_FOLDER/e_commerce_dw_dag.py', '--cfg-path', '/tmp/tmpv3gwoso6']
[2026-03-26T04:10:04.541+0000] {standard_task_runner.py:91} INFO - Job 270: Subtask extract.extract_and_load_to_staging
[2026-03-26T04:10:04.878+0000] {task_command.py:426} INFO - Running <TaskInstance: e_commerce_dw_etl.extract.extract_and_load_to_staging scheduled__2025-03-18T00:00:00+00:00 [running]> on host 2d1a3218d35e
[2026-03-26T04:10:06.503+0000] {taskinstance.py:2648} INFO - Exporting env vars: AIRFLOW_CTX_DAG_OWNER='***' AIRFLOW_CTX_DAG_ID='e_commerce_dw_etl' AIRFLOW_CTX_TASK_ID='extract.extract_and_load_to_staging' AIRFLOW_CTX_EXECUTION_DATE='2025-03-18T00:00:00+00:00' AIRFLOW_CTX_TRY_NUMBER='1' AIRFLOW_CTX_DAG_RUN_ID='scheduled__2025-03-18T00:00:00+00:00'
[2026-03-26T04:10:06.505+0000] {taskinstance.py:430} INFO - ::endgroup::
[2026-03-26T04:10:06.581+0000] {crypto.py:82} WARNING - empty cryptography key - values will not be stored encrypted.
[2026-03-26T04:10:06.587+0000] {base.py:84} INFO - Using connection ID 'mysql' for task execution.
[2026-03-26T04:10:06.637+0000] {base.py:84} INFO - Using connection ID 'mysql' for task execution.
[2026-03-26T04:10:06.674+0000] {logging_mixin.py:188} WARNING - /home/***/.local/lib/python3.10/site-packages/***/providers/common/sql/hooks/sql.py:263 UserWarning: pandas only supports SQLAlchemy connectable (engine/connection) or database string URI or sqlite3 DBAPI2 connection. Other DBAPI2 objects are not tested. Please consider using SQLAlchemy.
[2026-03-26T04:10:06.688+0000] {base.py:84} INFO - Using connection ID 'postgres' for task execution.
[2026-03-26T04:10:07.325+0000] {logging_mixin.py:188} INFO - Đã trích xuất và lưu bảng product_category_name_translation từ MySQL vào PostgreSQL public
[2026-03-26T04:10:07.338+0000] {base.py:84} INFO - Using connection ID 'mysql' for task execution.
[2026-03-26T04:10:07.382+0000] {logging_mixin.py:188} WARNING - /home/***/.local/lib/python3.10/site-packages/***/providers/common/sql/hooks/sql.py:263 UserWarning: pandas only supports SQLAlchemy connectable (engine/connection) or database string URI or sqlite3 DBAPI2 connection. Other DBAPI2 objects are not tested. Please consider using SQLAlchemy.
[2026-03-26T04:10:07.640+0000] {base.py:84} INFO - Using connection ID 'postgres' for task execution.
[2026-03-26T04:10:11.925+0000] {logging_mixin.py:188} INFO - Đã trích xuất và lưu bảng geolocation từ MySQL vào PostgreSQL public
[2026-03-26T04:10:11.956+0000] {base.py:84} INFO - Using connection ID 'mysql' for task execution.
[2026-03-26T04:10:12.019+0000] {logging_mixin.py:188} WARNING - /home/***/.local/lib/python3.10/site-packages/***/providers/common/sql/hooks/sql.py:263 UserWarning: pandas only supports SQLAlchemy connectable (engine/connection) or database string URI or sqlite3 DBAPI2 connection. Other DBAPI2 objects are not tested. Please consider using SQLAlchemy.
[2026-03-26T04:10:12.182+0000] {base.py:84} INFO - Using connection ID 'postgres' for task execution.
[2026-03-26T04:10:13.107+0000] {logging_mixin.py:188} INFO - Đã trích xuất và lưu bảng sellers từ MySQL vào PostgreSQL public
[2026-03-26T04:10:13.118+0000] {base.py:84} INFO - Using connection ID 'mysql' for task execution.
[2026-03-26T04:10:13.141+0000] {logging_mixin.py:188} WARNING - /home/***/.local/lib/python3.10/site-packages/***/providers/common/sql/hooks/sql.py:263 UserWarning: pandas only supports SQLAlchemy connectable (engine/connection) or database string URI or sqlite3 DBAPI2 connection. Other DBAPI2 objects are not tested. Please consider using SQLAlchemy.
[2026-03-26T04:10:14.329+0000] {base.py:84} INFO - Using connection ID 'postgres' for task execution.
[2026-03-26T04:10:24.155+0000] {logging_mixin.py:188} INFO - Đã trích xuất và lưu bảng customers từ MySQL vào PostgreSQL public
[2026-03-26T04:10:24.195+0000] {base.py:84} INFO - Using connection ID 'mysql' for task execution.
[2026-03-26T04:10:24.272+0000] {logging_mixin.py:188} WARNING - /home/***/.local/lib/python3.10/site-packages/***/providers/common/sql/hooks/sql.py:263 UserWarning: pandas only supports SQLAlchemy connectable (engine/connection) or database string URI or sqlite3 DBAPI2 connection. Other DBAPI2 objects are not tested. Please consider using SQLAlchemy.
[2026-03-26T04:10:24.883+0000] {base.py:84} INFO - Using connection ID 'postgres' for task execution.
[2026-03-26T04:10:32.335+0000] {logging_mixin.py:188} INFO - Đã trích xuất và lưu bảng products từ MySQL vào PostgreSQL public
[2026-03-26T04:10:32.344+0000] {base.py:84} INFO - Using connection ID 'mysql' for task execution.
[2026-03-26T04:10:32.355+0000] {logging_mixin.py:188} WARNING - /home/***/.local/lib/python3.10/site-packages/***/providers/common/sql/hooks/sql.py:263 UserWarning: pandas only supports SQLAlchemy connectable (engine/connection) or database string URI or sqlite3 DBAPI2 connection. Other DBAPI2 objects are not tested. Please consider using SQLAlchemy.
[2026-03-26T04:10:37.933+0000] {base.py:84} INFO - Using connection ID 'postgres' for task execution.
[2026-03-26T04:11:01.097+0000] {logging_mixin.py:188} INFO - Đã trích xuất và lưu bảng orders từ MySQL vào PostgreSQL public
[2026-03-26T04:11:01.113+0000] {base.py:84} INFO - Using connection ID 'mysql' for task execution.
[2026-03-26T04:11:01.131+0000] {logging_mixin.py:188} WARNING - /home/***/.local/lib/python3.10/site-packages/***/providers/common/sql/hooks/sql.py:263 UserWarning: pandas only supports SQLAlchemy connectable (engine/connection) or database string URI or sqlite3 DBAPI2 connection. Other DBAPI2 objects are not tested. Please consider using SQLAlchemy.
[2026-03-26T04:11:02.853+0000] {base.py:84} INFO - Using connection ID 'postgres' for task execution.
[2026-03-26T04:11:20.770+0000] {logging_mixin.py:188} INFO - Đã trích xuất và lưu bảng order_items từ MySQL vào PostgreSQL public
[2026-03-26T04:11:20.781+0000] {base.py:84} INFO - Using connection ID 'mysql' for task execution.
[2026-03-26T04:11:20.829+0000] {logging_mixin.py:188} WARNING - /home/***/.local/lib/python3.10/site-packages/***/providers/common/sql/hooks/sql.py:263 UserWarning: pandas only supports SQLAlchemy connectable (engine/connection) or database string URI or sqlite3 DBAPI2 connection. Other DBAPI2 objects are not tested. Please consider using SQLAlchemy.
[2026-03-26T04:11:22.116+0000] {base.py:84} INFO - Using connection ID 'postgres' for task execution.
[2026-03-26T04:11:46.822+0000] {logging_mixin.py:188} INFO - Đã trích xuất và lưu bảng payments từ MySQL vào PostgreSQL public
[2026-03-26T04:11:46.845+0000] {base.py:84} INFO - Using connection ID 'mysql' for task execution.
[2026-03-26T04:11:46.954+0000] {logging_mixin.py:188} WARNING - /home/***/.local/lib/python3.10/site-packages/***/providers/common/sql/hooks/sql.py:263 UserWarning: pandas only supports SQLAlchemy connectable (engine/connection) or database string URI or sqlite3 DBAPI2 connection. Other DBAPI2 objects are not tested. Please consider using SQLAlchemy.
[2026-03-26T04:11:50.290+0000] {base.py:84} INFO - Using connection ID 'postgres' for task execution.
[2026-03-26T04:12:18.505+0000] {logging_mixin.py:188} INFO - Đã trích xuất và lưu bảng order_reviews từ MySQL vào PostgreSQL public
[2026-03-26T04:12:18.547+0000] {python.py:237} INFO - Done. Returned value was: None
[2026-03-26T04:12:18.549+0000] {taskinstance.py:441} INFO - ::group::Post task execution logs
[2026-03-26T04:12:18.569+0000] {taskinstance.py:1206} INFO - Marking task as SUCCESS. dag_id=e_commerce_dw_etl, task_id=extract.extract_and_load_to_staging, run_id=scheduled__2025-03-18T00:00:00+00:00, execution_date=20250318T000000, start_date=20260326T041003, end_date=20260326T041218
[2026-03-26T04:12:18.668+0000] {local_task_job_runner.py:240} INFO - Task exited with return code 0
[2026-03-26T04:12:18.707+0000] {local_task_job_runner.py:222} INFO - ::endgroup::
