[2026-03-26T03:42:49.031+0000] {local_task_job_runner.py:120} INFO - ::group::Pre task execution logs
[2026-03-26T03:42:49.189+0000] {taskinstance.py:2076} INFO - Dependencies all met for dep_context=non-requeueable deps ti=<TaskInstance: e_commerce_dw_etl.transform.transform_dim_products scheduled__2025-01-30T00:00:00+00:00 [queued]>
[2026-03-26T03:42:49.239+0000] {taskinstance.py:2076} INFO - Dependencies all met for dep_context=requeueable deps ti=<TaskInstance: e_commerce_dw_etl.transform.transform_dim_products scheduled__2025-01-30T00:00:00+00:00 [queued]>
[2026-03-26T03:42:49.246+0000] {taskinstance.py:2306} INFO - Starting attempt 1 of 1
[2026-03-26T03:42:49.296+0000] {taskinstance.py:2330} INFO - Executing <Task(PythonOperator): transform.transform_dim_products> on 2025-01-30 00:00:00+00:00
[2026-03-26T03:42:49.316+0000] {standard_task_runner.py:63} INFO - Started process 1964 to run task
[2026-03-26T03:42:49.338+0000] {standard_task_runner.py:90} INFO - Running: ['***', 'tasks', 'run', 'e_commerce_dw_etl', 'transform.transform_dim_products', 'scheduled__2025-01-30T00:00:00+00:00', '--job-id', '622', '--raw', '--subdir', 'DAGS_FOLDER/e_commerce_dw_dag.py', '--cfg-path', '/tmp/tmpo55ubz64']
[2026-03-26T03:42:49.350+0000] {standard_task_runner.py:91} INFO - Job 622: Subtask transform.transform_dim_products
[2026-03-26T03:42:49.703+0000] {task_command.py:426} INFO - Running <TaskInstance: e_commerce_dw_etl.transform.transform_dim_products scheduled__2025-01-30T00:00:00+00:00 [running]> on host 031edd3e030e
[2026-03-26T03:42:51.040+0000] {taskinstance.py:2648} INFO - Exporting env vars: AIRFLOW_CTX_DAG_OWNER='***' AIRFLOW_CTX_DAG_ID='e_commerce_dw_etl' AIRFLOW_CTX_TASK_ID='transform.transform_dim_products' AIRFLOW_CTX_EXECUTION_DATE='2025-01-30T00:00:00+00:00' AIRFLOW_CTX_TRY_NUMBER='1' AIRFLOW_CTX_DAG_RUN_ID='scheduled__2025-01-30T00:00:00+00:00'
[2026-03-26T03:42:51.076+0000] {taskinstance.py:430} INFO - ::endgroup::
[2026-03-26T03:42:51.227+0000] {crypto.py:82} WARNING - empty cryptography key - values will not be stored encrypted.
[2026-03-26T03:42:51.238+0000] {base.py:84} INFO - Using connection ID 'postgres' for task execution.
[2026-03-26T03:42:51.386+0000] {logging_mixin.py:188} WARNING - /home/***/.local/lib/python3.10/site-packages/***/providers/common/sql/hooks/sql.py:263 UserWarning: pandas only supports SQLAlchemy connectable (engine/connection) or database string URI or sqlite3 DBAPI2 connection. Other DBAPI2 objects are not tested. Please consider using SQLAlchemy.
[2026-03-26T03:42:51.422+0000] {base.py:84} INFO - Using connection ID 'postgres' for task execution.
[2026-03-26T03:42:51.492+0000] {logging_mixin.py:188} WARNING - /home/***/.local/lib/python3.10/site-packages/***/providers/common/sql/hooks/sql.py:263 UserWarning: pandas only supports SQLAlchemy connectable (engine/connection) or database string URI or sqlite3 DBAPI2 connection. Other DBAPI2 objects are not tested. Please consider using SQLAlchemy.
[2026-03-26T03:42:51.596+0000] {base.py:84} INFO - Using connection ID 'postgres' for task execution.
[2026-03-26T03:42:51.916+0000] {logging_mixin.py:188} INFO - Đã transform và lưu dữ liệu vào dim_products
[2026-03-26T03:42:51.948+0000] {python.py:237} INFO - Done. Returned value was: None
[2026-03-26T03:42:51.950+0000] {taskinstance.py:441} INFO - ::group::Post task execution logs
[2026-03-26T03:42:51.983+0000] {taskinstance.py:1206} INFO - Marking task as SUCCESS. dag_id=e_commerce_dw_etl, task_id=transform.transform_dim_products, run_id=scheduled__2025-01-30T00:00:00+00:00, execution_date=20250130T000000, start_date=20260326T034249, end_date=20260326T034251
[2026-03-26T03:42:52.290+0000] {local_task_job_runner.py:240} INFO - Task exited with return code 0
[2026-03-26T03:42:52.507+0000] {local_task_job_runner.py:222} INFO - ::endgroup::
[2026-03-26T04:08:33.307+0000] {local_task_job_runner.py:120} INFO - ::group::Pre task execution logs
[2026-03-26T04:08:33.510+0000] {taskinstance.py:2076} INFO - Dependencies all met for dep_context=non-requeueable deps ti=<TaskInstance: e_commerce_dw_etl.transform.transform_dim_products scheduled__2025-01-30T00:00:00+00:00 [queued]>
[2026-03-26T04:08:33.601+0000] {taskinstance.py:2076} INFO - Dependencies all met for dep_context=requeueable deps ti=<TaskInstance: e_commerce_dw_etl.transform.transform_dim_products scheduled__2025-01-30T00:00:00+00:00 [queued]>
[2026-03-26T04:08:33.606+0000] {taskinstance.py:2306} INFO - Starting attempt 1 of 1
[2026-03-26T04:08:33.970+0000] {taskinstance.py:2330} INFO - Executing <Task(PythonOperator): transform.transform_dim_products> on 2025-01-30 00:00:00+00:00
[2026-03-26T04:08:34.044+0000] {standard_task_runner.py:63} INFO - Started process 1105 to run task
[2026-03-26T04:08:34.165+0000] {standard_task_runner.py:90} INFO - Running: ['***', 'tasks', 'run', 'e_commerce_dw_etl', 'transform.transform_dim_products', 'scheduled__2025-01-30T00:00:00+00:00', '--job-id', '227', '--raw', '--subdir', 'DAGS_FOLDER/e_commerce_dw_dag.py', '--cfg-path', '/tmp/tmpz73h1et1']
[2026-03-26T04:08:34.181+0000] {standard_task_runner.py:91} INFO - Job 227: Subtask transform.transform_dim_products
[2026-03-26T04:08:34.704+0000] {task_command.py:426} INFO - Running <TaskInstance: e_commerce_dw_etl.transform.transform_dim_products scheduled__2025-01-30T00:00:00+00:00 [running]> on host 2d1a3218d35e
[2026-03-26T04:08:37.558+0000] {taskinstance.py:2648} INFO - Exporting env vars: AIRFLOW_CTX_DAG_OWNER='***' AIRFLOW_CTX_DAG_ID='e_commerce_dw_etl' AIRFLOW_CTX_TASK_ID='transform.transform_dim_products' AIRFLOW_CTX_EXECUTION_DATE='2025-01-30T00:00:00+00:00' AIRFLOW_CTX_TRY_NUMBER='1' AIRFLOW_CTX_DAG_RUN_ID='scheduled__2025-01-30T00:00:00+00:00'
[2026-03-26T04:08:37.651+0000] {taskinstance.py:430} INFO - ::endgroup::
[2026-03-26T04:08:38.041+0000] {crypto.py:82} WARNING - empty cryptography key - values will not be stored encrypted.
[2026-03-26T04:08:38.102+0000] {base.py:84} INFO - Using connection ID 'postgres' for task execution.
[2026-03-26T04:08:38.288+0000] {logging_mixin.py:188} WARNING - /home/***/.local/lib/python3.10/site-packages/***/providers/common/sql/hooks/sql.py:263 UserWarning: pandas only supports SQLAlchemy connectable (engine/connection) or database string URI or sqlite3 DBAPI2 connection. Other DBAPI2 objects are not tested. Please consider using SQLAlchemy.
[2026-03-26T04:08:39.876+0000] {base.py:84} INFO - Using connection ID 'postgres' for task execution.
[2026-03-26T04:08:39.920+0000] {logging_mixin.py:188} WARNING - /home/***/.local/lib/python3.10/site-packages/***/providers/common/sql/hooks/sql.py:263 UserWarning: pandas only supports SQLAlchemy connectable (engine/connection) or database string URI or sqlite3 DBAPI2 connection. Other DBAPI2 objects are not tested. Please consider using SQLAlchemy.
[2026-03-26T04:08:40.313+0000] {base.py:84} INFO - Using connection ID 'postgres' for task execution.
[2026-03-26T04:08:51.464+0000] {logging_mixin.py:188} INFO - Đã transform và lưu dữ liệu vào dim_products
[2026-03-26T04:08:51.490+0000] {python.py:237} INFO - Done. Returned value was: None
[2026-03-26T04:08:51.496+0000] {taskinstance.py:441} INFO - ::group::Post task execution logs
[2026-03-26T04:08:51.556+0000] {taskinstance.py:1206} INFO - Marking task as SUCCESS. dag_id=e_commerce_dw_etl, task_id=transform.transform_dim_products, run_id=scheduled__2025-01-30T00:00:00+00:00, execution_date=20250130T000000, start_date=20260326T040833, end_date=20260326T040851
[2026-03-26T04:08:52.016+0000] {local_task_job_runner.py:240} INFO - Task exited with return code 0
[2026-03-26T04:08:52.437+0000] {taskinstance.py:3503} INFO - 1 downstream tasks scheduled from follow-on schedule check
[2026-03-26T04:08:52.463+0000] {local_task_job_runner.py:222} INFO - ::endgroup::
