[2026-03-26T03:42:16.446+0000] {local_task_job_runner.py:120} INFO - ::group::Pre task execution logs
[2026-03-26T03:42:16.650+0000] {taskinstance.py:2076} INFO - Dependencies all met for dep_context=non-requeueable deps ti=<TaskInstance: e_commerce_dw_etl.transform.transform_dim_dates scheduled__2025-01-22T00:00:00+00:00 [queued]>
[2026-03-26T03:42:16.715+0000] {taskinstance.py:2076} INFO - Dependencies all met for dep_context=requeueable deps ti=<TaskInstance: e_commerce_dw_etl.transform.transform_dim_dates scheduled__2025-01-22T00:00:00+00:00 [queued]>
[2026-03-26T03:42:16.722+0000] {taskinstance.py:2306} INFO - Starting attempt 1 of 1
[2026-03-26T03:42:16.893+0000] {taskinstance.py:2330} INFO - Executing <Task(PythonOperator): transform.transform_dim_dates> on 2025-01-22 00:00:00+00:00
[2026-03-26T03:42:16.937+0000] {standard_task_runner.py:90} INFO - Running: ['***', 'tasks', 'run', 'e_commerce_dw_etl', 'transform.transform_dim_dates', 'scheduled__2025-01-22T00:00:00+00:00', '--job-id', '555', '--raw', '--subdir', 'DAGS_FOLDER/e_commerce_dw_dag.py', '--cfg-path', '/tmp/tmpa3i_c0je']
[2026-03-26T03:42:16.946+0000] {standard_task_runner.py:91} INFO - Job 555: Subtask transform.transform_dim_dates
[2026-03-26T03:42:16.935+0000] {standard_task_runner.py:63} INFO - Started process 1802 to run task
[2026-03-26T03:42:17.173+0000] {task_command.py:426} INFO - Running <TaskInstance: e_commerce_dw_etl.transform.transform_dim_dates scheduled__2025-01-22T00:00:00+00:00 [running]> on host 031edd3e030e
[2026-03-26T03:42:18.153+0000] {taskinstance.py:2648} INFO - Exporting env vars: AIRFLOW_CTX_DAG_OWNER='***' AIRFLOW_CTX_DAG_ID='e_commerce_dw_etl' AIRFLOW_CTX_TASK_ID='transform.transform_dim_dates' AIRFLOW_CTX_EXECUTION_DATE='2025-01-22T00:00:00+00:00' AIRFLOW_CTX_TRY_NUMBER='1' AIRFLOW_CTX_DAG_RUN_ID='scheduled__2025-01-22T00:00:00+00:00'
[2026-03-26T03:42:18.155+0000] {taskinstance.py:430} INFO - ::endgroup::
[2026-03-26T03:42:18.278+0000] {crypto.py:82} WARNING - empty cryptography key - values will not be stored encrypted.
[2026-03-26T03:42:18.290+0000] {base.py:84} INFO - Using connection ID 'postgres' for task execution.
[2026-03-26T03:42:19.377+0000] {logging_mixin.py:188} INFO - Đã tạo và lưu dữ liệu vào dim_dates
[2026-03-26T03:42:19.381+0000] {python.py:237} INFO - Done. Returned value was: None
[2026-03-26T03:42:19.385+0000] {taskinstance.py:441} INFO - ::group::Post task execution logs
[2026-03-26T03:42:19.419+0000] {taskinstance.py:1206} INFO - Marking task as SUCCESS. dag_id=e_commerce_dw_etl, task_id=transform.transform_dim_dates, run_id=scheduled__2025-01-22T00:00:00+00:00, execution_date=20250122T000000, start_date=20260326T034216, end_date=20260326T034219
[2026-03-26T03:42:19.631+0000] {local_task_job_runner.py:240} INFO - Task exited with return code 0
[2026-03-26T03:42:19.747+0000] {taskinstance.py:3503} INFO - 0 downstream tasks scheduled from follow-on schedule check
[2026-03-26T03:42:19.759+0000] {local_task_job_runner.py:222} INFO - ::endgroup::
