[2026-03-26T03:40:44.052+0000] {local_task_job_runner.py:120} INFO - ::group::Pre task execution logs
[2026-03-26T03:40:44.266+0000] {taskinstance.py:2076} INFO - Dependencies all met for dep_context=non-requeueable deps ti=<TaskInstance: e_commerce_dw_etl.transform.transform_dim_payments scheduled__2024-12-16T00:00:00+00:00 [queued]>
[2026-03-26T03:40:44.310+0000] {taskinstance.py:2076} INFO - Dependencies all met for dep_context=requeueable deps ti=<TaskInstance: e_commerce_dw_etl.transform.transform_dim_payments scheduled__2024-12-16T00:00:00+00:00 [queued]>
[2026-03-26T03:40:44.312+0000] {taskinstance.py:2306} INFO - Starting attempt 1 of 1
[2026-03-26T03:40:44.635+0000] {taskinstance.py:2330} INFO - Executing <Task(PythonOperator): transform.transform_dim_payments> on 2024-12-16 00:00:00+00:00
[2026-03-26T03:40:44.655+0000] {standard_task_runner.py:63} INFO - Started process 1248 to run task
[2026-03-26T03:40:44.780+0000] {standard_task_runner.py:90} INFO - Running: ['***', 'tasks', 'run', 'e_commerce_dw_etl', 'transform.transform_dim_payments', 'scheduled__2024-12-16T00:00:00+00:00', '--job-id', '316', '--raw', '--subdir', 'DAGS_FOLDER/e_commerce_dw_dag.py', '--cfg-path', '/tmp/tmpoebbgoq5']
[2026-03-26T03:40:44.821+0000] {standard_task_runner.py:91} INFO - Job 316: Subtask transform.transform_dim_payments
[2026-03-26T03:40:45.067+0000] {task_command.py:426} INFO - Running <TaskInstance: e_commerce_dw_etl.transform.transform_dim_payments scheduled__2024-12-16T00:00:00+00:00 [running]> on host 031edd3e030e
[2026-03-26T03:40:46.920+0000] {taskinstance.py:2648} INFO - Exporting env vars: AIRFLOW_CTX_DAG_OWNER='***' AIRFLOW_CTX_DAG_ID='e_commerce_dw_etl' AIRFLOW_CTX_TASK_ID='transform.transform_dim_payments' AIRFLOW_CTX_EXECUTION_DATE='2024-12-16T00:00:00+00:00' AIRFLOW_CTX_TRY_NUMBER='1' AIRFLOW_CTX_DAG_RUN_ID='scheduled__2024-12-16T00:00:00+00:00'
[2026-03-26T03:40:46.925+0000] {taskinstance.py:430} INFO - ::endgroup::
[2026-03-26T03:40:46.969+0000] {crypto.py:82} WARNING - empty cryptography key - values will not be stored encrypted.
[2026-03-26T03:40:46.971+0000] {base.py:84} INFO - Using connection ID 'postgres' for task execution.
[2026-03-26T03:40:47.009+0000] {logging_mixin.py:188} WARNING - /home/***/.local/lib/python3.10/site-packages/***/providers/common/sql/hooks/sql.py:263 UserWarning: pandas only supports SQLAlchemy connectable (engine/connection) or database string URI or sqlite3 DBAPI2 connection. Other DBAPI2 objects are not tested. Please consider using SQLAlchemy.
[2026-03-26T03:40:47.031+0000] {base.py:84} INFO - Using connection ID 'postgres' for task execution.
[2026-03-26T03:40:47.255+0000] {logging_mixin.py:188} INFO - Đã transform và lưu dữ liệu vào dim_payments
[2026-03-26T03:40:47.256+0000] {python.py:237} INFO - Done. Returned value was: None
[2026-03-26T03:40:47.258+0000] {taskinstance.py:441} INFO - ::group::Post task execution logs
[2026-03-26T03:40:47.329+0000] {taskinstance.py:1206} INFO - Marking task as SUCCESS. dag_id=e_commerce_dw_etl, task_id=transform.transform_dim_payments, run_id=scheduled__2024-12-16T00:00:00+00:00, execution_date=20241216T000000, start_date=20260326T034044, end_date=20260326T034047
[2026-03-26T03:40:47.477+0000] {local_task_job_runner.py:240} INFO - Task exited with return code 0
[2026-03-26T03:40:47.569+0000] {taskinstance.py:3503} INFO - 0 downstream tasks scheduled from follow-on schedule check
[2026-03-26T03:40:47.578+0000] {local_task_job_runner.py:222} INFO - ::endgroup::
