[2026-03-26T03:44:34.700+0000] {local_task_job_runner.py:120} INFO - ::group::Pre task execution logs
[2026-03-26T03:44:34.886+0000] {taskinstance.py:2076} INFO - Dependencies all met for dep_context=non-requeueable deps ti=<TaskInstance: e_commerce_dw_etl.transform.transform_dim_sellers scheduled__2025-03-12T00:00:00+00:00 [queued]>
[2026-03-26T03:44:34.934+0000] {taskinstance.py:2076} INFO - Dependencies all met for dep_context=requeueable deps ti=<TaskInstance: e_commerce_dw_etl.transform.transform_dim_sellers scheduled__2025-03-12T00:00:00+00:00 [queued]>
[2026-03-26T03:44:34.948+0000] {taskinstance.py:2306} INFO - Starting attempt 1 of 1
[2026-03-26T03:44:35.077+0000] {taskinstance.py:2330} INFO - Executing <Task(PythonOperator): transform.transform_dim_sellers> on 2025-03-12 00:00:00+00:00
[2026-03-26T03:44:35.099+0000] {standard_task_runner.py:63} INFO - Started process 2504 to run task
[2026-03-26T03:44:35.111+0000] {standard_task_runner.py:90} INFO - Running: ['***', 'tasks', 'run', 'e_commerce_dw_etl', 'transform.transform_dim_sellers', 'scheduled__2025-03-12T00:00:00+00:00', '--job-id', '849', '--raw', '--subdir', 'DAGS_FOLDER/e_commerce_dw_dag.py', '--cfg-path', '/tmp/tmpmb06oaoj']
[2026-03-26T03:44:35.131+0000] {standard_task_runner.py:91} INFO - Job 849: Subtask transform.transform_dim_sellers
[2026-03-26T03:44:35.464+0000] {task_command.py:426} INFO - Running <TaskInstance: e_commerce_dw_etl.transform.transform_dim_sellers scheduled__2025-03-12T00:00:00+00:00 [running]> on host 031edd3e030e
[2026-03-26T03:44:37.071+0000] {taskinstance.py:2648} INFO - Exporting env vars: AIRFLOW_CTX_DAG_OWNER='***' AIRFLOW_CTX_DAG_ID='e_commerce_dw_etl' AIRFLOW_CTX_TASK_ID='transform.transform_dim_sellers' AIRFLOW_CTX_EXECUTION_DATE='2025-03-12T00:00:00+00:00' AIRFLOW_CTX_TRY_NUMBER='1' AIRFLOW_CTX_DAG_RUN_ID='scheduled__2025-03-12T00:00:00+00:00'
[2026-03-26T03:44:37.081+0000] {taskinstance.py:430} INFO - ::endgroup::
[2026-03-26T03:44:37.135+0000] {crypto.py:82} WARNING - empty cryptography key - values will not be stored encrypted.
[2026-03-26T03:44:37.157+0000] {base.py:84} INFO - Using connection ID 'postgres' for task execution.
[2026-03-26T03:44:37.308+0000] {logging_mixin.py:188} WARNING - /home/***/.local/lib/python3.10/site-packages/***/providers/common/sql/hooks/sql.py:263 UserWarning: pandas only supports SQLAlchemy connectable (engine/connection) or database string URI or sqlite3 DBAPI2 connection. Other DBAPI2 objects are not tested. Please consider using SQLAlchemy.
[2026-03-26T03:44:37.382+0000] {base.py:84} INFO - Using connection ID 'postgres' for task execution.
[2026-03-26T03:44:37.794+0000] {logging_mixin.py:188} INFO - Đã transform và lưu dữ liệu vào dim_sellers
[2026-03-26T03:44:37.797+0000] {python.py:237} INFO - Done. Returned value was: None
[2026-03-26T03:44:37.833+0000] {taskinstance.py:441} INFO - ::group::Post task execution logs
[2026-03-26T03:44:37.895+0000] {taskinstance.py:1206} INFO - Marking task as SUCCESS. dag_id=e_commerce_dw_etl, task_id=transform.transform_dim_sellers, run_id=scheduled__2025-03-12T00:00:00+00:00, execution_date=20250312T000000, start_date=20260326T034434, end_date=20260326T034437
[2026-03-26T03:44:38.021+0000] {local_task_job_runner.py:240} INFO - Task exited with return code 0
[2026-03-26T03:44:38.067+0000] {local_task_job_runner.py:222} INFO - ::endgroup::
[2026-03-26T04:11:29.855+0000] {local_task_job_runner.py:120} INFO - ::group::Pre task execution logs
[2026-03-26T04:11:30.342+0000] {taskinstance.py:2076} INFO - Dependencies all met for dep_context=non-requeueable deps ti=<TaskInstance: e_commerce_dw_etl.transform.transform_dim_sellers scheduled__2025-03-12T00:00:00+00:00 [queued]>
[2026-03-26T04:11:30.377+0000] {taskinstance.py:2076} INFO - Dependencies all met for dep_context=requeueable deps ti=<TaskInstance: e_commerce_dw_etl.transform.transform_dim_sellers scheduled__2025-03-12T00:00:00+00:00 [queued]>
[2026-03-26T04:11:30.388+0000] {taskinstance.py:2306} INFO - Starting attempt 1 of 1
[2026-03-26T04:11:31.021+0000] {taskinstance.py:2330} INFO - Executing <Task(PythonOperator): transform.transform_dim_sellers> on 2025-03-12 00:00:00+00:00
[2026-03-26T04:11:31.068+0000] {standard_task_runner.py:63} INFO - Started process 1440 to run task
[2026-03-26T04:11:31.083+0000] {standard_task_runner.py:90} INFO - Running: ['***', 'tasks', 'run', 'e_commerce_dw_etl', 'transform.transform_dim_sellers', 'scheduled__2025-03-12T00:00:00+00:00', '--job-id', '323', '--raw', '--subdir', 'DAGS_FOLDER/e_commerce_dw_dag.py', '--cfg-path', '/tmp/tmpzkt5p5v_']
[2026-03-26T04:11:31.096+0000] {standard_task_runner.py:91} INFO - Job 323: Subtask transform.transform_dim_sellers
[2026-03-26T04:11:31.838+0000] {task_command.py:426} INFO - Running <TaskInstance: e_commerce_dw_etl.transform.transform_dim_sellers scheduled__2025-03-12T00:00:00+00:00 [running]> on host 2d1a3218d35e
[2026-03-26T04:11:35.604+0000] {taskinstance.py:2648} INFO - Exporting env vars: AIRFLOW_CTX_DAG_OWNER='***' AIRFLOW_CTX_DAG_ID='e_commerce_dw_etl' AIRFLOW_CTX_TASK_ID='transform.transform_dim_sellers' AIRFLOW_CTX_EXECUTION_DATE='2025-03-12T00:00:00+00:00' AIRFLOW_CTX_TRY_NUMBER='1' AIRFLOW_CTX_DAG_RUN_ID='scheduled__2025-03-12T00:00:00+00:00'
[2026-03-26T04:11:35.619+0000] {taskinstance.py:430} INFO - ::endgroup::
[2026-03-26T04:11:35.818+0000] {crypto.py:82} WARNING - empty cryptography key - values will not be stored encrypted.
[2026-03-26T04:11:35.844+0000] {base.py:84} INFO - Using connection ID 'postgres' for task execution.
[2026-03-26T04:11:35.950+0000] {logging_mixin.py:188} WARNING - /home/***/.local/lib/python3.10/site-packages/***/providers/common/sql/hooks/sql.py:263 UserWarning: pandas only supports SQLAlchemy connectable (engine/connection) or database string URI or sqlite3 DBAPI2 connection. Other DBAPI2 objects are not tested. Please consider using SQLAlchemy.
[2026-03-26T04:11:36.290+0000] {base.py:84} INFO - Using connection ID 'postgres' for task execution.
[2026-03-26T04:11:37.505+0000] {logging_mixin.py:188} INFO - Đã transform và lưu dữ liệu vào dim_sellers
[2026-03-26T04:11:37.511+0000] {python.py:237} INFO - Done. Returned value was: None
[2026-03-26T04:11:37.514+0000] {taskinstance.py:441} INFO - ::group::Post task execution logs
[2026-03-26T04:11:37.591+0000] {taskinstance.py:1206} INFO - Marking task as SUCCESS. dag_id=e_commerce_dw_etl, task_id=transform.transform_dim_sellers, run_id=scheduled__2025-03-12T00:00:00+00:00, execution_date=20250312T000000, start_date=20260326T041130, end_date=20260326T041137
[2026-03-26T04:11:37.783+0000] {local_task_job_runner.py:240} INFO - Task exited with return code 0
[2026-03-26T04:11:37.901+0000] {taskinstance.py:3503} INFO - 0 downstream tasks scheduled from follow-on schedule check
[2026-03-26T04:11:37.924+0000] {local_task_job_runner.py:222} INFO - ::endgroup::
