[2026-03-26T03:42:55.392+0000] {local_task_job_runner.py:120} INFO - ::group::Pre task execution logs
[2026-03-26T03:42:55.856+0000] {taskinstance.py:2076} INFO - Dependencies all met for dep_context=non-requeueable deps ti=<TaskInstance: e_commerce_dw_etl.transform.transform_dim_payments scheduled__2025-02-05T00:00:00+00:00 [queued]>
[2026-03-26T03:42:55.901+0000] {taskinstance.py:2076} INFO - Dependencies all met for dep_context=requeueable deps ti=<TaskInstance: e_commerce_dw_etl.transform.transform_dim_payments scheduled__2025-02-05T00:00:00+00:00 [queued]>
[2026-03-26T03:42:55.917+0000] {taskinstance.py:2306} INFO - Starting attempt 1 of 1
[2026-03-26T03:42:55.986+0000] {taskinstance.py:2330} INFO - Executing <Task(PythonOperator): transform.transform_dim_payments> on 2025-02-05 00:00:00+00:00
[2026-03-26T03:42:56.010+0000] {standard_task_runner.py:63} INFO - Started process 2015 to run task
[2026-03-26T03:42:56.078+0000] {standard_task_runner.py:90} INFO - Running: ['***', 'tasks', 'run', 'e_commerce_dw_etl', 'transform.transform_dim_payments', 'scheduled__2025-02-05T00:00:00+00:00', '--job-id', '639', '--raw', '--subdir', 'DAGS_FOLDER/e_commerce_dw_dag.py', '--cfg-path', '/tmp/tmp8uhmo4rl']
[2026-03-26T03:42:56.105+0000] {standard_task_runner.py:91} INFO - Job 639: Subtask transform.transform_dim_payments
[2026-03-26T03:42:56.390+0000] {task_command.py:426} INFO - Running <TaskInstance: e_commerce_dw_etl.transform.transform_dim_payments scheduled__2025-02-05T00:00:00+00:00 [running]> on host 031edd3e030e
[2026-03-26T03:42:58.256+0000] {taskinstance.py:2648} INFO - Exporting env vars: AIRFLOW_CTX_DAG_OWNER='***' AIRFLOW_CTX_DAG_ID='e_commerce_dw_etl' AIRFLOW_CTX_TASK_ID='transform.transform_dim_payments' AIRFLOW_CTX_EXECUTION_DATE='2025-02-05T00:00:00+00:00' AIRFLOW_CTX_TRY_NUMBER='1' AIRFLOW_CTX_DAG_RUN_ID='scheduled__2025-02-05T00:00:00+00:00'
[2026-03-26T03:42:58.262+0000] {taskinstance.py:430} INFO - ::endgroup::
[2026-03-26T03:42:58.317+0000] {crypto.py:82} WARNING - empty cryptography key - values will not be stored encrypted.
[2026-03-26T03:42:58.326+0000] {base.py:84} INFO - Using connection ID 'postgres' for task execution.
[2026-03-26T03:42:58.398+0000] {logging_mixin.py:188} WARNING - /home/***/.local/lib/python3.10/site-packages/***/providers/common/sql/hooks/sql.py:263 UserWarning: pandas only supports SQLAlchemy connectable (engine/connection) or database string URI or sqlite3 DBAPI2 connection. Other DBAPI2 objects are not tested. Please consider using SQLAlchemy.
[2026-03-26T03:42:58.449+0000] {base.py:84} INFO - Using connection ID 'postgres' for task execution.
[2026-03-26T03:42:58.829+0000] {logging_mixin.py:188} INFO - Đã transform và lưu dữ liệu vào dim_payments
[2026-03-26T03:42:58.831+0000] {python.py:237} INFO - Done. Returned value was: None
[2026-03-26T03:42:58.832+0000] {taskinstance.py:441} INFO - ::group::Post task execution logs
[2026-03-26T03:42:58.929+0000] {taskinstance.py:1206} INFO - Marking task as SUCCESS. dag_id=e_commerce_dw_etl, task_id=transform.transform_dim_payments, run_id=scheduled__2025-02-05T00:00:00+00:00, execution_date=20250205T000000, start_date=20260326T034255, end_date=20260326T034258
[2026-03-26T03:42:59.214+0000] {local_task_job_runner.py:240} INFO - Task exited with return code 0
[2026-03-26T03:42:59.412+0000] {taskinstance.py:3503} INFO - 0 downstream tasks scheduled from follow-on schedule check
[2026-03-26T03:42:59.426+0000] {local_task_job_runner.py:222} INFO - ::endgroup::
[2026-03-26T04:09:11.556+0000] {local_task_job_runner.py:120} INFO - ::group::Pre task execution logs
[2026-03-26T04:09:12.150+0000] {taskinstance.py:2076} INFO - Dependencies all met for dep_context=non-requeueable deps ti=<TaskInstance: e_commerce_dw_etl.transform.transform_dim_payments scheduled__2025-02-05T00:00:00+00:00 [queued]>
[2026-03-26T04:09:12.319+0000] {taskinstance.py:2076} INFO - Dependencies all met for dep_context=requeueable deps ti=<TaskInstance: e_commerce_dw_etl.transform.transform_dim_payments scheduled__2025-02-05T00:00:00+00:00 [queued]>
[2026-03-26T04:09:12.320+0000] {taskinstance.py:2306} INFO - Starting attempt 1 of 1
[2026-03-26T04:09:12.918+0000] {taskinstance.py:2330} INFO - Executing <Task(PythonOperator): transform.transform_dim_payments> on 2025-02-05 00:00:00+00:00
[2026-03-26T04:09:12.977+0000] {standard_task_runner.py:63} INFO - Started process 1170 to run task
[2026-03-26T04:09:13.038+0000] {standard_task_runner.py:90} INFO - Running: ['***', 'tasks', 'run', 'e_commerce_dw_etl', 'transform.transform_dim_payments', 'scheduled__2025-02-05T00:00:00+00:00', '--job-id', '247', '--raw', '--subdir', 'DAGS_FOLDER/e_commerce_dw_dag.py', '--cfg-path', '/tmp/tmpk89tsdyb']
[2026-03-26T04:09:13.091+0000] {standard_task_runner.py:91} INFO - Job 247: Subtask transform.transform_dim_payments
[2026-03-26T04:09:13.664+0000] {task_command.py:426} INFO - Running <TaskInstance: e_commerce_dw_etl.transform.transform_dim_payments scheduled__2025-02-05T00:00:00+00:00 [running]> on host 2d1a3218d35e
[2026-03-26T04:09:15.980+0000] {taskinstance.py:2648} INFO - Exporting env vars: AIRFLOW_CTX_DAG_OWNER='***' AIRFLOW_CTX_DAG_ID='e_commerce_dw_etl' AIRFLOW_CTX_TASK_ID='transform.transform_dim_payments' AIRFLOW_CTX_EXECUTION_DATE='2025-02-05T00:00:00+00:00' AIRFLOW_CTX_TRY_NUMBER='1' AIRFLOW_CTX_DAG_RUN_ID='scheduled__2025-02-05T00:00:00+00:00'
[2026-03-26T04:09:15.990+0000] {taskinstance.py:430} INFO - ::endgroup::
[2026-03-26T04:09:16.102+0000] {crypto.py:82} WARNING - empty cryptography key - values will not be stored encrypted.
[2026-03-26T04:09:16.117+0000] {base.py:84} INFO - Using connection ID 'postgres' for task execution.
[2026-03-26T04:09:16.275+0000] {logging_mixin.py:188} WARNING - /home/***/.local/lib/python3.10/site-packages/***/providers/common/sql/hooks/sql.py:263 UserWarning: pandas only supports SQLAlchemy connectable (engine/connection) or database string URI or sqlite3 DBAPI2 connection. Other DBAPI2 objects are not tested. Please consider using SQLAlchemy.
[2026-03-26T04:09:16.428+0000] {base.py:84} INFO - Using connection ID 'postgres' for task execution.
[2026-03-26T04:09:16.778+0000] {logging_mixin.py:188} INFO - Đã transform và lưu dữ liệu vào dim_payments
[2026-03-26T04:09:16.784+0000] {python.py:237} INFO - Done. Returned value was: None
[2026-03-26T04:09:16.792+0000] {taskinstance.py:441} INFO - ::group::Post task execution logs
[2026-03-26T04:09:16.945+0000] {taskinstance.py:1206} INFO - Marking task as SUCCESS. dag_id=e_commerce_dw_etl, task_id=transform.transform_dim_payments, run_id=scheduled__2025-02-05T00:00:00+00:00, execution_date=20250205T000000, start_date=20260326T040912, end_date=20260326T040916
[2026-03-26T04:09:17.716+0000] {local_task_job_runner.py:240} INFO - Task exited with return code 0
[2026-03-26T04:09:17.861+0000] {taskinstance.py:3503} INFO - 0 downstream tasks scheduled from follow-on schedule check
[2026-03-26T04:09:17.883+0000] {local_task_job_runner.py:222} INFO - ::endgroup::
