[2026-03-25T08:44:11.043+0000] {local_task_job_runner.py:120} INFO - ::group::Pre task execution logs
[2026-03-25T08:44:11.085+0000] {taskinstance.py:2076} INFO - Dependencies all met for dep_context=non-requeueable deps ti=<TaskInstance: e_commerce_dw_etl.extract.extract_and_load_to_staging scheduled__2025-07-08T00:00:00+00:00 [queued]>
[2026-03-25T08:44:11.098+0000] {taskinstance.py:2076} INFO - Dependencies all met for dep_context=requeueable deps ti=<TaskInstance: e_commerce_dw_etl.extract.extract_and_load_to_staging scheduled__2025-07-08T00:00:00+00:00 [queued]>
[2026-03-25T08:44:11.099+0000] {taskinstance.py:2306} INFO - Starting attempt 1 of 1
[2026-03-25T08:44:11.125+0000] {taskinstance.py:2330} INFO - Executing <Task(PythonOperator): extract.extract_and_load_to_staging> on 2025-07-08 00:00:00+00:00
[2026-03-25T08:44:11.135+0000] {standard_task_runner.py:63} INFO - Started process 1174 to run task
[2026-03-25T08:44:11.140+0000] {standard_task_runner.py:90} INFO - Running: ['***', 'tasks', 'run', 'e_commerce_dw_etl', 'extract.extract_and_load_to_staging', 'scheduled__2025-07-08T00:00:00+00:00', '--job-id', '272', '--raw', '--subdir', 'DAGS_FOLDER/e_commerce_dw_dag.py', '--cfg-path', '/tmp/tmpnnc0fin_']
[2026-03-25T08:44:11.145+0000] {standard_task_runner.py:91} INFO - Job 272: Subtask extract.extract_and_load_to_staging
[2026-03-25T08:44:11.231+0000] {task_command.py:426} INFO - Running <TaskInstance: e_commerce_dw_etl.extract.extract_and_load_to_staging scheduled__2025-07-08T00:00:00+00:00 [running]> on host bcd9e4848a6d
[2026-03-25T08:44:11.393+0000] {taskinstance.py:2648} INFO - Exporting env vars: AIRFLOW_CTX_DAG_OWNER='***' AIRFLOW_CTX_DAG_ID='e_commerce_dw_etl' AIRFLOW_CTX_TASK_ID='extract.extract_and_load_to_staging' AIRFLOW_CTX_EXECUTION_DATE='2025-07-08T00:00:00+00:00' AIRFLOW_CTX_TRY_NUMBER='1' AIRFLOW_CTX_DAG_RUN_ID='scheduled__2025-07-08T00:00:00+00:00'
[2026-03-25T08:44:11.395+0000] {taskinstance.py:430} INFO - ::endgroup::
[2026-03-25T08:44:11.694+0000] {mysql_operator.py:13} ERROR - Can't connect to mysql database
[2026-03-25T08:44:11.704+0000] {taskinstance.py:441} INFO - ::group::Post task execution logs
[2026-03-25T08:44:11.719+0000] {taskinstance.py:2905} ERROR - Task failed with exception
Traceback (most recent call last):
  File "/home/airflow/.local/lib/python3.10/site-packages/airflow/models/taskinstance.py", line 465, in _execute_task
    result = _execute_callable(context=context, **execute_callable_kwargs)
  File "/home/airflow/.local/lib/python3.10/site-packages/airflow/models/taskinstance.py", line 432, in _execute_callable
    return execute_callable(context=context, **execute_callable_kwargs)
  File "/home/airflow/.local/lib/python3.10/site-packages/airflow/models/baseoperator.py", line 401, in wrapper
    return func(self, *args, **kwargs)
  File "/home/airflow/.local/lib/python3.10/site-packages/airflow/operators/python.py", line 235, in execute
    return_value = self.execute_callable()
  File "/home/airflow/.local/lib/python3.10/site-packages/airflow/operators/python.py", line 252, in execute_callable
    return self.python_callable(*self.op_args, **self.op_kwargs)
  File "/opt/airflow/dags/extract_data.py", line 30, in extract_and_load_to_staging
    df = source_operator.get_data_to_pd(f"SELECT * FROM {table}")
  File "/opt/airflow/plugins/mysql_operator.py", line 15, in get_data_to_pd
    return self.mysqlhook.get_pandas_df(query)
  File "/home/airflow/.local/lib/python3.10/site-packages/airflow/providers/common/sql/hooks/sql.py", line 262, in get_pandas_df
    with closing(self.get_conn()) as conn:
  File "/home/airflow/.local/lib/python3.10/site-packages/airflow/providers/mysql/hooks/mysql.py", line 188, in get_conn
    conn = self.connection or self.get_connection(getattr(self, self.conn_name_attr))
  File "/home/airflow/.local/lib/python3.10/site-packages/airflow/hooks/base.py", line 83, in get_connection
    conn = Connection.get_connection_from_secrets(conn_id)
  File "/home/airflow/.local/lib/python3.10/site-packages/airflow/models/connection.py", line 519, in get_connection_from_secrets
    raise AirflowNotFoundException(f"The conn_id `{conn_id}` isn't defined")
airflow.exceptions.AirflowNotFoundException: The conn_id `mysql` isn't defined
[2026-03-25T08:44:11.766+0000] {taskinstance.py:1206} INFO - Marking task as FAILED. dag_id=e_commerce_dw_etl, task_id=extract.extract_and_load_to_staging, run_id=scheduled__2025-07-08T00:00:00+00:00, execution_date=20250708T000000, start_date=20260325T084411, end_date=20260325T084411
[2026-03-25T08:44:11.789+0000] {standard_task_runner.py:110} ERROR - Failed to execute job 272 for task extract.extract_and_load_to_staging (The conn_id `mysql` isn't defined; 1174)
[2026-03-25T08:44:11.851+0000] {local_task_job_runner.py:240} INFO - Task exited with return code 1
[2026-03-25T08:44:11.868+0000] {local_task_job_runner.py:222} INFO - ::endgroup::
[2026-03-25T09:32:32.754+0000] {local_task_job_runner.py:120} INFO - ::group::Pre task execution logs
[2026-03-25T09:32:32.832+0000] {taskinstance.py:2076} INFO - Dependencies all met for dep_context=non-requeueable deps ti=<TaskInstance: e_commerce_dw_etl.extract.extract_and_load_to_staging scheduled__2025-07-08T00:00:00+00:00 [queued]>
[2026-03-25T09:32:32.856+0000] {taskinstance.py:2076} INFO - Dependencies all met for dep_context=requeueable deps ti=<TaskInstance: e_commerce_dw_etl.extract.extract_and_load_to_staging scheduled__2025-07-08T00:00:00+00:00 [queued]>
[2026-03-25T09:32:32.861+0000] {taskinstance.py:2306} INFO - Starting attempt 1 of 1
[2026-03-25T09:32:33.081+0000] {taskinstance.py:2330} INFO - Executing <Task(PythonOperator): extract.extract_and_load_to_staging> on 2025-07-08 00:00:00+00:00
[2026-03-25T09:32:33.097+0000] {standard_task_runner.py:63} INFO - Started process 848 to run task
[2026-03-25T09:32:33.116+0000] {standard_task_runner.py:90} INFO - Running: ['***', 'tasks', 'run', 'e_commerce_dw_etl', 'extract.extract_and_load_to_staging', 'scheduled__2025-07-08T00:00:00+00:00', '--job-id', '262', '--raw', '--subdir', 'DAGS_FOLDER/e_commerce_dw_dag.py', '--cfg-path', '/tmp/tmpyj0w39gi']
[2026-03-25T09:32:33.124+0000] {standard_task_runner.py:91} INFO - Job 262: Subtask extract.extract_and_load_to_staging
[2026-03-25T09:32:33.352+0000] {task_command.py:426} INFO - Running <TaskInstance: e_commerce_dw_etl.extract.extract_and_load_to_staging scheduled__2025-07-08T00:00:00+00:00 [running]> on host 0d903260eca4
[2026-03-25T09:32:33.597+0000] {taskinstance.py:2648} INFO - Exporting env vars: AIRFLOW_CTX_DAG_OWNER='***' AIRFLOW_CTX_DAG_ID='e_commerce_dw_etl' AIRFLOW_CTX_TASK_ID='extract.extract_and_load_to_staging' AIRFLOW_CTX_EXECUTION_DATE='2025-07-08T00:00:00+00:00' AIRFLOW_CTX_TRY_NUMBER='1' AIRFLOW_CTX_DAG_RUN_ID='scheduled__2025-07-08T00:00:00+00:00'
[2026-03-25T09:32:33.599+0000] {taskinstance.py:430} INFO - ::endgroup::
[2026-03-25T09:32:33.966+0000] {mysql_operator.py:13} ERROR - Can't connect to mysql database
[2026-03-25T09:32:34.016+0000] {taskinstance.py:441} INFO - ::group::Post task execution logs
[2026-03-25T09:32:34.041+0000] {taskinstance.py:2905} ERROR - Task failed with exception
Traceback (most recent call last):
  File "/home/airflow/.local/lib/python3.10/site-packages/airflow/models/taskinstance.py", line 465, in _execute_task
    result = _execute_callable(context=context, **execute_callable_kwargs)
  File "/home/airflow/.local/lib/python3.10/site-packages/airflow/models/taskinstance.py", line 432, in _execute_callable
    return execute_callable(context=context, **execute_callable_kwargs)
  File "/home/airflow/.local/lib/python3.10/site-packages/airflow/models/baseoperator.py", line 401, in wrapper
    return func(self, *args, **kwargs)
  File "/home/airflow/.local/lib/python3.10/site-packages/airflow/operators/python.py", line 235, in execute
    return_value = self.execute_callable()
  File "/home/airflow/.local/lib/python3.10/site-packages/airflow/operators/python.py", line 252, in execute_callable
    return self.python_callable(*self.op_args, **self.op_kwargs)
  File "/opt/airflow/dags/extract_data.py", line 30, in extract_and_load_to_staging
    df = source_operator.get_data_to_pd(f"SELECT * FROM {table}")
  File "/opt/airflow/plugins/mysql_operator.py", line 15, in get_data_to_pd
    return self.mysqlhook.get_pandas_df(query)
  File "/home/airflow/.local/lib/python3.10/site-packages/airflow/providers/common/sql/hooks/sql.py", line 262, in get_pandas_df
    with closing(self.get_conn()) as conn:
  File "/home/airflow/.local/lib/python3.10/site-packages/airflow/providers/mysql/hooks/mysql.py", line 188, in get_conn
    conn = self.connection or self.get_connection(getattr(self, self.conn_name_attr))
  File "/home/airflow/.local/lib/python3.10/site-packages/airflow/hooks/base.py", line 83, in get_connection
    conn = Connection.get_connection_from_secrets(conn_id)
  File "/home/airflow/.local/lib/python3.10/site-packages/airflow/models/connection.py", line 519, in get_connection_from_secrets
    raise AirflowNotFoundException(f"The conn_id `{conn_id}` isn't defined")
airflow.exceptions.AirflowNotFoundException: The conn_id `mysql` isn't defined
[2026-03-25T09:32:34.084+0000] {taskinstance.py:1206} INFO - Marking task as FAILED. dag_id=e_commerce_dw_etl, task_id=extract.extract_and_load_to_staging, run_id=scheduled__2025-07-08T00:00:00+00:00, execution_date=20250708T000000, start_date=20260325T093232, end_date=20260325T093234
[2026-03-25T09:32:34.230+0000] {standard_task_runner.py:110} ERROR - Failed to execute job 262 for task extract.extract_and_load_to_staging (The conn_id `mysql` isn't defined; 848)
[2026-03-25T09:32:34.291+0000] {local_task_job_runner.py:240} INFO - Task exited with return code 1
[2026-03-25T09:32:34.368+0000] {taskinstance.py:3503} INFO - 0 downstream tasks scheduled from follow-on schedule check
[2026-03-25T09:32:34.388+0000] {local_task_job_runner.py:222} INFO - ::endgroup::
[2026-03-25T10:58:43.006+0000] {local_task_job_runner.py:120} INFO - ::group::Pre task execution logs
[2026-03-25T10:58:43.077+0000] {taskinstance.py:2076} INFO - Dependencies all met for dep_context=non-requeueable deps ti=<TaskInstance: e_commerce_dw_etl.extract.extract_and_load_to_staging scheduled__2025-07-08T00:00:00+00:00 [queued]>
[2026-03-25T10:58:43.091+0000] {taskinstance.py:2076} INFO - Dependencies all met for dep_context=requeueable deps ti=<TaskInstance: e_commerce_dw_etl.extract.extract_and_load_to_staging scheduled__2025-07-08T00:00:00+00:00 [queued]>
[2026-03-25T10:58:43.094+0000] {taskinstance.py:2306} INFO - Starting attempt 1 of 1
[2026-03-25T10:58:43.161+0000] {taskinstance.py:2330} INFO - Executing <Task(PythonOperator): extract.extract_and_load_to_staging> on 2025-07-08 00:00:00+00:00
[2026-03-25T10:58:43.171+0000] {standard_task_runner.py:63} INFO - Started process 985 to run task
[2026-03-25T10:58:43.179+0000] {standard_task_runner.py:90} INFO - Running: ['***', 'tasks', 'run', 'e_commerce_dw_etl', 'extract.extract_and_load_to_staging', 'scheduled__2025-07-08T00:00:00+00:00', '--job-id', '260', '--raw', '--subdir', 'DAGS_FOLDER/e_commerce_dw_dag.py', '--cfg-path', '/tmp/tmpq3a_rw6r']
[2026-03-25T10:58:43.217+0000] {standard_task_runner.py:91} INFO - Job 260: Subtask extract.extract_and_load_to_staging
[2026-03-25T10:58:43.347+0000] {task_command.py:426} INFO - Running <TaskInstance: e_commerce_dw_etl.extract.extract_and_load_to_staging scheduled__2025-07-08T00:00:00+00:00 [running]> on host b7a6f340f223
[2026-03-25T10:58:43.518+0000] {taskinstance.py:2648} INFO - Exporting env vars: AIRFLOW_CTX_DAG_OWNER='***' AIRFLOW_CTX_DAG_ID='e_commerce_dw_etl' AIRFLOW_CTX_TASK_ID='extract.extract_and_load_to_staging' AIRFLOW_CTX_EXECUTION_DATE='2025-07-08T00:00:00+00:00' AIRFLOW_CTX_TRY_NUMBER='1' AIRFLOW_CTX_DAG_RUN_ID='scheduled__2025-07-08T00:00:00+00:00'
[2026-03-25T10:58:43.519+0000] {taskinstance.py:430} INFO - ::endgroup::
[2026-03-25T10:58:43.830+0000] {crypto.py:82} WARNING - empty cryptography key - values will not be stored encrypted.
[2026-03-25T10:58:43.834+0000] {base.py:84} INFO - Using connection ID 'mysql' for task execution.
[2026-03-25T10:58:47.693+0000] {mysql_operator.py:13} ERROR - Can't connect to mysql database
[2026-03-25T10:58:47.695+0000] {base.py:84} INFO - Using connection ID 'mysql' for task execution.
[2026-03-25T10:58:51.544+0000] {taskinstance.py:441} INFO - ::group::Post task execution logs
[2026-03-25T10:58:51.545+0000] {taskinstance.py:2905} ERROR - Task failed with exception
Traceback (most recent call last):
  File "/home/airflow/.local/lib/python3.10/site-packages/airflow/models/taskinstance.py", line 465, in _execute_task
    result = _execute_callable(context=context, **execute_callable_kwargs)
  File "/home/airflow/.local/lib/python3.10/site-packages/airflow/models/taskinstance.py", line 432, in _execute_callable
    return execute_callable(context=context, **execute_callable_kwargs)
  File "/home/airflow/.local/lib/python3.10/site-packages/airflow/models/baseoperator.py", line 401, in wrapper
    return func(self, *args, **kwargs)
  File "/home/airflow/.local/lib/python3.10/site-packages/airflow/operators/python.py", line 235, in execute
    return_value = self.execute_callable()
  File "/home/airflow/.local/lib/python3.10/site-packages/airflow/operators/python.py", line 252, in execute_callable
    return self.python_callable(*self.op_args, **self.op_kwargs)
  File "/opt/airflow/dags/extract_data.py", line 30, in extract_and_load_to_staging
    df = source_operator.get_data_to_pd(f"SELECT * FROM {table}")
  File "/opt/airflow/plugins/mysql_operator.py", line 15, in get_data_to_pd
    return self.mysqlhook.get_pandas_df(query)
  File "/home/airflow/.local/lib/python3.10/site-packages/airflow/providers/common/sql/hooks/sql.py", line 262, in get_pandas_df
    with closing(self.get_conn()) as conn:
  File "/home/airflow/.local/lib/python3.10/site-packages/airflow/providers/mysql/hooks/mysql.py", line 196, in get_conn
    return MySQLdb.connect(**conn_config)
  File "/home/airflow/.local/lib/python3.10/site-packages/MySQLdb/__init__.py", line 121, in Connect
    return Connection(*args, **kwargs)
  File "/home/airflow/.local/lib/python3.10/site-packages/MySQLdb/connections.py", line 195, in __init__
    super().__init__(*args, **kwargs2)
MySQLdb.OperationalError: (2005, "Unknown server host 'mysql' (-2)")
[2026-03-25T10:58:51.569+0000] {taskinstance.py:1206} INFO - Marking task as FAILED. dag_id=e_commerce_dw_etl, task_id=extract.extract_and_load_to_staging, run_id=scheduled__2025-07-08T00:00:00+00:00, execution_date=20250708T000000, start_date=20260325T105843, end_date=20260325T105851
[2026-03-25T10:58:51.585+0000] {standard_task_runner.py:110} ERROR - Failed to execute job 260 for task extract.extract_and_load_to_staging ((2005, "Unknown server host 'mysql' (-2)"); 985)
[2026-03-25T10:58:51.634+0000] {local_task_job_runner.py:240} INFO - Task exited with return code 1
[2026-03-25T10:58:51.663+0000] {taskinstance.py:3503} INFO - 0 downstream tasks scheduled from follow-on schedule check
[2026-03-25T10:58:51.670+0000] {local_task_job_runner.py:222} INFO - ::endgroup::
[2026-03-25T11:18:37.719+0000] {local_task_job_runner.py:120} INFO - ::group::Pre task execution logs
[2026-03-25T11:18:37.755+0000] {taskinstance.py:2076} INFO - Dependencies all met for dep_context=non-requeueable deps ti=<TaskInstance: e_commerce_dw_etl.extract.extract_and_load_to_staging scheduled__2025-07-08T00:00:00+00:00 [queued]>
[2026-03-25T11:18:37.768+0000] {taskinstance.py:2076} INFO - Dependencies all met for dep_context=requeueable deps ti=<TaskInstance: e_commerce_dw_etl.extract.extract_and_load_to_staging scheduled__2025-07-08T00:00:00+00:00 [queued]>
[2026-03-25T11:18:37.768+0000] {taskinstance.py:2306} INFO - Starting attempt 1 of 1
[2026-03-25T11:18:37.789+0000] {taskinstance.py:2330} INFO - Executing <Task(PythonOperator): extract.extract_and_load_to_staging> on 2025-07-08 00:00:00+00:00
[2026-03-25T11:18:37.795+0000] {standard_task_runner.py:63} INFO - Started process 1013 to run task
[2026-03-25T11:18:37.800+0000] {standard_task_runner.py:90} INFO - Running: ['***', 'tasks', 'run', 'e_commerce_dw_etl', 'extract.extract_and_load_to_staging', 'scheduled__2025-07-08T00:00:00+00:00', '--job-id', '259', '--raw', '--subdir', 'DAGS_FOLDER/e_commerce_dw_dag.py', '--cfg-path', '/tmp/tmpzsw4hzav']
[2026-03-25T11:18:37.803+0000] {standard_task_runner.py:91} INFO - Job 259: Subtask extract.extract_and_load_to_staging
[2026-03-25T11:18:37.886+0000] {task_command.py:426} INFO - Running <TaskInstance: e_commerce_dw_etl.extract.extract_and_load_to_staging scheduled__2025-07-08T00:00:00+00:00 [running]> on host d26a046c4728
[2026-03-25T11:18:38.016+0000] {taskinstance.py:2648} INFO - Exporting env vars: AIRFLOW_CTX_DAG_OWNER='***' AIRFLOW_CTX_DAG_ID='e_commerce_dw_etl' AIRFLOW_CTX_TASK_ID='extract.extract_and_load_to_staging' AIRFLOW_CTX_EXECUTION_DATE='2025-07-08T00:00:00+00:00' AIRFLOW_CTX_TRY_NUMBER='1' AIRFLOW_CTX_DAG_RUN_ID='scheduled__2025-07-08T00:00:00+00:00'
[2026-03-25T11:18:38.018+0000] {taskinstance.py:430} INFO - ::endgroup::
[2026-03-25T11:18:38.296+0000] {base.py:84} INFO - Using connection ID 'mysql' for task execution.
[2026-03-25T11:18:42.306+0000] {mysql_operator.py:13} ERROR - Can't connect to mysql database
[2026-03-25T11:18:42.313+0000] {base.py:84} INFO - Using connection ID 'mysql' for task execution.
[2026-03-25T11:18:46.148+0000] {taskinstance.py:441} INFO - ::group::Post task execution logs
[2026-03-25T11:18:46.149+0000] {taskinstance.py:2905} ERROR - Task failed with exception
Traceback (most recent call last):
  File "/home/airflow/.local/lib/python3.10/site-packages/airflow/models/taskinstance.py", line 465, in _execute_task
    result = _execute_callable(context=context, **execute_callable_kwargs)
  File "/home/airflow/.local/lib/python3.10/site-packages/airflow/models/taskinstance.py", line 432, in _execute_callable
    return execute_callable(context=context, **execute_callable_kwargs)
  File "/home/airflow/.local/lib/python3.10/site-packages/airflow/models/baseoperator.py", line 401, in wrapper
    return func(self, *args, **kwargs)
  File "/home/airflow/.local/lib/python3.10/site-packages/airflow/operators/python.py", line 235, in execute
    return_value = self.execute_callable()
  File "/home/airflow/.local/lib/python3.10/site-packages/airflow/operators/python.py", line 252, in execute_callable
    return self.python_callable(*self.op_args, **self.op_kwargs)
  File "/opt/airflow/dags/extract_data.py", line 30, in extract_and_load_to_staging
    df = source_operator.get_data_to_pd(f"SELECT * FROM {table}")
  File "/opt/airflow/plugins/mysql_operator.py", line 15, in get_data_to_pd
    return self.mysqlhook.get_pandas_df(query)
  File "/home/airflow/.local/lib/python3.10/site-packages/airflow/providers/common/sql/hooks/sql.py", line 262, in get_pandas_df
    with closing(self.get_conn()) as conn:
  File "/home/airflow/.local/lib/python3.10/site-packages/airflow/providers/mysql/hooks/mysql.py", line 196, in get_conn
    return MySQLdb.connect(**conn_config)
  File "/home/airflow/.local/lib/python3.10/site-packages/MySQLdb/__init__.py", line 121, in Connect
    return Connection(*args, **kwargs)
  File "/home/airflow/.local/lib/python3.10/site-packages/MySQLdb/connections.py", line 195, in __init__
    super().__init__(*args, **kwargs2)
MySQLdb.OperationalError: (2005, "Unknown server host 'mysql' (-2)")
[2026-03-25T11:18:46.170+0000] {taskinstance.py:1206} INFO - Marking task as FAILED. dag_id=e_commerce_dw_etl, task_id=extract.extract_and_load_to_staging, run_id=scheduled__2025-07-08T00:00:00+00:00, execution_date=20250708T000000, start_date=20260325T111837, end_date=20260325T111846
[2026-03-25T11:18:46.183+0000] {standard_task_runner.py:110} ERROR - Failed to execute job 259 for task extract.extract_and_load_to_staging ((2005, "Unknown server host 'mysql' (-2)"); 1013)
[2026-03-25T11:18:46.208+0000] {local_task_job_runner.py:240} INFO - Task exited with return code 1
[2026-03-25T11:18:46.231+0000] {taskinstance.py:3503} INFO - 0 downstream tasks scheduled from follow-on schedule check
[2026-03-25T11:18:46.240+0000] {local_task_job_runner.py:222} INFO - ::endgroup::
[2026-03-25T11:42:08.916+0000] {local_task_job_runner.py:120} INFO - ::group::Pre task execution logs
[2026-03-25T11:42:08.973+0000] {taskinstance.py:2076} INFO - Dependencies all met for dep_context=non-requeueable deps ti=<TaskInstance: e_commerce_dw_etl.extract.extract_and_load_to_staging scheduled__2025-07-08T00:00:00+00:00 [queued]>
[2026-03-25T11:42:08.989+0000] {taskinstance.py:2076} INFO - Dependencies all met for dep_context=requeueable deps ti=<TaskInstance: e_commerce_dw_etl.extract.extract_and_load_to_staging scheduled__2025-07-08T00:00:00+00:00 [queued]>
[2026-03-25T11:42:08.990+0000] {taskinstance.py:2306} INFO - Starting attempt 1 of 1
[2026-03-25T11:42:09.147+0000] {taskinstance.py:2330} INFO - Executing <Task(PythonOperator): extract.extract_and_load_to_staging> on 2025-07-08 00:00:00+00:00
[2026-03-25T11:42:09.157+0000] {standard_task_runner.py:63} INFO - Started process 905 to run task
[2026-03-25T11:42:09.166+0000] {standard_task_runner.py:90} INFO - Running: ['***', 'tasks', 'run', 'e_commerce_dw_etl', 'extract.extract_and_load_to_staging', 'scheduled__2025-07-08T00:00:00+00:00', '--job-id', '259', '--raw', '--subdir', 'DAGS_FOLDER/e_commerce_dw_dag.py', '--cfg-path', '/tmp/tmp2vylmgq8']
[2026-03-25T11:42:09.170+0000] {standard_task_runner.py:91} INFO - Job 259: Subtask extract.extract_and_load_to_staging
[2026-03-25T11:42:09.279+0000] {task_command.py:426} INFO - Running <TaskInstance: e_commerce_dw_etl.extract.extract_and_load_to_staging scheduled__2025-07-08T00:00:00+00:00 [running]> on host d9d1693fa74b
[2026-03-25T11:42:09.421+0000] {taskinstance.py:2648} INFO - Exporting env vars: AIRFLOW_CTX_DAG_OWNER='***' AIRFLOW_CTX_DAG_ID='e_commerce_dw_etl' AIRFLOW_CTX_TASK_ID='extract.extract_and_load_to_staging' AIRFLOW_CTX_EXECUTION_DATE='2025-07-08T00:00:00+00:00' AIRFLOW_CTX_TRY_NUMBER='1' AIRFLOW_CTX_DAG_RUN_ID='scheduled__2025-07-08T00:00:00+00:00'
[2026-03-25T11:42:09.424+0000] {taskinstance.py:430} INFO - ::endgroup::
[2026-03-25T11:42:09.651+0000] {base.py:84} INFO - Using connection ID 'mysql' for task execution.
[2026-03-25T11:42:09.667+0000] {base.py:84} INFO - Using connection ID 'mysql' for task execution.
[2026-03-25T11:42:09.678+0000] {logging_mixin.py:188} WARNING - /home/***/.local/lib/python3.10/site-packages/***/providers/common/sql/hooks/sql.py:263 UserWarning: pandas only supports SQLAlchemy connectable (engine/connection) or database string URI or sqlite3 DBAPI2 connection. Other DBAPI2 objects are not tested. Please consider using SQLAlchemy.
[2026-03-25T11:42:09.680+0000] {taskinstance.py:441} INFO - ::group::Post task execution logs
[2026-03-25T11:42:09.681+0000] {taskinstance.py:2905} ERROR - Task failed with exception
Traceback (most recent call last):
  File "/home/airflow/.local/lib/python3.10/site-packages/pandas/io/sql.py", line 2018, in execute
    cur.execute(*args, **kwargs)
  File "/home/airflow/.local/lib/python3.10/site-packages/MySQLdb/cursors.py", line 179, in execute
    res = self._query(mogrified_query)
  File "/home/airflow/.local/lib/python3.10/site-packages/MySQLdb/cursors.py", line 330, in _query
    db.query(q)
  File "/home/airflow/.local/lib/python3.10/site-packages/MySQLdb/connections.py", line 261, in query
    _mysql.connection.query(self, query)
MySQLdb.ProgrammingError: (1146, "Table 'olist.product_category_name_translation' doesn't exist")

The above exception was the direct cause of the following exception:

Traceback (most recent call last):
  File "/home/airflow/.local/lib/python3.10/site-packages/airflow/models/taskinstance.py", line 465, in _execute_task
    result = _execute_callable(context=context, **execute_callable_kwargs)
  File "/home/airflow/.local/lib/python3.10/site-packages/airflow/models/taskinstance.py", line 432, in _execute_callable
    return execute_callable(context=context, **execute_callable_kwargs)
  File "/home/airflow/.local/lib/python3.10/site-packages/airflow/models/baseoperator.py", line 401, in wrapper
    return func(self, *args, **kwargs)
  File "/home/airflow/.local/lib/python3.10/site-packages/airflow/operators/python.py", line 235, in execute
    return_value = self.execute_callable()
  File "/home/airflow/.local/lib/python3.10/site-packages/airflow/operators/python.py", line 252, in execute_callable
    return self.python_callable(*self.op_args, **self.op_kwargs)
  File "/opt/airflow/dags/extract_data.py", line 30, in extract_and_load_to_staging
    df = source_operator.get_data_to_pd(f"SELECT * FROM {table}")
  File "/opt/airflow/plugins/mysql_operator.py", line 15, in get_data_to_pd
    return self.mysqlhook.get_pandas_df(query)
  File "/home/airflow/.local/lib/python3.10/site-packages/airflow/providers/common/sql/hooks/sql.py", line 263, in get_pandas_df
    return psql.read_sql(sql, con=conn, params=parameters, **kwargs)
  File "/home/airflow/.local/lib/python3.10/site-packages/pandas/io/sql.py", line 564, in read_sql
    return pandas_sql.read_query(
  File "/home/airflow/.local/lib/python3.10/site-packages/pandas/io/sql.py", line 2078, in read_query
    cursor = self.execute(*args)
  File "/home/airflow/.local/lib/python3.10/site-packages/pandas/io/sql.py", line 2030, in execute
    raise ex from exc
pandas.errors.DatabaseError: Execution failed on sql 'SELECT * FROM product_category_name_translation': (1146, "Table 'olist.product_category_name_translation' doesn't exist")
[2026-03-25T11:42:09.702+0000] {taskinstance.py:1206} INFO - Marking task as FAILED. dag_id=e_commerce_dw_etl, task_id=extract.extract_and_load_to_staging, run_id=scheduled__2025-07-08T00:00:00+00:00, execution_date=20250708T000000, start_date=20260325T114208, end_date=20260325T114209
[2026-03-25T11:42:09.717+0000] {standard_task_runner.py:110} ERROR - Failed to execute job 259 for task extract.extract_and_load_to_staging (Execution failed on sql 'SELECT * FROM product_category_name_translation': (1146, "Table 'olist.product_category_name_translation' doesn't exist"); 905)
[2026-03-25T11:42:09.737+0000] {local_task_job_runner.py:240} INFO - Task exited with return code 1
[2026-03-25T11:42:09.765+0000] {taskinstance.py:3503} INFO - 0 downstream tasks scheduled from follow-on schedule check
[2026-03-25T11:42:09.774+0000] {local_task_job_runner.py:222} INFO - ::endgroup::
[2026-03-25T13:57:24.691+0000] {local_task_job_runner.py:120} INFO - ::group::Pre task execution logs
[2026-03-25T13:57:24.737+0000] {taskinstance.py:2076} INFO - Dependencies all met for dep_context=non-requeueable deps ti=<TaskInstance: e_commerce_dw_etl.extract.extract_and_load_to_staging scheduled__2025-07-08T00:00:00+00:00 [queued]>
[2026-03-25T13:57:24.750+0000] {taskinstance.py:2076} INFO - Dependencies all met for dep_context=requeueable deps ti=<TaskInstance: e_commerce_dw_etl.extract.extract_and_load_to_staging scheduled__2025-07-08T00:00:00+00:00 [queued]>
[2026-03-25T13:57:24.752+0000] {taskinstance.py:2306} INFO - Starting attempt 1 of 1
[2026-03-25T13:57:24.773+0000] {taskinstance.py:2330} INFO - Executing <Task(PythonOperator): extract.extract_and_load_to_staging> on 2025-07-08 00:00:00+00:00
[2026-03-25T13:57:24.780+0000] {standard_task_runner.py:63} INFO - Started process 992 to run task
[2026-03-25T13:57:24.785+0000] {standard_task_runner.py:90} INFO - Running: ['***', 'tasks', 'run', 'e_commerce_dw_etl', 'extract.extract_and_load_to_staging', 'scheduled__2025-07-08T00:00:00+00:00', '--job-id', '260', '--raw', '--subdir', 'DAGS_FOLDER/e_commerce_dw_dag.py', '--cfg-path', '/tmp/tmpb2_0cv01']
[2026-03-25T13:57:24.789+0000] {standard_task_runner.py:91} INFO - Job 260: Subtask extract.extract_and_load_to_staging
[2026-03-25T13:57:24.875+0000] {task_command.py:426} INFO - Running <TaskInstance: e_commerce_dw_etl.extract.extract_and_load_to_staging scheduled__2025-07-08T00:00:00+00:00 [running]> on host 85f4963e6238
[2026-03-25T13:57:25.000+0000] {taskinstance.py:2648} INFO - Exporting env vars: AIRFLOW_CTX_DAG_OWNER='***' AIRFLOW_CTX_DAG_ID='e_commerce_dw_etl' AIRFLOW_CTX_TASK_ID='extract.extract_and_load_to_staging' AIRFLOW_CTX_EXECUTION_DATE='2025-07-08T00:00:00+00:00' AIRFLOW_CTX_TRY_NUMBER='1' AIRFLOW_CTX_DAG_RUN_ID='scheduled__2025-07-08T00:00:00+00:00'
[2026-03-25T13:57:25.003+0000] {taskinstance.py:430} INFO - ::endgroup::
[2026-03-25T13:57:25.250+0000] {base.py:84} INFO - Using connection ID 'mysql' for task execution.
[2026-03-25T13:57:25.275+0000] {base.py:84} INFO - Using connection ID 'mysql' for task execution.
[2026-03-25T13:57:25.288+0000] {logging_mixin.py:188} WARNING - /home/***/.local/lib/python3.10/site-packages/***/providers/common/sql/hooks/sql.py:263 UserWarning: pandas only supports SQLAlchemy connectable (engine/connection) or database string URI or sqlite3 DBAPI2 connection. Other DBAPI2 objects are not tested. Please consider using SQLAlchemy.
[2026-03-25T13:57:25.303+0000] {taskinstance.py:441} INFO - ::group::Post task execution logs
[2026-03-25T13:57:25.317+0000] {taskinstance.py:2905} ERROR - Task failed with exception
Traceback (most recent call last):
  File "/home/airflow/.local/lib/python3.10/site-packages/airflow/models/taskinstance.py", line 465, in _execute_task
    result = _execute_callable(context=context, **execute_callable_kwargs)
  File "/home/airflow/.local/lib/python3.10/site-packages/airflow/models/taskinstance.py", line 432, in _execute_callable
    return execute_callable(context=context, **execute_callable_kwargs)
  File "/home/airflow/.local/lib/python3.10/site-packages/airflow/models/baseoperator.py", line 401, in wrapper
    return func(self, *args, **kwargs)
  File "/home/airflow/.local/lib/python3.10/site-packages/airflow/operators/python.py", line 235, in execute
    return_value = self.execute_callable()
  File "/home/airflow/.local/lib/python3.10/site-packages/airflow/operators/python.py", line 252, in execute_callable
    return self.python_callable(*self.op_args, **self.op_kwargs)
  File "/opt/airflow/dags/extract_data.py", line 33, in extract_and_load_to_staging
    staging_operator.save_data_to_postgres(
  File "/opt/airflow/plugins/postgresql_operator.py", line 17, in save_data_to_postgres
    conn = self.hook.get_uri()
  File "/home/airflow/.local/lib/python3.10/site-packages/airflow/providers/postgres/hooks/postgres.py", line 204, in get_uri
    return self.sqlalchemy_url.render_as_string(hide_password=False)
  File "/home/airflow/.local/lib/python3.10/site-packages/airflow/providers/postgres/hooks/postgres.py", line 119, in sqlalchemy_url
    conn = self.get_connection(getattr(self, self.conn_name_attr))
  File "/home/airflow/.local/lib/python3.10/site-packages/airflow/hooks/base.py", line 83, in get_connection
    conn = Connection.get_connection_from_secrets(conn_id)
  File "/home/airflow/.local/lib/python3.10/site-packages/airflow/models/connection.py", line 519, in get_connection_from_secrets
    raise AirflowNotFoundException(f"The conn_id `{conn_id}` isn't defined")
airflow.exceptions.AirflowNotFoundException: The conn_id `postgres` isn't defined
[2026-03-25T13:57:25.330+0000] {taskinstance.py:1206} INFO - Marking task as FAILED. dag_id=e_commerce_dw_etl, task_id=extract.extract_and_load_to_staging, run_id=scheduled__2025-07-08T00:00:00+00:00, execution_date=20250708T000000, start_date=20260325T135724, end_date=20260325T135725
[2026-03-25T13:57:25.352+0000] {standard_task_runner.py:110} ERROR - Failed to execute job 260 for task extract.extract_and_load_to_staging (The conn_id `postgres` isn't defined; 992)
[2026-03-25T13:57:25.376+0000] {local_task_job_runner.py:240} INFO - Task exited with return code 1
[2026-03-25T13:57:25.410+0000] {taskinstance.py:3503} INFO - 0 downstream tasks scheduled from follow-on schedule check
[2026-03-25T13:57:25.418+0000] {local_task_job_runner.py:222} INFO - ::endgroup::
[2026-03-26T04:17:20.544+0000] {local_task_job_runner.py:120} INFO - ::group::Pre task execution logs
[2026-03-26T04:17:20.745+0000] {taskinstance.py:2076} INFO - Dependencies all met for dep_context=non-requeueable deps ti=<TaskInstance: e_commerce_dw_etl.extract.extract_and_load_to_staging scheduled__2025-07-08T00:00:00+00:00 [queued]>
[2026-03-26T04:17:20.783+0000] {taskinstance.py:2076} INFO - Dependencies all met for dep_context=requeueable deps ti=<TaskInstance: e_commerce_dw_etl.extract.extract_and_load_to_staging scheduled__2025-07-08T00:00:00+00:00 [queued]>
[2026-03-26T04:17:20.785+0000] {taskinstance.py:2306} INFO - Starting attempt 1 of 1
[2026-03-26T04:17:20.846+0000] {taskinstance.py:2330} INFO - Executing <Task(PythonOperator): extract.extract_and_load_to_staging> on 2025-07-08 00:00:00+00:00
[2026-03-26T04:17:20.893+0000] {standard_task_runner.py:63} INFO - Started process 2141 to run task
[2026-03-26T04:17:20.911+0000] {standard_task_runner.py:90} INFO - Running: ['***', 'tasks', 'run', 'e_commerce_dw_etl', 'extract.extract_and_load_to_staging', 'scheduled__2025-07-08T00:00:00+00:00', '--job-id', '527', '--raw', '--subdir', 'DAGS_FOLDER/e_commerce_dw_dag.py', '--cfg-path', '/tmp/tmprvw7hs1m']
[2026-03-26T04:17:20.924+0000] {standard_task_runner.py:91} INFO - Job 527: Subtask extract.extract_and_load_to_staging
[2026-03-26T04:17:21.191+0000] {task_command.py:426} INFO - Running <TaskInstance: e_commerce_dw_etl.extract.extract_and_load_to_staging scheduled__2025-07-08T00:00:00+00:00 [running]> on host 2d1a3218d35e
[2026-03-26T04:17:22.561+0000] {taskinstance.py:2648} INFO - Exporting env vars: AIRFLOW_CTX_DAG_OWNER='***' AIRFLOW_CTX_DAG_ID='e_commerce_dw_etl' AIRFLOW_CTX_TASK_ID='extract.extract_and_load_to_staging' AIRFLOW_CTX_EXECUTION_DATE='2025-07-08T00:00:00+00:00' AIRFLOW_CTX_TRY_NUMBER='1' AIRFLOW_CTX_DAG_RUN_ID='scheduled__2025-07-08T00:00:00+00:00'
[2026-03-26T04:17:22.564+0000] {taskinstance.py:430} INFO - ::endgroup::
[2026-03-26T04:17:22.618+0000] {crypto.py:82} WARNING - empty cryptography key - values will not be stored encrypted.
[2026-03-26T04:17:22.624+0000] {base.py:84} INFO - Using connection ID 'mysql' for task execution.
[2026-03-26T04:17:22.645+0000] {base.py:84} INFO - Using connection ID 'mysql' for task execution.
[2026-03-26T04:17:22.680+0000] {logging_mixin.py:188} WARNING - /home/***/.local/lib/python3.10/site-packages/***/providers/common/sql/hooks/sql.py:263 UserWarning: pandas only supports SQLAlchemy connectable (engine/connection) or database string URI or sqlite3 DBAPI2 connection. Other DBAPI2 objects are not tested. Please consider using SQLAlchemy.
[2026-03-26T04:17:22.776+0000] {base.py:84} INFO - Using connection ID 'postgres' for task execution.
[2026-03-26T04:17:23.125+0000] {logging_mixin.py:188} INFO - Đã trích xuất và lưu bảng product_category_name_translation từ MySQL vào PostgreSQL public
[2026-03-26T04:17:23.131+0000] {base.py:84} INFO - Using connection ID 'mysql' for task execution.
[2026-03-26T04:17:23.152+0000] {logging_mixin.py:188} WARNING - /home/***/.local/lib/python3.10/site-packages/***/providers/common/sql/hooks/sql.py:263 UserWarning: pandas only supports SQLAlchemy connectable (engine/connection) or database string URI or sqlite3 DBAPI2 connection. Other DBAPI2 objects are not tested. Please consider using SQLAlchemy.
[2026-03-26T04:17:23.294+0000] {base.py:84} INFO - Using connection ID 'postgres' for task execution.
[2026-03-26T04:17:26.986+0000] {logging_mixin.py:188} INFO - Đã trích xuất và lưu bảng geolocation từ MySQL vào PostgreSQL public
[2026-03-26T04:17:26.996+0000] {base.py:84} INFO - Using connection ID 'mysql' for task execution.
[2026-03-26T04:17:27.011+0000] {logging_mixin.py:188} WARNING - /home/***/.local/lib/python3.10/site-packages/***/providers/common/sql/hooks/sql.py:263 UserWarning: pandas only supports SQLAlchemy connectable (engine/connection) or database string URI or sqlite3 DBAPI2 connection. Other DBAPI2 objects are not tested. Please consider using SQLAlchemy.
[2026-03-26T04:17:27.026+0000] {base.py:84} INFO - Using connection ID 'postgres' for task execution.
[2026-03-26T04:17:27.520+0000] {logging_mixin.py:188} INFO - Đã trích xuất và lưu bảng sellers từ MySQL vào PostgreSQL public
[2026-03-26T04:17:27.526+0000] {base.py:84} INFO - Using connection ID 'mysql' for task execution.
[2026-03-26T04:17:27.561+0000] {logging_mixin.py:188} WARNING - /home/***/.local/lib/python3.10/site-packages/***/providers/common/sql/hooks/sql.py:263 UserWarning: pandas only supports SQLAlchemy connectable (engine/connection) or database string URI or sqlite3 DBAPI2 connection. Other DBAPI2 objects are not tested. Please consider using SQLAlchemy.
[2026-03-26T04:17:28.586+0000] {base.py:84} INFO - Using connection ID 'postgres' for task execution.
[2026-03-26T04:17:41.115+0000] {logging_mixin.py:188} INFO - Đã trích xuất và lưu bảng customers từ MySQL vào PostgreSQL public
[2026-03-26T04:17:41.158+0000] {base.py:84} INFO - Using connection ID 'mysql' for task execution.
[2026-03-26T04:17:41.189+0000] {logging_mixin.py:188} WARNING - /home/***/.local/lib/python3.10/site-packages/***/providers/common/sql/hooks/sql.py:263 UserWarning: pandas only supports SQLAlchemy connectable (engine/connection) or database string URI or sqlite3 DBAPI2 connection. Other DBAPI2 objects are not tested. Please consider using SQLAlchemy.
[2026-03-26T04:17:41.985+0000] {base.py:84} INFO - Using connection ID 'postgres' for task execution.
[2026-03-26T04:17:51.114+0000] {logging_mixin.py:188} INFO - Đã trích xuất và lưu bảng products từ MySQL vào PostgreSQL public
[2026-03-26T04:17:51.125+0000] {base.py:84} INFO - Using connection ID 'mysql' for task execution.
[2026-03-26T04:17:51.136+0000] {logging_mixin.py:188} WARNING - /home/***/.local/lib/python3.10/site-packages/***/providers/common/sql/hooks/sql.py:263 UserWarning: pandas only supports SQLAlchemy connectable (engine/connection) or database string URI or sqlite3 DBAPI2 connection. Other DBAPI2 objects are not tested. Please consider using SQLAlchemy.
[2026-03-26T04:17:57.603+0000] {base.py:84} INFO - Using connection ID 'postgres' for task execution.
[2026-03-26T04:18:28.063+0000] {logging_mixin.py:188} INFO - Đã trích xuất và lưu bảng orders từ MySQL vào PostgreSQL public
[2026-03-26T04:18:28.070+0000] {base.py:84} INFO - Using connection ID 'mysql' for task execution.
[2026-03-26T04:18:28.085+0000] {logging_mixin.py:188} WARNING - /home/***/.local/lib/python3.10/site-packages/***/providers/common/sql/hooks/sql.py:263 UserWarning: pandas only supports SQLAlchemy connectable (engine/connection) or database string URI or sqlite3 DBAPI2 connection. Other DBAPI2 objects are not tested. Please consider using SQLAlchemy.
[2026-03-26T04:18:30.160+0000] {base.py:84} INFO - Using connection ID 'postgres' for task execution.
[2026-03-26T04:18:48.525+0000] {logging_mixin.py:188} INFO - Đã trích xuất và lưu bảng order_items từ MySQL vào PostgreSQL public
[2026-03-26T04:18:48.537+0000] {base.py:84} INFO - Using connection ID 'mysql' for task execution.
[2026-03-26T04:18:48.560+0000] {logging_mixin.py:188} WARNING - /home/***/.local/lib/python3.10/site-packages/***/providers/common/sql/hooks/sql.py:263 UserWarning: pandas only supports SQLAlchemy connectable (engine/connection) or database string URI or sqlite3 DBAPI2 connection. Other DBAPI2 objects are not tested. Please consider using SQLAlchemy.
[2026-03-26T04:18:49.136+0000] {base.py:84} INFO - Using connection ID 'postgres' for task execution.
[2026-03-26T04:18:57.059+0000] {logging_mixin.py:188} INFO - Đã trích xuất và lưu bảng payments từ MySQL vào PostgreSQL public
[2026-03-26T04:18:57.068+0000] {base.py:84} INFO - Using connection ID 'mysql' for task execution.
[2026-03-26T04:18:57.089+0000] {logging_mixin.py:188} WARNING - /home/***/.local/lib/python3.10/site-packages/***/providers/common/sql/hooks/sql.py:263 UserWarning: pandas only supports SQLAlchemy connectable (engine/connection) or database string URI or sqlite3 DBAPI2 connection. Other DBAPI2 objects are not tested. Please consider using SQLAlchemy.
[2026-03-26T04:18:59.269+0000] {base.py:84} INFO - Using connection ID 'postgres' for task execution.
[2026-03-26T04:19:14.235+0000] {logging_mixin.py:188} INFO - Đã trích xuất và lưu bảng order_reviews từ MySQL vào PostgreSQL public
[2026-03-26T04:19:14.274+0000] {python.py:237} INFO - Done. Returned value was: None
[2026-03-26T04:19:14.277+0000] {taskinstance.py:441} INFO - ::group::Post task execution logs
[2026-03-26T04:19:14.304+0000] {taskinstance.py:1206} INFO - Marking task as SUCCESS. dag_id=e_commerce_dw_etl, task_id=extract.extract_and_load_to_staging, run_id=scheduled__2025-07-08T00:00:00+00:00, execution_date=20250708T000000, start_date=20260326T041720, end_date=20260326T041914
[2026-03-26T04:19:14.728+0000] {local_task_job_runner.py:240} INFO - Task exited with return code 0
[2026-03-26T04:19:14.812+0000] {local_task_job_runner.py:222} INFO - ::endgroup::
