[2026-03-25T08:41:35.511+0000] {local_task_job_runner.py:120} INFO - ::group::Pre task execution logs
[2026-03-25T08:41:35.587+0000] {taskinstance.py:2076} INFO - Dependencies all met for dep_context=non-requeueable deps ti=<TaskInstance: e_commerce_dw_etl.extract.extract_and_load_to_staging scheduled__2024-11-20T00:00:00+00:00 [queued]>
[2026-03-25T08:41:35.617+0000] {taskinstance.py:2076} INFO - Dependencies all met for dep_context=requeueable deps ti=<TaskInstance: e_commerce_dw_etl.extract.extract_and_load_to_staging scheduled__2024-11-20T00:00:00+00:00 [queued]>
[2026-03-25T08:41:35.622+0000] {taskinstance.py:2306} INFO - Starting attempt 1 of 1
[2026-03-25T08:41:35.829+0000] {taskinstance.py:2330} INFO - Executing <Task(PythonOperator): extract.extract_and_load_to_staging> on 2024-11-20 00:00:00+00:00
[2026-03-25T08:41:35.844+0000] {standard_task_runner.py:63} INFO - Started process 576 to run task
[2026-03-25T08:41:35.854+0000] {standard_task_runner.py:90} INFO - Running: ['***', 'tasks', 'run', 'e_commerce_dw_etl', 'extract.extract_and_load_to_staging', 'scheduled__2024-11-20T00:00:00+00:00', '--job-id', '41', '--raw', '--subdir', 'DAGS_FOLDER/e_commerce_dw_dag.py', '--cfg-path', '/tmp/tmptothxn1o']
[2026-03-25T08:41:35.862+0000] {standard_task_runner.py:91} INFO - Job 41: Subtask extract.extract_and_load_to_staging
[2026-03-25T08:41:35.977+0000] {task_command.py:426} INFO - Running <TaskInstance: e_commerce_dw_etl.extract.extract_and_load_to_staging scheduled__2024-11-20T00:00:00+00:00 [running]> on host bcd9e4848a6d
[2026-03-25T08:41:36.135+0000] {taskinstance.py:2648} INFO - Exporting env vars: AIRFLOW_CTX_DAG_OWNER='***' AIRFLOW_CTX_DAG_ID='e_commerce_dw_etl' AIRFLOW_CTX_TASK_ID='extract.extract_and_load_to_staging' AIRFLOW_CTX_EXECUTION_DATE='2024-11-20T00:00:00+00:00' AIRFLOW_CTX_TRY_NUMBER='1' AIRFLOW_CTX_DAG_RUN_ID='scheduled__2024-11-20T00:00:00+00:00'
[2026-03-25T08:41:36.136+0000] {taskinstance.py:430} INFO - ::endgroup::
[2026-03-25T08:41:36.509+0000] {mysql_operator.py:13} ERROR - Can't connect to mysql database
[2026-03-25T08:41:36.530+0000] {taskinstance.py:441} INFO - ::group::Post task execution logs
[2026-03-25T08:41:36.544+0000] {taskinstance.py:2905} ERROR - Task failed with exception
Traceback (most recent call last):
  File "/home/airflow/.local/lib/python3.10/site-packages/airflow/models/taskinstance.py", line 465, in _execute_task
    result = _execute_callable(context=context, **execute_callable_kwargs)
  File "/home/airflow/.local/lib/python3.10/site-packages/airflow/models/taskinstance.py", line 432, in _execute_callable
    return execute_callable(context=context, **execute_callable_kwargs)
  File "/home/airflow/.local/lib/python3.10/site-packages/airflow/models/baseoperator.py", line 401, in wrapper
    return func(self, *args, **kwargs)
  File "/home/airflow/.local/lib/python3.10/site-packages/airflow/operators/python.py", line 235, in execute
    return_value = self.execute_callable()
  File "/home/airflow/.local/lib/python3.10/site-packages/airflow/operators/python.py", line 252, in execute_callable
    return self.python_callable(*self.op_args, **self.op_kwargs)
  File "/opt/airflow/dags/extract_data.py", line 30, in extract_and_load_to_staging
    df = source_operator.get_data_to_pd(f"SELECT * FROM {table}")
  File "/opt/airflow/plugins/mysql_operator.py", line 15, in get_data_to_pd
    return self.mysqlhook.get_pandas_df(query)
  File "/home/airflow/.local/lib/python3.10/site-packages/airflow/providers/common/sql/hooks/sql.py", line 262, in get_pandas_df
    with closing(self.get_conn()) as conn:
  File "/home/airflow/.local/lib/python3.10/site-packages/airflow/providers/mysql/hooks/mysql.py", line 188, in get_conn
    conn = self.connection or self.get_connection(getattr(self, self.conn_name_attr))
  File "/home/airflow/.local/lib/python3.10/site-packages/airflow/hooks/base.py", line 83, in get_connection
    conn = Connection.get_connection_from_secrets(conn_id)
  File "/home/airflow/.local/lib/python3.10/site-packages/airflow/models/connection.py", line 519, in get_connection_from_secrets
    raise AirflowNotFoundException(f"The conn_id `{conn_id}` isn't defined")
airflow.exceptions.AirflowNotFoundException: The conn_id `mysql` isn't defined
[2026-03-25T08:41:36.562+0000] {taskinstance.py:1206} INFO - Marking task as FAILED. dag_id=e_commerce_dw_etl, task_id=extract.extract_and_load_to_staging, run_id=scheduled__2024-11-20T00:00:00+00:00, execution_date=20241120T000000, start_date=20260325T084135, end_date=20260325T084136
[2026-03-25T08:41:36.643+0000] {standard_task_runner.py:110} ERROR - Failed to execute job 41 for task extract.extract_and_load_to_staging (The conn_id `mysql` isn't defined; 576)
[2026-03-25T08:41:36.695+0000] {local_task_job_runner.py:240} INFO - Task exited with return code 1
[2026-03-25T08:41:36.729+0000] {taskinstance.py:3503} INFO - 0 downstream tasks scheduled from follow-on schedule check
[2026-03-25T08:41:36.737+0000] {local_task_job_runner.py:222} INFO - ::endgroup::
[2026-03-25T09:30:18.059+0000] {local_task_job_runner.py:120} INFO - ::group::Pre task execution logs
[2026-03-25T09:30:18.107+0000] {taskinstance.py:2076} INFO - Dependencies all met for dep_context=non-requeueable deps ti=<TaskInstance: e_commerce_dw_etl.extract.extract_and_load_to_staging scheduled__2024-11-20T00:00:00+00:00 [queued]>
[2026-03-25T09:30:18.121+0000] {taskinstance.py:2076} INFO - Dependencies all met for dep_context=requeueable deps ti=<TaskInstance: e_commerce_dw_etl.extract.extract_and_load_to_staging scheduled__2024-11-20T00:00:00+00:00 [queued]>
[2026-03-25T09:30:18.122+0000] {taskinstance.py:2306} INFO - Starting attempt 1 of 1
[2026-03-25T09:30:18.181+0000] {taskinstance.py:2330} INFO - Executing <Task(PythonOperator): extract.extract_and_load_to_staging> on 2024-11-20 00:00:00+00:00
[2026-03-25T09:30:18.190+0000] {standard_task_runner.py:63} INFO - Started process 285 to run task
[2026-03-25T09:30:18.195+0000] {standard_task_runner.py:90} INFO - Running: ['***', 'tasks', 'run', 'e_commerce_dw_etl', 'extract.extract_and_load_to_staging', 'scheduled__2024-11-20T00:00:00+00:00', '--job-id', '32', '--raw', '--subdir', 'DAGS_FOLDER/e_commerce_dw_dag.py', '--cfg-path', '/tmp/tmpm86a4dnn']
[2026-03-25T09:30:18.198+0000] {standard_task_runner.py:91} INFO - Job 32: Subtask extract.extract_and_load_to_staging
[2026-03-25T09:30:18.305+0000] {task_command.py:426} INFO - Running <TaskInstance: e_commerce_dw_etl.extract.extract_and_load_to_staging scheduled__2024-11-20T00:00:00+00:00 [running]> on host 0d903260eca4
[2026-03-25T09:30:18.488+0000] {taskinstance.py:2648} INFO - Exporting env vars: AIRFLOW_CTX_DAG_OWNER='***' AIRFLOW_CTX_DAG_ID='e_commerce_dw_etl' AIRFLOW_CTX_TASK_ID='extract.extract_and_load_to_staging' AIRFLOW_CTX_EXECUTION_DATE='2024-11-20T00:00:00+00:00' AIRFLOW_CTX_TRY_NUMBER='1' AIRFLOW_CTX_DAG_RUN_ID='scheduled__2024-11-20T00:00:00+00:00'
[2026-03-25T09:30:18.489+0000] {taskinstance.py:430} INFO - ::endgroup::
[2026-03-25T09:30:18.819+0000] {mysql_operator.py:13} ERROR - Can't connect to mysql database
[2026-03-25T09:30:18.841+0000] {taskinstance.py:441} INFO - ::group::Post task execution logs
[2026-03-25T09:30:18.870+0000] {taskinstance.py:2905} ERROR - Task failed with exception
Traceback (most recent call last):
  File "/home/airflow/.local/lib/python3.10/site-packages/airflow/models/taskinstance.py", line 465, in _execute_task
    result = _execute_callable(context=context, **execute_callable_kwargs)
  File "/home/airflow/.local/lib/python3.10/site-packages/airflow/models/taskinstance.py", line 432, in _execute_callable
    return execute_callable(context=context, **execute_callable_kwargs)
  File "/home/airflow/.local/lib/python3.10/site-packages/airflow/models/baseoperator.py", line 401, in wrapper
    return func(self, *args, **kwargs)
  File "/home/airflow/.local/lib/python3.10/site-packages/airflow/operators/python.py", line 235, in execute
    return_value = self.execute_callable()
  File "/home/airflow/.local/lib/python3.10/site-packages/airflow/operators/python.py", line 252, in execute_callable
    return self.python_callable(*self.op_args, **self.op_kwargs)
  File "/opt/airflow/dags/extract_data.py", line 30, in extract_and_load_to_staging
    df = source_operator.get_data_to_pd(f"SELECT * FROM {table}")
  File "/opt/airflow/plugins/mysql_operator.py", line 15, in get_data_to_pd
    return self.mysqlhook.get_pandas_df(query)
  File "/home/airflow/.local/lib/python3.10/site-packages/airflow/providers/common/sql/hooks/sql.py", line 262, in get_pandas_df
    with closing(self.get_conn()) as conn:
  File "/home/airflow/.local/lib/python3.10/site-packages/airflow/providers/mysql/hooks/mysql.py", line 188, in get_conn
    conn = self.connection or self.get_connection(getattr(self, self.conn_name_attr))
  File "/home/airflow/.local/lib/python3.10/site-packages/airflow/hooks/base.py", line 83, in get_connection
    conn = Connection.get_connection_from_secrets(conn_id)
  File "/home/airflow/.local/lib/python3.10/site-packages/airflow/models/connection.py", line 519, in get_connection_from_secrets
    raise AirflowNotFoundException(f"The conn_id `{conn_id}` isn't defined")
airflow.exceptions.AirflowNotFoundException: The conn_id `mysql` isn't defined
[2026-03-25T09:30:18.902+0000] {taskinstance.py:1206} INFO - Marking task as FAILED. dag_id=e_commerce_dw_etl, task_id=extract.extract_and_load_to_staging, run_id=scheduled__2024-11-20T00:00:00+00:00, execution_date=20241120T000000, start_date=20260325T093018, end_date=20260325T093018
[2026-03-25T09:30:18.989+0000] {standard_task_runner.py:110} ERROR - Failed to execute job 32 for task extract.extract_and_load_to_staging (The conn_id `mysql` isn't defined; 285)
[2026-03-25T09:30:19.028+0000] {local_task_job_runner.py:240} INFO - Task exited with return code 1
[2026-03-25T09:30:19.076+0000] {taskinstance.py:3503} INFO - 0 downstream tasks scheduled from follow-on schedule check
[2026-03-25T09:30:19.090+0000] {local_task_job_runner.py:222} INFO - ::endgroup::
[2026-03-25T10:20:08.877+0000] {local_task_job_runner.py:120} INFO - ::group::Pre task execution logs
[2026-03-25T10:20:08.917+0000] {taskinstance.py:2076} INFO - Dependencies all met for dep_context=non-requeueable deps ti=<TaskInstance: e_commerce_dw_etl.extract.extract_and_load_to_staging scheduled__2024-11-20T00:00:00+00:00 [queued]>
[2026-03-25T10:20:08.929+0000] {taskinstance.py:2076} INFO - Dependencies all met for dep_context=requeueable deps ti=<TaskInstance: e_commerce_dw_etl.extract.extract_and_load_to_staging scheduled__2024-11-20T00:00:00+00:00 [queued]>
[2026-03-25T10:20:08.930+0000] {taskinstance.py:2306} INFO - Starting attempt 1 of 1
[2026-03-25T10:20:08.992+0000] {taskinstance.py:2330} INFO - Executing <Task(PythonOperator): extract.extract_and_load_to_staging> on 2024-11-20 00:00:00+00:00
[2026-03-25T10:20:08.999+0000] {standard_task_runner.py:63} INFO - Started process 320 to run task
[2026-03-25T10:20:09.004+0000] {standard_task_runner.py:90} INFO - Running: ['***', 'tasks', 'run', 'e_commerce_dw_etl', 'extract.extract_and_load_to_staging', 'scheduled__2024-11-20T00:00:00+00:00', '--job-id', '28', '--raw', '--subdir', 'DAGS_FOLDER/e_commerce_dw_dag.py', '--cfg-path', '/tmp/tmpj5o3pq2_']
[2026-03-25T10:20:09.007+0000] {standard_task_runner.py:91} INFO - Job 28: Subtask extract.extract_and_load_to_staging
[2026-03-25T10:20:09.095+0000] {task_command.py:426} INFO - Running <TaskInstance: e_commerce_dw_etl.extract.extract_and_load_to_staging scheduled__2024-11-20T00:00:00+00:00 [running]> on host 1f1ff5b841ce
[2026-03-25T10:20:09.235+0000] {taskinstance.py:2648} INFO - Exporting env vars: AIRFLOW_CTX_DAG_OWNER='***' AIRFLOW_CTX_DAG_ID='e_commerce_dw_etl' AIRFLOW_CTX_TASK_ID='extract.extract_and_load_to_staging' AIRFLOW_CTX_EXECUTION_DATE='2024-11-20T00:00:00+00:00' AIRFLOW_CTX_TRY_NUMBER='1' AIRFLOW_CTX_DAG_RUN_ID='scheduled__2024-11-20T00:00:00+00:00'
[2026-03-25T10:20:09.237+0000] {taskinstance.py:430} INFO - ::endgroup::
[2026-03-25T10:20:09.508+0000] {crypto.py:82} WARNING - empty cryptography key - values will not be stored encrypted.
[2026-03-25T10:20:09.510+0000] {base.py:84} INFO - Using connection ID 'mysql' for task execution.
[2026-03-25T10:20:13.521+0000] {mysql_operator.py:13} ERROR - Can't connect to mysql database
[2026-03-25T10:20:13.523+0000] {base.py:84} INFO - Using connection ID 'mysql' for task execution.
[2026-03-25T10:20:17.344+0000] {taskinstance.py:441} INFO - ::group::Post task execution logs
[2026-03-25T10:20:17.347+0000] {taskinstance.py:2905} ERROR - Task failed with exception
Traceback (most recent call last):
  File "/home/airflow/.local/lib/python3.10/site-packages/airflow/models/taskinstance.py", line 465, in _execute_task
    result = _execute_callable(context=context, **execute_callable_kwargs)
  File "/home/airflow/.local/lib/python3.10/site-packages/airflow/models/taskinstance.py", line 432, in _execute_callable
    return execute_callable(context=context, **execute_callable_kwargs)
  File "/home/airflow/.local/lib/python3.10/site-packages/airflow/models/baseoperator.py", line 401, in wrapper
    return func(self, *args, **kwargs)
  File "/home/airflow/.local/lib/python3.10/site-packages/airflow/operators/python.py", line 235, in execute
    return_value = self.execute_callable()
  File "/home/airflow/.local/lib/python3.10/site-packages/airflow/operators/python.py", line 252, in execute_callable
    return self.python_callable(*self.op_args, **self.op_kwargs)
  File "/opt/airflow/dags/extract_data.py", line 30, in extract_and_load_to_staging
    df = source_operator.get_data_to_pd(f"SELECT * FROM {table}")
  File "/opt/airflow/plugins/mysql_operator.py", line 15, in get_data_to_pd
    return self.mysqlhook.get_pandas_df(query)
  File "/home/airflow/.local/lib/python3.10/site-packages/airflow/providers/common/sql/hooks/sql.py", line 262, in get_pandas_df
    with closing(self.get_conn()) as conn:
  File "/home/airflow/.local/lib/python3.10/site-packages/airflow/providers/mysql/hooks/mysql.py", line 196, in get_conn
    return MySQLdb.connect(**conn_config)
  File "/home/airflow/.local/lib/python3.10/site-packages/MySQLdb/__init__.py", line 121, in Connect
    return Connection(*args, **kwargs)
  File "/home/airflow/.local/lib/python3.10/site-packages/MySQLdb/connections.py", line 195, in __init__
    super().__init__(*args, **kwargs2)
MySQLdb.OperationalError: (2005, "Unknown server host 'mysql' (-2)")
[2026-03-25T10:20:17.392+0000] {taskinstance.py:1206} INFO - Marking task as FAILED. dag_id=e_commerce_dw_etl, task_id=extract.extract_and_load_to_staging, run_id=scheduled__2024-11-20T00:00:00+00:00, execution_date=20241120T000000, start_date=20260325T102008, end_date=20260325T102017
[2026-03-25T10:20:17.413+0000] {standard_task_runner.py:110} ERROR - Failed to execute job 28 for task extract.extract_and_load_to_staging ((2005, "Unknown server host 'mysql' (-2)"); 320)
[2026-03-25T10:20:17.459+0000] {local_task_job_runner.py:240} INFO - Task exited with return code 1
[2026-03-25T10:20:17.481+0000] {taskinstance.py:3503} INFO - 0 downstream tasks scheduled from follow-on schedule check
[2026-03-25T10:20:17.491+0000] {local_task_job_runner.py:222} INFO - ::endgroup::
[2026-03-25T10:54:57.084+0000] {local_task_job_runner.py:120} INFO - ::group::Pre task execution logs
[2026-03-25T10:54:57.152+0000] {taskinstance.py:2076} INFO - Dependencies all met for dep_context=non-requeueable deps ti=<TaskInstance: e_commerce_dw_etl.extract.extract_and_load_to_staging scheduled__2024-11-20T00:00:00+00:00 [queued]>
[2026-03-25T10:54:57.170+0000] {taskinstance.py:2076} INFO - Dependencies all met for dep_context=requeueable deps ti=<TaskInstance: e_commerce_dw_etl.extract.extract_and_load_to_staging scheduled__2024-11-20T00:00:00+00:00 [queued]>
[2026-03-25T10:54:57.171+0000] {taskinstance.py:2306} INFO - Starting attempt 1 of 1
[2026-03-25T10:54:57.223+0000] {taskinstance.py:2330} INFO - Executing <Task(PythonOperator): extract.extract_and_load_to_staging> on 2024-11-20 00:00:00+00:00
[2026-03-25T10:54:57.233+0000] {standard_task_runner.py:63} INFO - Started process 315 to run task
[2026-03-25T10:54:57.238+0000] {standard_task_runner.py:90} INFO - Running: ['***', 'tasks', 'run', 'e_commerce_dw_etl', 'extract.extract_and_load_to_staging', 'scheduled__2024-11-20T00:00:00+00:00', '--job-id', '28', '--raw', '--subdir', 'DAGS_FOLDER/e_commerce_dw_dag.py', '--cfg-path', '/tmp/tmpa_ilzx7_']
[2026-03-25T10:54:57.243+0000] {standard_task_runner.py:91} INFO - Job 28: Subtask extract.extract_and_load_to_staging
[2026-03-25T10:54:57.372+0000] {task_command.py:426} INFO - Running <TaskInstance: e_commerce_dw_etl.extract.extract_and_load_to_staging scheduled__2024-11-20T00:00:00+00:00 [running]> on host b7a6f340f223
[2026-03-25T10:54:57.527+0000] {taskinstance.py:2648} INFO - Exporting env vars: AIRFLOW_CTX_DAG_OWNER='***' AIRFLOW_CTX_DAG_ID='e_commerce_dw_etl' AIRFLOW_CTX_TASK_ID='extract.extract_and_load_to_staging' AIRFLOW_CTX_EXECUTION_DATE='2024-11-20T00:00:00+00:00' AIRFLOW_CTX_TRY_NUMBER='1' AIRFLOW_CTX_DAG_RUN_ID='scheduled__2024-11-20T00:00:00+00:00'
[2026-03-25T10:54:57.528+0000] {taskinstance.py:430} INFO - ::endgroup::
[2026-03-25T10:54:57.870+0000] {crypto.py:82} WARNING - empty cryptography key - values will not be stored encrypted.
[2026-03-25T10:54:57.871+0000] {base.py:84} INFO - Using connection ID 'mysql' for task execution.
[2026-03-25T10:55:01.890+0000] {mysql_operator.py:13} ERROR - Can't connect to mysql database
[2026-03-25T10:55:01.892+0000] {base.py:84} INFO - Using connection ID 'mysql' for task execution.
[2026-03-25T10:55:05.728+0000] {taskinstance.py:441} INFO - ::group::Post task execution logs
[2026-03-25T10:55:05.729+0000] {taskinstance.py:2905} ERROR - Task failed with exception
Traceback (most recent call last):
  File "/home/airflow/.local/lib/python3.10/site-packages/airflow/models/taskinstance.py", line 465, in _execute_task
    result = _execute_callable(context=context, **execute_callable_kwargs)
  File "/home/airflow/.local/lib/python3.10/site-packages/airflow/models/taskinstance.py", line 432, in _execute_callable
    return execute_callable(context=context, **execute_callable_kwargs)
  File "/home/airflow/.local/lib/python3.10/site-packages/airflow/models/baseoperator.py", line 401, in wrapper
    return func(self, *args, **kwargs)
  File "/home/airflow/.local/lib/python3.10/site-packages/airflow/operators/python.py", line 235, in execute
    return_value = self.execute_callable()
  File "/home/airflow/.local/lib/python3.10/site-packages/airflow/operators/python.py", line 252, in execute_callable
    return self.python_callable(*self.op_args, **self.op_kwargs)
  File "/opt/airflow/dags/extract_data.py", line 30, in extract_and_load_to_staging
    df = source_operator.get_data_to_pd(f"SELECT * FROM {table}")
  File "/opt/airflow/plugins/mysql_operator.py", line 15, in get_data_to_pd
    return self.mysqlhook.get_pandas_df(query)
  File "/home/airflow/.local/lib/python3.10/site-packages/airflow/providers/common/sql/hooks/sql.py", line 262, in get_pandas_df
    with closing(self.get_conn()) as conn:
  File "/home/airflow/.local/lib/python3.10/site-packages/airflow/providers/mysql/hooks/mysql.py", line 196, in get_conn
    return MySQLdb.connect(**conn_config)
  File "/home/airflow/.local/lib/python3.10/site-packages/MySQLdb/__init__.py", line 121, in Connect
    return Connection(*args, **kwargs)
  File "/home/airflow/.local/lib/python3.10/site-packages/MySQLdb/connections.py", line 195, in __init__
    super().__init__(*args, **kwargs2)
MySQLdb.OperationalError: (2005, "Unknown server host 'mysql' (-2)")
[2026-03-25T10:55:05.760+0000] {taskinstance.py:1206} INFO - Marking task as FAILED. dag_id=e_commerce_dw_etl, task_id=extract.extract_and_load_to_staging, run_id=scheduled__2024-11-20T00:00:00+00:00, execution_date=20241120T000000, start_date=20260325T105457, end_date=20260325T105505
[2026-03-25T10:55:05.954+0000] {standard_task_runner.py:110} ERROR - Failed to execute job 28 for task extract.extract_and_load_to_staging ((2005, "Unknown server host 'mysql' (-2)"); 315)
[2026-03-25T10:55:06.011+0000] {local_task_job_runner.py:240} INFO - Task exited with return code 1
[2026-03-25T10:55:06.051+0000] {taskinstance.py:3503} INFO - 0 downstream tasks scheduled from follow-on schedule check
[2026-03-25T10:55:06.060+0000] {local_task_job_runner.py:222} INFO - ::endgroup::
[2026-03-25T11:14:42.396+0000] {local_task_job_runner.py:120} INFO - ::group::Pre task execution logs
[2026-03-25T11:14:42.472+0000] {taskinstance.py:2076} INFO - Dependencies all met for dep_context=non-requeueable deps ti=<TaskInstance: e_commerce_dw_etl.extract.extract_and_load_to_staging scheduled__2024-11-20T00:00:00+00:00 [queued]>
[2026-03-25T11:14:42.494+0000] {taskinstance.py:2076} INFO - Dependencies all met for dep_context=requeueable deps ti=<TaskInstance: e_commerce_dw_etl.extract.extract_and_load_to_staging scheduled__2024-11-20T00:00:00+00:00 [queued]>
[2026-03-25T11:14:42.500+0000] {taskinstance.py:2306} INFO - Starting attempt 1 of 1
[2026-03-25T11:14:42.530+0000] {taskinstance.py:2330} INFO - Executing <Task(PythonOperator): extract.extract_and_load_to_staging> on 2024-11-20 00:00:00+00:00
[2026-03-25T11:14:42.543+0000] {standard_task_runner.py:63} INFO - Started process 350 to run task
[2026-03-25T11:14:42.550+0000] {standard_task_runner.py:90} INFO - Running: ['***', 'tasks', 'run', 'e_commerce_dw_etl', 'extract.extract_and_load_to_staging', 'scheduled__2024-11-20T00:00:00+00:00', '--job-id', '28', '--raw', '--subdir', 'DAGS_FOLDER/e_commerce_dw_dag.py', '--cfg-path', '/tmp/tmpr9iqt_8o']
[2026-03-25T11:14:42.560+0000] {standard_task_runner.py:91} INFO - Job 28: Subtask extract.extract_and_load_to_staging
[2026-03-25T11:14:42.691+0000] {task_command.py:426} INFO - Running <TaskInstance: e_commerce_dw_etl.extract.extract_and_load_to_staging scheduled__2024-11-20T00:00:00+00:00 [running]> on host d26a046c4728
[2026-03-25T11:14:42.875+0000] {taskinstance.py:2648} INFO - Exporting env vars: AIRFLOW_CTX_DAG_OWNER='***' AIRFLOW_CTX_DAG_ID='e_commerce_dw_etl' AIRFLOW_CTX_TASK_ID='extract.extract_and_load_to_staging' AIRFLOW_CTX_EXECUTION_DATE='2024-11-20T00:00:00+00:00' AIRFLOW_CTX_TRY_NUMBER='1' AIRFLOW_CTX_DAG_RUN_ID='scheduled__2024-11-20T00:00:00+00:00'
[2026-03-25T11:14:42.877+0000] {taskinstance.py:430} INFO - ::endgroup::
[2026-03-25T11:14:43.214+0000] {base.py:84} INFO - Using connection ID 'mysql' for task execution.
[2026-03-25T11:14:47.069+0000] {mysql_operator.py:13} ERROR - Can't connect to mysql database
[2026-03-25T11:14:47.076+0000] {base.py:84} INFO - Using connection ID 'mysql' for task execution.
[2026-03-25T11:14:50.932+0000] {taskinstance.py:441} INFO - ::group::Post task execution logs
[2026-03-25T11:14:50.933+0000] {taskinstance.py:2905} ERROR - Task failed with exception
Traceback (most recent call last):
  File "/home/airflow/.local/lib/python3.10/site-packages/airflow/models/taskinstance.py", line 465, in _execute_task
    result = _execute_callable(context=context, **execute_callable_kwargs)
  File "/home/airflow/.local/lib/python3.10/site-packages/airflow/models/taskinstance.py", line 432, in _execute_callable
    return execute_callable(context=context, **execute_callable_kwargs)
  File "/home/airflow/.local/lib/python3.10/site-packages/airflow/models/baseoperator.py", line 401, in wrapper
    return func(self, *args, **kwargs)
  File "/home/airflow/.local/lib/python3.10/site-packages/airflow/operators/python.py", line 235, in execute
    return_value = self.execute_callable()
  File "/home/airflow/.local/lib/python3.10/site-packages/airflow/operators/python.py", line 252, in execute_callable
    return self.python_callable(*self.op_args, **self.op_kwargs)
  File "/opt/airflow/dags/extract_data.py", line 30, in extract_and_load_to_staging
    df = source_operator.get_data_to_pd(f"SELECT * FROM {table}")
  File "/opt/airflow/plugins/mysql_operator.py", line 15, in get_data_to_pd
    return self.mysqlhook.get_pandas_df(query)
  File "/home/airflow/.local/lib/python3.10/site-packages/airflow/providers/common/sql/hooks/sql.py", line 262, in get_pandas_df
    with closing(self.get_conn()) as conn:
  File "/home/airflow/.local/lib/python3.10/site-packages/airflow/providers/mysql/hooks/mysql.py", line 196, in get_conn
    return MySQLdb.connect(**conn_config)
  File "/home/airflow/.local/lib/python3.10/site-packages/MySQLdb/__init__.py", line 121, in Connect
    return Connection(*args, **kwargs)
  File "/home/airflow/.local/lib/python3.10/site-packages/MySQLdb/connections.py", line 195, in __init__
    super().__init__(*args, **kwargs2)
MySQLdb.OperationalError: (2005, "Unknown server host 'mysql' (-2)")
[2026-03-25T11:14:50.961+0000] {taskinstance.py:1206} INFO - Marking task as FAILED. dag_id=e_commerce_dw_etl, task_id=extract.extract_and_load_to_staging, run_id=scheduled__2024-11-20T00:00:00+00:00, execution_date=20241120T000000, start_date=20260325T111442, end_date=20260325T111450
[2026-03-25T11:14:50.984+0000] {standard_task_runner.py:110} ERROR - Failed to execute job 28 for task extract.extract_and_load_to_staging ((2005, "Unknown server host 'mysql' (-2)"); 350)
[2026-03-25T11:14:51.027+0000] {local_task_job_runner.py:240} INFO - Task exited with return code 1
[2026-03-25T11:14:51.061+0000] {taskinstance.py:3503} INFO - 0 downstream tasks scheduled from follow-on schedule check
[2026-03-25T11:14:51.070+0000] {local_task_job_runner.py:222} INFO - ::endgroup::
[2026-03-25T11:39:19.269+0000] {local_task_job_runner.py:120} INFO - ::group::Pre task execution logs
[2026-03-25T11:39:19.352+0000] {taskinstance.py:2076} INFO - Dependencies all met for dep_context=non-requeueable deps ti=<TaskInstance: e_commerce_dw_etl.extract.extract_and_load_to_staging scheduled__2024-11-20T00:00:00+00:00 [queued]>
[2026-03-25T11:39:19.373+0000] {taskinstance.py:2076} INFO - Dependencies all met for dep_context=requeueable deps ti=<TaskInstance: e_commerce_dw_etl.extract.extract_and_load_to_staging scheduled__2024-11-20T00:00:00+00:00 [queued]>
[2026-03-25T11:39:19.376+0000] {taskinstance.py:2306} INFO - Starting attempt 1 of 1
[2026-03-25T11:39:19.499+0000] {taskinstance.py:2330} INFO - Executing <Task(PythonOperator): extract.extract_and_load_to_staging> on 2024-11-20 00:00:00+00:00
[2026-03-25T11:39:19.510+0000] {standard_task_runner.py:63} INFO - Started process 292 to run task
[2026-03-25T11:39:19.520+0000] {standard_task_runner.py:90} INFO - Running: ['***', 'tasks', 'run', 'e_commerce_dw_etl', 'extract.extract_and_load_to_staging', 'scheduled__2024-11-20T00:00:00+00:00', '--job-id', '28', '--raw', '--subdir', 'DAGS_FOLDER/e_commerce_dw_dag.py', '--cfg-path', '/tmp/tmp_y1ltlxe']
[2026-03-25T11:39:19.530+0000] {standard_task_runner.py:91} INFO - Job 28: Subtask extract.extract_and_load_to_staging
[2026-03-25T11:39:19.712+0000] {task_command.py:426} INFO - Running <TaskInstance: e_commerce_dw_etl.extract.extract_and_load_to_staging scheduled__2024-11-20T00:00:00+00:00 [running]> on host d9d1693fa74b
[2026-03-25T11:39:19.870+0000] {taskinstance.py:2648} INFO - Exporting env vars: AIRFLOW_CTX_DAG_OWNER='***' AIRFLOW_CTX_DAG_ID='e_commerce_dw_etl' AIRFLOW_CTX_TASK_ID='extract.extract_and_load_to_staging' AIRFLOW_CTX_EXECUTION_DATE='2024-11-20T00:00:00+00:00' AIRFLOW_CTX_TRY_NUMBER='1' AIRFLOW_CTX_DAG_RUN_ID='scheduled__2024-11-20T00:00:00+00:00'
[2026-03-25T11:39:19.873+0000] {taskinstance.py:430} INFO - ::endgroup::
[2026-03-25T11:39:20.239+0000] {mysql_operator.py:13} ERROR - Can't connect to mysql database
[2026-03-25T11:39:20.257+0000] {taskinstance.py:441} INFO - ::group::Post task execution logs
[2026-03-25T11:39:20.272+0000] {taskinstance.py:2905} ERROR - Task failed with exception
Traceback (most recent call last):
  File "/home/airflow/.local/lib/python3.10/site-packages/airflow/models/taskinstance.py", line 465, in _execute_task
    result = _execute_callable(context=context, **execute_callable_kwargs)
  File "/home/airflow/.local/lib/python3.10/site-packages/airflow/models/taskinstance.py", line 432, in _execute_callable
    return execute_callable(context=context, **execute_callable_kwargs)
  File "/home/airflow/.local/lib/python3.10/site-packages/airflow/models/baseoperator.py", line 401, in wrapper
    return func(self, *args, **kwargs)
  File "/home/airflow/.local/lib/python3.10/site-packages/airflow/operators/python.py", line 235, in execute
    return_value = self.execute_callable()
  File "/home/airflow/.local/lib/python3.10/site-packages/airflow/operators/python.py", line 252, in execute_callable
    return self.python_callable(*self.op_args, **self.op_kwargs)
  File "/opt/airflow/dags/extract_data.py", line 30, in extract_and_load_to_staging
    df = source_operator.get_data_to_pd(f"SELECT * FROM {table}")
  File "/opt/airflow/plugins/mysql_operator.py", line 15, in get_data_to_pd
    return self.mysqlhook.get_pandas_df(query)
  File "/home/airflow/.local/lib/python3.10/site-packages/airflow/providers/common/sql/hooks/sql.py", line 262, in get_pandas_df
    with closing(self.get_conn()) as conn:
  File "/home/airflow/.local/lib/python3.10/site-packages/airflow/providers/mysql/hooks/mysql.py", line 188, in get_conn
    conn = self.connection or self.get_connection(getattr(self, self.conn_name_attr))
  File "/home/airflow/.local/lib/python3.10/site-packages/airflow/hooks/base.py", line 83, in get_connection
    conn = Connection.get_connection_from_secrets(conn_id)
  File "/home/airflow/.local/lib/python3.10/site-packages/airflow/models/connection.py", line 519, in get_connection_from_secrets
    raise AirflowNotFoundException(f"The conn_id `{conn_id}` isn't defined")
airflow.exceptions.AirflowNotFoundException: The conn_id `mysql` isn't defined
[2026-03-25T11:39:20.295+0000] {taskinstance.py:1206} INFO - Marking task as FAILED. dag_id=e_commerce_dw_etl, task_id=extract.extract_and_load_to_staging, run_id=scheduled__2024-11-20T00:00:00+00:00, execution_date=20241120T000000, start_date=20260325T113919, end_date=20260325T113920
[2026-03-25T11:39:20.321+0000] {standard_task_runner.py:110} ERROR - Failed to execute job 28 for task extract.extract_and_load_to_staging (The conn_id `mysql` isn't defined; 292)
[2026-03-25T11:39:20.355+0000] {local_task_job_runner.py:240} INFO - Task exited with return code 1
[2026-03-25T11:39:20.403+0000] {taskinstance.py:3503} INFO - 0 downstream tasks scheduled from follow-on schedule check
[2026-03-25T11:39:20.418+0000] {local_task_job_runner.py:222} INFO - ::endgroup::
[2026-03-25T13:55:01.351+0000] {local_task_job_runner.py:120} INFO - ::group::Pre task execution logs
[2026-03-25T13:55:01.406+0000] {taskinstance.py:2076} INFO - Dependencies all met for dep_context=non-requeueable deps ti=<TaskInstance: e_commerce_dw_etl.extract.extract_and_load_to_staging scheduled__2024-11-20T00:00:00+00:00 [queued]>
[2026-03-25T13:55:01.423+0000] {taskinstance.py:2076} INFO - Dependencies all met for dep_context=requeueable deps ti=<TaskInstance: e_commerce_dw_etl.extract.extract_and_load_to_staging scheduled__2024-11-20T00:00:00+00:00 [queued]>
[2026-03-25T13:55:01.424+0000] {taskinstance.py:2306} INFO - Starting attempt 1 of 1
[2026-03-25T13:55:01.624+0000] {taskinstance.py:2330} INFO - Executing <Task(PythonOperator): extract.extract_and_load_to_staging> on 2024-11-20 00:00:00+00:00
[2026-03-25T13:55:01.637+0000] {standard_task_runner.py:63} INFO - Started process 398 to run task
[2026-03-25T13:55:01.652+0000] {standard_task_runner.py:90} INFO - Running: ['***', 'tasks', 'run', 'e_commerce_dw_etl', 'extract.extract_and_load_to_staging', 'scheduled__2024-11-20T00:00:00+00:00', '--job-id', '28', '--raw', '--subdir', 'DAGS_FOLDER/e_commerce_dw_dag.py', '--cfg-path', '/tmp/tmpqvd9qx48']
[2026-03-25T13:55:01.658+0000] {standard_task_runner.py:91} INFO - Job 28: Subtask extract.extract_and_load_to_staging
[2026-03-25T13:55:01.793+0000] {task_command.py:426} INFO - Running <TaskInstance: e_commerce_dw_etl.extract.extract_and_load_to_staging scheduled__2024-11-20T00:00:00+00:00 [running]> on host 85f4963e6238
[2026-03-25T13:55:02.018+0000] {taskinstance.py:2648} INFO - Exporting env vars: AIRFLOW_CTX_DAG_OWNER='***' AIRFLOW_CTX_DAG_ID='e_commerce_dw_etl' AIRFLOW_CTX_TASK_ID='extract.extract_and_load_to_staging' AIRFLOW_CTX_EXECUTION_DATE='2024-11-20T00:00:00+00:00' AIRFLOW_CTX_TRY_NUMBER='1' AIRFLOW_CTX_DAG_RUN_ID='scheduled__2024-11-20T00:00:00+00:00'
[2026-03-25T13:55:02.019+0000] {taskinstance.py:430} INFO - ::endgroup::
[2026-03-25T13:55:02.385+0000] {mysql_operator.py:13} ERROR - Can't connect to mysql database
[2026-03-25T13:55:02.412+0000] {taskinstance.py:441} INFO - ::group::Post task execution logs
[2026-03-25T13:55:02.436+0000] {taskinstance.py:2905} ERROR - Task failed with exception
Traceback (most recent call last):
  File "/home/airflow/.local/lib/python3.10/site-packages/airflow/models/taskinstance.py", line 465, in _execute_task
    result = _execute_callable(context=context, **execute_callable_kwargs)
  File "/home/airflow/.local/lib/python3.10/site-packages/airflow/models/taskinstance.py", line 432, in _execute_callable
    return execute_callable(context=context, **execute_callable_kwargs)
  File "/home/airflow/.local/lib/python3.10/site-packages/airflow/models/baseoperator.py", line 401, in wrapper
    return func(self, *args, **kwargs)
  File "/home/airflow/.local/lib/python3.10/site-packages/airflow/operators/python.py", line 235, in execute
    return_value = self.execute_callable()
  File "/home/airflow/.local/lib/python3.10/site-packages/airflow/operators/python.py", line 252, in execute_callable
    return self.python_callable(*self.op_args, **self.op_kwargs)
  File "/opt/airflow/dags/extract_data.py", line 30, in extract_and_load_to_staging
    df = source_operator.get_data_to_pd(f"SELECT * FROM {table}")
  File "/opt/airflow/plugins/mysql_operator.py", line 15, in get_data_to_pd
    return self.mysqlhook.get_pandas_df(query)
  File "/home/airflow/.local/lib/python3.10/site-packages/airflow/providers/common/sql/hooks/sql.py", line 262, in get_pandas_df
    with closing(self.get_conn()) as conn:
  File "/home/airflow/.local/lib/python3.10/site-packages/airflow/providers/mysql/hooks/mysql.py", line 188, in get_conn
    conn = self.connection or self.get_connection(getattr(self, self.conn_name_attr))
  File "/home/airflow/.local/lib/python3.10/site-packages/airflow/hooks/base.py", line 83, in get_connection
    conn = Connection.get_connection_from_secrets(conn_id)
  File "/home/airflow/.local/lib/python3.10/site-packages/airflow/models/connection.py", line 519, in get_connection_from_secrets
    raise AirflowNotFoundException(f"The conn_id `{conn_id}` isn't defined")
airflow.exceptions.AirflowNotFoundException: The conn_id `mysql` isn't defined
[2026-03-25T13:55:02.486+0000] {taskinstance.py:1206} INFO - Marking task as FAILED. dag_id=e_commerce_dw_etl, task_id=extract.extract_and_load_to_staging, run_id=scheduled__2024-11-20T00:00:00+00:00, execution_date=20241120T000000, start_date=20260325T135501, end_date=20260325T135502
[2026-03-25T13:55:02.800+0000] {standard_task_runner.py:110} ERROR - Failed to execute job 28 for task extract.extract_and_load_to_staging (The conn_id `mysql` isn't defined; 398)
[2026-03-25T13:55:02.878+0000] {local_task_job_runner.py:240} INFO - Task exited with return code 1
[2026-03-25T13:55:02.902+0000] {local_task_job_runner.py:222} INFO - ::endgroup::
[2026-03-26T03:39:39.513+0000] {local_task_job_runner.py:120} INFO - ::group::Pre task execution logs
[2026-03-26T03:39:39.576+0000] {taskinstance.py:2076} INFO - Dependencies all met for dep_context=non-requeueable deps ti=<TaskInstance: e_commerce_dw_etl.extract.extract_and_load_to_staging scheduled__2024-11-20T00:00:00+00:00 [queued]>
[2026-03-26T03:39:39.590+0000] {taskinstance.py:2076} INFO - Dependencies all met for dep_context=requeueable deps ti=<TaskInstance: e_commerce_dw_etl.extract.extract_and_load_to_staging scheduled__2024-11-20T00:00:00+00:00 [queued]>
[2026-03-26T03:39:39.591+0000] {taskinstance.py:2306} INFO - Starting attempt 1 of 1
[2026-03-26T03:39:39.665+0000] {taskinstance.py:2330} INFO - Executing <Task(PythonOperator): extract.extract_and_load_to_staging> on 2024-11-20 00:00:00+00:00
[2026-03-26T03:39:39.675+0000] {standard_task_runner.py:63} INFO - Started process 882 to run task
[2026-03-26T03:39:39.680+0000] {standard_task_runner.py:90} INFO - Running: ['***', 'tasks', 'run', 'e_commerce_dw_etl', 'extract.extract_and_load_to_staging', 'scheduled__2024-11-20T00:00:00+00:00', '--job-id', '163', '--raw', '--subdir', 'DAGS_FOLDER/e_commerce_dw_dag.py', '--cfg-path', '/tmp/tmphy2pbshg']
[2026-03-26T03:39:39.686+0000] {standard_task_runner.py:91} INFO - Job 163: Subtask extract.extract_and_load_to_staging
[2026-03-26T03:39:39.792+0000] {task_command.py:426} INFO - Running <TaskInstance: e_commerce_dw_etl.extract.extract_and_load_to_staging scheduled__2024-11-20T00:00:00+00:00 [running]> on host 031edd3e030e
[2026-03-26T03:39:40.115+0000] {taskinstance.py:2648} INFO - Exporting env vars: AIRFLOW_CTX_DAG_OWNER='***' AIRFLOW_CTX_DAG_ID='e_commerce_dw_etl' AIRFLOW_CTX_TASK_ID='extract.extract_and_load_to_staging' AIRFLOW_CTX_EXECUTION_DATE='2024-11-20T00:00:00+00:00' AIRFLOW_CTX_TRY_NUMBER='1' AIRFLOW_CTX_DAG_RUN_ID='scheduled__2024-11-20T00:00:00+00:00'
[2026-03-26T03:39:40.117+0000] {taskinstance.py:430} INFO - ::endgroup::
[2026-03-26T03:39:40.132+0000] {crypto.py:82} WARNING - empty cryptography key - values will not be stored encrypted.
[2026-03-26T03:39:40.133+0000] {base.py:84} INFO - Using connection ID 'mysql' for task execution.
[2026-03-26T03:39:40.143+0000] {base.py:84} INFO - Using connection ID 'mysql' for task execution.
[2026-03-26T03:39:40.159+0000] {logging_mixin.py:188} WARNING - /home/***/.local/lib/python3.10/site-packages/***/providers/common/sql/hooks/sql.py:263 UserWarning: pandas only supports SQLAlchemy connectable (engine/connection) or database string URI or sqlite3 DBAPI2 connection. Other DBAPI2 objects are not tested. Please consider using SQLAlchemy.
[2026-03-26T03:39:40.165+0000] {base.py:84} INFO - Using connection ID 'postgres' for task execution.
[2026-03-26T03:39:40.235+0000] {logging_mixin.py:188} INFO - Đã trích xuất và lưu bảng product_category_name_translation từ MySQL vào PostgreSQL public
[2026-03-26T03:39:40.237+0000] {base.py:84} INFO - Using connection ID 'mysql' for task execution.
[2026-03-26T03:39:40.241+0000] {logging_mixin.py:188} WARNING - /home/***/.local/lib/python3.10/site-packages/***/providers/common/sql/hooks/sql.py:263 UserWarning: pandas only supports SQLAlchemy connectable (engine/connection) or database string URI or sqlite3 DBAPI2 connection. Other DBAPI2 objects are not tested. Please consider using SQLAlchemy.
[2026-03-26T03:39:40.245+0000] {base.py:84} INFO - Using connection ID 'postgres' for task execution.
[2026-03-26T03:39:40.312+0000] {logging_mixin.py:188} INFO - Đã trích xuất và lưu bảng geolocation từ MySQL vào PostgreSQL public
[2026-03-26T03:39:40.314+0000] {base.py:84} INFO - Using connection ID 'mysql' for task execution.
[2026-03-26T03:39:40.322+0000] {logging_mixin.py:188} WARNING - /home/***/.local/lib/python3.10/site-packages/***/providers/common/sql/hooks/sql.py:263 UserWarning: pandas only supports SQLAlchemy connectable (engine/connection) or database string URI or sqlite3 DBAPI2 connection. Other DBAPI2 objects are not tested. Please consider using SQLAlchemy.
[2026-03-26T03:39:40.325+0000] {base.py:84} INFO - Using connection ID 'postgres' for task execution.
[2026-03-26T03:39:40.395+0000] {logging_mixin.py:188} INFO - Đã trích xuất và lưu bảng sellers từ MySQL vào PostgreSQL public
[2026-03-26T03:39:40.396+0000] {base.py:84} INFO - Using connection ID 'mysql' for task execution.
[2026-03-26T03:39:40.401+0000] {logging_mixin.py:188} WARNING - /home/***/.local/lib/python3.10/site-packages/***/providers/common/sql/hooks/sql.py:263 UserWarning: pandas only supports SQLAlchemy connectable (engine/connection) or database string URI or sqlite3 DBAPI2 connection. Other DBAPI2 objects are not tested. Please consider using SQLAlchemy.
[2026-03-26T03:39:40.404+0000] {base.py:84} INFO - Using connection ID 'postgres' for task execution.
[2026-03-26T03:39:40.463+0000] {logging_mixin.py:188} INFO - Đã trích xuất và lưu bảng customers từ MySQL vào PostgreSQL public
[2026-03-26T03:39:40.465+0000] {base.py:84} INFO - Using connection ID 'mysql' for task execution.
[2026-03-26T03:39:40.468+0000] {logging_mixin.py:188} WARNING - /home/***/.local/lib/python3.10/site-packages/***/providers/common/sql/hooks/sql.py:263 UserWarning: pandas only supports SQLAlchemy connectable (engine/connection) or database string URI or sqlite3 DBAPI2 connection. Other DBAPI2 objects are not tested. Please consider using SQLAlchemy.
[2026-03-26T03:39:40.472+0000] {base.py:84} INFO - Using connection ID 'postgres' for task execution.
[2026-03-26T03:39:40.531+0000] {logging_mixin.py:188} INFO - Đã trích xuất và lưu bảng products từ MySQL vào PostgreSQL public
[2026-03-26T03:39:40.532+0000] {base.py:84} INFO - Using connection ID 'mysql' for task execution.
[2026-03-26T03:39:40.537+0000] {logging_mixin.py:188} WARNING - /home/***/.local/lib/python3.10/site-packages/***/providers/common/sql/hooks/sql.py:263 UserWarning: pandas only supports SQLAlchemy connectable (engine/connection) or database string URI or sqlite3 DBAPI2 connection. Other DBAPI2 objects are not tested. Please consider using SQLAlchemy.
[2026-03-26T03:39:40.540+0000] {base.py:84} INFO - Using connection ID 'postgres' for task execution.
[2026-03-26T03:39:40.604+0000] {logging_mixin.py:188} INFO - Đã trích xuất và lưu bảng orders từ MySQL vào PostgreSQL public
[2026-03-26T03:39:40.605+0000] {base.py:84} INFO - Using connection ID 'mysql' for task execution.
[2026-03-26T03:39:40.609+0000] {logging_mixin.py:188} WARNING - /home/***/.local/lib/python3.10/site-packages/***/providers/common/sql/hooks/sql.py:263 UserWarning: pandas only supports SQLAlchemy connectable (engine/connection) or database string URI or sqlite3 DBAPI2 connection. Other DBAPI2 objects are not tested. Please consider using SQLAlchemy.
[2026-03-26T03:39:40.612+0000] {base.py:84} INFO - Using connection ID 'postgres' for task execution.
[2026-03-26T03:39:40.714+0000] {logging_mixin.py:188} INFO - Đã trích xuất và lưu bảng order_items từ MySQL vào PostgreSQL public
[2026-03-26T03:39:40.716+0000] {base.py:84} INFO - Using connection ID 'mysql' for task execution.
[2026-03-26T03:39:40.721+0000] {logging_mixin.py:188} WARNING - /home/***/.local/lib/python3.10/site-packages/***/providers/common/sql/hooks/sql.py:263 UserWarning: pandas only supports SQLAlchemy connectable (engine/connection) or database string URI or sqlite3 DBAPI2 connection. Other DBAPI2 objects are not tested. Please consider using SQLAlchemy.
[2026-03-26T03:39:40.725+0000] {base.py:84} INFO - Using connection ID 'postgres' for task execution.
[2026-03-26T03:39:40.802+0000] {logging_mixin.py:188} INFO - Đã trích xuất và lưu bảng payments từ MySQL vào PostgreSQL public
[2026-03-26T03:39:40.803+0000] {base.py:84} INFO - Using connection ID 'mysql' for task execution.
[2026-03-26T03:39:40.807+0000] {logging_mixin.py:188} WARNING - /home/***/.local/lib/python3.10/site-packages/***/providers/common/sql/hooks/sql.py:263 UserWarning: pandas only supports SQLAlchemy connectable (engine/connection) or database string URI or sqlite3 DBAPI2 connection. Other DBAPI2 objects are not tested. Please consider using SQLAlchemy.
[2026-03-26T03:39:40.811+0000] {base.py:84} INFO - Using connection ID 'postgres' for task execution.
[2026-03-26T03:39:40.872+0000] {logging_mixin.py:188} INFO - Đã trích xuất và lưu bảng order_reviews từ MySQL vào PostgreSQL public
[2026-03-26T03:39:40.873+0000] {python.py:237} INFO - Done. Returned value was: None
[2026-03-26T03:39:40.874+0000] {taskinstance.py:441} INFO - ::group::Post task execution logs
[2026-03-26T03:39:40.886+0000] {taskinstance.py:1206} INFO - Marking task as SUCCESS. dag_id=e_commerce_dw_etl, task_id=extract.extract_and_load_to_staging, run_id=scheduled__2024-11-20T00:00:00+00:00, execution_date=20241120T000000, start_date=20260326T033939, end_date=20260326T033940
[2026-03-26T03:39:40.938+0000] {local_task_job_runner.py:240} INFO - Task exited with return code 0
[2026-03-26T03:39:40.978+0000] {taskinstance.py:3503} INFO - 6 downstream tasks scheduled from follow-on schedule check
[2026-03-26T03:39:40.981+0000] {local_task_job_runner.py:222} INFO - ::endgroup::
[2026-03-26T04:02:00.803+0000] {local_task_job_runner.py:120} INFO - ::group::Pre task execution logs
[2026-03-26T04:02:01.129+0000] {taskinstance.py:2076} INFO - Dependencies all met for dep_context=non-requeueable deps ti=<TaskInstance: e_commerce_dw_etl.extract.extract_and_load_to_staging scheduled__2024-11-20T00:00:00+00:00 [queued]>
[2026-03-26T04:02:01.250+0000] {taskinstance.py:2076} INFO - Dependencies all met for dep_context=requeueable deps ti=<TaskInstance: e_commerce_dw_etl.extract.extract_and_load_to_staging scheduled__2024-11-20T00:00:00+00:00 [queued]>
[2026-03-26T04:02:01.252+0000] {taskinstance.py:2306} INFO - Starting attempt 1 of 1
[2026-03-26T04:02:01.487+0000] {taskinstance.py:2330} INFO - Executing <Task(PythonOperator): extract.extract_and_load_to_staging> on 2024-11-20 00:00:00+00:00
[2026-03-26T04:02:01.505+0000] {standard_task_runner.py:63} INFO - Started process 387 to run task
[2026-03-26T04:02:01.560+0000] {standard_task_runner.py:90} INFO - Running: ['***', 'tasks', 'run', 'e_commerce_dw_etl', 'extract.extract_and_load_to_staging', 'scheduled__2024-11-20T00:00:00+00:00', '--job-id', '28', '--raw', '--subdir', 'DAGS_FOLDER/e_commerce_dw_dag.py', '--cfg-path', '/tmp/tmpmlifgz5t']
[2026-03-26T04:02:01.606+0000] {standard_task_runner.py:91} INFO - Job 28: Subtask extract.extract_and_load_to_staging
[2026-03-26T04:02:02.216+0000] {task_command.py:426} INFO - Running <TaskInstance: e_commerce_dw_etl.extract.extract_and_load_to_staging scheduled__2024-11-20T00:00:00+00:00 [running]> on host 2d1a3218d35e
[2026-03-26T04:02:02.995+0000] {taskinstance.py:2648} INFO - Exporting env vars: AIRFLOW_CTX_DAG_OWNER='***' AIRFLOW_CTX_DAG_ID='e_commerce_dw_etl' AIRFLOW_CTX_TASK_ID='extract.extract_and_load_to_staging' AIRFLOW_CTX_EXECUTION_DATE='2024-11-20T00:00:00+00:00' AIRFLOW_CTX_TRY_NUMBER='1' AIRFLOW_CTX_DAG_RUN_ID='scheduled__2024-11-20T00:00:00+00:00'
[2026-03-26T04:02:02.999+0000] {taskinstance.py:430} INFO - ::endgroup::
[2026-03-26T04:02:03.911+0000] {crypto.py:82} WARNING - empty cryptography key - values will not be stored encrypted.
[2026-03-26T04:02:03.941+0000] {base.py:84} INFO - Using connection ID 'mysql' for task execution.
[2026-03-26T04:02:04.008+0000] {base.py:84} INFO - Using connection ID 'mysql' for task execution.
[2026-03-26T04:02:04.072+0000] {logging_mixin.py:188} WARNING - /home/***/.local/lib/python3.10/site-packages/***/providers/common/sql/hooks/sql.py:263 UserWarning: pandas only supports SQLAlchemy connectable (engine/connection) or database string URI or sqlite3 DBAPI2 connection. Other DBAPI2 objects are not tested. Please consider using SQLAlchemy.
[2026-03-26T04:02:04.090+0000] {base.py:84} INFO - Using connection ID 'postgres' for task execution.
[2026-03-26T04:02:09.580+0000] {logging_mixin.py:188} INFO - Đã trích xuất và lưu bảng product_category_name_translation từ MySQL vào PostgreSQL public
[2026-03-26T04:02:09.582+0000] {base.py:84} INFO - Using connection ID 'mysql' for task execution.
[2026-03-26T04:02:09.586+0000] {logging_mixin.py:188} WARNING - /home/***/.local/lib/python3.10/site-packages/***/providers/common/sql/hooks/sql.py:263 UserWarning: pandas only supports SQLAlchemy connectable (engine/connection) or database string URI or sqlite3 DBAPI2 connection. Other DBAPI2 objects are not tested. Please consider using SQLAlchemy.
[2026-03-26T04:02:09.627+0000] {base.py:84} INFO - Using connection ID 'postgres' for task execution.
[2026-03-26T04:02:29.102+0000] {logging_mixin.py:188} INFO - Đã trích xuất và lưu bảng geolocation từ MySQL vào PostgreSQL public
[2026-03-26T04:02:29.122+0000] {base.py:84} INFO - Using connection ID 'mysql' for task execution.
[2026-03-26T04:02:29.202+0000] {logging_mixin.py:188} WARNING - /home/***/.local/lib/python3.10/site-packages/***/providers/common/sql/hooks/sql.py:263 UserWarning: pandas only supports SQLAlchemy connectable (engine/connection) or database string URI or sqlite3 DBAPI2 connection. Other DBAPI2 objects are not tested. Please consider using SQLAlchemy.
[2026-03-26T04:02:29.287+0000] {base.py:84} INFO - Using connection ID 'postgres' for task execution.
[2026-03-26T04:02:30.012+0000] {logging_mixin.py:188} INFO - Đã trích xuất và lưu bảng sellers từ MySQL vào PostgreSQL public
[2026-03-26T04:02:30.013+0000] {base.py:84} INFO - Using connection ID 'mysql' for task execution.
[2026-03-26T04:02:30.050+0000] {logging_mixin.py:188} WARNING - /home/***/.local/lib/python3.10/site-packages/***/providers/common/sql/hooks/sql.py:263 UserWarning: pandas only supports SQLAlchemy connectable (engine/connection) or database string URI or sqlite3 DBAPI2 connection. Other DBAPI2 objects are not tested. Please consider using SQLAlchemy.
[2026-03-26T04:02:30.762+0000] {base.py:84} INFO - Using connection ID 'postgres' for task execution.
[2026-03-26T04:02:33.132+0000] {taskinstance.py:441} INFO - ::group::Post task execution logs
[2026-03-26T04:02:33.147+0000] {taskinstance.py:2905} ERROR - Task failed with exception
Traceback (most recent call last):
  File "/home/airflow/.local/lib/python3.10/site-packages/sqlalchemy/engine/base.py", line 1910, in _execute_context
    self.dialect.do_execute(
  File "/home/airflow/.local/lib/python3.10/site-packages/sqlalchemy/engine/default.py", line 736, in do_execute
    cursor.execute(statement, parameters)
psycopg2.errors.UndefinedTable: table "stg_customers" does not exist


The above exception was the direct cause of the following exception:

Traceback (most recent call last):
  File "/home/airflow/.local/lib/python3.10/site-packages/airflow/models/taskinstance.py", line 465, in _execute_task
    result = _execute_callable(context=context, **execute_callable_kwargs)
  File "/home/airflow/.local/lib/python3.10/site-packages/airflow/models/taskinstance.py", line 432, in _execute_callable
    return execute_callable(context=context, **execute_callable_kwargs)
  File "/home/airflow/.local/lib/python3.10/site-packages/airflow/models/baseoperator.py", line 401, in wrapper
    return func(self, *args, **kwargs)
  File "/home/airflow/.local/lib/python3.10/site-packages/airflow/operators/python.py", line 235, in execute
    return_value = self.execute_callable()
  File "/home/airflow/.local/lib/python3.10/site-packages/airflow/operators/python.py", line 252, in execute_callable
    return self.python_callable(*self.op_args, **self.op_kwargs)
  File "/opt/airflow/dags/extract_data.py", line 33, in extract_and_load_to_staging
    staging_operator.save_data_to_postgres(
  File "/opt/airflow/plugins/postgresql_operator.py", line 25, in save_data_to_postgres
    df.to_sql(table_name, engine, schema=schema, if_exists=if_exists, index=False)
  File "/home/airflow/.local/lib/python3.10/site-packages/pandas/core/generic.py", line 2987, in to_sql
    return sql.to_sql(
  File "/home/airflow/.local/lib/python3.10/site-packages/pandas/io/sql.py", line 695, in to_sql
    return pandas_sql.to_sql(
  File "/home/airflow/.local/lib/python3.10/site-packages/pandas/io/sql.py", line 1728, in to_sql
    table = self.prep_table(
  File "/home/airflow/.local/lib/python3.10/site-packages/pandas/io/sql.py", line 1631, in prep_table
    table.create()
  File "/home/airflow/.local/lib/python3.10/site-packages/pandas/io/sql.py", line 831, in create
    self.pd_sql.drop_table(self.name, self.schema)
  File "/home/airflow/.local/lib/python3.10/site-packages/pandas/io/sql.py", line 1782, in drop_table
    self.get_table(table_name, schema).drop(bind=self.connectable)
  File "/home/airflow/.local/lib/python3.10/site-packages/sqlalchemy/sql/schema.py", line 979, in drop
    bind._run_ddl_visitor(ddl.SchemaDropper, self, checkfirst=checkfirst)
  File "/home/airflow/.local/lib/python3.10/site-packages/sqlalchemy/engine/base.py", line 3238, in _run_ddl_visitor
    conn._run_ddl_visitor(visitorcallable, element, **kwargs)
  File "/home/airflow/.local/lib/python3.10/site-packages/sqlalchemy/engine/base.py", line 2221, in _run_ddl_visitor
    visitorcallable(self.dialect, self, **kwargs).traverse_single(element)
  File "/home/airflow/.local/lib/python3.10/site-packages/sqlalchemy/sql/visitors.py", line 524, in traverse_single
    return meth(obj, **kw)
  File "/home/airflow/.local/lib/python3.10/site-packages/sqlalchemy/sql/ddl.py", line 1106, in visit_table
    self.connection.execute(DropTable(table))
  File "/home/airflow/.local/lib/python3.10/site-packages/sqlalchemy/engine/base.py", line 1385, in execute
    return meth(self, multiparams, params, _EMPTY_EXECUTION_OPTS)
  File "/home/airflow/.local/lib/python3.10/site-packages/sqlalchemy/sql/ddl.py", line 80, in _execute_on_connection
    return connection._execute_ddl(
  File "/home/airflow/.local/lib/python3.10/site-packages/sqlalchemy/engine/base.py", line 1477, in _execute_ddl
    ret = self._execute_context(
  File "/home/airflow/.local/lib/python3.10/site-packages/sqlalchemy/engine/base.py", line 1953, in _execute_context
    self._handle_dbapi_exception(
  File "/home/airflow/.local/lib/python3.10/site-packages/sqlalchemy/engine/base.py", line 2134, in _handle_dbapi_exception
    util.raise_(
  File "/home/airflow/.local/lib/python3.10/site-packages/sqlalchemy/util/compat.py", line 211, in raise_
    raise exception
  File "/home/airflow/.local/lib/python3.10/site-packages/sqlalchemy/engine/base.py", line 1910, in _execute_context
    self.dialect.do_execute(
  File "/home/airflow/.local/lib/python3.10/site-packages/sqlalchemy/engine/default.py", line 736, in do_execute
    cursor.execute(statement, parameters)
sqlalchemy.exc.ProgrammingError: (psycopg2.errors.UndefinedTable) table "stg_customers" does not exist

[SQL: 
DROP TABLE staging.stg_customers]
(Background on this error at: https://sqlalche.me/e/14/f405)
[2026-03-26T04:02:33.373+0000] {taskinstance.py:1206} INFO - Marking task as FAILED. dag_id=e_commerce_dw_etl, task_id=extract.extract_and_load_to_staging, run_id=scheduled__2024-11-20T00:00:00+00:00, execution_date=20241120T000000, start_date=20260326T040201, end_date=20260326T040233
[2026-03-26T04:02:34.322+0000] {standard_task_runner.py:110} ERROR - Failed to execute job 28 for task extract.extract_and_load_to_staging ((psycopg2.errors.UndefinedTable) table "stg_customers" does not exist

[SQL: 
DROP TABLE staging.stg_customers]
(Background on this error at: https://sqlalche.me/e/14/f405); 387)
[2026-03-26T04:02:34.639+0000] {local_task_job_runner.py:240} INFO - Task exited with return code 1
[2026-03-26T04:02:34.702+0000] {local_task_job_runner.py:222} INFO - ::endgroup::
