[2026-03-26T04:23:01.200+0000] {local_task_job_runner.py:120} INFO - ::group::Pre task execution logs
[2026-03-26T04:23:01.506+0000] {taskinstance.py:2076} INFO - Dependencies all met for dep_context=non-requeueable deps ti=<TaskInstance: e_commerce_dw_etl.transform.transform_dim_products scheduled__2025-09-12T00:00:00+00:00 [queued]>
[2026-03-26T04:23:01.630+0000] {taskinstance.py:2076} INFO - Dependencies all met for dep_context=requeueable deps ti=<TaskInstance: e_commerce_dw_etl.transform.transform_dim_products scheduled__2025-09-12T00:00:00+00:00 [queued]>
[2026-03-26T04:23:01.632+0000] {taskinstance.py:2306} INFO - Starting attempt 1 of 1
[2026-03-26T04:23:01.714+0000] {taskinstance.py:2330} INFO - Executing <Task(PythonOperator): transform.transform_dim_products> on 2025-09-12 00:00:00+00:00
[2026-03-26T04:23:01.773+0000] {standard_task_runner.py:63} INFO - Started process 2875 to run task
[2026-03-26T04:23:01.784+0000] {standard_task_runner.py:90} INFO - Running: ['***', 'tasks', 'run', 'e_commerce_dw_etl', 'transform.transform_dim_products', 'scheduled__2025-09-12T00:00:00+00:00', '--job-id', '753', '--raw', '--subdir', 'DAGS_FOLDER/e_commerce_dw_dag.py', '--cfg-path', '/tmp/tmpubhx7cp_']
[2026-03-26T04:23:01.829+0000] {standard_task_runner.py:91} INFO - Job 753: Subtask transform.transform_dim_products
[2026-03-26T04:23:02.330+0000] {task_command.py:426} INFO - Running <TaskInstance: e_commerce_dw_etl.transform.transform_dim_products scheduled__2025-09-12T00:00:00+00:00 [running]> on host 2d1a3218d35e
[2026-03-26T04:23:04.276+0000] {taskinstance.py:2648} INFO - Exporting env vars: AIRFLOW_CTX_DAG_OWNER='***' AIRFLOW_CTX_DAG_ID='e_commerce_dw_etl' AIRFLOW_CTX_TASK_ID='transform.transform_dim_products' AIRFLOW_CTX_EXECUTION_DATE='2025-09-12T00:00:00+00:00' AIRFLOW_CTX_TRY_NUMBER='1' AIRFLOW_CTX_DAG_RUN_ID='scheduled__2025-09-12T00:00:00+00:00'
[2026-03-26T04:23:04.282+0000] {taskinstance.py:430} INFO - ::endgroup::
[2026-03-26T04:23:04.379+0000] {crypto.py:82} WARNING - empty cryptography key - values will not be stored encrypted.
[2026-03-26T04:23:04.398+0000] {base.py:84} INFO - Using connection ID 'postgres' for task execution.
[2026-03-26T04:23:04.490+0000] {logging_mixin.py:188} WARNING - /home/***/.local/lib/python3.10/site-packages/***/providers/common/sql/hooks/sql.py:263 UserWarning: pandas only supports SQLAlchemy connectable (engine/connection) or database string URI or sqlite3 DBAPI2 connection. Other DBAPI2 objects are not tested. Please consider using SQLAlchemy.
[2026-03-26T04:23:04.520+0000] {base.py:84} INFO - Using connection ID 'postgres' for task execution.
[2026-03-26T04:23:04.535+0000] {logging_mixin.py:188} WARNING - /home/***/.local/lib/python3.10/site-packages/***/providers/common/sql/hooks/sql.py:263 UserWarning: pandas only supports SQLAlchemy connectable (engine/connection) or database string URI or sqlite3 DBAPI2 connection. Other DBAPI2 objects are not tested. Please consider using SQLAlchemy.
[2026-03-26T04:23:04.579+0000] {base.py:84} INFO - Using connection ID 'postgres' for task execution.
[2026-03-26T04:23:04.877+0000] {logging_mixin.py:188} INFO - Đã transform và lưu dữ liệu vào dim_products
[2026-03-26T04:23:04.878+0000] {python.py:237} INFO - Done. Returned value was: None
[2026-03-26T04:23:04.885+0000] {taskinstance.py:441} INFO - ::group::Post task execution logs
[2026-03-26T04:23:04.955+0000] {taskinstance.py:1206} INFO - Marking task as SUCCESS. dag_id=e_commerce_dw_etl, task_id=transform.transform_dim_products, run_id=scheduled__2025-09-12T00:00:00+00:00, execution_date=20250912T000000, start_date=20260326T042301, end_date=20260326T042304
[2026-03-26T04:23:05.201+0000] {local_task_job_runner.py:240} INFO - Task exited with return code 0
[2026-03-26T04:23:05.248+0000] {local_task_job_runner.py:222} INFO - ::endgroup::
