[2026-03-25T08:45:17.029+0000] {local_task_job_runner.py:120} INFO - ::group::Pre task execution logs
[2026-03-25T08:45:17.233+0000] {taskinstance.py:2076} INFO - Dependencies all met for dep_context=non-requeueable deps ti=<TaskInstance: e_commerce_dw_etl.extract.extract_and_load_to_staging scheduled__2025-10-16T00:00:00+00:00 [queued]>
[2026-03-25T08:45:17.269+0000] {taskinstance.py:2076} INFO - Dependencies all met for dep_context=requeueable deps ti=<TaskInstance: e_commerce_dw_etl.extract.extract_and_load_to_staging scheduled__2025-10-16T00:00:00+00:00 [queued]>
[2026-03-25T08:45:17.273+0000] {taskinstance.py:2306} INFO - Starting attempt 1 of 1
[2026-03-25T08:45:17.577+0000] {taskinstance.py:2330} INFO - Executing <Task(PythonOperator): extract.extract_and_load_to_staging> on 2025-10-16 00:00:00+00:00
[2026-03-25T08:45:17.595+0000] {standard_task_runner.py:63} INFO - Started process 1444 to run task
[2026-03-25T08:45:17.607+0000] {standard_task_runner.py:90} INFO - Running: ['***', 'tasks', 'run', 'e_commerce_dw_etl', 'extract.extract_and_load_to_staging', 'scheduled__2025-10-16T00:00:00+00:00', '--job-id', '373', '--raw', '--subdir', 'DAGS_FOLDER/e_commerce_dw_dag.py', '--cfg-path', '/tmp/tmp9wgg2mpg']
[2026-03-25T08:45:17.622+0000] {standard_task_runner.py:91} INFO - Job 373: Subtask extract.extract_and_load_to_staging
[2026-03-25T08:45:17.877+0000] {task_command.py:426} INFO - Running <TaskInstance: e_commerce_dw_etl.extract.extract_and_load_to_staging scheduled__2025-10-16T00:00:00+00:00 [running]> on host bcd9e4848a6d
[2026-03-25T08:45:18.076+0000] {taskinstance.py:2648} INFO - Exporting env vars: AIRFLOW_CTX_DAG_OWNER='***' AIRFLOW_CTX_DAG_ID='e_commerce_dw_etl' AIRFLOW_CTX_TASK_ID='extract.extract_and_load_to_staging' AIRFLOW_CTX_EXECUTION_DATE='2025-10-16T00:00:00+00:00' AIRFLOW_CTX_TRY_NUMBER='1' AIRFLOW_CTX_DAG_RUN_ID='scheduled__2025-10-16T00:00:00+00:00'
[2026-03-25T08:45:18.078+0000] {taskinstance.py:430} INFO - ::endgroup::
[2026-03-25T08:45:18.500+0000] {mysql_operator.py:13} ERROR - Can't connect to mysql database
[2026-03-25T08:45:18.528+0000] {taskinstance.py:441} INFO - ::group::Post task execution logs
[2026-03-25T08:45:18.554+0000] {taskinstance.py:2905} ERROR - Task failed with exception
Traceback (most recent call last):
  File "/home/airflow/.local/lib/python3.10/site-packages/airflow/models/taskinstance.py", line 465, in _execute_task
    result = _execute_callable(context=context, **execute_callable_kwargs)
  File "/home/airflow/.local/lib/python3.10/site-packages/airflow/models/taskinstance.py", line 432, in _execute_callable
    return execute_callable(context=context, **execute_callable_kwargs)
  File "/home/airflow/.local/lib/python3.10/site-packages/airflow/models/baseoperator.py", line 401, in wrapper
    return func(self, *args, **kwargs)
  File "/home/airflow/.local/lib/python3.10/site-packages/airflow/operators/python.py", line 235, in execute
    return_value = self.execute_callable()
  File "/home/airflow/.local/lib/python3.10/site-packages/airflow/operators/python.py", line 252, in execute_callable
    return self.python_callable(*self.op_args, **self.op_kwargs)
  File "/opt/airflow/dags/extract_data.py", line 30, in extract_and_load_to_staging
    df = source_operator.get_data_to_pd(f"SELECT * FROM {table}")
  File "/opt/airflow/plugins/mysql_operator.py", line 15, in get_data_to_pd
    return self.mysqlhook.get_pandas_df(query)
  File "/home/airflow/.local/lib/python3.10/site-packages/airflow/providers/common/sql/hooks/sql.py", line 262, in get_pandas_df
    with closing(self.get_conn()) as conn:
  File "/home/airflow/.local/lib/python3.10/site-packages/airflow/providers/mysql/hooks/mysql.py", line 188, in get_conn
    conn = self.connection or self.get_connection(getattr(self, self.conn_name_attr))
  File "/home/airflow/.local/lib/python3.10/site-packages/airflow/hooks/base.py", line 83, in get_connection
    conn = Connection.get_connection_from_secrets(conn_id)
  File "/home/airflow/.local/lib/python3.10/site-packages/airflow/models/connection.py", line 519, in get_connection_from_secrets
    raise AirflowNotFoundException(f"The conn_id `{conn_id}` isn't defined")
airflow.exceptions.AirflowNotFoundException: The conn_id `mysql` isn't defined
[2026-03-25T08:45:18.628+0000] {taskinstance.py:1206} INFO - Marking task as FAILED. dag_id=e_commerce_dw_etl, task_id=extract.extract_and_load_to_staging, run_id=scheduled__2025-10-16T00:00:00+00:00, execution_date=20251016T000000, start_date=20260325T084517, end_date=20260325T084518
[2026-03-25T08:45:18.817+0000] {standard_task_runner.py:110} ERROR - Failed to execute job 373 for task extract.extract_and_load_to_staging (The conn_id `mysql` isn't defined; 1444)
[2026-03-25T08:45:18.881+0000] {local_task_job_runner.py:240} INFO - Task exited with return code 1
[2026-03-25T08:45:18.960+0000] {taskinstance.py:3503} INFO - 0 downstream tasks scheduled from follow-on schedule check
[2026-03-25T08:45:18.974+0000] {local_task_job_runner.py:222} INFO - ::endgroup::
[2026-03-25T09:33:34.025+0000] {local_task_job_runner.py:120} INFO - ::group::Pre task execution logs
[2026-03-25T09:33:34.100+0000] {taskinstance.py:2076} INFO - Dependencies all met for dep_context=non-requeueable deps ti=<TaskInstance: e_commerce_dw_etl.extract.extract_and_load_to_staging scheduled__2025-10-16T00:00:00+00:00 [queued]>
[2026-03-25T09:33:34.125+0000] {taskinstance.py:2076} INFO - Dependencies all met for dep_context=requeueable deps ti=<TaskInstance: e_commerce_dw_etl.extract.extract_and_load_to_staging scheduled__2025-10-16T00:00:00+00:00 [queued]>
[2026-03-25T09:33:34.126+0000] {taskinstance.py:2306} INFO - Starting attempt 1 of 1
[2026-03-25T09:33:34.224+0000] {taskinstance.py:2330} INFO - Executing <Task(PythonOperator): extract.extract_and_load_to_staging> on 2025-10-16 00:00:00+00:00
[2026-03-25T09:33:34.238+0000] {standard_task_runner.py:63} INFO - Started process 1100 to run task
[2026-03-25T09:33:34.245+0000] {standard_task_runner.py:90} INFO - Running: ['***', 'tasks', 'run', 'e_commerce_dw_etl', 'extract.extract_and_load_to_staging', 'scheduled__2025-10-16T00:00:00+00:00', '--job-id', '362', '--raw', '--subdir', 'DAGS_FOLDER/e_commerce_dw_dag.py', '--cfg-path', '/tmp/tmp5fwbj17g']
[2026-03-25T09:33:34.251+0000] {standard_task_runner.py:91} INFO - Job 362: Subtask extract.extract_and_load_to_staging
[2026-03-25T09:33:34.399+0000] {task_command.py:426} INFO - Running <TaskInstance: e_commerce_dw_etl.extract.extract_and_load_to_staging scheduled__2025-10-16T00:00:00+00:00 [running]> on host 0d903260eca4
[2026-03-25T09:33:34.601+0000] {taskinstance.py:2648} INFO - Exporting env vars: AIRFLOW_CTX_DAG_OWNER='***' AIRFLOW_CTX_DAG_ID='e_commerce_dw_etl' AIRFLOW_CTX_TASK_ID='extract.extract_and_load_to_staging' AIRFLOW_CTX_EXECUTION_DATE='2025-10-16T00:00:00+00:00' AIRFLOW_CTX_TRY_NUMBER='1' AIRFLOW_CTX_DAG_RUN_ID='scheduled__2025-10-16T00:00:00+00:00'
[2026-03-25T09:33:34.604+0000] {taskinstance.py:430} INFO - ::endgroup::
[2026-03-25T09:33:34.978+0000] {mysql_operator.py:13} ERROR - Can't connect to mysql database
[2026-03-25T09:33:34.990+0000] {taskinstance.py:441} INFO - ::group::Post task execution logs
[2026-03-25T09:33:35.016+0000] {taskinstance.py:2905} ERROR - Task failed with exception
Traceback (most recent call last):
  File "/home/airflow/.local/lib/python3.10/site-packages/airflow/models/taskinstance.py", line 465, in _execute_task
    result = _execute_callable(context=context, **execute_callable_kwargs)
  File "/home/airflow/.local/lib/python3.10/site-packages/airflow/models/taskinstance.py", line 432, in _execute_callable
    return execute_callable(context=context, **execute_callable_kwargs)
  File "/home/airflow/.local/lib/python3.10/site-packages/airflow/models/baseoperator.py", line 401, in wrapper
    return func(self, *args, **kwargs)
  File "/home/airflow/.local/lib/python3.10/site-packages/airflow/operators/python.py", line 235, in execute
    return_value = self.execute_callable()
  File "/home/airflow/.local/lib/python3.10/site-packages/airflow/operators/python.py", line 252, in execute_callable
    return self.python_callable(*self.op_args, **self.op_kwargs)
  File "/opt/airflow/dags/extract_data.py", line 30, in extract_and_load_to_staging
    df = source_operator.get_data_to_pd(f"SELECT * FROM {table}")
  File "/opt/airflow/plugins/mysql_operator.py", line 15, in get_data_to_pd
    return self.mysqlhook.get_pandas_df(query)
  File "/home/airflow/.local/lib/python3.10/site-packages/airflow/providers/common/sql/hooks/sql.py", line 262, in get_pandas_df
    with closing(self.get_conn()) as conn:
  File "/home/airflow/.local/lib/python3.10/site-packages/airflow/providers/mysql/hooks/mysql.py", line 188, in get_conn
    conn = self.connection or self.get_connection(getattr(self, self.conn_name_attr))
  File "/home/airflow/.local/lib/python3.10/site-packages/airflow/hooks/base.py", line 83, in get_connection
    conn = Connection.get_connection_from_secrets(conn_id)
  File "/home/airflow/.local/lib/python3.10/site-packages/airflow/models/connection.py", line 519, in get_connection_from_secrets
    raise AirflowNotFoundException(f"The conn_id `{conn_id}` isn't defined")
airflow.exceptions.AirflowNotFoundException: The conn_id `mysql` isn't defined
[2026-03-25T09:33:35.041+0000] {taskinstance.py:1206} INFO - Marking task as FAILED. dag_id=e_commerce_dw_etl, task_id=extract.extract_and_load_to_staging, run_id=scheduled__2025-10-16T00:00:00+00:00, execution_date=20251016T000000, start_date=20260325T093334, end_date=20260325T093335
[2026-03-25T09:33:35.208+0000] {standard_task_runner.py:110} ERROR - Failed to execute job 362 for task extract.extract_and_load_to_staging (The conn_id `mysql` isn't defined; 1100)
[2026-03-25T09:33:35.251+0000] {local_task_job_runner.py:240} INFO - Task exited with return code 1
[2026-03-25T09:33:35.313+0000] {taskinstance.py:3503} INFO - 0 downstream tasks scheduled from follow-on schedule check
[2026-03-25T09:33:35.334+0000] {local_task_job_runner.py:222} INFO - ::endgroup::
[2026-03-25T11:00:32.259+0000] {local_task_job_runner.py:120} INFO - ::group::Pre task execution logs
[2026-03-25T11:00:32.332+0000] {taskinstance.py:2076} INFO - Dependencies all met for dep_context=non-requeueable deps ti=<TaskInstance: e_commerce_dw_etl.extract.extract_and_load_to_staging scheduled__2025-10-16T00:00:00+00:00 [queued]>
[2026-03-25T11:00:32.347+0000] {taskinstance.py:2076} INFO - Dependencies all met for dep_context=requeueable deps ti=<TaskInstance: e_commerce_dw_etl.extract.extract_and_load_to_staging scheduled__2025-10-16T00:00:00+00:00 [queued]>
[2026-03-25T11:00:32.348+0000] {taskinstance.py:2306} INFO - Starting attempt 1 of 1
[2026-03-25T11:00:32.495+0000] {taskinstance.py:2330} INFO - Executing <Task(PythonOperator): extract.extract_and_load_to_staging> on 2025-10-16 00:00:00+00:00
[2026-03-25T11:00:32.505+0000] {standard_task_runner.py:63} INFO - Started process 1263 to run task
[2026-03-25T11:00:32.513+0000] {standard_task_runner.py:90} INFO - Running: ['***', 'tasks', 'run', 'e_commerce_dw_etl', 'extract.extract_and_load_to_staging', 'scheduled__2025-10-16T00:00:00+00:00', '--job-id', '360', '--raw', '--subdir', 'DAGS_FOLDER/e_commerce_dw_dag.py', '--cfg-path', '/tmp/tmpixt0n0h1']
[2026-03-25T11:00:32.522+0000] {standard_task_runner.py:91} INFO - Job 360: Subtask extract.extract_and_load_to_staging
[2026-03-25T11:00:32.671+0000] {task_command.py:426} INFO - Running <TaskInstance: e_commerce_dw_etl.extract.extract_and_load_to_staging scheduled__2025-10-16T00:00:00+00:00 [running]> on host b7a6f340f223
[2026-03-25T11:00:32.829+0000] {taskinstance.py:2648} INFO - Exporting env vars: AIRFLOW_CTX_DAG_OWNER='***' AIRFLOW_CTX_DAG_ID='e_commerce_dw_etl' AIRFLOW_CTX_TASK_ID='extract.extract_and_load_to_staging' AIRFLOW_CTX_EXECUTION_DATE='2025-10-16T00:00:00+00:00' AIRFLOW_CTX_TRY_NUMBER='1' AIRFLOW_CTX_DAG_RUN_ID='scheduled__2025-10-16T00:00:00+00:00'
[2026-03-25T11:00:32.831+0000] {taskinstance.py:430} INFO - ::endgroup::
[2026-03-25T11:00:33.198+0000] {crypto.py:82} WARNING - empty cryptography key - values will not be stored encrypted.
[2026-03-25T11:00:33.200+0000] {base.py:84} INFO - Using connection ID 'mysql' for task execution.
[2026-03-25T11:00:37.075+0000] {mysql_operator.py:13} ERROR - Can't connect to mysql database
[2026-03-25T11:00:37.077+0000] {base.py:84} INFO - Using connection ID 'mysql' for task execution.
[2026-03-25T11:00:40.917+0000] {taskinstance.py:441} INFO - ::group::Post task execution logs
[2026-03-25T11:00:40.918+0000] {taskinstance.py:2905} ERROR - Task failed with exception
Traceback (most recent call last):
  File "/home/airflow/.local/lib/python3.10/site-packages/airflow/models/taskinstance.py", line 465, in _execute_task
    result = _execute_callable(context=context, **execute_callable_kwargs)
  File "/home/airflow/.local/lib/python3.10/site-packages/airflow/models/taskinstance.py", line 432, in _execute_callable
    return execute_callable(context=context, **execute_callable_kwargs)
  File "/home/airflow/.local/lib/python3.10/site-packages/airflow/models/baseoperator.py", line 401, in wrapper
    return func(self, *args, **kwargs)
  File "/home/airflow/.local/lib/python3.10/site-packages/airflow/operators/python.py", line 235, in execute
    return_value = self.execute_callable()
  File "/home/airflow/.local/lib/python3.10/site-packages/airflow/operators/python.py", line 252, in execute_callable
    return self.python_callable(*self.op_args, **self.op_kwargs)
  File "/opt/airflow/dags/extract_data.py", line 30, in extract_and_load_to_staging
    df = source_operator.get_data_to_pd(f"SELECT * FROM {table}")
  File "/opt/airflow/plugins/mysql_operator.py", line 15, in get_data_to_pd
    return self.mysqlhook.get_pandas_df(query)
  File "/home/airflow/.local/lib/python3.10/site-packages/airflow/providers/common/sql/hooks/sql.py", line 262, in get_pandas_df
    with closing(self.get_conn()) as conn:
  File "/home/airflow/.local/lib/python3.10/site-packages/airflow/providers/mysql/hooks/mysql.py", line 196, in get_conn
    return MySQLdb.connect(**conn_config)
  File "/home/airflow/.local/lib/python3.10/site-packages/MySQLdb/__init__.py", line 121, in Connect
    return Connection(*args, **kwargs)
  File "/home/airflow/.local/lib/python3.10/site-packages/MySQLdb/connections.py", line 195, in __init__
    super().__init__(*args, **kwargs2)
MySQLdb.OperationalError: (2005, "Unknown server host 'mysql' (-2)")
[2026-03-25T11:00:40.942+0000] {taskinstance.py:1206} INFO - Marking task as FAILED. dag_id=e_commerce_dw_etl, task_id=extract.extract_and_load_to_staging, run_id=scheduled__2025-10-16T00:00:00+00:00, execution_date=20251016T000000, start_date=20260325T110032, end_date=20260325T110040
[2026-03-25T11:00:40.956+0000] {standard_task_runner.py:110} ERROR - Failed to execute job 360 for task extract.extract_and_load_to_staging ((2005, "Unknown server host 'mysql' (-2)"); 1263)
[2026-03-25T11:00:40.975+0000] {local_task_job_runner.py:240} INFO - Task exited with return code 1
[2026-03-25T11:00:41.001+0000] {taskinstance.py:3503} INFO - 0 downstream tasks scheduled from follow-on schedule check
[2026-03-25T11:00:41.008+0000] {local_task_job_runner.py:222} INFO - ::endgroup::
[2026-03-25T11:20:10.862+0000] {local_task_job_runner.py:120} INFO - ::group::Pre task execution logs
[2026-03-25T11:20:10.910+0000] {taskinstance.py:2076} INFO - Dependencies all met for dep_context=non-requeueable deps ti=<TaskInstance: e_commerce_dw_etl.extract.extract_and_load_to_staging scheduled__2025-10-16T00:00:00+00:00 [queued]>
[2026-03-25T11:20:10.923+0000] {taskinstance.py:2076} INFO - Dependencies all met for dep_context=requeueable deps ti=<TaskInstance: e_commerce_dw_etl.extract.extract_and_load_to_staging scheduled__2025-10-16T00:00:00+00:00 [queued]>
[2026-03-25T11:20:10.924+0000] {taskinstance.py:2306} INFO - Starting attempt 1 of 1
[2026-03-25T11:20:10.951+0000] {taskinstance.py:2330} INFO - Executing <Task(PythonOperator): extract.extract_and_load_to_staging> on 2025-10-16 00:00:00+00:00
[2026-03-25T11:20:10.961+0000] {standard_task_runner.py:63} INFO - Started process 1290 to run task
[2026-03-25T11:20:10.965+0000] {standard_task_runner.py:90} INFO - Running: ['***', 'tasks', 'run', 'e_commerce_dw_etl', 'extract.extract_and_load_to_staging', 'scheduled__2025-10-16T00:00:00+00:00', '--job-id', '359', '--raw', '--subdir', 'DAGS_FOLDER/e_commerce_dw_dag.py', '--cfg-path', '/tmp/tmpiapnodap']
[2026-03-25T11:20:10.970+0000] {standard_task_runner.py:91} INFO - Job 359: Subtask extract.extract_and_load_to_staging
[2026-03-25T11:20:11.091+0000] {task_command.py:426} INFO - Running <TaskInstance: e_commerce_dw_etl.extract.extract_and_load_to_staging scheduled__2025-10-16T00:00:00+00:00 [running]> on host d26a046c4728
[2026-03-25T11:20:11.223+0000] {taskinstance.py:2648} INFO - Exporting env vars: AIRFLOW_CTX_DAG_OWNER='***' AIRFLOW_CTX_DAG_ID='e_commerce_dw_etl' AIRFLOW_CTX_TASK_ID='extract.extract_and_load_to_staging' AIRFLOW_CTX_EXECUTION_DATE='2025-10-16T00:00:00+00:00' AIRFLOW_CTX_TRY_NUMBER='1' AIRFLOW_CTX_DAG_RUN_ID='scheduled__2025-10-16T00:00:00+00:00'
[2026-03-25T11:20:11.225+0000] {taskinstance.py:430} INFO - ::endgroup::
[2026-03-25T11:20:11.497+0000] {base.py:84} INFO - Using connection ID 'mysql' for task execution.
[2026-03-25T11:20:15.475+0000] {mysql_operator.py:13} ERROR - Can't connect to mysql database
[2026-03-25T11:20:15.483+0000] {base.py:84} INFO - Using connection ID 'mysql' for task execution.
[2026-03-25T11:20:19.327+0000] {taskinstance.py:441} INFO - ::group::Post task execution logs
[2026-03-25T11:20:19.328+0000] {taskinstance.py:2905} ERROR - Task failed with exception
Traceback (most recent call last):
  File "/home/airflow/.local/lib/python3.10/site-packages/airflow/models/taskinstance.py", line 465, in _execute_task
    result = _execute_callable(context=context, **execute_callable_kwargs)
  File "/home/airflow/.local/lib/python3.10/site-packages/airflow/models/taskinstance.py", line 432, in _execute_callable
    return execute_callable(context=context, **execute_callable_kwargs)
  File "/home/airflow/.local/lib/python3.10/site-packages/airflow/models/baseoperator.py", line 401, in wrapper
    return func(self, *args, **kwargs)
  File "/home/airflow/.local/lib/python3.10/site-packages/airflow/operators/python.py", line 235, in execute
    return_value = self.execute_callable()
  File "/home/airflow/.local/lib/python3.10/site-packages/airflow/operators/python.py", line 252, in execute_callable
    return self.python_callable(*self.op_args, **self.op_kwargs)
  File "/opt/airflow/dags/extract_data.py", line 30, in extract_and_load_to_staging
    df = source_operator.get_data_to_pd(f"SELECT * FROM {table}")
  File "/opt/airflow/plugins/mysql_operator.py", line 15, in get_data_to_pd
    return self.mysqlhook.get_pandas_df(query)
  File "/home/airflow/.local/lib/python3.10/site-packages/airflow/providers/common/sql/hooks/sql.py", line 262, in get_pandas_df
    with closing(self.get_conn()) as conn:
  File "/home/airflow/.local/lib/python3.10/site-packages/airflow/providers/mysql/hooks/mysql.py", line 196, in get_conn
    return MySQLdb.connect(**conn_config)
  File "/home/airflow/.local/lib/python3.10/site-packages/MySQLdb/__init__.py", line 121, in Connect
    return Connection(*args, **kwargs)
  File "/home/airflow/.local/lib/python3.10/site-packages/MySQLdb/connections.py", line 195, in __init__
    super().__init__(*args, **kwargs2)
MySQLdb.OperationalError: (2005, "Unknown server host 'mysql' (-2)")
[2026-03-25T11:20:19.347+0000] {taskinstance.py:1206} INFO - Marking task as FAILED. dag_id=e_commerce_dw_etl, task_id=extract.extract_and_load_to_staging, run_id=scheduled__2025-10-16T00:00:00+00:00, execution_date=20251016T000000, start_date=20260325T112010, end_date=20260325T112019
[2026-03-25T11:20:19.397+0000] {standard_task_runner.py:110} ERROR - Failed to execute job 359 for task extract.extract_and_load_to_staging ((2005, "Unknown server host 'mysql' (-2)"); 1290)
[2026-03-25T11:20:19.432+0000] {local_task_job_runner.py:240} INFO - Task exited with return code 1
[2026-03-25T11:20:19.454+0000] {taskinstance.py:3503} INFO - 0 downstream tasks scheduled from follow-on schedule check
[2026-03-25T11:20:19.461+0000] {local_task_job_runner.py:222} INFO - ::endgroup::
[2026-03-25T11:43:00.524+0000] {local_task_job_runner.py:120} INFO - ::group::Pre task execution logs
[2026-03-25T11:43:00.574+0000] {taskinstance.py:2076} INFO - Dependencies all met for dep_context=non-requeueable deps ti=<TaskInstance: e_commerce_dw_etl.extract.extract_and_load_to_staging scheduled__2025-10-16T00:00:00+00:00 [queued]>
[2026-03-25T11:43:00.601+0000] {taskinstance.py:2076} INFO - Dependencies all met for dep_context=requeueable deps ti=<TaskInstance: e_commerce_dw_etl.extract.extract_and_load_to_staging scheduled__2025-10-16T00:00:00+00:00 [queued]>
[2026-03-25T11:43:00.603+0000] {taskinstance.py:2306} INFO - Starting attempt 1 of 1
[2026-03-25T11:43:00.630+0000] {taskinstance.py:2330} INFO - Executing <Task(PythonOperator): extract.extract_and_load_to_staging> on 2025-10-16 00:00:00+00:00
[2026-03-25T11:43:00.638+0000] {standard_task_runner.py:63} INFO - Started process 1134 to run task
[2026-03-25T11:43:00.644+0000] {standard_task_runner.py:90} INFO - Running: ['***', 'tasks', 'run', 'e_commerce_dw_etl', 'extract.extract_and_load_to_staging', 'scheduled__2025-10-16T00:00:00+00:00', '--job-id', '359', '--raw', '--subdir', 'DAGS_FOLDER/e_commerce_dw_dag.py', '--cfg-path', '/tmp/tmpjo13sx3a']
[2026-03-25T11:43:00.648+0000] {standard_task_runner.py:91} INFO - Job 359: Subtask extract.extract_and_load_to_staging
[2026-03-25T11:43:00.748+0000] {task_command.py:426} INFO - Running <TaskInstance: e_commerce_dw_etl.extract.extract_and_load_to_staging scheduled__2025-10-16T00:00:00+00:00 [running]> on host d9d1693fa74b
[2026-03-25T11:43:00.857+0000] {taskinstance.py:2648} INFO - Exporting env vars: AIRFLOW_CTX_DAG_OWNER='***' AIRFLOW_CTX_DAG_ID='e_commerce_dw_etl' AIRFLOW_CTX_TASK_ID='extract.extract_and_load_to_staging' AIRFLOW_CTX_EXECUTION_DATE='2025-10-16T00:00:00+00:00' AIRFLOW_CTX_TRY_NUMBER='1' AIRFLOW_CTX_DAG_RUN_ID='scheduled__2025-10-16T00:00:00+00:00'
[2026-03-25T11:43:00.859+0000] {taskinstance.py:430} INFO - ::endgroup::
[2026-03-25T11:43:01.038+0000] {base.py:84} INFO - Using connection ID 'mysql' for task execution.
[2026-03-25T11:43:01.055+0000] {base.py:84} INFO - Using connection ID 'mysql' for task execution.
[2026-03-25T11:43:01.065+0000] {logging_mixin.py:188} WARNING - /home/***/.local/lib/python3.10/site-packages/***/providers/common/sql/hooks/sql.py:263 UserWarning: pandas only supports SQLAlchemy connectable (engine/connection) or database string URI or sqlite3 DBAPI2 connection. Other DBAPI2 objects are not tested. Please consider using SQLAlchemy.
[2026-03-25T11:43:01.067+0000] {taskinstance.py:441} INFO - ::group::Post task execution logs
[2026-03-25T11:43:01.068+0000] {taskinstance.py:2905} ERROR - Task failed with exception
Traceback (most recent call last):
  File "/home/airflow/.local/lib/python3.10/site-packages/pandas/io/sql.py", line 2018, in execute
    cur.execute(*args, **kwargs)
  File "/home/airflow/.local/lib/python3.10/site-packages/MySQLdb/cursors.py", line 179, in execute
    res = self._query(mogrified_query)
  File "/home/airflow/.local/lib/python3.10/site-packages/MySQLdb/cursors.py", line 330, in _query
    db.query(q)
  File "/home/airflow/.local/lib/python3.10/site-packages/MySQLdb/connections.py", line 261, in query
    _mysql.connection.query(self, query)
MySQLdb.ProgrammingError: (1146, "Table 'olist.product_category_name_translation' doesn't exist")

The above exception was the direct cause of the following exception:

Traceback (most recent call last):
  File "/home/airflow/.local/lib/python3.10/site-packages/airflow/models/taskinstance.py", line 465, in _execute_task
    result = _execute_callable(context=context, **execute_callable_kwargs)
  File "/home/airflow/.local/lib/python3.10/site-packages/airflow/models/taskinstance.py", line 432, in _execute_callable
    return execute_callable(context=context, **execute_callable_kwargs)
  File "/home/airflow/.local/lib/python3.10/site-packages/airflow/models/baseoperator.py", line 401, in wrapper
    return func(self, *args, **kwargs)
  File "/home/airflow/.local/lib/python3.10/site-packages/airflow/operators/python.py", line 235, in execute
    return_value = self.execute_callable()
  File "/home/airflow/.local/lib/python3.10/site-packages/airflow/operators/python.py", line 252, in execute_callable
    return self.python_callable(*self.op_args, **self.op_kwargs)
  File "/opt/airflow/dags/extract_data.py", line 30, in extract_and_load_to_staging
    df = source_operator.get_data_to_pd(f"SELECT * FROM {table}")
  File "/opt/airflow/plugins/mysql_operator.py", line 15, in get_data_to_pd
    return self.mysqlhook.get_pandas_df(query)
  File "/home/airflow/.local/lib/python3.10/site-packages/airflow/providers/common/sql/hooks/sql.py", line 263, in get_pandas_df
    return psql.read_sql(sql, con=conn, params=parameters, **kwargs)
  File "/home/airflow/.local/lib/python3.10/site-packages/pandas/io/sql.py", line 564, in read_sql
    return pandas_sql.read_query(
  File "/home/airflow/.local/lib/python3.10/site-packages/pandas/io/sql.py", line 2078, in read_query
    cursor = self.execute(*args)
  File "/home/airflow/.local/lib/python3.10/site-packages/pandas/io/sql.py", line 2030, in execute
    raise ex from exc
pandas.errors.DatabaseError: Execution failed on sql 'SELECT * FROM product_category_name_translation': (1146, "Table 'olist.product_category_name_translation' doesn't exist")
[2026-03-25T11:43:01.101+0000] {taskinstance.py:1206} INFO - Marking task as FAILED. dag_id=e_commerce_dw_etl, task_id=extract.extract_and_load_to_staging, run_id=scheduled__2025-10-16T00:00:00+00:00, execution_date=20251016T000000, start_date=20260325T114300, end_date=20260325T114301
[2026-03-25T11:43:01.118+0000] {standard_task_runner.py:110} ERROR - Failed to execute job 359 for task extract.extract_and_load_to_staging (Execution failed on sql 'SELECT * FROM product_category_name_translation': (1146, "Table 'olist.product_category_name_translation' doesn't exist"); 1134)
[2026-03-25T11:43:01.139+0000] {local_task_job_runner.py:240} INFO - Task exited with return code 1
[2026-03-25T11:43:01.165+0000] {taskinstance.py:3503} INFO - 0 downstream tasks scheduled from follow-on schedule check
[2026-03-25T11:43:01.173+0000] {local_task_job_runner.py:222} INFO - ::endgroup::
[2026-03-25T13:58:16.034+0000] {local_task_job_runner.py:120} INFO - ::group::Pre task execution logs
[2026-03-25T13:58:16.076+0000] {taskinstance.py:2076} INFO - Dependencies all met for dep_context=non-requeueable deps ti=<TaskInstance: e_commerce_dw_etl.extract.extract_and_load_to_staging scheduled__2025-10-16T00:00:00+00:00 [queued]>
[2026-03-25T13:58:16.091+0000] {taskinstance.py:2076} INFO - Dependencies all met for dep_context=requeueable deps ti=<TaskInstance: e_commerce_dw_etl.extract.extract_and_load_to_staging scheduled__2025-10-16T00:00:00+00:00 [queued]>
[2026-03-25T13:58:16.092+0000] {taskinstance.py:2306} INFO - Starting attempt 1 of 1
[2026-03-25T13:58:16.193+0000] {taskinstance.py:2330} INFO - Executing <Task(PythonOperator): extract.extract_and_load_to_staging> on 2025-10-16 00:00:00+00:00
[2026-03-25T13:58:16.202+0000] {standard_task_runner.py:63} INFO - Started process 1222 to run task
[2026-03-25T13:58:16.210+0000] {standard_task_runner.py:90} INFO - Running: ['***', 'tasks', 'run', 'e_commerce_dw_etl', 'extract.extract_and_load_to_staging', 'scheduled__2025-10-16T00:00:00+00:00', '--job-id', '360', '--raw', '--subdir', 'DAGS_FOLDER/e_commerce_dw_dag.py', '--cfg-path', '/tmp/tmpbzidxrsd']
[2026-03-25T13:58:16.218+0000] {standard_task_runner.py:91} INFO - Job 360: Subtask extract.extract_and_load_to_staging
[2026-03-25T13:58:16.333+0000] {task_command.py:426} INFO - Running <TaskInstance: e_commerce_dw_etl.extract.extract_and_load_to_staging scheduled__2025-10-16T00:00:00+00:00 [running]> on host 85f4963e6238
[2026-03-25T13:58:16.613+0000] {taskinstance.py:2648} INFO - Exporting env vars: AIRFLOW_CTX_DAG_OWNER='***' AIRFLOW_CTX_DAG_ID='e_commerce_dw_etl' AIRFLOW_CTX_TASK_ID='extract.extract_and_load_to_staging' AIRFLOW_CTX_EXECUTION_DATE='2025-10-16T00:00:00+00:00' AIRFLOW_CTX_TRY_NUMBER='1' AIRFLOW_CTX_DAG_RUN_ID='scheduled__2025-10-16T00:00:00+00:00'
[2026-03-25T13:58:16.629+0000] {taskinstance.py:430} INFO - ::endgroup::
[2026-03-25T13:58:16.959+0000] {base.py:84} INFO - Using connection ID 'mysql' for task execution.
[2026-03-25T13:58:16.987+0000] {base.py:84} INFO - Using connection ID 'mysql' for task execution.
[2026-03-25T13:58:17.002+0000] {logging_mixin.py:188} WARNING - /home/***/.local/lib/python3.10/site-packages/***/providers/common/sql/hooks/sql.py:263 UserWarning: pandas only supports SQLAlchemy connectable (engine/connection) or database string URI or sqlite3 DBAPI2 connection. Other DBAPI2 objects are not tested. Please consider using SQLAlchemy.
[2026-03-25T13:58:17.025+0000] {taskinstance.py:441} INFO - ::group::Post task execution logs
[2026-03-25T13:58:17.041+0000] {taskinstance.py:2905} ERROR - Task failed with exception
Traceback (most recent call last):
  File "/home/airflow/.local/lib/python3.10/site-packages/airflow/models/taskinstance.py", line 465, in _execute_task
    result = _execute_callable(context=context, **execute_callable_kwargs)
  File "/home/airflow/.local/lib/python3.10/site-packages/airflow/models/taskinstance.py", line 432, in _execute_callable
    return execute_callable(context=context, **execute_callable_kwargs)
  File "/home/airflow/.local/lib/python3.10/site-packages/airflow/models/baseoperator.py", line 401, in wrapper
    return func(self, *args, **kwargs)
  File "/home/airflow/.local/lib/python3.10/site-packages/airflow/operators/python.py", line 235, in execute
    return_value = self.execute_callable()
  File "/home/airflow/.local/lib/python3.10/site-packages/airflow/operators/python.py", line 252, in execute_callable
    return self.python_callable(*self.op_args, **self.op_kwargs)
  File "/opt/airflow/dags/extract_data.py", line 33, in extract_and_load_to_staging
    staging_operator.save_data_to_postgres(
  File "/opt/airflow/plugins/postgresql_operator.py", line 17, in save_data_to_postgres
    conn = self.hook.get_uri()
  File "/home/airflow/.local/lib/python3.10/site-packages/airflow/providers/postgres/hooks/postgres.py", line 204, in get_uri
    return self.sqlalchemy_url.render_as_string(hide_password=False)
  File "/home/airflow/.local/lib/python3.10/site-packages/airflow/providers/postgres/hooks/postgres.py", line 119, in sqlalchemy_url
    conn = self.get_connection(getattr(self, self.conn_name_attr))
  File "/home/airflow/.local/lib/python3.10/site-packages/airflow/hooks/base.py", line 83, in get_connection
    conn = Connection.get_connection_from_secrets(conn_id)
  File "/home/airflow/.local/lib/python3.10/site-packages/airflow/models/connection.py", line 519, in get_connection_from_secrets
    raise AirflowNotFoundException(f"The conn_id `{conn_id}` isn't defined")
airflow.exceptions.AirflowNotFoundException: The conn_id `postgres` isn't defined
[2026-03-25T13:58:17.065+0000] {taskinstance.py:1206} INFO - Marking task as FAILED. dag_id=e_commerce_dw_etl, task_id=extract.extract_and_load_to_staging, run_id=scheduled__2025-10-16T00:00:00+00:00, execution_date=20251016T000000, start_date=20260325T135816, end_date=20260325T135817
[2026-03-25T13:58:17.097+0000] {standard_task_runner.py:110} ERROR - Failed to execute job 360 for task extract.extract_and_load_to_staging (The conn_id `postgres` isn't defined; 1222)
[2026-03-25T13:58:17.163+0000] {local_task_job_runner.py:240} INFO - Task exited with return code 1
[2026-03-25T13:58:17.220+0000] {taskinstance.py:3503} INFO - 0 downstream tasks scheduled from follow-on schedule check
[2026-03-25T13:58:17.233+0000] {local_task_job_runner.py:222} INFO - ::endgroup::
[2026-03-26T04:23:14.046+0000] {local_task_job_runner.py:120} INFO - ::group::Pre task execution logs
[2026-03-26T04:23:14.299+0000] {taskinstance.py:2076} INFO - Dependencies all met for dep_context=non-requeueable deps ti=<TaskInstance: e_commerce_dw_etl.extract.extract_and_load_to_staging scheduled__2025-10-16T00:00:00+00:00 [queued]>
[2026-03-26T04:23:14.341+0000] {taskinstance.py:2076} INFO - Dependencies all met for dep_context=requeueable deps ti=<TaskInstance: e_commerce_dw_etl.extract.extract_and_load_to_staging scheduled__2025-10-16T00:00:00+00:00 [queued]>
[2026-03-26T04:23:14.343+0000] {taskinstance.py:2306} INFO - Starting attempt 1 of 1
[2026-03-26T04:23:14.650+0000] {taskinstance.py:2330} INFO - Executing <Task(PythonOperator): extract.extract_and_load_to_staging> on 2025-10-16 00:00:00+00:00
[2026-03-26T04:23:14.702+0000] {standard_task_runner.py:63} INFO - Started process 2906 to run task
[2026-03-26T04:23:14.706+0000] {standard_task_runner.py:90} INFO - Running: ['***', 'tasks', 'run', 'e_commerce_dw_etl', 'extract.extract_and_load_to_staging', 'scheduled__2025-10-16T00:00:00+00:00', '--job-id', '763', '--raw', '--subdir', 'DAGS_FOLDER/e_commerce_dw_dag.py', '--cfg-path', '/tmp/tmpnzqo4vyk']
[2026-03-26T04:23:14.727+0000] {standard_task_runner.py:91} INFO - Job 763: Subtask extract.extract_and_load_to_staging
[2026-03-26T04:23:15.074+0000] {task_command.py:426} INFO - Running <TaskInstance: e_commerce_dw_etl.extract.extract_and_load_to_staging scheduled__2025-10-16T00:00:00+00:00 [running]> on host 2d1a3218d35e
[2026-03-26T04:23:16.312+0000] {taskinstance.py:2648} INFO - Exporting env vars: AIRFLOW_CTX_DAG_OWNER='***' AIRFLOW_CTX_DAG_ID='e_commerce_dw_etl' AIRFLOW_CTX_TASK_ID='extract.extract_and_load_to_staging' AIRFLOW_CTX_EXECUTION_DATE='2025-10-16T00:00:00+00:00' AIRFLOW_CTX_TRY_NUMBER='1' AIRFLOW_CTX_DAG_RUN_ID='scheduled__2025-10-16T00:00:00+00:00'
[2026-03-26T04:23:16.314+0000] {taskinstance.py:430} INFO - ::endgroup::
[2026-03-26T04:23:16.359+0000] {crypto.py:82} WARNING - empty cryptography key - values will not be stored encrypted.
[2026-03-26T04:23:16.365+0000] {base.py:84} INFO - Using connection ID 'mysql' for task execution.
[2026-03-26T04:23:16.396+0000] {base.py:84} INFO - Using connection ID 'mysql' for task execution.
[2026-03-26T04:23:16.427+0000] {logging_mixin.py:188} WARNING - /home/***/.local/lib/python3.10/site-packages/***/providers/common/sql/hooks/sql.py:263 UserWarning: pandas only supports SQLAlchemy connectable (engine/connection) or database string URI or sqlite3 DBAPI2 connection. Other DBAPI2 objects are not tested. Please consider using SQLAlchemy.
[2026-03-26T04:23:16.442+0000] {base.py:84} INFO - Using connection ID 'postgres' for task execution.
[2026-03-26T04:23:16.698+0000] {logging_mixin.py:188} INFO - Đã trích xuất và lưu bảng product_category_name_translation từ MySQL vào PostgreSQL public
[2026-03-26T04:23:16.702+0000] {base.py:84} INFO - Using connection ID 'mysql' for task execution.
[2026-03-26T04:23:16.713+0000] {logging_mixin.py:188} WARNING - /home/***/.local/lib/python3.10/site-packages/***/providers/common/sql/hooks/sql.py:263 UserWarning: pandas only supports SQLAlchemy connectable (engine/connection) or database string URI or sqlite3 DBAPI2 connection. Other DBAPI2 objects are not tested. Please consider using SQLAlchemy.
[2026-03-26T04:23:16.880+0000] {base.py:84} INFO - Using connection ID 'postgres' for task execution.
[2026-03-26T04:23:18.834+0000] {logging_mixin.py:188} INFO - Đã trích xuất và lưu bảng geolocation từ MySQL vào PostgreSQL public
[2026-03-26T04:23:18.836+0000] {base.py:84} INFO - Using connection ID 'mysql' for task execution.
[2026-03-26T04:23:18.844+0000] {logging_mixin.py:188} WARNING - /home/***/.local/lib/python3.10/site-packages/***/providers/common/sql/hooks/sql.py:263 UserWarning: pandas only supports SQLAlchemy connectable (engine/connection) or database string URI or sqlite3 DBAPI2 connection. Other DBAPI2 objects are not tested. Please consider using SQLAlchemy.
[2026-03-26T04:23:18.875+0000] {base.py:84} INFO - Using connection ID 'postgres' for task execution.
[2026-03-26T04:23:19.454+0000] {logging_mixin.py:188} INFO - Đã trích xuất và lưu bảng sellers từ MySQL vào PostgreSQL public
[2026-03-26T04:23:19.457+0000] {base.py:84} INFO - Using connection ID 'mysql' for task execution.
[2026-03-26T04:23:19.469+0000] {logging_mixin.py:188} WARNING - /home/***/.local/lib/python3.10/site-packages/***/providers/common/sql/hooks/sql.py:263 UserWarning: pandas only supports SQLAlchemy connectable (engine/connection) or database string URI or sqlite3 DBAPI2 connection. Other DBAPI2 objects are not tested. Please consider using SQLAlchemy.
[2026-03-26T04:23:20.098+0000] {base.py:84} INFO - Using connection ID 'postgres' for task execution.
[2026-03-26T04:23:32.408+0000] {logging_mixin.py:188} INFO - Đã trích xuất và lưu bảng customers từ MySQL vào PostgreSQL public
[2026-03-26T04:23:32.415+0000] {base.py:84} INFO - Using connection ID 'mysql' for task execution.
[2026-03-26T04:23:32.448+0000] {logging_mixin.py:188} WARNING - /home/***/.local/lib/python3.10/site-packages/***/providers/common/sql/hooks/sql.py:263 UserWarning: pandas only supports SQLAlchemy connectable (engine/connection) or database string URI or sqlite3 DBAPI2 connection. Other DBAPI2 objects are not tested. Please consider using SQLAlchemy.
[2026-03-26T04:23:32.988+0000] {base.py:84} INFO - Using connection ID 'postgres' for task execution.
[2026-03-26T04:23:39.035+0000] {logging_mixin.py:188} INFO - Đã trích xuất và lưu bảng products từ MySQL vào PostgreSQL public
[2026-03-26T04:23:39.053+0000] {base.py:84} INFO - Using connection ID 'mysql' for task execution.
[2026-03-26T04:23:39.063+0000] {logging_mixin.py:188} WARNING - /home/***/.local/lib/python3.10/site-packages/***/providers/common/sql/hooks/sql.py:263 UserWarning: pandas only supports SQLAlchemy connectable (engine/connection) or database string URI or sqlite3 DBAPI2 connection. Other DBAPI2 objects are not tested. Please consider using SQLAlchemy.
[2026-03-26T04:23:43.691+0000] {base.py:84} INFO - Using connection ID 'postgres' for task execution.
[2026-03-26T04:24:22.713+0000] {logging_mixin.py:188} INFO - Đã trích xuất và lưu bảng orders từ MySQL vào PostgreSQL public
[2026-03-26T04:24:22.723+0000] {base.py:84} INFO - Using connection ID 'mysql' for task execution.
[2026-03-26T04:24:22.748+0000] {logging_mixin.py:188} WARNING - /home/***/.local/lib/python3.10/site-packages/***/providers/common/sql/hooks/sql.py:263 UserWarning: pandas only supports SQLAlchemy connectable (engine/connection) or database string URI or sqlite3 DBAPI2 connection. Other DBAPI2 objects are not tested. Please consider using SQLAlchemy.
[2026-03-26T04:24:26.217+0000] {base.py:84} INFO - Using connection ID 'postgres' for task execution.
[2026-03-26T04:24:40.565+0000] {logging_mixin.py:188} INFO - Đã trích xuất và lưu bảng order_items từ MySQL vào PostgreSQL public
[2026-03-26T04:24:40.571+0000] {base.py:84} INFO - Using connection ID 'mysql' for task execution.
[2026-03-26T04:24:40.576+0000] {logging_mixin.py:188} WARNING - /home/***/.local/lib/python3.10/site-packages/***/providers/common/sql/hooks/sql.py:263 UserWarning: pandas only supports SQLAlchemy connectable (engine/connection) or database string URI or sqlite3 DBAPI2 connection. Other DBAPI2 objects are not tested. Please consider using SQLAlchemy.
[2026-03-26T04:24:41.152+0000] {base.py:84} INFO - Using connection ID 'postgres' for task execution.
[2026-03-26T04:24:48.011+0000] {logging_mixin.py:188} INFO - Đã trích xuất và lưu bảng payments từ MySQL vào PostgreSQL public
[2026-03-26T04:24:48.028+0000] {base.py:84} INFO - Using connection ID 'mysql' for task execution.
[2026-03-26T04:24:48.049+0000] {logging_mixin.py:188} WARNING - /home/***/.local/lib/python3.10/site-packages/***/providers/common/sql/hooks/sql.py:263 UserWarning: pandas only supports SQLAlchemy connectable (engine/connection) or database string URI or sqlite3 DBAPI2 connection. Other DBAPI2 objects are not tested. Please consider using SQLAlchemy.
[2026-03-26T04:24:51.595+0000] {base.py:84} INFO - Using connection ID 'postgres' for task execution.
[2026-03-26T04:25:00.377+0000] {logging_mixin.py:188} INFO - Đã trích xuất và lưu bảng order_reviews từ MySQL vào PostgreSQL public
[2026-03-26T04:25:00.404+0000] {python.py:237} INFO - Done. Returned value was: None
[2026-03-26T04:25:00.405+0000] {taskinstance.py:441} INFO - ::group::Post task execution logs
[2026-03-26T04:25:00.423+0000] {taskinstance.py:1206} INFO - Marking task as SUCCESS. dag_id=e_commerce_dw_etl, task_id=extract.extract_and_load_to_staging, run_id=scheduled__2025-10-16T00:00:00+00:00, execution_date=20251016T000000, start_date=20260326T042314, end_date=20260326T042500
[2026-03-26T04:25:00.482+0000] {local_task_job_runner.py:240} INFO - Task exited with return code 0
[2026-03-26T04:25:00.532+0000] {taskinstance.py:3503} INFO - 6 downstream tasks scheduled from follow-on schedule check
[2026-03-26T04:25:00.535+0000] {local_task_job_runner.py:222} INFO - ::endgroup::
