[2026-03-26T03:42:54.977+0000] {local_task_job_runner.py:120} INFO - ::group::Pre task execution logs
[2026-03-26T03:42:55.223+0000] {taskinstance.py:2076} INFO - Dependencies all met for dep_context=non-requeueable deps ti=<TaskInstance: e_commerce_dw_etl.transform.transform_dim_sellers scheduled__2025-02-05T00:00:00+00:00 [queued]>
[2026-03-26T03:42:55.280+0000] {taskinstance.py:2076} INFO - Dependencies all met for dep_context=requeueable deps ti=<TaskInstance: e_commerce_dw_etl.transform.transform_dim_sellers scheduled__2025-02-05T00:00:00+00:00 [queued]>
[2026-03-26T03:42:55.291+0000] {taskinstance.py:2306} INFO - Starting attempt 1 of 1
[2026-03-26T03:42:55.379+0000] {taskinstance.py:2330} INFO - Executing <Task(PythonOperator): transform.transform_dim_sellers> on 2025-02-05 00:00:00+00:00
[2026-03-26T03:42:55.411+0000] {standard_task_runner.py:63} INFO - Started process 2010 to run task
[2026-03-26T03:42:55.425+0000] {standard_task_runner.py:90} INFO - Running: ['***', 'tasks', 'run', 'e_commerce_dw_etl', 'transform.transform_dim_sellers', 'scheduled__2025-02-05T00:00:00+00:00', '--job-id', '636', '--raw', '--subdir', 'DAGS_FOLDER/e_commerce_dw_dag.py', '--cfg-path', '/tmp/tmpz59om9au']
[2026-03-26T03:42:55.452+0000] {standard_task_runner.py:91} INFO - Job 636: Subtask transform.transform_dim_sellers
[2026-03-26T03:42:55.728+0000] {task_command.py:426} INFO - Running <TaskInstance: e_commerce_dw_etl.transform.transform_dim_sellers scheduled__2025-02-05T00:00:00+00:00 [running]> on host 031edd3e030e
[2026-03-26T03:42:57.065+0000] {taskinstance.py:2648} INFO - Exporting env vars: AIRFLOW_CTX_DAG_OWNER='***' AIRFLOW_CTX_DAG_ID='e_commerce_dw_etl' AIRFLOW_CTX_TASK_ID='transform.transform_dim_sellers' AIRFLOW_CTX_EXECUTION_DATE='2025-02-05T00:00:00+00:00' AIRFLOW_CTX_TRY_NUMBER='1' AIRFLOW_CTX_DAG_RUN_ID='scheduled__2025-02-05T00:00:00+00:00'
[2026-03-26T03:42:57.088+0000] {taskinstance.py:430} INFO - ::endgroup::
[2026-03-26T03:42:57.225+0000] {crypto.py:82} WARNING - empty cryptography key - values will not be stored encrypted.
[2026-03-26T03:42:57.227+0000] {base.py:84} INFO - Using connection ID 'postgres' for task execution.
[2026-03-26T03:42:57.277+0000] {logging_mixin.py:188} WARNING - /home/***/.local/lib/python3.10/site-packages/***/providers/common/sql/hooks/sql.py:263 UserWarning: pandas only supports SQLAlchemy connectable (engine/connection) or database string URI or sqlite3 DBAPI2 connection. Other DBAPI2 objects are not tested. Please consider using SQLAlchemy.
[2026-03-26T03:42:57.340+0000] {base.py:84} INFO - Using connection ID 'postgres' for task execution.
[2026-03-26T03:42:57.623+0000] {logging_mixin.py:188} INFO - Đã transform và lưu dữ liệu vào dim_sellers
[2026-03-26T03:42:57.624+0000] {python.py:237} INFO - Done. Returned value was: None
[2026-03-26T03:42:57.635+0000] {taskinstance.py:441} INFO - ::group::Post task execution logs
[2026-03-26T03:42:57.667+0000] {taskinstance.py:1206} INFO - Marking task as SUCCESS. dag_id=e_commerce_dw_etl, task_id=transform.transform_dim_sellers, run_id=scheduled__2025-02-05T00:00:00+00:00, execution_date=20250205T000000, start_date=20260326T034255, end_date=20260326T034257
[2026-03-26T03:42:57.804+0000] {local_task_job_runner.py:240} INFO - Task exited with return code 0
[2026-03-26T03:42:57.905+0000] {taskinstance.py:3503} INFO - 0 downstream tasks scheduled from follow-on schedule check
[2026-03-26T03:42:57.913+0000] {local_task_job_runner.py:222} INFO - ::endgroup::
[2026-03-26T04:09:03.875+0000] {local_task_job_runner.py:120} INFO - ::group::Pre task execution logs
[2026-03-26T04:09:04.184+0000] {taskinstance.py:2076} INFO - Dependencies all met for dep_context=non-requeueable deps ti=<TaskInstance: e_commerce_dw_etl.transform.transform_dim_sellers scheduled__2025-02-05T00:00:00+00:00 [queued]>
[2026-03-26T04:09:04.294+0000] {taskinstance.py:2076} INFO - Dependencies all met for dep_context=requeueable deps ti=<TaskInstance: e_commerce_dw_etl.transform.transform_dim_sellers scheduled__2025-02-05T00:00:00+00:00 [queued]>
[2026-03-26T04:09:04.299+0000] {taskinstance.py:2306} INFO - Starting attempt 1 of 1
[2026-03-26T04:09:05.242+0000] {taskinstance.py:2330} INFO - Executing <Task(PythonOperator): transform.transform_dim_sellers> on 2025-02-05 00:00:00+00:00
[2026-03-26T04:09:05.305+0000] {standard_task_runner.py:63} INFO - Started process 1157 to run task
[2026-03-26T04:09:05.329+0000] {standard_task_runner.py:90} INFO - Running: ['***', 'tasks', 'run', 'e_commerce_dw_etl', 'transform.transform_dim_sellers', 'scheduled__2025-02-05T00:00:00+00:00', '--job-id', '239', '--raw', '--subdir', 'DAGS_FOLDER/e_commerce_dw_dag.py', '--cfg-path', '/tmp/tmpy9yhuyy3']
[2026-03-26T04:09:05.349+0000] {standard_task_runner.py:91} INFO - Job 239: Subtask transform.transform_dim_sellers
[2026-03-26T04:09:05.676+0000] {task_command.py:426} INFO - Running <TaskInstance: e_commerce_dw_etl.transform.transform_dim_sellers scheduled__2025-02-05T00:00:00+00:00 [running]> on host 2d1a3218d35e
[2026-03-26T04:09:07.052+0000] {taskinstance.py:2648} INFO - Exporting env vars: AIRFLOW_CTX_DAG_OWNER='***' AIRFLOW_CTX_DAG_ID='e_commerce_dw_etl' AIRFLOW_CTX_TASK_ID='transform.transform_dim_sellers' AIRFLOW_CTX_EXECUTION_DATE='2025-02-05T00:00:00+00:00' AIRFLOW_CTX_TRY_NUMBER='1' AIRFLOW_CTX_DAG_RUN_ID='scheduled__2025-02-05T00:00:00+00:00'
[2026-03-26T04:09:07.057+0000] {taskinstance.py:430} INFO - ::endgroup::
[2026-03-26T04:09:07.105+0000] {crypto.py:82} WARNING - empty cryptography key - values will not be stored encrypted.
[2026-03-26T04:09:07.110+0000] {base.py:84} INFO - Using connection ID 'postgres' for task execution.
[2026-03-26T04:09:07.177+0000] {logging_mixin.py:188} WARNING - /home/***/.local/lib/python3.10/site-packages/***/providers/common/sql/hooks/sql.py:263 UserWarning: pandas only supports SQLAlchemy connectable (engine/connection) or database string URI or sqlite3 DBAPI2 connection. Other DBAPI2 objects are not tested. Please consider using SQLAlchemy.
[2026-03-26T04:09:07.267+0000] {base.py:84} INFO - Using connection ID 'postgres' for task execution.
[2026-03-26T04:09:08.295+0000] {logging_mixin.py:188} INFO - Đã transform và lưu dữ liệu vào dim_sellers
[2026-03-26T04:09:08.308+0000] {python.py:237} INFO - Done. Returned value was: None
[2026-03-26T04:09:08.318+0000] {taskinstance.py:441} INFO - ::group::Post task execution logs
[2026-03-26T04:09:08.359+0000] {taskinstance.py:1206} INFO - Marking task as SUCCESS. dag_id=e_commerce_dw_etl, task_id=transform.transform_dim_sellers, run_id=scheduled__2025-02-05T00:00:00+00:00, execution_date=20250205T000000, start_date=20260326T040904, end_date=20260326T040908
[2026-03-26T04:09:08.519+0000] {local_task_job_runner.py:240} INFO - Task exited with return code 0
[2026-03-26T04:09:08.563+0000] {local_task_job_runner.py:222} INFO - ::endgroup::
