[2026-03-26T04:03:38.213+0000] {local_task_job_runner.py:120} INFO - ::group::Pre task execution logs
[2026-03-26T04:03:38.299+0000] {taskinstance.py:2076} INFO - Dependencies all met for dep_context=non-requeueable deps ti=<TaskInstance: e_commerce_dw_etl.transform.transform_dim_payments scheduled__2024-10-27T00:00:00+00:00 [queued]>
[2026-03-26T04:03:38.350+0000] {taskinstance.py:2076} INFO - Dependencies all met for dep_context=requeueable deps ti=<TaskInstance: e_commerce_dw_etl.transform.transform_dim_payments scheduled__2024-10-27T00:00:00+00:00 [queued]>
[2026-03-26T04:03:38.357+0000] {taskinstance.py:2306} INFO - Starting attempt 1 of 1
[2026-03-26T04:03:38.465+0000] {taskinstance.py:2330} INFO - Executing <Task(PythonOperator): transform.transform_dim_payments> on 2024-10-27 00:00:00+00:00
[2026-03-26T04:03:38.514+0000] {standard_task_runner.py:63} INFO - Started process 521 to run task
[2026-03-26T04:03:38.519+0000] {standard_task_runner.py:90} INFO - Running: ['***', 'tasks', 'run', 'e_commerce_dw_etl', 'transform.transform_dim_payments', 'scheduled__2024-10-27T00:00:00+00:00', '--job-id', '57', '--raw', '--subdir', 'DAGS_FOLDER/e_commerce_dw_dag.py', '--cfg-path', '/tmp/tmpuim8f7ci']
[2026-03-26T04:03:38.542+0000] {standard_task_runner.py:91} INFO - Job 57: Subtask transform.transform_dim_payments
[2026-03-26T04:03:38.762+0000] {task_command.py:426} INFO - Running <TaskInstance: e_commerce_dw_etl.transform.transform_dim_payments scheduled__2024-10-27T00:00:00+00:00 [running]> on host 2d1a3218d35e
[2026-03-26T04:03:39.067+0000] {taskinstance.py:2648} INFO - Exporting env vars: AIRFLOW_CTX_DAG_OWNER='***' AIRFLOW_CTX_DAG_ID='e_commerce_dw_etl' AIRFLOW_CTX_TASK_ID='transform.transform_dim_payments' AIRFLOW_CTX_EXECUTION_DATE='2024-10-27T00:00:00+00:00' AIRFLOW_CTX_TRY_NUMBER='1' AIRFLOW_CTX_DAG_RUN_ID='scheduled__2024-10-27T00:00:00+00:00'
[2026-03-26T04:03:39.073+0000] {taskinstance.py:430} INFO - ::endgroup::
[2026-03-26T04:03:39.742+0000] {crypto.py:82} WARNING - empty cryptography key - values will not be stored encrypted.
[2026-03-26T04:03:39.746+0000] {base.py:84} INFO - Using connection ID 'postgres' for task execution.
[2026-03-26T04:03:39.832+0000] {logging_mixin.py:188} WARNING - /home/***/.local/lib/python3.10/site-packages/***/providers/common/sql/hooks/sql.py:263 UserWarning: pandas only supports SQLAlchemy connectable (engine/connection) or database string URI or sqlite3 DBAPI2 connection. Other DBAPI2 objects are not tested. Please consider using SQLAlchemy.
[2026-03-26T04:03:41.069+0000] {base.py:84} INFO - Using connection ID 'postgres' for task execution.
[2026-03-26T04:03:41.630+0000] {logging_mixin.py:188} INFO - Đã transform và lưu dữ liệu vào dim_payments
[2026-03-26T04:03:41.632+0000] {python.py:237} INFO - Done. Returned value was: None
[2026-03-26T04:03:41.651+0000] {taskinstance.py:441} INFO - ::group::Post task execution logs
[2026-03-26T04:03:41.693+0000] {taskinstance.py:1206} INFO - Marking task as SUCCESS. dag_id=e_commerce_dw_etl, task_id=transform.transform_dim_payments, run_id=scheduled__2024-10-27T00:00:00+00:00, execution_date=20241027T000000, start_date=20260326T040338, end_date=20260326T040341
[2026-03-26T04:03:41.992+0000] {local_task_job_runner.py:240} INFO - Task exited with return code 0
[2026-03-26T04:03:42.033+0000] {local_task_job_runner.py:222} INFO - ::endgroup::
