[2026-03-26T03:39:04.767+0000] {local_task_job_runner.py:120} INFO - ::group::Pre task execution logs
[2026-03-26T03:39:04.980+0000] {taskinstance.py:2076} INFO - Dependencies all met for dep_context=non-requeueable deps ti=<TaskInstance: e_commerce_dw_etl.transform.transform_dim_payments scheduled__2024-11-05T00:00:00+00:00 [queued]>
[2026-03-26T03:39:05.048+0000] {taskinstance.py:2076} INFO - Dependencies all met for dep_context=requeueable deps ti=<TaskInstance: e_commerce_dw_etl.transform.transform_dim_payments scheduled__2024-11-05T00:00:00+00:00 [queued]>
[2026-03-26T03:39:05.054+0000] {taskinstance.py:2306} INFO - Starting attempt 1 of 1
[2026-03-26T03:39:05.172+0000] {taskinstance.py:2330} INFO - Executing <Task(PythonOperator): transform.transform_dim_payments> on 2024-11-05 00:00:00+00:00
[2026-03-26T03:39:05.225+0000] {standard_task_runner.py:63} INFO - Started process 662 to run task
[2026-03-26T03:39:05.247+0000] {standard_task_runner.py:90} INFO - Running: ['***', 'tasks', 'run', 'e_commerce_dw_etl', 'transform.transform_dim_payments', 'scheduled__2024-11-05T00:00:00+00:00', '--job-id', '68', '--raw', '--subdir', 'DAGS_FOLDER/e_commerce_dw_dag.py', '--cfg-path', '/tmp/tmp4j6hqh9w']
[2026-03-26T03:39:05.265+0000] {standard_task_runner.py:91} INFO - Job 68: Subtask transform.transform_dim_payments
[2026-03-26T03:39:05.608+0000] {task_command.py:426} INFO - Running <TaskInstance: e_commerce_dw_etl.transform.transform_dim_payments scheduled__2024-11-05T00:00:00+00:00 [running]> on host 031edd3e030e
[2026-03-26T03:39:06.469+0000] {taskinstance.py:2648} INFO - Exporting env vars: AIRFLOW_CTX_DAG_OWNER='***' AIRFLOW_CTX_DAG_ID='e_commerce_dw_etl' AIRFLOW_CTX_TASK_ID='transform.transform_dim_payments' AIRFLOW_CTX_EXECUTION_DATE='2024-11-05T00:00:00+00:00' AIRFLOW_CTX_TRY_NUMBER='1' AIRFLOW_CTX_DAG_RUN_ID='scheduled__2024-11-05T00:00:00+00:00'
[2026-03-26T03:39:06.477+0000] {taskinstance.py:430} INFO - ::endgroup::
[2026-03-26T03:39:07.259+0000] {crypto.py:82} WARNING - empty cryptography key - values will not be stored encrypted.
[2026-03-26T03:39:07.267+0000] {base.py:84} INFO - Using connection ID 'postgres' for task execution.
[2026-03-26T03:39:07.328+0000] {logging_mixin.py:188} WARNING - /home/***/.local/lib/python3.10/site-packages/***/providers/common/sql/hooks/sql.py:263 UserWarning: pandas only supports SQLAlchemy connectable (engine/connection) or database string URI or sqlite3 DBAPI2 connection. Other DBAPI2 objects are not tested. Please consider using SQLAlchemy.
[2026-03-26T03:39:07.354+0000] {base.py:84} INFO - Using connection ID 'postgres' for task execution.
[2026-03-26T03:39:07.544+0000] {logging_mixin.py:188} INFO - Đã transform và lưu dữ liệu vào dim_payments
[2026-03-26T03:39:07.545+0000] {python.py:237} INFO - Done. Returned value was: None
[2026-03-26T03:39:07.547+0000] {taskinstance.py:441} INFO - ::group::Post task execution logs
[2026-03-26T03:39:07.583+0000] {taskinstance.py:1206} INFO - Marking task as SUCCESS. dag_id=e_commerce_dw_etl, task_id=transform.transform_dim_payments, run_id=scheduled__2024-11-05T00:00:00+00:00, execution_date=20241105T000000, start_date=20260326T033904, end_date=20260326T033907
[2026-03-26T03:39:07.851+0000] {local_task_job_runner.py:240} INFO - Task exited with return code 0
[2026-03-26T03:39:08.043+0000] {taskinstance.py:3503} INFO - 0 downstream tasks scheduled from follow-on schedule check
[2026-03-26T03:39:08.051+0000] {local_task_job_runner.py:222} INFO - ::endgroup::
