[2026-03-26T03:39:02.364+0000] {local_task_job_runner.py:120} INFO - ::group::Pre task execution logs
[2026-03-26T03:39:02.500+0000] {taskinstance.py:2076} INFO - Dependencies all met for dep_context=non-requeueable deps ti=<TaskInstance: e_commerce_dw_etl.transform.transform_dim_payments scheduled__2024-11-03T00:00:00+00:00 [queued]>
[2026-03-26T03:39:02.534+0000] {taskinstance.py:2076} INFO - Dependencies all met for dep_context=requeueable deps ti=<TaskInstance: e_commerce_dw_etl.transform.transform_dim_payments scheduled__2024-11-03T00:00:00+00:00 [queued]>
[2026-03-26T03:39:02.550+0000] {taskinstance.py:2306} INFO - Starting attempt 1 of 1
[2026-03-26T03:39:02.851+0000] {taskinstance.py:2330} INFO - Executing <Task(PythonOperator): transform.transform_dim_payments> on 2024-11-03 00:00:00+00:00
[2026-03-26T03:39:02.888+0000] {standard_task_runner.py:63} INFO - Started process 648 to run task
[2026-03-26T03:39:02.913+0000] {standard_task_runner.py:90} INFO - Running: ['***', 'tasks', 'run', 'e_commerce_dw_etl', 'transform.transform_dim_payments', 'scheduled__2024-11-03T00:00:00+00:00', '--job-id', '56', '--raw', '--subdir', 'DAGS_FOLDER/e_commerce_dw_dag.py', '--cfg-path', '/tmp/tmpk6mzayyo']
[2026-03-26T03:39:02.931+0000] {standard_task_runner.py:91} INFO - Job 56: Subtask transform.transform_dim_payments
[2026-03-26T03:39:03.759+0000] {task_command.py:426} INFO - Running <TaskInstance: e_commerce_dw_etl.transform.transform_dim_payments scheduled__2024-11-03T00:00:00+00:00 [running]> on host 031edd3e030e
[2026-03-26T03:39:04.257+0000] {taskinstance.py:2648} INFO - Exporting env vars: AIRFLOW_CTX_DAG_OWNER='***' AIRFLOW_CTX_DAG_ID='e_commerce_dw_etl' AIRFLOW_CTX_TASK_ID='transform.transform_dim_payments' AIRFLOW_CTX_EXECUTION_DATE='2024-11-03T00:00:00+00:00' AIRFLOW_CTX_TRY_NUMBER='1' AIRFLOW_CTX_DAG_RUN_ID='scheduled__2024-11-03T00:00:00+00:00'
[2026-03-26T03:39:04.263+0000] {taskinstance.py:430} INFO - ::endgroup::
[2026-03-26T03:39:05.107+0000] {crypto.py:82} WARNING - empty cryptography key - values will not be stored encrypted.
[2026-03-26T03:39:05.111+0000] {base.py:84} INFO - Using connection ID 'postgres' for task execution.
[2026-03-26T03:39:05.208+0000] {logging_mixin.py:188} WARNING - /home/***/.local/lib/python3.10/site-packages/***/providers/common/sql/hooks/sql.py:263 UserWarning: pandas only supports SQLAlchemy connectable (engine/connection) or database string URI or sqlite3 DBAPI2 connection. Other DBAPI2 objects are not tested. Please consider using SQLAlchemy.
[2026-03-26T03:39:05.278+0000] {base.py:84} INFO - Using connection ID 'postgres' for task execution.
[2026-03-26T03:39:05.558+0000] {logging_mixin.py:188} INFO - Đã transform và lưu dữ liệu vào dim_payments
[2026-03-26T03:39:05.559+0000] {python.py:237} INFO - Done. Returned value was: None
[2026-03-26T03:39:05.561+0000] {taskinstance.py:441} INFO - ::group::Post task execution logs
[2026-03-26T03:39:05.600+0000] {taskinstance.py:1206} INFO - Marking task as SUCCESS. dag_id=e_commerce_dw_etl, task_id=transform.transform_dim_payments, run_id=scheduled__2024-11-03T00:00:00+00:00, execution_date=20241103T000000, start_date=20260326T033902, end_date=20260326T033905
[2026-03-26T03:39:05.785+0000] {local_task_job_runner.py:240} INFO - Task exited with return code 0
[2026-03-26T03:39:05.850+0000] {local_task_job_runner.py:222} INFO - ::endgroup::
