[2026-03-25T08:41:21.860+0000] {local_task_job_runner.py:120} INFO - ::group::Pre task execution logs
[2026-03-25T08:41:21.917+0000] {taskinstance.py:2076} INFO - Dependencies all met for dep_context=non-requeueable deps ti=<TaskInstance: e_commerce_dw_etl.extract.extract_and_load_to_staging scheduled__2024-10-30T00:00:00+00:00 [queued]>
[2026-03-25T08:41:21.935+0000] {taskinstance.py:2076} INFO - Dependencies all met for dep_context=requeueable deps ti=<TaskInstance: e_commerce_dw_etl.extract.extract_and_load_to_staging scheduled__2024-10-30T00:00:00+00:00 [queued]>
[2026-03-25T08:41:21.945+0000] {taskinstance.py:2306} INFO - Starting attempt 1 of 1
[2026-03-25T08:41:21.982+0000] {taskinstance.py:2330} INFO - Executing <Task(PythonOperator): extract.extract_and_load_to_staging> on 2024-10-30 00:00:00+00:00
[2026-03-25T08:41:22.000+0000] {standard_task_runner.py:63} INFO - Started process 527 to run task
[2026-03-25T08:41:22.005+0000] {standard_task_runner.py:90} INFO - Running: ['***', 'tasks', 'run', 'e_commerce_dw_etl', 'extract.extract_and_load_to_staging', 'scheduled__2024-10-30T00:00:00+00:00', '--job-id', '19', '--raw', '--subdir', 'DAGS_FOLDER/e_commerce_dw_dag.py', '--cfg-path', '/tmp/tmpzofx2vhw']
[2026-03-25T08:41:22.024+0000] {standard_task_runner.py:91} INFO - Job 19: Subtask extract.extract_and_load_to_staging
[2026-03-25T08:41:22.204+0000] {task_command.py:426} INFO - Running <TaskInstance: e_commerce_dw_etl.extract.extract_and_load_to_staging scheduled__2024-10-30T00:00:00+00:00 [running]> on host bcd9e4848a6d
[2026-03-25T08:41:22.413+0000] {taskinstance.py:2648} INFO - Exporting env vars: AIRFLOW_CTX_DAG_OWNER='***' AIRFLOW_CTX_DAG_ID='e_commerce_dw_etl' AIRFLOW_CTX_TASK_ID='extract.extract_and_load_to_staging' AIRFLOW_CTX_EXECUTION_DATE='2024-10-30T00:00:00+00:00' AIRFLOW_CTX_TRY_NUMBER='1' AIRFLOW_CTX_DAG_RUN_ID='scheduled__2024-10-30T00:00:00+00:00'
[2026-03-25T08:41:22.421+0000] {taskinstance.py:430} INFO - ::endgroup::
[2026-03-25T08:41:23.068+0000] {mysql_operator.py:13} ERROR - Can't connect to mysql database
[2026-03-25T08:41:23.114+0000] {taskinstance.py:441} INFO - ::group::Post task execution logs
[2026-03-25T08:41:23.150+0000] {taskinstance.py:2905} ERROR - Task failed with exception
Traceback (most recent call last):
  File "/home/airflow/.local/lib/python3.10/site-packages/airflow/models/taskinstance.py", line 465, in _execute_task
    result = _execute_callable(context=context, **execute_callable_kwargs)
  File "/home/airflow/.local/lib/python3.10/site-packages/airflow/models/taskinstance.py", line 432, in _execute_callable
    return execute_callable(context=context, **execute_callable_kwargs)
  File "/home/airflow/.local/lib/python3.10/site-packages/airflow/models/baseoperator.py", line 401, in wrapper
    return func(self, *args, **kwargs)
  File "/home/airflow/.local/lib/python3.10/site-packages/airflow/operators/python.py", line 235, in execute
    return_value = self.execute_callable()
  File "/home/airflow/.local/lib/python3.10/site-packages/airflow/operators/python.py", line 252, in execute_callable
    return self.python_callable(*self.op_args, **self.op_kwargs)
  File "/opt/airflow/dags/extract_data.py", line 30, in extract_and_load_to_staging
    df = source_operator.get_data_to_pd(f"SELECT * FROM {table}")
  File "/opt/airflow/plugins/mysql_operator.py", line 15, in get_data_to_pd
    return self.mysqlhook.get_pandas_df(query)
  File "/home/airflow/.local/lib/python3.10/site-packages/airflow/providers/common/sql/hooks/sql.py", line 262, in get_pandas_df
    with closing(self.get_conn()) as conn:
  File "/home/airflow/.local/lib/python3.10/site-packages/airflow/providers/mysql/hooks/mysql.py", line 188, in get_conn
    conn = self.connection or self.get_connection(getattr(self, self.conn_name_attr))
  File "/home/airflow/.local/lib/python3.10/site-packages/airflow/hooks/base.py", line 83, in get_connection
    conn = Connection.get_connection_from_secrets(conn_id)
  File "/home/airflow/.local/lib/python3.10/site-packages/airflow/models/connection.py", line 519, in get_connection_from_secrets
    raise AirflowNotFoundException(f"The conn_id `{conn_id}` isn't defined")
airflow.exceptions.AirflowNotFoundException: The conn_id `mysql` isn't defined
[2026-03-25T08:41:23.194+0000] {taskinstance.py:1206} INFO - Marking task as FAILED. dag_id=e_commerce_dw_etl, task_id=extract.extract_and_load_to_staging, run_id=scheduled__2024-10-30T00:00:00+00:00, execution_date=20241030T000000, start_date=20260325T084121, end_date=20260325T084123
[2026-03-25T08:41:23.221+0000] {standard_task_runner.py:110} ERROR - Failed to execute job 19 for task extract.extract_and_load_to_staging (The conn_id `mysql` isn't defined; 527)
[2026-03-25T08:41:23.259+0000] {local_task_job_runner.py:240} INFO - Task exited with return code 1
[2026-03-25T08:41:23.329+0000] {taskinstance.py:3503} INFO - 0 downstream tasks scheduled from follow-on schedule check
[2026-03-25T08:41:23.342+0000] {local_task_job_runner.py:222} INFO - ::endgroup::
[2026-03-25T09:30:05.757+0000] {local_task_job_runner.py:120} INFO - ::group::Pre task execution logs
[2026-03-25T09:30:05.868+0000] {taskinstance.py:2076} INFO - Dependencies all met for dep_context=non-requeueable deps ti=<TaskInstance: e_commerce_dw_etl.extract.extract_and_load_to_staging scheduled__2024-10-30T00:00:00+00:00 [queued]>
[2026-03-25T09:30:05.885+0000] {taskinstance.py:2076} INFO - Dependencies all met for dep_context=requeueable deps ti=<TaskInstance: e_commerce_dw_etl.extract.extract_and_load_to_staging scheduled__2024-10-30T00:00:00+00:00 [queued]>
[2026-03-25T09:30:05.886+0000] {taskinstance.py:2306} INFO - Starting attempt 1 of 1
[2026-03-25T09:30:05.967+0000] {taskinstance.py:2330} INFO - Executing <Task(PythonOperator): extract.extract_and_load_to_staging> on 2024-10-30 00:00:00+00:00
[2026-03-25T09:30:05.984+0000] {standard_task_runner.py:63} INFO - Started process 217 to run task
[2026-03-25T09:30:05.991+0000] {standard_task_runner.py:90} INFO - Running: ['***', 'tasks', 'run', 'e_commerce_dw_etl', 'extract.extract_and_load_to_staging', 'scheduled__2024-10-30T00:00:00+00:00', '--job-id', '11', '--raw', '--subdir', 'DAGS_FOLDER/e_commerce_dw_dag.py', '--cfg-path', '/tmp/tmps1_2k81q']
[2026-03-25T09:30:06.001+0000] {standard_task_runner.py:91} INFO - Job 11: Subtask extract.extract_and_load_to_staging
[2026-03-25T09:30:06.211+0000] {task_command.py:426} INFO - Running <TaskInstance: e_commerce_dw_etl.extract.extract_and_load_to_staging scheduled__2024-10-30T00:00:00+00:00 [running]> on host 0d903260eca4
[2026-03-25T09:30:06.451+0000] {taskinstance.py:2648} INFO - Exporting env vars: AIRFLOW_CTX_DAG_OWNER='***' AIRFLOW_CTX_DAG_ID='e_commerce_dw_etl' AIRFLOW_CTX_TASK_ID='extract.extract_and_load_to_staging' AIRFLOW_CTX_EXECUTION_DATE='2024-10-30T00:00:00+00:00' AIRFLOW_CTX_TRY_NUMBER='1' AIRFLOW_CTX_DAG_RUN_ID='scheduled__2024-10-30T00:00:00+00:00'
[2026-03-25T09:30:06.454+0000] {taskinstance.py:430} INFO - ::endgroup::
[2026-03-25T09:30:06.816+0000] {mysql_operator.py:13} ERROR - Can't connect to mysql database
[2026-03-25T09:30:06.831+0000] {taskinstance.py:441} INFO - ::group::Post task execution logs
[2026-03-25T09:30:06.852+0000] {taskinstance.py:2905} ERROR - Task failed with exception
Traceback (most recent call last):
  File "/home/airflow/.local/lib/python3.10/site-packages/airflow/models/taskinstance.py", line 465, in _execute_task
    result = _execute_callable(context=context, **execute_callable_kwargs)
  File "/home/airflow/.local/lib/python3.10/site-packages/airflow/models/taskinstance.py", line 432, in _execute_callable
    return execute_callable(context=context, **execute_callable_kwargs)
  File "/home/airflow/.local/lib/python3.10/site-packages/airflow/models/baseoperator.py", line 401, in wrapper
    return func(self, *args, **kwargs)
  File "/home/airflow/.local/lib/python3.10/site-packages/airflow/operators/python.py", line 235, in execute
    return_value = self.execute_callable()
  File "/home/airflow/.local/lib/python3.10/site-packages/airflow/operators/python.py", line 252, in execute_callable
    return self.python_callable(*self.op_args, **self.op_kwargs)
  File "/opt/airflow/dags/extract_data.py", line 30, in extract_and_load_to_staging
    df = source_operator.get_data_to_pd(f"SELECT * FROM {table}")
  File "/opt/airflow/plugins/mysql_operator.py", line 15, in get_data_to_pd
    return self.mysqlhook.get_pandas_df(query)
  File "/home/airflow/.local/lib/python3.10/site-packages/airflow/providers/common/sql/hooks/sql.py", line 262, in get_pandas_df
    with closing(self.get_conn()) as conn:
  File "/home/airflow/.local/lib/python3.10/site-packages/airflow/providers/mysql/hooks/mysql.py", line 188, in get_conn
    conn = self.connection or self.get_connection(getattr(self, self.conn_name_attr))
  File "/home/airflow/.local/lib/python3.10/site-packages/airflow/hooks/base.py", line 83, in get_connection
    conn = Connection.get_connection_from_secrets(conn_id)
  File "/home/airflow/.local/lib/python3.10/site-packages/airflow/models/connection.py", line 519, in get_connection_from_secrets
    raise AirflowNotFoundException(f"The conn_id `{conn_id}` isn't defined")
airflow.exceptions.AirflowNotFoundException: The conn_id `mysql` isn't defined
[2026-03-25T09:30:06.882+0000] {taskinstance.py:1206} INFO - Marking task as FAILED. dag_id=e_commerce_dw_etl, task_id=extract.extract_and_load_to_staging, run_id=scheduled__2024-10-30T00:00:00+00:00, execution_date=20241030T000000, start_date=20260325T093005, end_date=20260325T093006
[2026-03-25T09:30:06.987+0000] {standard_task_runner.py:110} ERROR - Failed to execute job 11 for task extract.extract_and_load_to_staging (The conn_id `mysql` isn't defined; 217)
[2026-03-25T09:30:07.046+0000] {local_task_job_runner.py:240} INFO - Task exited with return code 1
[2026-03-25T09:30:07.071+0000] {local_task_job_runner.py:222} INFO - ::endgroup::
[2026-03-25T10:19:33.940+0000] {local_task_job_runner.py:120} INFO - ::group::Pre task execution logs
[2026-03-25T10:19:34.098+0000] {taskinstance.py:2076} INFO - Dependencies all met for dep_context=non-requeueable deps ti=<TaskInstance: e_commerce_dw_etl.extract.extract_and_load_to_staging scheduled__2024-10-30T00:00:00+00:00 [queued]>
[2026-03-25T10:19:34.144+0000] {taskinstance.py:2076} INFO - Dependencies all met for dep_context=requeueable deps ti=<TaskInstance: e_commerce_dw_etl.extract.extract_and_load_to_staging scheduled__2024-10-30T00:00:00+00:00 [queued]>
[2026-03-25T10:19:34.149+0000] {taskinstance.py:2306} INFO - Starting attempt 1 of 1
[2026-03-25T10:19:34.608+0000] {taskinstance.py:2330} INFO - Executing <Task(PythonOperator): extract.extract_and_load_to_staging> on 2024-10-30 00:00:00+00:00
[2026-03-25T10:19:34.642+0000] {standard_task_runner.py:63} INFO - Started process 252 to run task
[2026-03-25T10:19:34.668+0000] {standard_task_runner.py:90} INFO - Running: ['***', 'tasks', 'run', 'e_commerce_dw_etl', 'extract.extract_and_load_to_staging', 'scheduled__2024-10-30T00:00:00+00:00', '--job-id', '7', '--raw', '--subdir', 'DAGS_FOLDER/e_commerce_dw_dag.py', '--cfg-path', '/tmp/tmpcvycu8jq']
[2026-03-25T10:19:34.710+0000] {standard_task_runner.py:91} INFO - Job 7: Subtask extract.extract_and_load_to_staging
[2026-03-25T10:19:35.159+0000] {task_command.py:426} INFO - Running <TaskInstance: e_commerce_dw_etl.extract.extract_and_load_to_staging scheduled__2024-10-30T00:00:00+00:00 [running]> on host 1f1ff5b841ce
[2026-03-25T10:19:36.154+0000] {taskinstance.py:2648} INFO - Exporting env vars: AIRFLOW_CTX_DAG_OWNER='***' AIRFLOW_CTX_DAG_ID='e_commerce_dw_etl' AIRFLOW_CTX_TASK_ID='extract.extract_and_load_to_staging' AIRFLOW_CTX_EXECUTION_DATE='2024-10-30T00:00:00+00:00' AIRFLOW_CTX_TRY_NUMBER='1' AIRFLOW_CTX_DAG_RUN_ID='scheduled__2024-10-30T00:00:00+00:00'
[2026-03-25T10:19:36.163+0000] {taskinstance.py:430} INFO - ::endgroup::
[2026-03-25T10:19:37.250+0000] {crypto.py:82} WARNING - empty cryptography key - values will not be stored encrypted.
[2026-03-25T10:19:37.257+0000] {base.py:84} INFO - Using connection ID 'mysql' for task execution.
[2026-03-25T10:19:41.198+0000] {mysql_operator.py:13} ERROR - Can't connect to mysql database
[2026-03-25T10:19:41.201+0000] {base.py:84} INFO - Using connection ID 'mysql' for task execution.
[2026-03-25T10:19:45.046+0000] {taskinstance.py:441} INFO - ::group::Post task execution logs
[2026-03-25T10:19:45.047+0000] {taskinstance.py:2905} ERROR - Task failed with exception
Traceback (most recent call last):
  File "/home/airflow/.local/lib/python3.10/site-packages/airflow/models/taskinstance.py", line 465, in _execute_task
    result = _execute_callable(context=context, **execute_callable_kwargs)
  File "/home/airflow/.local/lib/python3.10/site-packages/airflow/models/taskinstance.py", line 432, in _execute_callable
    return execute_callable(context=context, **execute_callable_kwargs)
  File "/home/airflow/.local/lib/python3.10/site-packages/airflow/models/baseoperator.py", line 401, in wrapper
    return func(self, *args, **kwargs)
  File "/home/airflow/.local/lib/python3.10/site-packages/airflow/operators/python.py", line 235, in execute
    return_value = self.execute_callable()
  File "/home/airflow/.local/lib/python3.10/site-packages/airflow/operators/python.py", line 252, in execute_callable
    return self.python_callable(*self.op_args, **self.op_kwargs)
  File "/opt/airflow/dags/extract_data.py", line 30, in extract_and_load_to_staging
    df = source_operator.get_data_to_pd(f"SELECT * FROM {table}")
  File "/opt/airflow/plugins/mysql_operator.py", line 15, in get_data_to_pd
    return self.mysqlhook.get_pandas_df(query)
  File "/home/airflow/.local/lib/python3.10/site-packages/airflow/providers/common/sql/hooks/sql.py", line 262, in get_pandas_df
    with closing(self.get_conn()) as conn:
  File "/home/airflow/.local/lib/python3.10/site-packages/airflow/providers/mysql/hooks/mysql.py", line 196, in get_conn
    return MySQLdb.connect(**conn_config)
  File "/home/airflow/.local/lib/python3.10/site-packages/MySQLdb/__init__.py", line 121, in Connect
    return Connection(*args, **kwargs)
  File "/home/airflow/.local/lib/python3.10/site-packages/MySQLdb/connections.py", line 195, in __init__
    super().__init__(*args, **kwargs2)
MySQLdb.OperationalError: (2005, "Unknown server host 'mysql' (-2)")
[2026-03-25T10:19:45.067+0000] {taskinstance.py:1206} INFO - Marking task as FAILED. dag_id=e_commerce_dw_etl, task_id=extract.extract_and_load_to_staging, run_id=scheduled__2024-10-30T00:00:00+00:00, execution_date=20241030T000000, start_date=20260325T101934, end_date=20260325T101945
[2026-03-25T10:19:45.093+0000] {standard_task_runner.py:110} ERROR - Failed to execute job 7 for task extract.extract_and_load_to_staging ((2005, "Unknown server host 'mysql' (-2)"); 252)
[2026-03-25T10:19:45.108+0000] {local_task_job_runner.py:240} INFO - Task exited with return code 1
[2026-03-25T10:19:45.131+0000] {taskinstance.py:3503} INFO - 0 downstream tasks scheduled from follow-on schedule check
[2026-03-25T10:19:45.311+0000] {local_task_job_runner.py:222} INFO - ::endgroup::
[2026-03-25T10:54:16.369+0000] {local_task_job_runner.py:120} INFO - ::group::Pre task execution logs
[2026-03-25T10:54:16.437+0000] {taskinstance.py:2076} INFO - Dependencies all met for dep_context=non-requeueable deps ti=<TaskInstance: e_commerce_dw_etl.extract.extract_and_load_to_staging scheduled__2024-10-30T00:00:00+00:00 [queued]>
[2026-03-25T10:54:16.447+0000] {taskinstance.py:2076} INFO - Dependencies all met for dep_context=requeueable deps ti=<TaskInstance: e_commerce_dw_etl.extract.extract_and_load_to_staging scheduled__2024-10-30T00:00:00+00:00 [queued]>
[2026-03-25T10:54:16.448+0000] {taskinstance.py:2306} INFO - Starting attempt 1 of 1
[2026-03-25T10:54:16.559+0000] {taskinstance.py:2330} INFO - Executing <Task(PythonOperator): extract.extract_and_load_to_staging> on 2024-10-30 00:00:00+00:00
[2026-03-25T10:54:16.569+0000] {standard_task_runner.py:63} INFO - Started process 243 to run task
[2026-03-25T10:54:16.574+0000] {standard_task_runner.py:90} INFO - Running: ['***', 'tasks', 'run', 'e_commerce_dw_etl', 'extract.extract_and_load_to_staging', 'scheduled__2024-10-30T00:00:00+00:00', '--job-id', '7', '--raw', '--subdir', 'DAGS_FOLDER/e_commerce_dw_dag.py', '--cfg-path', '/tmp/tmppzx1ay5y']
[2026-03-25T10:54:16.577+0000] {standard_task_runner.py:91} INFO - Job 7: Subtask extract.extract_and_load_to_staging
[2026-03-25T10:54:23.283+0000] {task_command.py:426} INFO - Running <TaskInstance: e_commerce_dw_etl.extract.extract_and_load_to_staging scheduled__2024-10-30T00:00:00+00:00 [running]> on host b7a6f340f223
[2026-03-25T10:54:24.034+0000] {taskinstance.py:2648} INFO - Exporting env vars: AIRFLOW_CTX_DAG_OWNER='***' AIRFLOW_CTX_DAG_ID='e_commerce_dw_etl' AIRFLOW_CTX_TASK_ID='extract.extract_and_load_to_staging' AIRFLOW_CTX_EXECUTION_DATE='2024-10-30T00:00:00+00:00' AIRFLOW_CTX_TRY_NUMBER='1' AIRFLOW_CTX_DAG_RUN_ID='scheduled__2024-10-30T00:00:00+00:00'
[2026-03-25T10:54:24.050+0000] {taskinstance.py:430} INFO - ::endgroup::
[2026-03-25T10:54:24.932+0000] {crypto.py:82} WARNING - empty cryptography key - values will not be stored encrypted.
[2026-03-25T10:54:24.938+0000] {base.py:84} INFO - Using connection ID 'mysql' for task execution.
[2026-03-25T10:54:28.861+0000] {mysql_operator.py:13} ERROR - Can't connect to mysql database
[2026-03-25T10:54:29.019+0000] {base.py:84} INFO - Using connection ID 'mysql' for task execution.
[2026-03-25T10:54:33.289+0000] {taskinstance.py:441} INFO - ::group::Post task execution logs
[2026-03-25T10:54:33.291+0000] {taskinstance.py:2905} ERROR - Task failed with exception
Traceback (most recent call last):
  File "/home/airflow/.local/lib/python3.10/site-packages/airflow/models/taskinstance.py", line 465, in _execute_task
    result = _execute_callable(context=context, **execute_callable_kwargs)
  File "/home/airflow/.local/lib/python3.10/site-packages/airflow/models/taskinstance.py", line 432, in _execute_callable
    return execute_callable(context=context, **execute_callable_kwargs)
  File "/home/airflow/.local/lib/python3.10/site-packages/airflow/models/baseoperator.py", line 401, in wrapper
    return func(self, *args, **kwargs)
  File "/home/airflow/.local/lib/python3.10/site-packages/airflow/operators/python.py", line 235, in execute
    return_value = self.execute_callable()
  File "/home/airflow/.local/lib/python3.10/site-packages/airflow/operators/python.py", line 252, in execute_callable
    return self.python_callable(*self.op_args, **self.op_kwargs)
  File "/opt/airflow/dags/extract_data.py", line 30, in extract_and_load_to_staging
    df = source_operator.get_data_to_pd(f"SELECT * FROM {table}")
  File "/opt/airflow/plugins/mysql_operator.py", line 15, in get_data_to_pd
    return self.mysqlhook.get_pandas_df(query)
  File "/home/airflow/.local/lib/python3.10/site-packages/airflow/providers/common/sql/hooks/sql.py", line 262, in get_pandas_df
    with closing(self.get_conn()) as conn:
  File "/home/airflow/.local/lib/python3.10/site-packages/airflow/providers/mysql/hooks/mysql.py", line 196, in get_conn
    return MySQLdb.connect(**conn_config)
  File "/home/airflow/.local/lib/python3.10/site-packages/MySQLdb/__init__.py", line 121, in Connect
    return Connection(*args, **kwargs)
  File "/home/airflow/.local/lib/python3.10/site-packages/MySQLdb/connections.py", line 195, in __init__
    super().__init__(*args, **kwargs2)
MySQLdb.OperationalError: (2005, "Unknown server host 'mysql' (-2)")
[2026-03-25T10:54:33.362+0000] {taskinstance.py:1206} INFO - Marking task as FAILED. dag_id=e_commerce_dw_etl, task_id=extract.extract_and_load_to_staging, run_id=scheduled__2024-10-30T00:00:00+00:00, execution_date=20241030T000000, start_date=20260325T105416, end_date=20260325T105433
[2026-03-25T10:54:33.401+0000] {standard_task_runner.py:110} ERROR - Failed to execute job 7 for task extract.extract_and_load_to_staging ((2005, "Unknown server host 'mysql' (-2)"); 243)
[2026-03-25T10:54:33.440+0000] {local_task_job_runner.py:240} INFO - Task exited with return code 1
[2026-03-25T10:54:33.487+0000] {taskinstance.py:3503} INFO - 0 downstream tasks scheduled from follow-on schedule check
[2026-03-25T10:54:33.496+0000] {local_task_job_runner.py:222} INFO - ::endgroup::
[2026-03-25T11:14:24.012+0000] {local_task_job_runner.py:120} INFO - ::group::Pre task execution logs
[2026-03-25T11:14:24.080+0000] {taskinstance.py:2076} INFO - Dependencies all met for dep_context=non-requeueable deps ti=<TaskInstance: e_commerce_dw_etl.extract.extract_and_load_to_staging scheduled__2024-10-30T00:00:00+00:00 [queued]>
[2026-03-25T11:14:24.096+0000] {taskinstance.py:2076} INFO - Dependencies all met for dep_context=requeueable deps ti=<TaskInstance: e_commerce_dw_etl.extract.extract_and_load_to_staging scheduled__2024-10-30T00:00:00+00:00 [queued]>
[2026-03-25T11:14:24.097+0000] {taskinstance.py:2306} INFO - Starting attempt 1 of 1
[2026-03-25T11:14:24.119+0000] {taskinstance.py:2330} INFO - Executing <Task(PythonOperator): extract.extract_and_load_to_staging> on 2024-10-30 00:00:00+00:00
[2026-03-25T11:14:24.129+0000] {standard_task_runner.py:63} INFO - Started process 297 to run task
[2026-03-25T11:14:24.139+0000] {standard_task_runner.py:90} INFO - Running: ['***', 'tasks', 'run', 'e_commerce_dw_etl', 'extract.extract_and_load_to_staging', 'scheduled__2024-10-30T00:00:00+00:00', '--job-id', '7', '--raw', '--subdir', 'DAGS_FOLDER/e_commerce_dw_dag.py', '--cfg-path', '/tmp/tmptrihuuve']
[2026-03-25T11:14:24.143+0000] {standard_task_runner.py:91} INFO - Job 7: Subtask extract.extract_and_load_to_staging
[2026-03-25T11:14:24.269+0000] {task_command.py:426} INFO - Running <TaskInstance: e_commerce_dw_etl.extract.extract_and_load_to_staging scheduled__2024-10-30T00:00:00+00:00 [running]> on host d26a046c4728
[2026-03-25T11:14:24.444+0000] {taskinstance.py:2648} INFO - Exporting env vars: AIRFLOW_CTX_DAG_OWNER='***' AIRFLOW_CTX_DAG_ID='e_commerce_dw_etl' AIRFLOW_CTX_TASK_ID='extract.extract_and_load_to_staging' AIRFLOW_CTX_EXECUTION_DATE='2024-10-30T00:00:00+00:00' AIRFLOW_CTX_TRY_NUMBER='1' AIRFLOW_CTX_DAG_RUN_ID='scheduled__2024-10-30T00:00:00+00:00'
[2026-03-25T11:14:24.446+0000] {taskinstance.py:430} INFO - ::endgroup::
[2026-03-25T11:14:24.799+0000] {base.py:84} INFO - Using connection ID 'mysql' for task execution.
[2026-03-25T11:14:28.795+0000] {mysql_operator.py:13} ERROR - Can't connect to mysql database
[2026-03-25T11:14:28.831+0000] {base.py:84} INFO - Using connection ID 'mysql' for task execution.
[2026-03-25T11:14:32.690+0000] {taskinstance.py:441} INFO - ::group::Post task execution logs
[2026-03-25T11:14:32.691+0000] {taskinstance.py:2905} ERROR - Task failed with exception
Traceback (most recent call last):
  File "/home/airflow/.local/lib/python3.10/site-packages/airflow/models/taskinstance.py", line 465, in _execute_task
    result = _execute_callable(context=context, **execute_callable_kwargs)
  File "/home/airflow/.local/lib/python3.10/site-packages/airflow/models/taskinstance.py", line 432, in _execute_callable
    return execute_callable(context=context, **execute_callable_kwargs)
  File "/home/airflow/.local/lib/python3.10/site-packages/airflow/models/baseoperator.py", line 401, in wrapper
    return func(self, *args, **kwargs)
  File "/home/airflow/.local/lib/python3.10/site-packages/airflow/operators/python.py", line 235, in execute
    return_value = self.execute_callable()
  File "/home/airflow/.local/lib/python3.10/site-packages/airflow/operators/python.py", line 252, in execute_callable
    return self.python_callable(*self.op_args, **self.op_kwargs)
  File "/opt/airflow/dags/extract_data.py", line 30, in extract_and_load_to_staging
    df = source_operator.get_data_to_pd(f"SELECT * FROM {table}")
  File "/opt/airflow/plugins/mysql_operator.py", line 15, in get_data_to_pd
    return self.mysqlhook.get_pandas_df(query)
  File "/home/airflow/.local/lib/python3.10/site-packages/airflow/providers/common/sql/hooks/sql.py", line 262, in get_pandas_df
    with closing(self.get_conn()) as conn:
  File "/home/airflow/.local/lib/python3.10/site-packages/airflow/providers/mysql/hooks/mysql.py", line 196, in get_conn
    return MySQLdb.connect(**conn_config)
  File "/home/airflow/.local/lib/python3.10/site-packages/MySQLdb/__init__.py", line 121, in Connect
    return Connection(*args, **kwargs)
  File "/home/airflow/.local/lib/python3.10/site-packages/MySQLdb/connections.py", line 195, in __init__
    super().__init__(*args, **kwargs2)
MySQLdb.OperationalError: (2005, "Unknown server host 'mysql' (-2)")
[2026-03-25T11:14:32.709+0000] {taskinstance.py:1206} INFO - Marking task as FAILED. dag_id=e_commerce_dw_etl, task_id=extract.extract_and_load_to_staging, run_id=scheduled__2024-10-30T00:00:00+00:00, execution_date=20241030T000000, start_date=20260325T111424, end_date=20260325T111432
[2026-03-25T11:14:32.721+0000] {standard_task_runner.py:110} ERROR - Failed to execute job 7 for task extract.extract_and_load_to_staging ((2005, "Unknown server host 'mysql' (-2)"); 297)
[2026-03-25T11:14:32.753+0000] {local_task_job_runner.py:240} INFO - Task exited with return code 1
[2026-03-25T11:14:32.775+0000] {taskinstance.py:3503} INFO - 0 downstream tasks scheduled from follow-on schedule check
[2026-03-25T11:14:32.782+0000] {local_task_job_runner.py:222} INFO - ::endgroup::
[2026-03-25T11:39:08.578+0000] {local_task_job_runner.py:120} INFO - ::group::Pre task execution logs
[2026-03-25T11:39:08.669+0000] {taskinstance.py:2076} INFO - Dependencies all met for dep_context=non-requeueable deps ti=<TaskInstance: e_commerce_dw_etl.extract.extract_and_load_to_staging scheduled__2024-10-30T00:00:00+00:00 [queued]>
[2026-03-25T11:39:08.698+0000] {taskinstance.py:2076} INFO - Dependencies all met for dep_context=requeueable deps ti=<TaskInstance: e_commerce_dw_etl.extract.extract_and_load_to_staging scheduled__2024-10-30T00:00:00+00:00 [queued]>
[2026-03-25T11:39:08.705+0000] {taskinstance.py:2306} INFO - Starting attempt 1 of 1
[2026-03-25T11:39:08.821+0000] {taskinstance.py:2330} INFO - Executing <Task(PythonOperator): extract.extract_and_load_to_staging> on 2024-10-30 00:00:00+00:00
[2026-03-25T11:39:08.838+0000] {standard_task_runner.py:63} INFO - Started process 250 to run task
[2026-03-25T11:39:08.854+0000] {standard_task_runner.py:90} INFO - Running: ['***', 'tasks', 'run', 'e_commerce_dw_etl', 'extract.extract_and_load_to_staging', 'scheduled__2024-10-30T00:00:00+00:00', '--job-id', '7', '--raw', '--subdir', 'DAGS_FOLDER/e_commerce_dw_dag.py', '--cfg-path', '/tmp/tmp1wpstb0h']
[2026-03-25T11:39:08.861+0000] {standard_task_runner.py:91} INFO - Job 7: Subtask extract.extract_and_load_to_staging
[2026-03-25T11:39:09.013+0000] {task_command.py:426} INFO - Running <TaskInstance: e_commerce_dw_etl.extract.extract_and_load_to_staging scheduled__2024-10-30T00:00:00+00:00 [running]> on host d9d1693fa74b
[2026-03-25T11:39:09.172+0000] {taskinstance.py:2648} INFO - Exporting env vars: AIRFLOW_CTX_DAG_OWNER='***' AIRFLOW_CTX_DAG_ID='e_commerce_dw_etl' AIRFLOW_CTX_TASK_ID='extract.extract_and_load_to_staging' AIRFLOW_CTX_EXECUTION_DATE='2024-10-30T00:00:00+00:00' AIRFLOW_CTX_TRY_NUMBER='1' AIRFLOW_CTX_DAG_RUN_ID='scheduled__2024-10-30T00:00:00+00:00'
[2026-03-25T11:39:09.174+0000] {taskinstance.py:430} INFO - ::endgroup::
[2026-03-25T11:39:09.468+0000] {mysql_operator.py:13} ERROR - Can't connect to mysql database
[2026-03-25T11:39:09.479+0000] {taskinstance.py:441} INFO - ::group::Post task execution logs
[2026-03-25T11:39:09.494+0000] {taskinstance.py:2905} ERROR - Task failed with exception
Traceback (most recent call last):
  File "/home/airflow/.local/lib/python3.10/site-packages/airflow/models/taskinstance.py", line 465, in _execute_task
    result = _execute_callable(context=context, **execute_callable_kwargs)
  File "/home/airflow/.local/lib/python3.10/site-packages/airflow/models/taskinstance.py", line 432, in _execute_callable
    return execute_callable(context=context, **execute_callable_kwargs)
  File "/home/airflow/.local/lib/python3.10/site-packages/airflow/models/baseoperator.py", line 401, in wrapper
    return func(self, *args, **kwargs)
  File "/home/airflow/.local/lib/python3.10/site-packages/airflow/operators/python.py", line 235, in execute
    return_value = self.execute_callable()
  File "/home/airflow/.local/lib/python3.10/site-packages/airflow/operators/python.py", line 252, in execute_callable
    return self.python_callable(*self.op_args, **self.op_kwargs)
  File "/opt/airflow/dags/extract_data.py", line 30, in extract_and_load_to_staging
    df = source_operator.get_data_to_pd(f"SELECT * FROM {table}")
  File "/opt/airflow/plugins/mysql_operator.py", line 15, in get_data_to_pd
    return self.mysqlhook.get_pandas_df(query)
  File "/home/airflow/.local/lib/python3.10/site-packages/airflow/providers/common/sql/hooks/sql.py", line 262, in get_pandas_df
    with closing(self.get_conn()) as conn:
  File "/home/airflow/.local/lib/python3.10/site-packages/airflow/providers/mysql/hooks/mysql.py", line 188, in get_conn
    conn = self.connection or self.get_connection(getattr(self, self.conn_name_attr))
  File "/home/airflow/.local/lib/python3.10/site-packages/airflow/hooks/base.py", line 83, in get_connection
    conn = Connection.get_connection_from_secrets(conn_id)
  File "/home/airflow/.local/lib/python3.10/site-packages/airflow/models/connection.py", line 519, in get_connection_from_secrets
    raise AirflowNotFoundException(f"The conn_id `{conn_id}` isn't defined")
airflow.exceptions.AirflowNotFoundException: The conn_id `mysql` isn't defined
[2026-03-25T11:39:09.516+0000] {taskinstance.py:1206} INFO - Marking task as FAILED. dag_id=e_commerce_dw_etl, task_id=extract.extract_and_load_to_staging, run_id=scheduled__2024-10-30T00:00:00+00:00, execution_date=20241030T000000, start_date=20260325T113908, end_date=20260325T113909
[2026-03-25T11:39:09.538+0000] {standard_task_runner.py:110} ERROR - Failed to execute job 7 for task extract.extract_and_load_to_staging (The conn_id `mysql` isn't defined; 250)
[2026-03-25T11:39:09.584+0000] {local_task_job_runner.py:240} INFO - Task exited with return code 1
[2026-03-25T11:39:09.635+0000] {taskinstance.py:3503} INFO - 0 downstream tasks scheduled from follow-on schedule check
[2026-03-25T11:39:09.649+0000] {local_task_job_runner.py:222} INFO - ::endgroup::
[2026-03-25T13:54:52.013+0000] {local_task_job_runner.py:120} INFO - ::group::Pre task execution logs
[2026-03-25T13:54:52.083+0000] {taskinstance.py:2076} INFO - Dependencies all met for dep_context=non-requeueable deps ti=<TaskInstance: e_commerce_dw_etl.extract.extract_and_load_to_staging scheduled__2024-10-30T00:00:00+00:00 [queued]>
[2026-03-25T13:54:52.100+0000] {taskinstance.py:2076} INFO - Dependencies all met for dep_context=requeueable deps ti=<TaskInstance: e_commerce_dw_etl.extract.extract_and_load_to_staging scheduled__2024-10-30T00:00:00+00:00 [queued]>
[2026-03-25T13:54:52.101+0000] {taskinstance.py:2306} INFO - Starting attempt 1 of 1
[2026-03-25T13:54:52.135+0000] {taskinstance.py:2330} INFO - Executing <Task(PythonOperator): extract.extract_and_load_to_staging> on 2024-10-30 00:00:00+00:00
[2026-03-25T13:54:52.147+0000] {standard_task_runner.py:63} INFO - Started process 356 to run task
[2026-03-25T13:54:52.158+0000] {standard_task_runner.py:90} INFO - Running: ['***', 'tasks', 'run', 'e_commerce_dw_etl', 'extract.extract_and_load_to_staging', 'scheduled__2024-10-30T00:00:00+00:00', '--job-id', '7', '--raw', '--subdir', 'DAGS_FOLDER/e_commerce_dw_dag.py', '--cfg-path', '/tmp/tmp9sfvfzd8']
[2026-03-25T13:54:52.162+0000] {standard_task_runner.py:91} INFO - Job 7: Subtask extract.extract_and_load_to_staging
[2026-03-25T13:54:52.328+0000] {task_command.py:426} INFO - Running <TaskInstance: e_commerce_dw_etl.extract.extract_and_load_to_staging scheduled__2024-10-30T00:00:00+00:00 [running]> on host 85f4963e6238
[2026-03-25T13:54:52.514+0000] {taskinstance.py:2648} INFO - Exporting env vars: AIRFLOW_CTX_DAG_OWNER='***' AIRFLOW_CTX_DAG_ID='e_commerce_dw_etl' AIRFLOW_CTX_TASK_ID='extract.extract_and_load_to_staging' AIRFLOW_CTX_EXECUTION_DATE='2024-10-30T00:00:00+00:00' AIRFLOW_CTX_TRY_NUMBER='1' AIRFLOW_CTX_DAG_RUN_ID='scheduled__2024-10-30T00:00:00+00:00'
[2026-03-25T13:54:52.517+0000] {taskinstance.py:430} INFO - ::endgroup::
[2026-03-25T13:54:52.834+0000] {mysql_operator.py:13} ERROR - Can't connect to mysql database
[2026-03-25T13:54:52.845+0000] {taskinstance.py:441} INFO - ::group::Post task execution logs
[2026-03-25T13:54:52.865+0000] {taskinstance.py:2905} ERROR - Task failed with exception
Traceback (most recent call last):
  File "/home/airflow/.local/lib/python3.10/site-packages/airflow/models/taskinstance.py", line 465, in _execute_task
    result = _execute_callable(context=context, **execute_callable_kwargs)
  File "/home/airflow/.local/lib/python3.10/site-packages/airflow/models/taskinstance.py", line 432, in _execute_callable
    return execute_callable(context=context, **execute_callable_kwargs)
  File "/home/airflow/.local/lib/python3.10/site-packages/airflow/models/baseoperator.py", line 401, in wrapper
    return func(self, *args, **kwargs)
  File "/home/airflow/.local/lib/python3.10/site-packages/airflow/operators/python.py", line 235, in execute
    return_value = self.execute_callable()
  File "/home/airflow/.local/lib/python3.10/site-packages/airflow/operators/python.py", line 252, in execute_callable
    return self.python_callable(*self.op_args, **self.op_kwargs)
  File "/opt/airflow/dags/extract_data.py", line 30, in extract_and_load_to_staging
    df = source_operator.get_data_to_pd(f"SELECT * FROM {table}")
  File "/opt/airflow/plugins/mysql_operator.py", line 15, in get_data_to_pd
    return self.mysqlhook.get_pandas_df(query)
  File "/home/airflow/.local/lib/python3.10/site-packages/airflow/providers/common/sql/hooks/sql.py", line 262, in get_pandas_df
    with closing(self.get_conn()) as conn:
  File "/home/airflow/.local/lib/python3.10/site-packages/airflow/providers/mysql/hooks/mysql.py", line 188, in get_conn
    conn = self.connection or self.get_connection(getattr(self, self.conn_name_attr))
  File "/home/airflow/.local/lib/python3.10/site-packages/airflow/hooks/base.py", line 83, in get_connection
    conn = Connection.get_connection_from_secrets(conn_id)
  File "/home/airflow/.local/lib/python3.10/site-packages/airflow/models/connection.py", line 519, in get_connection_from_secrets
    raise AirflowNotFoundException(f"The conn_id `{conn_id}` isn't defined")
airflow.exceptions.AirflowNotFoundException: The conn_id `mysql` isn't defined
[2026-03-25T13:54:52.913+0000] {taskinstance.py:1206} INFO - Marking task as FAILED. dag_id=e_commerce_dw_etl, task_id=extract.extract_and_load_to_staging, run_id=scheduled__2024-10-30T00:00:00+00:00, execution_date=20241030T000000, start_date=20260325T135452, end_date=20260325T135452
[2026-03-25T13:54:52.937+0000] {standard_task_runner.py:110} ERROR - Failed to execute job 7 for task extract.extract_and_load_to_staging (The conn_id `mysql` isn't defined; 356)
[2026-03-25T13:54:53.021+0000] {local_task_job_runner.py:240} INFO - Task exited with return code 1
[2026-03-25T13:54:53.048+0000] {local_task_job_runner.py:222} INFO - ::endgroup::
[2026-03-26T03:38:35.900+0000] {local_task_job_runner.py:120} INFO - ::group::Pre task execution logs
[2026-03-26T03:38:36.113+0000] {taskinstance.py:2076} INFO - Dependencies all met for dep_context=non-requeueable deps ti=<TaskInstance: e_commerce_dw_etl.extract.extract_and_load_to_staging scheduled__2024-10-30T00:00:00+00:00 [queued]>
[2026-03-26T03:38:36.166+0000] {taskinstance.py:2076} INFO - Dependencies all met for dep_context=requeueable deps ti=<TaskInstance: e_commerce_dw_etl.extract.extract_and_load_to_staging scheduled__2024-10-30T00:00:00+00:00 [queued]>
[2026-03-26T03:38:36.171+0000] {taskinstance.py:2306} INFO - Starting attempt 1 of 1
[2026-03-26T03:38:36.471+0000] {taskinstance.py:2330} INFO - Executing <Task(PythonOperator): extract.extract_and_load_to_staging> on 2024-10-30 00:00:00+00:00
[2026-03-26T03:38:36.531+0000] {standard_task_runner.py:63} INFO - Started process 517 to run task
[2026-03-26T03:38:36.550+0000] {standard_task_runner.py:90} INFO - Running: ['***', 'tasks', 'run', 'e_commerce_dw_etl', 'extract.extract_and_load_to_staging', 'scheduled__2024-10-30T00:00:00+00:00', '--job-id', '7', '--raw', '--subdir', 'DAGS_FOLDER/e_commerce_dw_dag.py', '--cfg-path', '/tmp/tmpx9wqhkau']
[2026-03-26T03:38:36.575+0000] {standard_task_runner.py:91} INFO - Job 7: Subtask extract.extract_and_load_to_staging
[2026-03-26T03:38:37.049+0000] {task_command.py:426} INFO - Running <TaskInstance: e_commerce_dw_etl.extract.extract_and_load_to_staging scheduled__2024-10-30T00:00:00+00:00 [running]> on host 031edd3e030e
[2026-03-26T03:38:37.414+0000] {taskinstance.py:2648} INFO - Exporting env vars: AIRFLOW_CTX_DAG_OWNER='***' AIRFLOW_CTX_DAG_ID='e_commerce_dw_etl' AIRFLOW_CTX_TASK_ID='extract.extract_and_load_to_staging' AIRFLOW_CTX_EXECUTION_DATE='2024-10-30T00:00:00+00:00' AIRFLOW_CTX_TRY_NUMBER='1' AIRFLOW_CTX_DAG_RUN_ID='scheduled__2024-10-30T00:00:00+00:00'
[2026-03-26T03:38:37.430+0000] {taskinstance.py:430} INFO - ::endgroup::
[2026-03-26T03:38:38.528+0000] {crypto.py:82} WARNING - empty cryptography key - values will not be stored encrypted.
[2026-03-26T03:38:38.529+0000] {base.py:84} INFO - Using connection ID 'mysql' for task execution.
[2026-03-26T03:38:38.565+0000] {base.py:84} INFO - Using connection ID 'mysql' for task execution.
[2026-03-26T03:38:38.614+0000] {logging_mixin.py:188} WARNING - /home/***/.local/lib/python3.10/site-packages/***/providers/common/sql/hooks/sql.py:263 UserWarning: pandas only supports SQLAlchemy connectable (engine/connection) or database string URI or sqlite3 DBAPI2 connection. Other DBAPI2 objects are not tested. Please consider using SQLAlchemy.
[2026-03-26T03:38:38.682+0000] {base.py:84} INFO - Using connection ID 'postgres' for task execution.
[2026-03-26T03:38:38.857+0000] {logging_mixin.py:188} INFO - Đã trích xuất và lưu bảng product_category_name_translation từ MySQL vào PostgreSQL public
[2026-03-26T03:38:38.860+0000] {base.py:84} INFO - Using connection ID 'mysql' for task execution.
[2026-03-26T03:38:38.890+0000] {logging_mixin.py:188} WARNING - /home/***/.local/lib/python3.10/site-packages/***/providers/common/sql/hooks/sql.py:263 UserWarning: pandas only supports SQLAlchemy connectable (engine/connection) or database string URI or sqlite3 DBAPI2 connection. Other DBAPI2 objects are not tested. Please consider using SQLAlchemy.
[2026-03-26T03:38:38.910+0000] {base.py:84} INFO - Using connection ID 'postgres' for task execution.
[2026-03-26T03:38:39.257+0000] {logging_mixin.py:188} INFO - Đã trích xuất và lưu bảng geolocation từ MySQL vào PostgreSQL public
[2026-03-26T03:38:39.259+0000] {base.py:84} INFO - Using connection ID 'mysql' for task execution.
[2026-03-26T03:38:39.298+0000] {logging_mixin.py:188} WARNING - /home/***/.local/lib/python3.10/site-packages/***/providers/common/sql/hooks/sql.py:263 UserWarning: pandas only supports SQLAlchemy connectable (engine/connection) or database string URI or sqlite3 DBAPI2 connection. Other DBAPI2 objects are not tested. Please consider using SQLAlchemy.
[2026-03-26T03:38:39.328+0000] {base.py:84} INFO - Using connection ID 'postgres' for task execution.
[2026-03-26T03:38:39.609+0000] {logging_mixin.py:188} INFO - Đã trích xuất và lưu bảng sellers từ MySQL vào PostgreSQL public
[2026-03-26T03:38:39.621+0000] {base.py:84} INFO - Using connection ID 'mysql' for task execution.
[2026-03-26T03:38:39.655+0000] {logging_mixin.py:188} WARNING - /home/***/.local/lib/python3.10/site-packages/***/providers/common/sql/hooks/sql.py:263 UserWarning: pandas only supports SQLAlchemy connectable (engine/connection) or database string URI or sqlite3 DBAPI2 connection. Other DBAPI2 objects are not tested. Please consider using SQLAlchemy.
[2026-03-26T03:38:39.679+0000] {base.py:84} INFO - Using connection ID 'postgres' for task execution.
[2026-03-26T03:38:39.975+0000] {logging_mixin.py:188} INFO - Đã trích xuất và lưu bảng customers từ MySQL vào PostgreSQL public
[2026-03-26T03:38:39.991+0000] {base.py:84} INFO - Using connection ID 'mysql' for task execution.
[2026-03-26T03:38:40.045+0000] {logging_mixin.py:188} WARNING - /home/***/.local/lib/python3.10/site-packages/***/providers/common/sql/hooks/sql.py:263 UserWarning: pandas only supports SQLAlchemy connectable (engine/connection) or database string URI or sqlite3 DBAPI2 connection. Other DBAPI2 objects are not tested. Please consider using SQLAlchemy.
[2026-03-26T03:38:40.108+0000] {base.py:84} INFO - Using connection ID 'postgres' for task execution.
[2026-03-26T03:38:40.398+0000] {logging_mixin.py:188} INFO - Đã trích xuất và lưu bảng products từ MySQL vào PostgreSQL public
[2026-03-26T03:38:40.406+0000] {base.py:84} INFO - Using connection ID 'mysql' for task execution.
[2026-03-26T03:38:40.437+0000] {logging_mixin.py:188} WARNING - /home/***/.local/lib/python3.10/site-packages/***/providers/common/sql/hooks/sql.py:263 UserWarning: pandas only supports SQLAlchemy connectable (engine/connection) or database string URI or sqlite3 DBAPI2 connection. Other DBAPI2 objects are not tested. Please consider using SQLAlchemy.
[2026-03-26T03:38:40.446+0000] {base.py:84} INFO - Using connection ID 'postgres' for task execution.
[2026-03-26T03:38:40.813+0000] {logging_mixin.py:188} INFO - Đã trích xuất và lưu bảng orders từ MySQL vào PostgreSQL public
[2026-03-26T03:38:40.820+0000] {base.py:84} INFO - Using connection ID 'mysql' for task execution.
[2026-03-26T03:38:40.857+0000] {logging_mixin.py:188} WARNING - /home/***/.local/lib/python3.10/site-packages/***/providers/common/sql/hooks/sql.py:263 UserWarning: pandas only supports SQLAlchemy connectable (engine/connection) or database string URI or sqlite3 DBAPI2 connection. Other DBAPI2 objects are not tested. Please consider using SQLAlchemy.
[2026-03-26T03:38:40.881+0000] {base.py:84} INFO - Using connection ID 'postgres' for task execution.
[2026-03-26T03:38:41.198+0000] {logging_mixin.py:188} INFO - Đã trích xuất và lưu bảng order_items từ MySQL vào PostgreSQL public
[2026-03-26T03:38:41.207+0000] {base.py:84} INFO - Using connection ID 'mysql' for task execution.
[2026-03-26T03:38:41.234+0000] {logging_mixin.py:188} WARNING - /home/***/.local/lib/python3.10/site-packages/***/providers/common/sql/hooks/sql.py:263 UserWarning: pandas only supports SQLAlchemy connectable (engine/connection) or database string URI or sqlite3 DBAPI2 connection. Other DBAPI2 objects are not tested. Please consider using SQLAlchemy.
[2026-03-26T03:38:41.267+0000] {base.py:84} INFO - Using connection ID 'postgres' for task execution.
[2026-03-26T03:38:41.466+0000] {logging_mixin.py:188} INFO - Đã trích xuất và lưu bảng payments từ MySQL vào PostgreSQL public
[2026-03-26T03:38:41.486+0000] {base.py:84} INFO - Using connection ID 'mysql' for task execution.
[2026-03-26T03:38:41.506+0000] {logging_mixin.py:188} WARNING - /home/***/.local/lib/python3.10/site-packages/***/providers/common/sql/hooks/sql.py:263 UserWarning: pandas only supports SQLAlchemy connectable (engine/connection) or database string URI or sqlite3 DBAPI2 connection. Other DBAPI2 objects are not tested. Please consider using SQLAlchemy.
[2026-03-26T03:38:41.524+0000] {base.py:84} INFO - Using connection ID 'postgres' for task execution.
[2026-03-26T03:38:42.032+0000] {logging_mixin.py:188} INFO - Đã trích xuất và lưu bảng order_reviews từ MySQL vào PostgreSQL public
[2026-03-26T03:38:42.034+0000] {python.py:237} INFO - Done. Returned value was: None
[2026-03-26T03:38:42.040+0000] {taskinstance.py:441} INFO - ::group::Post task execution logs
[2026-03-26T03:38:42.099+0000] {taskinstance.py:1206} INFO - Marking task as SUCCESS. dag_id=e_commerce_dw_etl, task_id=extract.extract_and_load_to_staging, run_id=scheduled__2024-10-30T00:00:00+00:00, execution_date=20241030T000000, start_date=20260326T033836, end_date=20260326T033842
[2026-03-26T03:38:42.655+0000] {local_task_job_runner.py:240} INFO - Task exited with return code 0
[2026-03-26T03:38:42.766+0000] {taskinstance.py:3503} INFO - 6 downstream tasks scheduled from follow-on schedule check
[2026-03-26T03:38:42.785+0000] {local_task_job_runner.py:222} INFO - ::endgroup::
[2026-03-26T04:01:35.319+0000] {local_task_job_runner.py:120} INFO - ::group::Pre task execution logs
[2026-03-26T04:01:35.390+0000] {taskinstance.py:2076} INFO - Dependencies all met for dep_context=non-requeueable deps ti=<TaskInstance: e_commerce_dw_etl.extract.extract_and_load_to_staging scheduled__2024-10-30T00:00:00+00:00 [queued]>
[2026-03-26T04:01:35.422+0000] {taskinstance.py:2076} INFO - Dependencies all met for dep_context=requeueable deps ti=<TaskInstance: e_commerce_dw_etl.extract.extract_and_load_to_staging scheduled__2024-10-30T00:00:00+00:00 [queued]>
[2026-03-26T04:01:35.423+0000] {taskinstance.py:2306} INFO - Starting attempt 1 of 1
[2026-03-26T04:01:35.491+0000] {taskinstance.py:2330} INFO - Executing <Task(PythonOperator): extract.extract_and_load_to_staging> on 2024-10-30 00:00:00+00:00
[2026-03-26T04:01:35.557+0000] {standard_task_runner.py:90} INFO - Running: ['***', 'tasks', 'run', 'e_commerce_dw_etl', 'extract.extract_and_load_to_staging', 'scheduled__2024-10-30T00:00:00+00:00', '--job-id', '7', '--raw', '--subdir', 'DAGS_FOLDER/e_commerce_dw_dag.py', '--cfg-path', '/tmp/tmpl4by13ge']
[2026-03-26T04:01:35.573+0000] {standard_task_runner.py:91} INFO - Job 7: Subtask extract.extract_and_load_to_staging
[2026-03-26T04:01:35.541+0000] {standard_task_runner.py:63} INFO - Started process 323 to run task
[2026-03-26T04:01:35.823+0000] {task_command.py:426} INFO - Running <TaskInstance: e_commerce_dw_etl.extract.extract_and_load_to_staging scheduled__2024-10-30T00:00:00+00:00 [running]> on host 2d1a3218d35e
[2026-03-26T04:01:36.133+0000] {taskinstance.py:2648} INFO - Exporting env vars: AIRFLOW_CTX_DAG_OWNER='***' AIRFLOW_CTX_DAG_ID='e_commerce_dw_etl' AIRFLOW_CTX_TASK_ID='extract.extract_and_load_to_staging' AIRFLOW_CTX_EXECUTION_DATE='2024-10-30T00:00:00+00:00' AIRFLOW_CTX_TRY_NUMBER='1' AIRFLOW_CTX_DAG_RUN_ID='scheduled__2024-10-30T00:00:00+00:00'
[2026-03-26T04:01:36.149+0000] {taskinstance.py:430} INFO - ::endgroup::
[2026-03-26T04:01:36.810+0000] {crypto.py:82} WARNING - empty cryptography key - values will not be stored encrypted.
[2026-03-26T04:01:36.812+0000] {base.py:84} INFO - Using connection ID 'mysql' for task execution.
[2026-03-26T04:01:36.827+0000] {base.py:84} INFO - Using connection ID 'mysql' for task execution.
[2026-03-26T04:01:36.846+0000] {logging_mixin.py:188} WARNING - /home/***/.local/lib/python3.10/site-packages/***/providers/common/sql/hooks/sql.py:263 UserWarning: pandas only supports SQLAlchemy connectable (engine/connection) or database string URI or sqlite3 DBAPI2 connection. Other DBAPI2 objects are not tested. Please consider using SQLAlchemy.
[2026-03-26T04:01:36.852+0000] {base.py:84} INFO - Using connection ID 'postgres' for task execution.
[2026-03-26T04:01:37.755+0000] {logging_mixin.py:188} INFO - Đã trích xuất và lưu bảng product_category_name_translation từ MySQL vào PostgreSQL public
[2026-03-26T04:01:37.764+0000] {base.py:84} INFO - Using connection ID 'mysql' for task execution.
[2026-03-26T04:01:37.775+0000] {logging_mixin.py:188} WARNING - /home/***/.local/lib/python3.10/site-packages/***/providers/common/sql/hooks/sql.py:263 UserWarning: pandas only supports SQLAlchemy connectable (engine/connection) or database string URI or sqlite3 DBAPI2 connection. Other DBAPI2 objects are not tested. Please consider using SQLAlchemy.
[2026-03-26T04:01:37.971+0000] {base.py:84} INFO - Using connection ID 'postgres' for task execution.
[2026-03-26T04:01:39.820+0000] {logging_mixin.py:188} INFO - Đã trích xuất và lưu bảng geolocation từ MySQL vào PostgreSQL public
[2026-03-26T04:01:39.836+0000] {base.py:84} INFO - Using connection ID 'mysql' for task execution.
[2026-03-26T04:01:39.849+0000] {logging_mixin.py:188} WARNING - /home/***/.local/lib/python3.10/site-packages/***/providers/common/sql/hooks/sql.py:263 UserWarning: pandas only supports SQLAlchemy connectable (engine/connection) or database string URI or sqlite3 DBAPI2 connection. Other DBAPI2 objects are not tested. Please consider using SQLAlchemy.
[2026-03-26T04:01:39.872+0000] {base.py:84} INFO - Using connection ID 'postgres' for task execution.
[2026-03-26T04:01:40.258+0000] {logging_mixin.py:188} INFO - Đã trích xuất và lưu bảng sellers từ MySQL vào PostgreSQL public
[2026-03-26T04:01:40.260+0000] {base.py:84} INFO - Using connection ID 'mysql' for task execution.
[2026-03-26T04:01:40.266+0000] {logging_mixin.py:188} WARNING - /home/***/.local/lib/python3.10/site-packages/***/providers/common/sql/hooks/sql.py:263 UserWarning: pandas only supports SQLAlchemy connectable (engine/connection) or database string URI or sqlite3 DBAPI2 connection. Other DBAPI2 objects are not tested. Please consider using SQLAlchemy.
[2026-03-26T04:01:40.904+0000] {base.py:84} INFO - Using connection ID 'postgres' for task execution.
[2026-03-26T04:01:43.610+0000] {taskinstance.py:441} INFO - ::group::Post task execution logs
[2026-03-26T04:01:43.612+0000] {taskinstance.py:2905} ERROR - Task failed with exception
Traceback (most recent call last):
  File "/home/airflow/.local/lib/python3.10/site-packages/sqlalchemy/engine/base.py", line 1890, in _execute_context
    self.dialect.do_executemany(
  File "/home/airflow/.local/lib/python3.10/site-packages/sqlalchemy/dialects/postgresql/psycopg2.py", line 982, in do_executemany
    context._psycopg2_fetched_rows = xtras.execute_values(
  File "/home/airflow/.local/lib/python3.10/site-packages/psycopg2/extras.py", line 1299, in execute_values
    cur.execute(b''.join(parts))
psycopg2.errors.UndefinedTable: relation "staging.stg_customers" does not exist
LINE 1: INSERT INTO staging.stg_customers (customer_id, customer_uni...
                    ^


The above exception was the direct cause of the following exception:

Traceback (most recent call last):
  File "/home/airflow/.local/lib/python3.10/site-packages/airflow/models/taskinstance.py", line 465, in _execute_task
    result = _execute_callable(context=context, **execute_callable_kwargs)
  File "/home/airflow/.local/lib/python3.10/site-packages/airflow/models/taskinstance.py", line 432, in _execute_callable
    return execute_callable(context=context, **execute_callable_kwargs)
  File "/home/airflow/.local/lib/python3.10/site-packages/airflow/models/baseoperator.py", line 401, in wrapper
    return func(self, *args, **kwargs)
  File "/home/airflow/.local/lib/python3.10/site-packages/airflow/operators/python.py", line 235, in execute
    return_value = self.execute_callable()
  File "/home/airflow/.local/lib/python3.10/site-packages/airflow/operators/python.py", line 252, in execute_callable
    return self.python_callable(*self.op_args, **self.op_kwargs)
  File "/opt/airflow/dags/extract_data.py", line 33, in extract_and_load_to_staging
    staging_operator.save_data_to_postgres(
  File "/opt/airflow/plugins/postgresql_operator.py", line 25, in save_data_to_postgres
    df.to_sql(table_name, engine, schema=schema, if_exists=if_exists, index=False)
  File "/home/airflow/.local/lib/python3.10/site-packages/pandas/core/generic.py", line 2987, in to_sql
    return sql.to_sql(
  File "/home/airflow/.local/lib/python3.10/site-packages/pandas/io/sql.py", line 695, in to_sql
    return pandas_sql.to_sql(
  File "/home/airflow/.local/lib/python3.10/site-packages/pandas/io/sql.py", line 1738, in to_sql
    total_inserted = sql_engine.insert_records(
  File "/home/airflow/.local/lib/python3.10/site-packages/pandas/io/sql.py", line 1335, in insert_records
    raise err
  File "/home/airflow/.local/lib/python3.10/site-packages/pandas/io/sql.py", line 1325, in insert_records
    return table.insert(chunksize=chunksize, method=method)
  File "/home/airflow/.local/lib/python3.10/site-packages/pandas/io/sql.py", line 946, in insert
    num_inserted = exec_insert(conn, keys, chunk_iter)
  File "/home/airflow/.local/lib/python3.10/site-packages/pandas/io/sql.py", line 853, in _execute_insert
    result = conn.execute(self.table.insert(), data)
  File "/home/airflow/.local/lib/python3.10/site-packages/sqlalchemy/engine/base.py", line 1385, in execute
    return meth(self, multiparams, params, _EMPTY_EXECUTION_OPTS)
  File "/home/airflow/.local/lib/python3.10/site-packages/sqlalchemy/sql/elements.py", line 334, in _execute_on_connection
    return connection._execute_clauseelement(
  File "/home/airflow/.local/lib/python3.10/site-packages/sqlalchemy/engine/base.py", line 1577, in _execute_clauseelement
    ret = self._execute_context(
  File "/home/airflow/.local/lib/python3.10/site-packages/sqlalchemy/engine/base.py", line 1953, in _execute_context
    self._handle_dbapi_exception(
  File "/home/airflow/.local/lib/python3.10/site-packages/sqlalchemy/engine/base.py", line 2134, in _handle_dbapi_exception
    util.raise_(
  File "/home/airflow/.local/lib/python3.10/site-packages/sqlalchemy/util/compat.py", line 211, in raise_
    raise exception
  File "/home/airflow/.local/lib/python3.10/site-packages/sqlalchemy/engine/base.py", line 1890, in _execute_context
    self.dialect.do_executemany(
  File "/home/airflow/.local/lib/python3.10/site-packages/sqlalchemy/dialects/postgresql/psycopg2.py", line 982, in do_executemany
    context._psycopg2_fetched_rows = xtras.execute_values(
  File "/home/airflow/.local/lib/python3.10/site-packages/psycopg2/extras.py", line 1299, in execute_values
    cur.execute(b''.join(parts))
sqlalchemy.exc.ProgrammingError: (psycopg2.errors.UndefinedTable) relation "staging.stg_customers" does not exist
LINE 1: INSERT INTO staging.stg_customers (customer_id, customer_uni...
                    ^

[SQL: INSERT INTO staging.stg_customers (customer_id, customer_unique_id, customer_zip_code_prefix, customer_city, customer_state) VALUES (%(customer_id)s, %(customer_unique_id)s, %(customer_zip_code_prefix)s, %(customer_city)s, %(customer_state)s)]
[parameters: ({'customer_id': '00012a2ce6f8dcda20d059ce98491703', 'customer_unique_id': '248ffe10d632bebe4f7267f1f44844c9', 'customer_zip_code_prefix': 6273, 'customer_city': 'osasco', 'customer_state': 'SP'}, {'customer_id': '000161a058600d5901f007fab4c27140', 'customer_unique_id': 'b0015e09bb4b6e47c52844fab5fb6638', 'customer_zip_code_prefix': 35550, 'customer_city': 'itapecerica', 'customer_state': 'MG'}, {'customer_id': '0001fd6190edaaf884bcaf3d49edf079', 'customer_unique_id': '94b11d37cd61cb2994a194d11f89682b', 'customer_zip_code_prefix': 29830, 'customer_city': 'nova venecia', 'customer_state': 'ES'}, {'customer_id': '0002414f95344307404f0ace7a26f1d5', 'customer_unique_id': '4893ad4ea28b2c5b3ddf4e82e79db9e6', 'customer_zip_code_prefix': 39664, 'customer_city': 'mendonca', 'customer_state': 'MG'}, {'customer_id': '000379cdec625522490c315e70c7a9fb', 'customer_unique_id': '0b83f73b19c2019e182fd552c048a22c', 'customer_zip_code_prefix': 4841, 'customer_city': 'sao paulo', 'customer_state': 'SP'}, {'customer_id': '0004164d20a9e969af783496f3408652', 'customer_unique_id': '104bdb7e6a6cdceaa88c3ea5fa6b2b93', 'customer_zip_code_prefix': 13272, 'customer_city': 'valinhos', 'customer_state': 'SP'}, {'customer_id': '000419c5494106c306a97b5635748086', 'customer_unique_id': '14843983d4a159080f6afe4b7f346e7c', 'customer_zip_code_prefix': 24220, 'customer_city': 'niteroi', 'customer_state': 'RJ'}, {'customer_id': '00046a560d407e99b969756e0b10f282', 'customer_unique_id': '0b5295fc9819d831f68eb0e9a3e13ab7', 'customer_zip_code_prefix': 20540, 'customer_city': 'rio de janeiro', 'customer_state': 'RJ'}  ... displaying 10 of 99441 total bound parameter sets ...  {'customer_id': 'ffffa3172527f765de70084a7e53aae8', 'customer_unique_id': '48fd7dec70f2b104a1d5e8c5c639102b', 'customer_zip_code_prefix': 37130, 'customer_city': 'alfenas', 'customer_state': 'MG'}, {'customer_id': 'ffffe8b65bbe3087b653a978c870db99', 'customer_unique_id': '736e6bfa0510aa5b878881a226a5fd89', 'customer_zip_code_prefix': 6172, 'customer_city': 'osasco', 'customer_state': 'SP'})]
(Background on this error at: https://sqlalche.me/e/14/f405)
[2026-03-26T04:01:43.642+0000] {taskinstance.py:1206} INFO - Marking task as FAILED. dag_id=e_commerce_dw_etl, task_id=extract.extract_and_load_to_staging, run_id=scheduled__2024-10-30T00:00:00+00:00, execution_date=20241030T000000, start_date=20260326T040135, end_date=20260326T040143
[2026-03-26T04:01:43.661+0000] {standard_task_runner.py:110} ERROR - Failed to execute job 7 for task extract.extract_and_load_to_staging ((psycopg2.errors.UndefinedTable) relation "staging.stg_customers" does not exist
LINE 1: INSERT INTO staging.stg_customers (customer_id, customer_uni...
                    ^

[SQL: INSERT INTO staging.stg_customers (customer_id, customer_unique_id, customer_zip_code_prefix, customer_city, customer_state) VALUES (%(customer_id)s, %(customer_unique_id)s, %(customer_zip_code_prefix)s, %(customer_city)s, %(customer_state)s)]
[parameters: ({'customer_id': '00012a2ce6f8dcda20d059ce98491703', 'customer_unique_id': '248ffe10d632bebe4f7267f1f44844c9', 'customer_zip_code_prefix': 6273, 'customer_city': 'osasco', 'customer_state': 'SP'}, {'customer_id': '000161a058600d5901f007fab4c27140', 'customer_unique_id': 'b0015e09bb4b6e47c52844fab5fb6638', 'customer_zip_code_prefix': 35550, 'customer_city': 'itapecerica', 'customer_state': 'MG'}, {'customer_id': '0001fd6190edaaf884bcaf3d49edf079', 'customer_unique_id': '94b11d37cd61cb2994a194d11f89682b', 'customer_zip_code_prefix': 29830, 'customer_city': 'nova venecia', 'customer_state': 'ES'}, {'customer_id': '0002414f95344307404f0ace7a26f1d5', 'customer_unique_id': '4893ad4ea28b2c5b3ddf4e82e79db9e6', 'customer_zip_code_prefix': 39664, 'customer_city': 'mendonca', 'customer_state': 'MG'}, {'customer_id': '000379cdec625522490c315e70c7a9fb', 'customer_unique_id': '0b83f73b19c2019e182fd552c048a22c', 'customer_zip_code_prefix': 4841, 'customer_city': 'sao paulo', 'customer_state': 'SP'}, {'customer_id': '0004164d20a9e969af783496f3408652', 'customer_unique_id': '104bdb7e6a6cdceaa88c3ea5fa6b2b93', 'customer_zip_code_prefix': 13272, 'customer_city': 'valinhos', 'customer_state': 'SP'}, {'customer_id': '000419c5494106c306a97b5635748086', 'customer_unique_id': '14843983d4a159080f6afe4b7f346e7c', 'customer_zip_code_prefix': 24220, 'customer_city': 'niteroi', 'customer_state': 'RJ'}, {'customer_id': '00046a560d407e99b969756e0b10f282', 'customer_unique_id': '0b5295fc9819d831f68eb0e9a3e13ab7', 'customer_zip_code_prefix': 20540, 'customer_city': 'rio de janeiro', 'customer_state': 'RJ'}  ... displaying 10 of 99441 total bound parameter sets ...  {'customer_id': 'ffffa3172527f765de70084a7e53aae8', 'customer_unique_id': '48fd7dec70f2b104a1d5e8c5c639102b', 'customer_zip_code_prefix': 37130, 'customer_city': 'alfenas', 'customer_state': 'MG'}, {'customer_id': 'ffffe8b65bbe3087b653a978c870db99', 'customer_unique_id': '736e6bfa0510aa5b878881a226a5fd89', 'customer_zip_code_prefix': 6172, 'customer_city': 'osasco', 'customer_state': 'SP'})]
(Background on this error at: https://sqlalche.me/e/14/f405); 323)
[2026-03-26T04:01:43.762+0000] {local_task_job_runner.py:240} INFO - Task exited with return code 1
[2026-03-26T04:01:43.776+0000] {local_task_job_runner.py:222} INFO - ::endgroup::
