[2026-03-26T04:27:14.061+0000] {local_task_job_runner.py:120} INFO - ::group::Pre task execution logs
[2026-03-26T04:27:14.199+0000] {taskinstance.py:2076} INFO - Dependencies all met for dep_context=non-requeueable deps ti=<TaskInstance: e_commerce_dw_etl.transform.transform_dim_products scheduled__2025-11-20T00:00:00+00:00 [queued]>
[2026-03-26T04:27:14.309+0000] {taskinstance.py:2076} INFO - Dependencies all met for dep_context=requeueable deps ti=<TaskInstance: e_commerce_dw_etl.transform.transform_dim_products scheduled__2025-11-20T00:00:00+00:00 [queued]>
[2026-03-26T04:27:14.329+0000] {taskinstance.py:2306} INFO - Starting attempt 1 of 1
[2026-03-26T04:27:14.725+0000] {taskinstance.py:2330} INFO - Executing <Task(PythonOperator): transform.transform_dim_products> on 2025-11-20 00:00:00+00:00
[2026-03-26T04:27:14.844+0000] {standard_task_runner.py:90} INFO - Running: ['***', 'tasks', 'run', 'e_commerce_dw_etl', 'transform.transform_dim_products', 'scheduled__2025-11-20T00:00:00+00:00', '--job-id', '951', '--raw', '--subdir', 'DAGS_FOLDER/e_commerce_dw_dag.py', '--cfg-path', '/tmp/tmpty60kdaq']
[2026-03-26T04:27:14.851+0000] {standard_task_runner.py:91} INFO - Job 951: Subtask transform.transform_dim_products
[2026-03-26T04:27:14.834+0000] {standard_task_runner.py:63} INFO - Started process 3484 to run task
[2026-03-26T04:27:15.114+0000] {task_command.py:426} INFO - Running <TaskInstance: e_commerce_dw_etl.transform.transform_dim_products scheduled__2025-11-20T00:00:00+00:00 [running]> on host 2d1a3218d35e
[2026-03-26T04:27:15.495+0000] {taskinstance.py:2648} INFO - Exporting env vars: AIRFLOW_CTX_DAG_OWNER='***' AIRFLOW_CTX_DAG_ID='e_commerce_dw_etl' AIRFLOW_CTX_TASK_ID='transform.transform_dim_products' AIRFLOW_CTX_EXECUTION_DATE='2025-11-20T00:00:00+00:00' AIRFLOW_CTX_TRY_NUMBER='1' AIRFLOW_CTX_DAG_RUN_ID='scheduled__2025-11-20T00:00:00+00:00'
[2026-03-26T04:27:15.510+0000] {taskinstance.py:430} INFO - ::endgroup::
[2026-03-26T04:27:16.092+0000] {crypto.py:82} WARNING - empty cryptography key - values will not be stored encrypted.
[2026-03-26T04:27:16.095+0000] {base.py:84} INFO - Using connection ID 'postgres' for task execution.
[2026-03-26T04:27:16.126+0000] {logging_mixin.py:188} WARNING - /home/***/.local/lib/python3.10/site-packages/***/providers/common/sql/hooks/sql.py:263 UserWarning: pandas only supports SQLAlchemy connectable (engine/connection) or database string URI or sqlite3 DBAPI2 connection. Other DBAPI2 objects are not tested. Please consider using SQLAlchemy.
[2026-03-26T04:27:16.503+0000] {base.py:84} INFO - Using connection ID 'postgres' for task execution.
[2026-03-26T04:27:16.542+0000] {logging_mixin.py:188} WARNING - /home/***/.local/lib/python3.10/site-packages/***/providers/common/sql/hooks/sql.py:263 UserWarning: pandas only supports SQLAlchemy connectable (engine/connection) or database string URI or sqlite3 DBAPI2 connection. Other DBAPI2 objects are not tested. Please consider using SQLAlchemy.
[2026-03-26T04:27:16.666+0000] {base.py:84} INFO - Using connection ID 'postgres' for task execution.
[2026-03-26T04:27:25.436+0000] {logging_mixin.py:188} INFO - Đã transform và lưu dữ liệu vào dim_products
[2026-03-26T04:27:25.470+0000] {python.py:237} INFO - Done. Returned value was: None
[2026-03-26T04:27:25.489+0000] {taskinstance.py:441} INFO - ::group::Post task execution logs
[2026-03-26T04:27:25.557+0000] {taskinstance.py:1206} INFO - Marking task as SUCCESS. dag_id=e_commerce_dw_etl, task_id=transform.transform_dim_products, run_id=scheduled__2025-11-20T00:00:00+00:00, execution_date=20251120T000000, start_date=20260326T042714, end_date=20260326T042725
[2026-03-26T04:27:26.841+0000] {local_task_job_runner.py:240} INFO - Task exited with return code 0
[2026-03-26T04:27:26.892+0000] {local_task_job_runner.py:222} INFO - ::endgroup::
