[2026-03-26T03:46:03.211+0000] {local_task_job_runner.py:120} INFO - ::group::Pre task execution logs
[2026-03-26T03:46:03.391+0000] {taskinstance.py:2076} INFO - Dependencies all met for dep_context=non-requeueable deps ti=<TaskInstance: e_commerce_dw_etl.transform.transform_dim_dates scheduled__2025-04-13T00:00:00+00:00 [queued]>
[2026-03-26T03:46:03.461+0000] {taskinstance.py:2076} INFO - Dependencies all met for dep_context=requeueable deps ti=<TaskInstance: e_commerce_dw_etl.transform.transform_dim_dates scheduled__2025-04-13T00:00:00+00:00 [queued]>
[2026-03-26T03:46:03.463+0000] {taskinstance.py:2306} INFO - Starting attempt 1 of 1
[2026-03-26T03:46:03.798+0000] {taskinstance.py:2330} INFO - Executing <Task(PythonOperator): transform.transform_dim_dates> on 2025-04-13 00:00:00+00:00
[2026-03-26T03:46:03.851+0000] {standard_task_runner.py:63} INFO - Started process 3000 to run task
[2026-03-26T03:46:03.869+0000] {standard_task_runner.py:90} INFO - Running: ['***', 'tasks', 'run', 'e_commerce_dw_etl', 'transform.transform_dim_dates', 'scheduled__2025-04-13T00:00:00+00:00', '--job-id', '1058', '--raw', '--subdir', 'DAGS_FOLDER/e_commerce_dw_dag.py', '--cfg-path', '/tmp/tmpbtklir08']
[2026-03-26T03:46:03.882+0000] {standard_task_runner.py:91} INFO - Job 1058: Subtask transform.transform_dim_dates
[2026-03-26T03:46:04.248+0000] {task_command.py:426} INFO - Running <TaskInstance: e_commerce_dw_etl.transform.transform_dim_dates scheduled__2025-04-13T00:00:00+00:00 [running]> on host 031edd3e030e
[2026-03-26T03:46:05.970+0000] {taskinstance.py:2648} INFO - Exporting env vars: AIRFLOW_CTX_DAG_OWNER='***' AIRFLOW_CTX_DAG_ID='e_commerce_dw_etl' AIRFLOW_CTX_TASK_ID='transform.transform_dim_dates' AIRFLOW_CTX_EXECUTION_DATE='2025-04-13T00:00:00+00:00' AIRFLOW_CTX_TRY_NUMBER='1' AIRFLOW_CTX_DAG_RUN_ID='scheduled__2025-04-13T00:00:00+00:00'
[2026-03-26T03:46:05.972+0000] {taskinstance.py:430} INFO - ::endgroup::
[2026-03-26T03:46:06.208+0000] {crypto.py:82} WARNING - empty cryptography key - values will not be stored encrypted.
[2026-03-26T03:46:06.213+0000] {base.py:84} INFO - Using connection ID 'postgres' for task execution.
[2026-03-26T03:46:06.929+0000] {logging_mixin.py:188} INFO - Đã tạo và lưu dữ liệu vào dim_dates
[2026-03-26T03:46:06.931+0000] {python.py:237} INFO - Done. Returned value was: None
[2026-03-26T03:46:06.938+0000] {taskinstance.py:441} INFO - ::group::Post task execution logs
[2026-03-26T03:46:07.007+0000] {taskinstance.py:1206} INFO - Marking task as SUCCESS. dag_id=e_commerce_dw_etl, task_id=transform.transform_dim_dates, run_id=scheduled__2025-04-13T00:00:00+00:00, execution_date=20250413T000000, start_date=20260326T034603, end_date=20260326T034607
[2026-03-26T03:46:07.094+0000] {local_task_job_runner.py:124} ERROR - Received SIGTERM. Terminating subprocesses
[2026-03-26T03:46:07.221+0000] {process_utils.py:132} INFO - Sending 15 to group 3000. PIDs of all processes in the group: [3000]
[2026-03-26T03:46:07.309+0000] {process_utils.py:87} INFO - Sending the signal 15 to group 3000
[2026-03-26T03:46:07.504+0000] {process_utils.py:80} INFO - Process psutil.Process(pid=3000, status='terminated', exitcode=0, started='03:46:03') (3000) terminated with exit code 0
[2026-03-26T03:46:07.507+0000] {local_task_job_runner.py:240} INFO - Task exited with return code 143
[2026-03-26T03:46:07.711+0000] {taskinstance.py:3503} INFO - 0 downstream tasks scheduled from follow-on schedule check
[2026-03-26T03:46:07.929+0000] {local_task_job_runner.py:222} INFO - ::endgroup::
[2026-03-26T04:13:53.424+0000] {local_task_job_runner.py:120} INFO - ::group::Pre task execution logs
[2026-03-26T04:13:53.729+0000] {taskinstance.py:2076} INFO - Dependencies all met for dep_context=non-requeueable deps ti=<TaskInstance: e_commerce_dw_etl.transform.transform_dim_dates scheduled__2025-04-13T00:00:00+00:00 [queued]>
[2026-03-26T04:13:53.868+0000] {taskinstance.py:2076} INFO - Dependencies all met for dep_context=requeueable deps ti=<TaskInstance: e_commerce_dw_etl.transform.transform_dim_dates scheduled__2025-04-13T00:00:00+00:00 [queued]>
[2026-03-26T04:13:53.873+0000] {taskinstance.py:2306} INFO - Starting attempt 1 of 1
[2026-03-26T04:13:54.116+0000] {taskinstance.py:2330} INFO - Executing <Task(PythonOperator): transform.transform_dim_dates> on 2025-04-13 00:00:00+00:00
[2026-03-26T04:13:54.218+0000] {standard_task_runner.py:63} INFO - Started process 1713 to run task
[2026-03-26T04:13:54.264+0000] {standard_task_runner.py:90} INFO - Running: ['***', 'tasks', 'run', 'e_commerce_dw_etl', 'transform.transform_dim_dates', 'scheduled__2025-04-13T00:00:00+00:00', '--job-id', '403', '--raw', '--subdir', 'DAGS_FOLDER/e_commerce_dw_dag.py', '--cfg-path', '/tmp/tmpxtvyhb85']
[2026-03-26T04:13:54.292+0000] {standard_task_runner.py:91} INFO - Job 403: Subtask transform.transform_dim_dates
[2026-03-26T04:13:54.661+0000] {task_command.py:426} INFO - Running <TaskInstance: e_commerce_dw_etl.transform.transform_dim_dates scheduled__2025-04-13T00:00:00+00:00 [running]> on host 2d1a3218d35e
[2026-03-26T04:13:56.344+0000] {taskinstance.py:2648} INFO - Exporting env vars: AIRFLOW_CTX_DAG_OWNER='***' AIRFLOW_CTX_DAG_ID='e_commerce_dw_etl' AIRFLOW_CTX_TASK_ID='transform.transform_dim_dates' AIRFLOW_CTX_EXECUTION_DATE='2025-04-13T00:00:00+00:00' AIRFLOW_CTX_TRY_NUMBER='1' AIRFLOW_CTX_DAG_RUN_ID='scheduled__2025-04-13T00:00:00+00:00'
[2026-03-26T04:13:56.354+0000] {taskinstance.py:430} INFO - ::endgroup::
[2026-03-26T04:13:56.500+0000] {crypto.py:82} WARNING - empty cryptography key - values will not be stored encrypted.
[2026-03-26T04:13:56.517+0000] {base.py:84} INFO - Using connection ID 'postgres' for task execution.
[2026-03-26T04:13:57.425+0000] {logging_mixin.py:188} INFO - Đã tạo và lưu dữ liệu vào dim_dates
[2026-03-26T04:13:57.432+0000] {python.py:237} INFO - Done. Returned value was: None
[2026-03-26T04:13:57.434+0000] {taskinstance.py:441} INFO - ::group::Post task execution logs
[2026-03-26T04:13:57.467+0000] {taskinstance.py:1206} INFO - Marking task as SUCCESS. dag_id=e_commerce_dw_etl, task_id=transform.transform_dim_dates, run_id=scheduled__2025-04-13T00:00:00+00:00, execution_date=20250413T000000, start_date=20260326T041353, end_date=20260326T041357
[2026-03-26T04:13:57.629+0000] {local_task_job_runner.py:240} INFO - Task exited with return code 0
[2026-03-26T04:13:57.828+0000] {taskinstance.py:3503} INFO - 0 downstream tasks scheduled from follow-on schedule check
[2026-03-26T04:13:57.839+0000] {local_task_job_runner.py:222} INFO - ::endgroup::
