[2026-03-31T08:16:38.130+0000] {local_task_job_runner.py:120} INFO - ::group::Pre task execution logs
[2026-03-31T08:16:38.204+0000] {taskinstance.py:2076} INFO - Dependencies all met for dep_context=non-requeueable deps ti=<TaskInstance: e_commerce_dw_etl.transform.transform_dim_dates scheduled__2026-03-29T00:00:00+00:00 [queued]>
[2026-03-31T08:16:38.220+0000] {taskinstance.py:2076} INFO - Dependencies all met for dep_context=requeueable deps ti=<TaskInstance: e_commerce_dw_etl.transform.transform_dim_dates scheduled__2026-03-29T00:00:00+00:00 [queued]>
[2026-03-31T08:16:38.221+0000] {taskinstance.py:2306} INFO - Starting attempt 1 of 1
[2026-03-31T08:16:38.246+0000] {taskinstance.py:2330} INFO - Executing <Task(PythonOperator): transform.transform_dim_dates> on 2026-03-29 00:00:00+00:00
[2026-03-31T08:16:38.261+0000] {standard_task_runner.py:63} INFO - Started process 262 to run task
[2026-03-31T08:16:38.272+0000] {standard_task_runner.py:90} INFO - Running: ['***', 'tasks', 'run', 'e_commerce_dw_etl', 'transform.transform_dim_dates', 'scheduled__2026-03-29T00:00:00+00:00', '--job-id', '1222', '--raw', '--subdir', 'DAGS_FOLDER/e_commerce_dw_dag.py', '--cfg-path', '/tmp/tmpi1mlbmdn']
[2026-03-31T08:16:38.277+0000] {standard_task_runner.py:91} INFO - Job 1222: Subtask transform.transform_dim_dates
[2026-03-31T08:16:38.405+0000] {task_command.py:426} INFO - Running <TaskInstance: e_commerce_dw_etl.transform.transform_dim_dates scheduled__2026-03-29T00:00:00+00:00 [running]> on host 5ee98cf5d1aa
[2026-03-31T08:16:39.066+0000] {taskinstance.py:2648} INFO - Exporting env vars: AIRFLOW_CTX_DAG_OWNER='***' AIRFLOW_CTX_DAG_ID='e_commerce_dw_etl' AIRFLOW_CTX_TASK_ID='transform.transform_dim_dates' AIRFLOW_CTX_EXECUTION_DATE='2026-03-29T00:00:00+00:00' AIRFLOW_CTX_TRY_NUMBER='1' AIRFLOW_CTX_DAG_RUN_ID='scheduled__2026-03-29T00:00:00+00:00'
[2026-03-31T08:16:39.075+0000] {taskinstance.py:430} INFO - ::endgroup::
[2026-03-31T08:16:39.241+0000] {crypto.py:82} WARNING - empty cryptography key - values will not be stored encrypted.
[2026-03-31T08:16:39.243+0000] {base.py:84} INFO - Using connection ID 'postgres' for task execution.
[2026-03-31T08:16:39.792+0000] {logging_mixin.py:188} INFO - Đã tạo và lưu dữ liệu vào dim_dates
[2026-03-31T08:16:39.793+0000] {python.py:237} INFO - Done. Returned value was: None
[2026-03-31T08:16:39.795+0000] {taskinstance.py:441} INFO - ::group::Post task execution logs
[2026-03-31T08:16:39.811+0000] {taskinstance.py:1206} INFO - Marking task as SUCCESS. dag_id=e_commerce_dw_etl, task_id=transform.transform_dim_dates, run_id=scheduled__2026-03-29T00:00:00+00:00, execution_date=20260329T000000, start_date=20260331T081638, end_date=20260331T081639
[2026-03-31T08:16:39.891+0000] {local_task_job_runner.py:240} INFO - Task exited with return code 0
[2026-03-31T08:16:39.942+0000] {taskinstance.py:3503} INFO - 0 downstream tasks scheduled from follow-on schedule check
[2026-03-31T08:16:39.949+0000] {local_task_job_runner.py:222} INFO - ::endgroup::
