[2026-03-26T03:42:17.606+0000] {local_task_job_runner.py:120} INFO - ::group::Pre task execution logs
[2026-03-26T03:42:17.844+0000] {taskinstance.py:2076} INFO - Dependencies all met for dep_context=non-requeueable deps ti=<TaskInstance: e_commerce_dw_etl.transform.transform_dim_payments scheduled__2025-01-23T00:00:00+00:00 [queued]>
[2026-03-26T03:42:17.901+0000] {taskinstance.py:2076} INFO - Dependencies all met for dep_context=requeueable deps ti=<TaskInstance: e_commerce_dw_etl.transform.transform_dim_payments scheduled__2025-01-23T00:00:00+00:00 [queued]>
[2026-03-26T03:42:17.904+0000] {taskinstance.py:2306} INFO - Starting attempt 1 of 1
[2026-03-26T03:42:17.941+0000] {taskinstance.py:2330} INFO - Executing <Task(PythonOperator): transform.transform_dim_payments> on 2025-01-23 00:00:00+00:00
[2026-03-26T03:42:17.959+0000] {standard_task_runner.py:63} INFO - Started process 1812 to run task
[2026-03-26T03:42:17.978+0000] {standard_task_runner.py:90} INFO - Running: ['***', 'tasks', 'run', 'e_commerce_dw_etl', 'transform.transform_dim_payments', 'scheduled__2025-01-23T00:00:00+00:00', '--job-id', '559', '--raw', '--subdir', 'DAGS_FOLDER/e_commerce_dw_dag.py', '--cfg-path', '/tmp/tmp10xq51t_']
[2026-03-26T03:42:17.991+0000] {standard_task_runner.py:91} INFO - Job 559: Subtask transform.transform_dim_payments
[2026-03-26T03:42:18.295+0000] {task_command.py:426} INFO - Running <TaskInstance: e_commerce_dw_etl.transform.transform_dim_payments scheduled__2025-01-23T00:00:00+00:00 [running]> on host 031edd3e030e
[2026-03-26T03:42:19.584+0000] {taskinstance.py:2648} INFO - Exporting env vars: AIRFLOW_CTX_DAG_OWNER='***' AIRFLOW_CTX_DAG_ID='e_commerce_dw_etl' AIRFLOW_CTX_TASK_ID='transform.transform_dim_payments' AIRFLOW_CTX_EXECUTION_DATE='2025-01-23T00:00:00+00:00' AIRFLOW_CTX_TRY_NUMBER='1' AIRFLOW_CTX_DAG_RUN_ID='scheduled__2025-01-23T00:00:00+00:00'
[2026-03-26T03:42:19.586+0000] {taskinstance.py:430} INFO - ::endgroup::
[2026-03-26T03:42:19.636+0000] {crypto.py:82} WARNING - empty cryptography key - values will not be stored encrypted.
[2026-03-26T03:42:19.655+0000] {base.py:84} INFO - Using connection ID 'postgres' for task execution.
[2026-03-26T03:42:19.694+0000] {logging_mixin.py:188} WARNING - /home/***/.local/lib/python3.10/site-packages/***/providers/common/sql/hooks/sql.py:263 UserWarning: pandas only supports SQLAlchemy connectable (engine/connection) or database string URI or sqlite3 DBAPI2 connection. Other DBAPI2 objects are not tested. Please consider using SQLAlchemy.
[2026-03-26T03:42:19.734+0000] {base.py:84} INFO - Using connection ID 'postgres' for task execution.
[2026-03-26T03:42:19.942+0000] {logging_mixin.py:188} INFO - Đã transform và lưu dữ liệu vào dim_payments
[2026-03-26T03:42:19.949+0000] {python.py:237} INFO - Done. Returned value was: None
[2026-03-26T03:42:19.970+0000] {taskinstance.py:441} INFO - ::group::Post task execution logs
[2026-03-26T03:42:20.015+0000] {taskinstance.py:1206} INFO - Marking task as SUCCESS. dag_id=e_commerce_dw_etl, task_id=transform.transform_dim_payments, run_id=scheduled__2025-01-23T00:00:00+00:00, execution_date=20250123T000000, start_date=20260326T034217, end_date=20260326T034220
[2026-03-26T03:42:20.149+0000] {local_task_job_runner.py:240} INFO - Task exited with return code 0
[2026-03-26T03:42:20.216+0000] {taskinstance.py:3503} INFO - 0 downstream tasks scheduled from follow-on schedule check
[2026-03-26T03:42:20.222+0000] {local_task_job_runner.py:222} INFO - ::endgroup::
[2026-03-26T04:08:09.937+0000] {local_task_job_runner.py:120} INFO - ::group::Pre task execution logs
[2026-03-26T04:08:10.142+0000] {taskinstance.py:2076} INFO - Dependencies all met for dep_context=non-requeueable deps ti=<TaskInstance: e_commerce_dw_etl.transform.transform_dim_payments scheduled__2025-01-23T00:00:00+00:00 [queued]>
[2026-03-26T04:08:10.178+0000] {taskinstance.py:2076} INFO - Dependencies all met for dep_context=requeueable deps ti=<TaskInstance: e_commerce_dw_etl.transform.transform_dim_payments scheduled__2025-01-23T00:00:00+00:00 [queued]>
[2026-03-26T04:08:10.186+0000] {taskinstance.py:2306} INFO - Starting attempt 1 of 1
[2026-03-26T04:08:10.274+0000] {taskinstance.py:2330} INFO - Executing <Task(PythonOperator): transform.transform_dim_payments> on 2025-01-23 00:00:00+00:00
[2026-03-26T04:08:10.325+0000] {standard_task_runner.py:63} INFO - Started process 1050 to run task
[2026-03-26T04:08:10.351+0000] {standard_task_runner.py:90} INFO - Running: ['***', 'tasks', 'run', 'e_commerce_dw_etl', 'transform.transform_dim_payments', 'scheduled__2025-01-23T00:00:00+00:00', '--job-id', '213', '--raw', '--subdir', 'DAGS_FOLDER/e_commerce_dw_dag.py', '--cfg-path', '/tmp/tmpjmuw4xs1']
[2026-03-26T04:08:10.384+0000] {standard_task_runner.py:91} INFO - Job 213: Subtask transform.transform_dim_payments
[2026-03-26T04:08:10.647+0000] {task_command.py:426} INFO - Running <TaskInstance: e_commerce_dw_etl.transform.transform_dim_payments scheduled__2025-01-23T00:00:00+00:00 [running]> on host 2d1a3218d35e
[2026-03-26T04:08:12.155+0000] {taskinstance.py:2648} INFO - Exporting env vars: AIRFLOW_CTX_DAG_OWNER='***' AIRFLOW_CTX_DAG_ID='e_commerce_dw_etl' AIRFLOW_CTX_TASK_ID='transform.transform_dim_payments' AIRFLOW_CTX_EXECUTION_DATE='2025-01-23T00:00:00+00:00' AIRFLOW_CTX_TRY_NUMBER='1' AIRFLOW_CTX_DAG_RUN_ID='scheduled__2025-01-23T00:00:00+00:00'
[2026-03-26T04:08:12.160+0000] {taskinstance.py:430} INFO - ::endgroup::
[2026-03-26T04:08:12.224+0000] {crypto.py:82} WARNING - empty cryptography key - values will not be stored encrypted.
[2026-03-26T04:08:12.233+0000] {base.py:84} INFO - Using connection ID 'postgres' for task execution.
[2026-03-26T04:08:12.300+0000] {logging_mixin.py:188} WARNING - /home/***/.local/lib/python3.10/site-packages/***/providers/common/sql/hooks/sql.py:263 UserWarning: pandas only supports SQLAlchemy connectable (engine/connection) or database string URI or sqlite3 DBAPI2 connection. Other DBAPI2 objects are not tested. Please consider using SQLAlchemy.
[2026-03-26T04:08:13.336+0000] {base.py:84} INFO - Using connection ID 'postgres' for task execution.
[2026-03-26T04:08:13.682+0000] {logging_mixin.py:188} INFO - Đã transform và lưu dữ liệu vào dim_payments
[2026-03-26T04:08:13.685+0000] {python.py:237} INFO - Done. Returned value was: None
[2026-03-26T04:08:13.690+0000] {taskinstance.py:441} INFO - ::group::Post task execution logs
[2026-03-26T04:08:13.726+0000] {taskinstance.py:1206} INFO - Marking task as SUCCESS. dag_id=e_commerce_dw_etl, task_id=transform.transform_dim_payments, run_id=scheduled__2025-01-23T00:00:00+00:00, execution_date=20250123T000000, start_date=20260326T040810, end_date=20260326T040813
[2026-03-26T04:08:13.983+0000] {local_task_job_runner.py:240} INFO - Task exited with return code 0
[2026-03-26T04:08:14.065+0000] {taskinstance.py:3503} INFO - 0 downstream tasks scheduled from follow-on schedule check
[2026-03-26T04:08:14.089+0000] {local_task_job_runner.py:222} INFO - ::endgroup::
