[2026-03-26T03:46:05.143+0000] {local_task_job_runner.py:120} INFO - ::group::Pre task execution logs
[2026-03-26T03:46:05.237+0000] {taskinstance.py:2076} INFO - Dependencies all met for dep_context=non-requeueable deps ti=<TaskInstance: e_commerce_dw_etl.transform.transform_dim_customers scheduled__2025-04-14T00:00:00+00:00 [queued]>
[2026-03-26T03:46:05.282+0000] {taskinstance.py:2076} INFO - Dependencies all met for dep_context=requeueable deps ti=<TaskInstance: e_commerce_dw_etl.transform.transform_dim_customers scheduled__2025-04-14T00:00:00+00:00 [queued]>
[2026-03-26T03:46:05.285+0000] {taskinstance.py:2306} INFO - Starting attempt 1 of 1
[2026-03-26T03:46:05.633+0000] {taskinstance.py:2330} INFO - Executing <Task(PythonOperator): transform.transform_dim_customers> on 2025-04-14 00:00:00+00:00
[2026-03-26T03:46:05.747+0000] {standard_task_runner.py:90} INFO - Running: ['***', 'tasks', 'run', 'e_commerce_dw_etl', 'transform.transform_dim_customers', 'scheduled__2025-04-14T00:00:00+00:00', '--job-id', '1064', '--raw', '--subdir', 'DAGS_FOLDER/e_commerce_dw_dag.py', '--cfg-path', '/tmp/tmp988qf1gy']
[2026-03-26T03:46:05.777+0000] {standard_task_runner.py:91} INFO - Job 1064: Subtask transform.transform_dim_customers
[2026-03-26T03:46:05.755+0000] {standard_task_runner.py:63} INFO - Started process 3014 to run task
[2026-03-26T03:46:06.092+0000] {task_command.py:426} INFO - Running <TaskInstance: e_commerce_dw_etl.transform.transform_dim_customers scheduled__2025-04-14T00:00:00+00:00 [running]> on host 031edd3e030e
[2026-03-26T03:46:07.092+0000] {local_task_job_runner.py:124} ERROR - Received SIGTERM. Terminating subprocesses
[2026-03-26T03:46:07.190+0000] {process_utils.py:132} INFO - Sending 15 to group 3014. PIDs of all processes in the group: [3014]
[2026-03-26T03:46:07.223+0000] {process_utils.py:87} INFO - Sending the signal 15 to group 3014
[2026-03-26T03:46:07.758+0000] {taskinstance.py:2611} ERROR - Received SIGTERM. Terminating subprocesses.
[2026-03-26T03:46:07.920+0000] {taskinstance.py:2905} ERROR - Task failed with exception
Traceback (most recent call last):
  File "/home/airflow/.local/lib/python3.10/site-packages/airflow/models/taskinstance.py", line 2479, in _run_raw_task
    self._execute_task_with_callbacks(context, test_mode, session=session)
  File "/home/airflow/.local/lib/python3.10/site-packages/airflow/models/taskinstance.py", line 2638, in _execute_task_with_callbacks
    RenderedTaskInstanceFields.delete_old_records(self.task_id, self.dag_id)
  File "/home/airflow/.local/lib/python3.10/site-packages/airflow/utils/session.py", line 79, in wrapper
    return func(*args, session=session, **kwargs)
  File "/home/airflow/.local/lib/python3.10/site-packages/airflow/models/renderedtifields.py", line 235, in delete_old_records
    cls._do_delete_old_records(
  File "/home/airflow/.local/lib/python3.10/site-packages/airflow/utils/retries.py", line 89, in wrapped_function
    for attempt in run_with_db_retries(max_retries=retries, logger=logger, **retry_kwargs):
  File "/home/airflow/.local/lib/python3.10/site-packages/tenacity/__init__.py", line 435, in __iter__
    do = self.iter(retry_state=retry_state)
  File "/home/airflow/.local/lib/python3.10/site-packages/tenacity/__init__.py", line 368, in iter
    result = action(retry_state)
  File "/home/airflow/.local/lib/python3.10/site-packages/tenacity/__init__.py", line 390, in <lambda>
    self._add_action_func(lambda rs: rs.outcome.result())
  File "/usr/local/lib/python3.10/concurrent/futures/_base.py", line 451, in result
    return self.__get_result()
  File "/usr/local/lib/python3.10/concurrent/futures/_base.py", line 403, in __get_result
    raise self._exception
  File "/home/airflow/.local/lib/python3.10/site-packages/airflow/utils/retries.py", line 98, in wrapped_function
    return func(*args, **kwargs)
  File "/home/airflow/.local/lib/python3.10/site-packages/airflow/models/renderedtifields.py", line 269, in _do_delete_old_records
    session.execute(stmt)
  File "/home/airflow/.local/lib/python3.10/site-packages/sqlalchemy/orm/session.py", line 1717, in execute
    result = conn._execute_20(statement, params or {}, execution_options)
  File "/home/airflow/.local/lib/python3.10/site-packages/sqlalchemy/engine/base.py", line 1710, in _execute_20
    return meth(self, args_10style, kwargs_10style, execution_options)
  File "/home/airflow/.local/lib/python3.10/site-packages/sqlalchemy/sql/elements.py", line 334, in _execute_on_connection
    return connection._execute_clauseelement(
  File "/home/airflow/.local/lib/python3.10/site-packages/sqlalchemy/engine/base.py", line 1569, in _execute_clauseelement
    compiled_sql, extracted_params, cache_hit = elem._compile_w_cache(
  File "/home/airflow/.local/lib/python3.10/site-packages/sqlalchemy/sql/elements.py", line 515, in _compile_w_cache
    elem_cache_key = self._generate_cache_key()
  File "/home/airflow/.local/lib/python3.10/site-packages/sqlalchemy/util/langhelpers.py", line 1193, in oneshot
    result = fn(self, *args, **kw)
  File "/home/airflow/.local/lib/python3.10/site-packages/sqlalchemy/sql/traversals.py", line 342, in _generate_cache_key
    return HasCacheKey._generate_cache_key(self)
  File "/home/airflow/.local/lib/python3.10/site-packages/sqlalchemy/sql/traversals.py", line 321, in _generate_cache_key
    key = self._gen_cache_key(_anon_map, bindparams)
  File "/home/airflow/.local/lib/python3.10/site-packages/sqlalchemy/sql/traversals.py", line 274, in _gen_cache_key
    [
  File "/home/airflow/.local/lib/python3.10/site-packages/sqlalchemy/sql/traversals.py", line 275, in <listcomp>
    elem._gen_cache_key(anon_map, bindparams)
  File "/home/airflow/.local/lib/python3.10/site-packages/sqlalchemy/sql/traversals.py", line 235, in _gen_cache_key
    obj._gen_cache_key(anon_map, bindparams),
  File "/home/airflow/.local/lib/python3.10/site-packages/sqlalchemy/sql/traversals.py", line 235, in _gen_cache_key
    obj._gen_cache_key(anon_map, bindparams),
  File "/home/airflow/.local/lib/python3.10/site-packages/sqlalchemy/sql/traversals.py", line 235, in _gen_cache_key
    obj._gen_cache_key(anon_map, bindparams),
  [Previous line repeated 1 more time]
  File "/home/airflow/.local/lib/python3.10/site-packages/sqlalchemy/sql/traversals.py", line 274, in _gen_cache_key
    [
  File "/home/airflow/.local/lib/python3.10/site-packages/sqlalchemy/sql/traversals.py", line 275, in <listcomp>
    elem._gen_cache_key(anon_map, bindparams)
  File "/home/airflow/.local/lib/python3.10/site-packages/sqlalchemy/sql/traversals.py", line 235, in _gen_cache_key
    obj._gen_cache_key(anon_map, bindparams),
  File "/home/airflow/.local/lib/python3.10/site-packages/sqlalchemy/sql/traversals.py", line 235, in _gen_cache_key
    obj._gen_cache_key(anon_map, bindparams),
  File "/home/airflow/.local/lib/python3.10/site-packages/sqlalchemy/sql/traversals.py", line 235, in _gen_cache_key
    obj._gen_cache_key(anon_map, bindparams),
  File "/home/airflow/.local/lib/python3.10/site-packages/sqlalchemy/sql/traversals.py", line 214, in _gen_cache_key
    for attrname, obj, meth in dispatcher(
  File "/home/airflow/.local/lib/python3.10/site-packages/airflow/models/taskinstance.py", line 2613, in signal_handler
    raise AirflowTaskTerminated("Task received SIGTERM signal")
airflow.exceptions.AirflowTaskTerminated: Task received SIGTERM signal
[2026-03-26T03:46:07.955+0000] {taskinstance.py:1206} INFO - Marking task as FAILED. dag_id=e_commerce_dw_etl, task_id=transform.transform_dim_customers, run_id=scheduled__2025-04-14T00:00:00+00:00, execution_date=20250414T000000, start_date=20260326T034605, end_date=20260326T034607
[2026-03-26T03:46:08.101+0000] {process_utils.py:80} INFO - Process psutil.Process(pid=3014, status='terminated', exitcode=2, started='03:46:05') (3014) terminated with exit code 2
[2026-03-26T03:46:08.117+0000] {local_task_job_runner.py:240} INFO - Task exited with return code 143
