[2026-03-25T08:41:51.203+0000] {local_task_job_runner.py:120} INFO - ::group::Pre task execution logs
[2026-03-25T08:41:51.284+0000] {taskinstance.py:2076} INFO - Dependencies all met for dep_context=non-requeueable deps ti=<TaskInstance: e_commerce_dw_etl.extract.extract_and_load_to_staging scheduled__2024-12-19T00:00:00+00:00 [queued]>
[2026-03-25T08:41:51.301+0000] {taskinstance.py:2076} INFO - Dependencies all met for dep_context=requeueable deps ti=<TaskInstance: e_commerce_dw_etl.extract.extract_and_load_to_staging scheduled__2024-12-19T00:00:00+00:00 [queued]>
[2026-03-25T08:41:51.302+0000] {taskinstance.py:2306} INFO - Starting attempt 1 of 1
[2026-03-25T08:41:51.339+0000] {taskinstance.py:2330} INFO - Executing <Task(PythonOperator): extract.extract_and_load_to_staging> on 2024-12-19 00:00:00+00:00
[2026-03-25T08:41:51.350+0000] {standard_task_runner.py:63} INFO - Started process 655 to run task
[2026-03-25T08:41:51.357+0000] {standard_task_runner.py:90} INFO - Running: ['***', 'tasks', 'run', 'e_commerce_dw_etl', 'extract.extract_and_load_to_staging', 'scheduled__2024-12-19T00:00:00+00:00', '--job-id', '70', '--raw', '--subdir', 'DAGS_FOLDER/e_commerce_dw_dag.py', '--cfg-path', '/tmp/tmpjvpt80em']
[2026-03-25T08:41:51.362+0000] {standard_task_runner.py:91} INFO - Job 70: Subtask extract.extract_and_load_to_staging
[2026-03-25T08:41:51.458+0000] {task_command.py:426} INFO - Running <TaskInstance: e_commerce_dw_etl.extract.extract_and_load_to_staging scheduled__2024-12-19T00:00:00+00:00 [running]> on host bcd9e4848a6d
[2026-03-25T08:41:51.594+0000] {taskinstance.py:2648} INFO - Exporting env vars: AIRFLOW_CTX_DAG_OWNER='***' AIRFLOW_CTX_DAG_ID='e_commerce_dw_etl' AIRFLOW_CTX_TASK_ID='extract.extract_and_load_to_staging' AIRFLOW_CTX_EXECUTION_DATE='2024-12-19T00:00:00+00:00' AIRFLOW_CTX_TRY_NUMBER='1' AIRFLOW_CTX_DAG_RUN_ID='scheduled__2024-12-19T00:00:00+00:00'
[2026-03-25T08:41:51.595+0000] {taskinstance.py:430} INFO - ::endgroup::
[2026-03-25T08:41:51.882+0000] {mysql_operator.py:13} ERROR - Can't connect to mysql database
[2026-03-25T08:41:51.906+0000] {taskinstance.py:441} INFO - ::group::Post task execution logs
[2026-03-25T08:41:51.940+0000] {taskinstance.py:2905} ERROR - Task failed with exception
Traceback (most recent call last):
  File "/home/airflow/.local/lib/python3.10/site-packages/airflow/models/taskinstance.py", line 465, in _execute_task
    result = _execute_callable(context=context, **execute_callable_kwargs)
  File "/home/airflow/.local/lib/python3.10/site-packages/airflow/models/taskinstance.py", line 432, in _execute_callable
    return execute_callable(context=context, **execute_callable_kwargs)
  File "/home/airflow/.local/lib/python3.10/site-packages/airflow/models/baseoperator.py", line 401, in wrapper
    return func(self, *args, **kwargs)
  File "/home/airflow/.local/lib/python3.10/site-packages/airflow/operators/python.py", line 235, in execute
    return_value = self.execute_callable()
  File "/home/airflow/.local/lib/python3.10/site-packages/airflow/operators/python.py", line 252, in execute_callable
    return self.python_callable(*self.op_args, **self.op_kwargs)
  File "/opt/airflow/dags/extract_data.py", line 30, in extract_and_load_to_staging
    df = source_operator.get_data_to_pd(f"SELECT * FROM {table}")
  File "/opt/airflow/plugins/mysql_operator.py", line 15, in get_data_to_pd
    return self.mysqlhook.get_pandas_df(query)
  File "/home/airflow/.local/lib/python3.10/site-packages/airflow/providers/common/sql/hooks/sql.py", line 262, in get_pandas_df
    with closing(self.get_conn()) as conn:
  File "/home/airflow/.local/lib/python3.10/site-packages/airflow/providers/mysql/hooks/mysql.py", line 188, in get_conn
    conn = self.connection or self.get_connection(getattr(self, self.conn_name_attr))
  File "/home/airflow/.local/lib/python3.10/site-packages/airflow/hooks/base.py", line 83, in get_connection
    conn = Connection.get_connection_from_secrets(conn_id)
  File "/home/airflow/.local/lib/python3.10/site-packages/airflow/models/connection.py", line 519, in get_connection_from_secrets
    raise AirflowNotFoundException(f"The conn_id `{conn_id}` isn't defined")
airflow.exceptions.AirflowNotFoundException: The conn_id `mysql` isn't defined
[2026-03-25T08:41:52.012+0000] {taskinstance.py:1206} INFO - Marking task as FAILED. dag_id=e_commerce_dw_etl, task_id=extract.extract_and_load_to_staging, run_id=scheduled__2024-12-19T00:00:00+00:00, execution_date=20241219T000000, start_date=20260325T084151, end_date=20260325T084152
[2026-03-25T08:41:52.061+0000] {standard_task_runner.py:110} ERROR - Failed to execute job 70 for task extract.extract_and_load_to_staging (The conn_id `mysql` isn't defined; 655)
[2026-03-25T08:41:52.114+0000] {local_task_job_runner.py:240} INFO - Task exited with return code 1
[2026-03-25T08:41:52.149+0000] {local_task_job_runner.py:222} INFO - ::endgroup::
[2026-03-25T09:30:35.284+0000] {local_task_job_runner.py:120} INFO - ::group::Pre task execution logs
[2026-03-25T09:30:35.332+0000] {taskinstance.py:2076} INFO - Dependencies all met for dep_context=non-requeueable deps ti=<TaskInstance: e_commerce_dw_etl.extract.extract_and_load_to_staging scheduled__2024-12-19T00:00:00+00:00 [queued]>
[2026-03-25T09:30:35.346+0000] {taskinstance.py:2076} INFO - Dependencies all met for dep_context=requeueable deps ti=<TaskInstance: e_commerce_dw_etl.extract.extract_and_load_to_staging scheduled__2024-12-19T00:00:00+00:00 [queued]>
[2026-03-25T09:30:35.348+0000] {taskinstance.py:2306} INFO - Starting attempt 1 of 1
[2026-03-25T09:30:35.371+0000] {taskinstance.py:2330} INFO - Executing <Task(PythonOperator): extract.extract_and_load_to_staging> on 2024-12-19 00:00:00+00:00
[2026-03-25T09:30:35.385+0000] {standard_task_runner.py:63} INFO - Started process 344 to run task
[2026-03-25T09:30:35.389+0000] {standard_task_runner.py:90} INFO - Running: ['***', 'tasks', 'run', 'e_commerce_dw_etl', 'extract.extract_and_load_to_staging', 'scheduled__2024-12-19T00:00:00+00:00', '--job-id', '61', '--raw', '--subdir', 'DAGS_FOLDER/e_commerce_dw_dag.py', '--cfg-path', '/tmp/tmpx4anfw0y']
[2026-03-25T09:30:35.393+0000] {standard_task_runner.py:91} INFO - Job 61: Subtask extract.extract_and_load_to_staging
[2026-03-25T09:30:35.489+0000] {task_command.py:426} INFO - Running <TaskInstance: e_commerce_dw_etl.extract.extract_and_load_to_staging scheduled__2024-12-19T00:00:00+00:00 [running]> on host 0d903260eca4
[2026-03-25T09:30:35.614+0000] {taskinstance.py:2648} INFO - Exporting env vars: AIRFLOW_CTX_DAG_OWNER='***' AIRFLOW_CTX_DAG_ID='e_commerce_dw_etl' AIRFLOW_CTX_TASK_ID='extract.extract_and_load_to_staging' AIRFLOW_CTX_EXECUTION_DATE='2024-12-19T00:00:00+00:00' AIRFLOW_CTX_TRY_NUMBER='1' AIRFLOW_CTX_DAG_RUN_ID='scheduled__2024-12-19T00:00:00+00:00'
[2026-03-25T09:30:35.615+0000] {taskinstance.py:430} INFO - ::endgroup::
[2026-03-25T09:30:35.854+0000] {mysql_operator.py:13} ERROR - Can't connect to mysql database
[2026-03-25T09:30:35.865+0000] {taskinstance.py:441} INFO - ::group::Post task execution logs
[2026-03-25T09:30:35.879+0000] {taskinstance.py:2905} ERROR - Task failed with exception
Traceback (most recent call last):
  File "/home/airflow/.local/lib/python3.10/site-packages/airflow/models/taskinstance.py", line 465, in _execute_task
    result = _execute_callable(context=context, **execute_callable_kwargs)
  File "/home/airflow/.local/lib/python3.10/site-packages/airflow/models/taskinstance.py", line 432, in _execute_callable
    return execute_callable(context=context, **execute_callable_kwargs)
  File "/home/airflow/.local/lib/python3.10/site-packages/airflow/models/baseoperator.py", line 401, in wrapper
    return func(self, *args, **kwargs)
  File "/home/airflow/.local/lib/python3.10/site-packages/airflow/operators/python.py", line 235, in execute
    return_value = self.execute_callable()
  File "/home/airflow/.local/lib/python3.10/site-packages/airflow/operators/python.py", line 252, in execute_callable
    return self.python_callable(*self.op_args, **self.op_kwargs)
  File "/opt/airflow/dags/extract_data.py", line 30, in extract_and_load_to_staging
    df = source_operator.get_data_to_pd(f"SELECT * FROM {table}")
  File "/opt/airflow/plugins/mysql_operator.py", line 15, in get_data_to_pd
    return self.mysqlhook.get_pandas_df(query)
  File "/home/airflow/.local/lib/python3.10/site-packages/airflow/providers/common/sql/hooks/sql.py", line 262, in get_pandas_df
    with closing(self.get_conn()) as conn:
  File "/home/airflow/.local/lib/python3.10/site-packages/airflow/providers/mysql/hooks/mysql.py", line 188, in get_conn
    conn = self.connection or self.get_connection(getattr(self, self.conn_name_attr))
  File "/home/airflow/.local/lib/python3.10/site-packages/airflow/hooks/base.py", line 83, in get_connection
    conn = Connection.get_connection_from_secrets(conn_id)
  File "/home/airflow/.local/lib/python3.10/site-packages/airflow/models/connection.py", line 519, in get_connection_from_secrets
    raise AirflowNotFoundException(f"The conn_id `{conn_id}` isn't defined")
airflow.exceptions.AirflowNotFoundException: The conn_id `mysql` isn't defined
[2026-03-25T09:30:35.918+0000] {taskinstance.py:1206} INFO - Marking task as FAILED. dag_id=e_commerce_dw_etl, task_id=extract.extract_and_load_to_staging, run_id=scheduled__2024-12-19T00:00:00+00:00, execution_date=20241219T000000, start_date=20260325T093035, end_date=20260325T093035
[2026-03-25T09:30:35.942+0000] {standard_task_runner.py:110} ERROR - Failed to execute job 61 for task extract.extract_and_load_to_staging (The conn_id `mysql` isn't defined; 344)
[2026-03-25T09:30:35.973+0000] {local_task_job_runner.py:240} INFO - Task exited with return code 1
[2026-03-25T09:30:35.989+0000] {local_task_job_runner.py:222} INFO - ::endgroup::
[2026-03-25T10:20:27.632+0000] {local_task_job_runner.py:120} INFO - ::group::Pre task execution logs
[2026-03-25T10:20:27.696+0000] {taskinstance.py:2076} INFO - Dependencies all met for dep_context=non-requeueable deps ti=<TaskInstance: e_commerce_dw_etl.extract.extract_and_load_to_staging scheduled__2024-12-19T00:00:00+00:00 [queued]>
[2026-03-25T10:20:27.714+0000] {taskinstance.py:2076} INFO - Dependencies all met for dep_context=requeueable deps ti=<TaskInstance: e_commerce_dw_etl.extract.extract_and_load_to_staging scheduled__2024-12-19T00:00:00+00:00 [queued]>
[2026-03-25T10:20:27.714+0000] {taskinstance.py:2306} INFO - Starting attempt 1 of 1
[2026-03-25T10:20:27.873+0000] {taskinstance.py:2330} INFO - Executing <Task(PythonOperator): extract.extract_and_load_to_staging> on 2024-12-19 00:00:00+00:00
[2026-03-25T10:20:27.882+0000] {standard_task_runner.py:63} INFO - Started process 402 to run task
[2026-03-25T10:20:27.888+0000] {standard_task_runner.py:90} INFO - Running: ['***', 'tasks', 'run', 'e_commerce_dw_etl', 'extract.extract_and_load_to_staging', 'scheduled__2024-12-19T00:00:00+00:00', '--job-id', '57', '--raw', '--subdir', 'DAGS_FOLDER/e_commerce_dw_dag.py', '--cfg-path', '/tmp/tmp6g9vmkj6']
[2026-03-25T10:20:27.893+0000] {standard_task_runner.py:91} INFO - Job 57: Subtask extract.extract_and_load_to_staging
[2026-03-25T10:20:28.027+0000] {task_command.py:426} INFO - Running <TaskInstance: e_commerce_dw_etl.extract.extract_and_load_to_staging scheduled__2024-12-19T00:00:00+00:00 [running]> on host 1f1ff5b841ce
[2026-03-25T10:20:28.172+0000] {taskinstance.py:2648} INFO - Exporting env vars: AIRFLOW_CTX_DAG_OWNER='***' AIRFLOW_CTX_DAG_ID='e_commerce_dw_etl' AIRFLOW_CTX_TASK_ID='extract.extract_and_load_to_staging' AIRFLOW_CTX_EXECUTION_DATE='2024-12-19T00:00:00+00:00' AIRFLOW_CTX_TRY_NUMBER='1' AIRFLOW_CTX_DAG_RUN_ID='scheduled__2024-12-19T00:00:00+00:00'
[2026-03-25T10:20:28.174+0000] {taskinstance.py:430} INFO - ::endgroup::
[2026-03-25T10:20:28.428+0000] {crypto.py:82} WARNING - empty cryptography key - values will not be stored encrypted.
[2026-03-25T10:20:28.430+0000] {base.py:84} INFO - Using connection ID 'mysql' for task execution.
[2026-03-25T10:20:32.283+0000] {mysql_operator.py:13} ERROR - Can't connect to mysql database
[2026-03-25T10:20:32.285+0000] {base.py:84} INFO - Using connection ID 'mysql' for task execution.
[2026-03-25T10:20:36.135+0000] {taskinstance.py:441} INFO - ::group::Post task execution logs
[2026-03-25T10:20:36.136+0000] {taskinstance.py:2905} ERROR - Task failed with exception
Traceback (most recent call last):
  File "/home/airflow/.local/lib/python3.10/site-packages/airflow/models/taskinstance.py", line 465, in _execute_task
    result = _execute_callable(context=context, **execute_callable_kwargs)
  File "/home/airflow/.local/lib/python3.10/site-packages/airflow/models/taskinstance.py", line 432, in _execute_callable
    return execute_callable(context=context, **execute_callable_kwargs)
  File "/home/airflow/.local/lib/python3.10/site-packages/airflow/models/baseoperator.py", line 401, in wrapper
    return func(self, *args, **kwargs)
  File "/home/airflow/.local/lib/python3.10/site-packages/airflow/operators/python.py", line 235, in execute
    return_value = self.execute_callable()
  File "/home/airflow/.local/lib/python3.10/site-packages/airflow/operators/python.py", line 252, in execute_callable
    return self.python_callable(*self.op_args, **self.op_kwargs)
  File "/opt/airflow/dags/extract_data.py", line 30, in extract_and_load_to_staging
    df = source_operator.get_data_to_pd(f"SELECT * FROM {table}")
  File "/opt/airflow/plugins/mysql_operator.py", line 15, in get_data_to_pd
    return self.mysqlhook.get_pandas_df(query)
  File "/home/airflow/.local/lib/python3.10/site-packages/airflow/providers/common/sql/hooks/sql.py", line 262, in get_pandas_df
    with closing(self.get_conn()) as conn:
  File "/home/airflow/.local/lib/python3.10/site-packages/airflow/providers/mysql/hooks/mysql.py", line 196, in get_conn
    return MySQLdb.connect(**conn_config)
  File "/home/airflow/.local/lib/python3.10/site-packages/MySQLdb/__init__.py", line 121, in Connect
    return Connection(*args, **kwargs)
  File "/home/airflow/.local/lib/python3.10/site-packages/MySQLdb/connections.py", line 195, in __init__
    super().__init__(*args, **kwargs2)
MySQLdb.OperationalError: (2005, "Unknown server host 'mysql' (-2)")
[2026-03-25T10:20:36.153+0000] {taskinstance.py:1206} INFO - Marking task as FAILED. dag_id=e_commerce_dw_etl, task_id=extract.extract_and_load_to_staging, run_id=scheduled__2024-12-19T00:00:00+00:00, execution_date=20241219T000000, start_date=20260325T102027, end_date=20260325T102036
[2026-03-25T10:20:36.165+0000] {standard_task_runner.py:110} ERROR - Failed to execute job 57 for task extract.extract_and_load_to_staging ((2005, "Unknown server host 'mysql' (-2)"); 402)
[2026-03-25T10:20:36.184+0000] {local_task_job_runner.py:240} INFO - Task exited with return code 1
[2026-03-25T10:20:36.208+0000] {taskinstance.py:3503} INFO - 0 downstream tasks scheduled from follow-on schedule check
[2026-03-25T10:20:36.215+0000] {local_task_job_runner.py:222} INFO - ::endgroup::
[2026-03-25T10:55:18.334+0000] {local_task_job_runner.py:120} INFO - ::group::Pre task execution logs
[2026-03-25T10:55:18.407+0000] {taskinstance.py:2076} INFO - Dependencies all met for dep_context=non-requeueable deps ti=<TaskInstance: e_commerce_dw_etl.extract.extract_and_load_to_staging scheduled__2024-12-19T00:00:00+00:00 [queued]>
[2026-03-25T10:55:18.435+0000] {taskinstance.py:2076} INFO - Dependencies all met for dep_context=requeueable deps ti=<TaskInstance: e_commerce_dw_etl.extract.extract_and_load_to_staging scheduled__2024-12-19T00:00:00+00:00 [queued]>
[2026-03-25T10:55:18.438+0000] {taskinstance.py:2306} INFO - Starting attempt 1 of 1
[2026-03-25T10:55:18.769+0000] {taskinstance.py:2330} INFO - Executing <Task(PythonOperator): extract.extract_and_load_to_staging> on 2024-12-19 00:00:00+00:00
[2026-03-25T10:55:18.785+0000] {standard_task_runner.py:63} INFO - Started process 397 to run task
[2026-03-25T10:55:18.796+0000] {standard_task_runner.py:90} INFO - Running: ['***', 'tasks', 'run', 'e_commerce_dw_etl', 'extract.extract_and_load_to_staging', 'scheduled__2024-12-19T00:00:00+00:00', '--job-id', '57', '--raw', '--subdir', 'DAGS_FOLDER/e_commerce_dw_dag.py', '--cfg-path', '/tmp/tmpmza830mj']
[2026-03-25T10:55:18.809+0000] {standard_task_runner.py:91} INFO - Job 57: Subtask extract.extract_and_load_to_staging
[2026-03-25T10:55:18.991+0000] {task_command.py:426} INFO - Running <TaskInstance: e_commerce_dw_etl.extract.extract_and_load_to_staging scheduled__2024-12-19T00:00:00+00:00 [running]> on host b7a6f340f223
[2026-03-25T10:55:19.189+0000] {taskinstance.py:2648} INFO - Exporting env vars: AIRFLOW_CTX_DAG_OWNER='***' AIRFLOW_CTX_DAG_ID='e_commerce_dw_etl' AIRFLOW_CTX_TASK_ID='extract.extract_and_load_to_staging' AIRFLOW_CTX_EXECUTION_DATE='2024-12-19T00:00:00+00:00' AIRFLOW_CTX_TRY_NUMBER='1' AIRFLOW_CTX_DAG_RUN_ID='scheduled__2024-12-19T00:00:00+00:00'
[2026-03-25T10:55:19.190+0000] {taskinstance.py:430} INFO - ::endgroup::
[2026-03-25T10:55:19.509+0000] {crypto.py:82} WARNING - empty cryptography key - values will not be stored encrypted.
[2026-03-25T10:55:19.511+0000] {base.py:84} INFO - Using connection ID 'mysql' for task execution.
[2026-03-25T10:55:23.371+0000] {mysql_operator.py:13} ERROR - Can't connect to mysql database
[2026-03-25T10:55:23.373+0000] {base.py:84} INFO - Using connection ID 'mysql' for task execution.
[2026-03-25T10:55:27.211+0000] {taskinstance.py:441} INFO - ::group::Post task execution logs
[2026-03-25T10:55:27.212+0000] {taskinstance.py:2905} ERROR - Task failed with exception
Traceback (most recent call last):
  File "/home/airflow/.local/lib/python3.10/site-packages/airflow/models/taskinstance.py", line 465, in _execute_task
    result = _execute_callable(context=context, **execute_callable_kwargs)
  File "/home/airflow/.local/lib/python3.10/site-packages/airflow/models/taskinstance.py", line 432, in _execute_callable
    return execute_callable(context=context, **execute_callable_kwargs)
  File "/home/airflow/.local/lib/python3.10/site-packages/airflow/models/baseoperator.py", line 401, in wrapper
    return func(self, *args, **kwargs)
  File "/home/airflow/.local/lib/python3.10/site-packages/airflow/operators/python.py", line 235, in execute
    return_value = self.execute_callable()
  File "/home/airflow/.local/lib/python3.10/site-packages/airflow/operators/python.py", line 252, in execute_callable
    return self.python_callable(*self.op_args, **self.op_kwargs)
  File "/opt/airflow/dags/extract_data.py", line 30, in extract_and_load_to_staging
    df = source_operator.get_data_to_pd(f"SELECT * FROM {table}")
  File "/opt/airflow/plugins/mysql_operator.py", line 15, in get_data_to_pd
    return self.mysqlhook.get_pandas_df(query)
  File "/home/airflow/.local/lib/python3.10/site-packages/airflow/providers/common/sql/hooks/sql.py", line 262, in get_pandas_df
    with closing(self.get_conn()) as conn:
  File "/home/airflow/.local/lib/python3.10/site-packages/airflow/providers/mysql/hooks/mysql.py", line 196, in get_conn
    return MySQLdb.connect(**conn_config)
  File "/home/airflow/.local/lib/python3.10/site-packages/MySQLdb/__init__.py", line 121, in Connect
    return Connection(*args, **kwargs)
  File "/home/airflow/.local/lib/python3.10/site-packages/MySQLdb/connections.py", line 195, in __init__
    super().__init__(*args, **kwargs2)
MySQLdb.OperationalError: (2005, "Unknown server host 'mysql' (-2)")
[2026-03-25T10:55:27.241+0000] {taskinstance.py:1206} INFO - Marking task as FAILED. dag_id=e_commerce_dw_etl, task_id=extract.extract_and_load_to_staging, run_id=scheduled__2024-12-19T00:00:00+00:00, execution_date=20241219T000000, start_date=20260325T105518, end_date=20260325T105527
[2026-03-25T10:55:27.268+0000] {standard_task_runner.py:110} ERROR - Failed to execute job 57 for task extract.extract_and_load_to_staging ((2005, "Unknown server host 'mysql' (-2)"); 397)
[2026-03-25T10:55:27.310+0000] {local_task_job_runner.py:240} INFO - Task exited with return code 1
[2026-03-25T10:55:27.344+0000] {taskinstance.py:3503} INFO - 0 downstream tasks scheduled from follow-on schedule check
[2026-03-25T10:55:27.353+0000] {local_task_job_runner.py:222} INFO - ::endgroup::
[2026-03-25T11:15:13.297+0000] {local_task_job_runner.py:120} INFO - ::group::Pre task execution logs
[2026-03-25T11:15:13.341+0000] {taskinstance.py:2076} INFO - Dependencies all met for dep_context=non-requeueable deps ti=<TaskInstance: e_commerce_dw_etl.extract.extract_and_load_to_staging scheduled__2024-12-19T00:00:00+00:00 [queued]>
[2026-03-25T11:15:13.354+0000] {taskinstance.py:2076} INFO - Dependencies all met for dep_context=requeueable deps ti=<TaskInstance: e_commerce_dw_etl.extract.extract_and_load_to_staging scheduled__2024-12-19T00:00:00+00:00 [queued]>
[2026-03-25T11:15:13.355+0000] {taskinstance.py:2306} INFO - Starting attempt 1 of 1
[2026-03-25T11:15:13.373+0000] {taskinstance.py:2330} INFO - Executing <Task(PythonOperator): extract.extract_and_load_to_staging> on 2024-12-19 00:00:00+00:00
[2026-03-25T11:15:13.380+0000] {standard_task_runner.py:63} INFO - Started process 434 to run task
[2026-03-25T11:15:13.385+0000] {standard_task_runner.py:90} INFO - Running: ['***', 'tasks', 'run', 'e_commerce_dw_etl', 'extract.extract_and_load_to_staging', 'scheduled__2024-12-19T00:00:00+00:00', '--job-id', '57', '--raw', '--subdir', 'DAGS_FOLDER/e_commerce_dw_dag.py', '--cfg-path', '/tmp/tmpb5bswbqq']
[2026-03-25T11:15:13.389+0000] {standard_task_runner.py:91} INFO - Job 57: Subtask extract.extract_and_load_to_staging
[2026-03-25T11:15:13.484+0000] {task_command.py:426} INFO - Running <TaskInstance: e_commerce_dw_etl.extract.extract_and_load_to_staging scheduled__2024-12-19T00:00:00+00:00 [running]> on host d26a046c4728
[2026-03-25T11:15:13.611+0000] {taskinstance.py:2648} INFO - Exporting env vars: AIRFLOW_CTX_DAG_OWNER='***' AIRFLOW_CTX_DAG_ID='e_commerce_dw_etl' AIRFLOW_CTX_TASK_ID='extract.extract_and_load_to_staging' AIRFLOW_CTX_EXECUTION_DATE='2024-12-19T00:00:00+00:00' AIRFLOW_CTX_TRY_NUMBER='1' AIRFLOW_CTX_DAG_RUN_ID='scheduled__2024-12-19T00:00:00+00:00'
[2026-03-25T11:15:13.614+0000] {taskinstance.py:430} INFO - ::endgroup::
[2026-03-25T11:15:13.908+0000] {base.py:84} INFO - Using connection ID 'mysql' for task execution.
[2026-03-25T11:15:17.922+0000] {mysql_operator.py:13} ERROR - Can't connect to mysql database
[2026-03-25T11:15:17.937+0000] {base.py:84} INFO - Using connection ID 'mysql' for task execution.
[2026-03-25T11:15:21.807+0000] {taskinstance.py:441} INFO - ::group::Post task execution logs
[2026-03-25T11:15:21.809+0000] {taskinstance.py:2905} ERROR - Task failed with exception
Traceback (most recent call last):
  File "/home/airflow/.local/lib/python3.10/site-packages/airflow/models/taskinstance.py", line 465, in _execute_task
    result = _execute_callable(context=context, **execute_callable_kwargs)
  File "/home/airflow/.local/lib/python3.10/site-packages/airflow/models/taskinstance.py", line 432, in _execute_callable
    return execute_callable(context=context, **execute_callable_kwargs)
  File "/home/airflow/.local/lib/python3.10/site-packages/airflow/models/baseoperator.py", line 401, in wrapper
    return func(self, *args, **kwargs)
  File "/home/airflow/.local/lib/python3.10/site-packages/airflow/operators/python.py", line 235, in execute
    return_value = self.execute_callable()
  File "/home/airflow/.local/lib/python3.10/site-packages/airflow/operators/python.py", line 252, in execute_callable
    return self.python_callable(*self.op_args, **self.op_kwargs)
  File "/opt/airflow/dags/extract_data.py", line 30, in extract_and_load_to_staging
    df = source_operator.get_data_to_pd(f"SELECT * FROM {table}")
  File "/opt/airflow/plugins/mysql_operator.py", line 15, in get_data_to_pd
    return self.mysqlhook.get_pandas_df(query)
  File "/home/airflow/.local/lib/python3.10/site-packages/airflow/providers/common/sql/hooks/sql.py", line 262, in get_pandas_df
    with closing(self.get_conn()) as conn:
  File "/home/airflow/.local/lib/python3.10/site-packages/airflow/providers/mysql/hooks/mysql.py", line 196, in get_conn
    return MySQLdb.connect(**conn_config)
  File "/home/airflow/.local/lib/python3.10/site-packages/MySQLdb/__init__.py", line 121, in Connect
    return Connection(*args, **kwargs)
  File "/home/airflow/.local/lib/python3.10/site-packages/MySQLdb/connections.py", line 195, in __init__
    super().__init__(*args, **kwargs2)
MySQLdb.OperationalError: (2005, "Unknown server host 'mysql' (-2)")
[2026-03-25T11:15:21.839+0000] {taskinstance.py:1206} INFO - Marking task as FAILED. dag_id=e_commerce_dw_etl, task_id=extract.extract_and_load_to_staging, run_id=scheduled__2024-12-19T00:00:00+00:00, execution_date=20241219T000000, start_date=20260325T111513, end_date=20260325T111521
[2026-03-25T11:15:21.966+0000] {standard_task_runner.py:110} ERROR - Failed to execute job 57 for task extract.extract_and_load_to_staging ((2005, "Unknown server host 'mysql' (-2)"); 434)
[2026-03-25T11:15:22.008+0000] {local_task_job_runner.py:240} INFO - Task exited with return code 1
[2026-03-25T11:15:22.068+0000] {taskinstance.py:3503} INFO - 0 downstream tasks scheduled from follow-on schedule check
[2026-03-25T11:15:22.077+0000] {local_task_job_runner.py:222} INFO - ::endgroup::
[2026-03-25T11:39:35.861+0000] {local_task_job_runner.py:120} INFO - ::group::Pre task execution logs
[2026-03-25T11:39:35.918+0000] {taskinstance.py:2076} INFO - Dependencies all met for dep_context=non-requeueable deps ti=<TaskInstance: e_commerce_dw_etl.extract.extract_and_load_to_staging scheduled__2024-12-19T00:00:00+00:00 [queued]>
[2026-03-25T11:39:35.934+0000] {taskinstance.py:2076} INFO - Dependencies all met for dep_context=requeueable deps ti=<TaskInstance: e_commerce_dw_etl.extract.extract_and_load_to_staging scheduled__2024-12-19T00:00:00+00:00 [queued]>
[2026-03-25T11:39:35.935+0000] {taskinstance.py:2306} INFO - Starting attempt 1 of 1
[2026-03-25T11:39:35.962+0000] {taskinstance.py:2330} INFO - Executing <Task(PythonOperator): extract.extract_and_load_to_staging> on 2024-12-19 00:00:00+00:00
[2026-03-25T11:39:35.974+0000] {standard_task_runner.py:63} INFO - Started process 371 to run task
[2026-03-25T11:39:35.981+0000] {standard_task_runner.py:90} INFO - Running: ['***', 'tasks', 'run', 'e_commerce_dw_etl', 'extract.extract_and_load_to_staging', 'scheduled__2024-12-19T00:00:00+00:00', '--job-id', '57', '--raw', '--subdir', 'DAGS_FOLDER/e_commerce_dw_dag.py', '--cfg-path', '/tmp/tmp799c1rnc']
[2026-03-25T11:39:35.986+0000] {standard_task_runner.py:91} INFO - Job 57: Subtask extract.extract_and_load_to_staging
[2026-03-25T11:39:36.118+0000] {task_command.py:426} INFO - Running <TaskInstance: e_commerce_dw_etl.extract.extract_and_load_to_staging scheduled__2024-12-19T00:00:00+00:00 [running]> on host d9d1693fa74b
[2026-03-25T11:39:36.378+0000] {taskinstance.py:2648} INFO - Exporting env vars: AIRFLOW_CTX_DAG_OWNER='***' AIRFLOW_CTX_DAG_ID='e_commerce_dw_etl' AIRFLOW_CTX_TASK_ID='extract.extract_and_load_to_staging' AIRFLOW_CTX_EXECUTION_DATE='2024-12-19T00:00:00+00:00' AIRFLOW_CTX_TRY_NUMBER='1' AIRFLOW_CTX_DAG_RUN_ID='scheduled__2024-12-19T00:00:00+00:00'
[2026-03-25T11:39:36.386+0000] {taskinstance.py:430} INFO - ::endgroup::
[2026-03-25T11:39:36.805+0000] {mysql_operator.py:13} ERROR - Can't connect to mysql database
[2026-03-25T11:39:36.840+0000] {taskinstance.py:441} INFO - ::group::Post task execution logs
[2026-03-25T11:39:36.865+0000] {taskinstance.py:2905} ERROR - Task failed with exception
Traceback (most recent call last):
  File "/home/airflow/.local/lib/python3.10/site-packages/airflow/models/taskinstance.py", line 465, in _execute_task
    result = _execute_callable(context=context, **execute_callable_kwargs)
  File "/home/airflow/.local/lib/python3.10/site-packages/airflow/models/taskinstance.py", line 432, in _execute_callable
    return execute_callable(context=context, **execute_callable_kwargs)
  File "/home/airflow/.local/lib/python3.10/site-packages/airflow/models/baseoperator.py", line 401, in wrapper
    return func(self, *args, **kwargs)
  File "/home/airflow/.local/lib/python3.10/site-packages/airflow/operators/python.py", line 235, in execute
    return_value = self.execute_callable()
  File "/home/airflow/.local/lib/python3.10/site-packages/airflow/operators/python.py", line 252, in execute_callable
    return self.python_callable(*self.op_args, **self.op_kwargs)
  File "/opt/airflow/dags/extract_data.py", line 30, in extract_and_load_to_staging
    df = source_operator.get_data_to_pd(f"SELECT * FROM {table}")
  File "/opt/airflow/plugins/mysql_operator.py", line 15, in get_data_to_pd
    return self.mysqlhook.get_pandas_df(query)
  File "/home/airflow/.local/lib/python3.10/site-packages/airflow/providers/common/sql/hooks/sql.py", line 262, in get_pandas_df
    with closing(self.get_conn()) as conn:
  File "/home/airflow/.local/lib/python3.10/site-packages/airflow/providers/mysql/hooks/mysql.py", line 188, in get_conn
    conn = self.connection or self.get_connection(getattr(self, self.conn_name_attr))
  File "/home/airflow/.local/lib/python3.10/site-packages/airflow/hooks/base.py", line 83, in get_connection
    conn = Connection.get_connection_from_secrets(conn_id)
  File "/home/airflow/.local/lib/python3.10/site-packages/airflow/models/connection.py", line 519, in get_connection_from_secrets
    raise AirflowNotFoundException(f"The conn_id `{conn_id}` isn't defined")
airflow.exceptions.AirflowNotFoundException: The conn_id `mysql` isn't defined
[2026-03-25T11:39:36.918+0000] {taskinstance.py:1206} INFO - Marking task as FAILED. dag_id=e_commerce_dw_etl, task_id=extract.extract_and_load_to_staging, run_id=scheduled__2024-12-19T00:00:00+00:00, execution_date=20241219T000000, start_date=20260325T113935, end_date=20260325T113936
[2026-03-25T11:39:36.950+0000] {standard_task_runner.py:110} ERROR - Failed to execute job 57 for task extract.extract_and_load_to_staging (The conn_id `mysql` isn't defined; 371)
[2026-03-25T11:39:37.019+0000] {local_task_job_runner.py:240} INFO - Task exited with return code 1
[2026-03-25T11:39:37.086+0000] {taskinstance.py:3503} INFO - 0 downstream tasks scheduled from follow-on schedule check
[2026-03-25T11:39:37.104+0000] {local_task_job_runner.py:222} INFO - ::endgroup::
[2026-03-25T13:55:16.114+0000] {local_task_job_runner.py:120} INFO - ::group::Pre task execution logs
[2026-03-25T13:55:16.150+0000] {taskinstance.py:2076} INFO - Dependencies all met for dep_context=non-requeueable deps ti=<TaskInstance: e_commerce_dw_etl.extract.extract_and_load_to_staging scheduled__2024-12-19T00:00:00+00:00 [queued]>
[2026-03-25T13:55:16.161+0000] {taskinstance.py:2076} INFO - Dependencies all met for dep_context=requeueable deps ti=<TaskInstance: e_commerce_dw_etl.extract.extract_and_load_to_staging scheduled__2024-12-19T00:00:00+00:00 [queued]>
[2026-03-25T13:55:16.163+0000] {taskinstance.py:2306} INFO - Starting attempt 1 of 1
[2026-03-25T13:55:16.181+0000] {taskinstance.py:2330} INFO - Executing <Task(PythonOperator): extract.extract_and_load_to_staging> on 2024-12-19 00:00:00+00:00
[2026-03-25T13:55:16.188+0000] {standard_task_runner.py:63} INFO - Started process 482 to run task
[2026-03-25T13:55:16.192+0000] {standard_task_runner.py:90} INFO - Running: ['***', 'tasks', 'run', 'e_commerce_dw_etl', 'extract.extract_and_load_to_staging', 'scheduled__2024-12-19T00:00:00+00:00', '--job-id', '57', '--raw', '--subdir', 'DAGS_FOLDER/e_commerce_dw_dag.py', '--cfg-path', '/tmp/tmp2tbyicfb']
[2026-03-25T13:55:16.195+0000] {standard_task_runner.py:91} INFO - Job 57: Subtask extract.extract_and_load_to_staging
[2026-03-25T13:55:16.274+0000] {task_command.py:426} INFO - Running <TaskInstance: e_commerce_dw_etl.extract.extract_and_load_to_staging scheduled__2024-12-19T00:00:00+00:00 [running]> on host 85f4963e6238
[2026-03-25T13:55:16.378+0000] {taskinstance.py:2648} INFO - Exporting env vars: AIRFLOW_CTX_DAG_OWNER='***' AIRFLOW_CTX_DAG_ID='e_commerce_dw_etl' AIRFLOW_CTX_TASK_ID='extract.extract_and_load_to_staging' AIRFLOW_CTX_EXECUTION_DATE='2024-12-19T00:00:00+00:00' AIRFLOW_CTX_TRY_NUMBER='1' AIRFLOW_CTX_DAG_RUN_ID='scheduled__2024-12-19T00:00:00+00:00'
[2026-03-25T13:55:16.379+0000] {taskinstance.py:430} INFO - ::endgroup::
[2026-03-25T13:55:16.597+0000] {mysql_operator.py:13} ERROR - Can't connect to mysql database
[2026-03-25T13:55:16.607+0000] {taskinstance.py:441} INFO - ::group::Post task execution logs
[2026-03-25T13:55:16.628+0000] {taskinstance.py:2905} ERROR - Task failed with exception
Traceback (most recent call last):
  File "/home/airflow/.local/lib/python3.10/site-packages/airflow/models/taskinstance.py", line 465, in _execute_task
    result = _execute_callable(context=context, **execute_callable_kwargs)
  File "/home/airflow/.local/lib/python3.10/site-packages/airflow/models/taskinstance.py", line 432, in _execute_callable
    return execute_callable(context=context, **execute_callable_kwargs)
  File "/home/airflow/.local/lib/python3.10/site-packages/airflow/models/baseoperator.py", line 401, in wrapper
    return func(self, *args, **kwargs)
  File "/home/airflow/.local/lib/python3.10/site-packages/airflow/operators/python.py", line 235, in execute
    return_value = self.execute_callable()
  File "/home/airflow/.local/lib/python3.10/site-packages/airflow/operators/python.py", line 252, in execute_callable
    return self.python_callable(*self.op_args, **self.op_kwargs)
  File "/opt/airflow/dags/extract_data.py", line 30, in extract_and_load_to_staging
    df = source_operator.get_data_to_pd(f"SELECT * FROM {table}")
  File "/opt/airflow/plugins/mysql_operator.py", line 15, in get_data_to_pd
    return self.mysqlhook.get_pandas_df(query)
  File "/home/airflow/.local/lib/python3.10/site-packages/airflow/providers/common/sql/hooks/sql.py", line 262, in get_pandas_df
    with closing(self.get_conn()) as conn:
  File "/home/airflow/.local/lib/python3.10/site-packages/airflow/providers/mysql/hooks/mysql.py", line 188, in get_conn
    conn = self.connection or self.get_connection(getattr(self, self.conn_name_attr))
  File "/home/airflow/.local/lib/python3.10/site-packages/airflow/hooks/base.py", line 83, in get_connection
    conn = Connection.get_connection_from_secrets(conn_id)
  File "/home/airflow/.local/lib/python3.10/site-packages/airflow/models/connection.py", line 519, in get_connection_from_secrets
    raise AirflowNotFoundException(f"The conn_id `{conn_id}` isn't defined")
airflow.exceptions.AirflowNotFoundException: The conn_id `mysql` isn't defined
[2026-03-25T13:55:16.664+0000] {taskinstance.py:1206} INFO - Marking task as FAILED. dag_id=e_commerce_dw_etl, task_id=extract.extract_and_load_to_staging, run_id=scheduled__2024-12-19T00:00:00+00:00, execution_date=20241219T000000, start_date=20260325T135516, end_date=20260325T135516
[2026-03-25T13:55:16.820+0000] {standard_task_runner.py:110} ERROR - Failed to execute job 57 for task extract.extract_and_load_to_staging (The conn_id `mysql` isn't defined; 482)
[2026-03-25T13:55:16.860+0000] {local_task_job_runner.py:240} INFO - Task exited with return code 1
[2026-03-25T13:55:16.914+0000] {taskinstance.py:3503} INFO - 0 downstream tasks scheduled from follow-on schedule check
[2026-03-25T13:55:16.929+0000] {local_task_job_runner.py:222} INFO - ::endgroup::
[2026-03-26T03:40:31.468+0000] {local_task_job_runner.py:120} INFO - ::group::Pre task execution logs
[2026-03-26T03:40:31.674+0000] {taskinstance.py:2076} INFO - Dependencies all met for dep_context=non-requeueable deps ti=<TaskInstance: e_commerce_dw_etl.extract.extract_and_load_to_staging scheduled__2024-12-19T00:00:00+00:00 [queued]>
[2026-03-26T03:40:31.743+0000] {taskinstance.py:2076} INFO - Dependencies all met for dep_context=requeueable deps ti=<TaskInstance: e_commerce_dw_etl.extract.extract_and_load_to_staging scheduled__2024-12-19T00:00:00+00:00 [queued]>
[2026-03-26T03:40:31.745+0000] {taskinstance.py:2306} INFO - Starting attempt 1 of 1
[2026-03-26T03:40:31.836+0000] {taskinstance.py:2330} INFO - Executing <Task(PythonOperator): extract.extract_and_load_to_staging> on 2024-12-19 00:00:00+00:00
[2026-03-26T03:40:31.926+0000] {standard_task_runner.py:63} INFO - Started process 1167 to run task
[2026-03-26T03:40:31.928+0000] {standard_task_runner.py:90} INFO - Running: ['***', 'tasks', 'run', 'e_commerce_dw_etl', 'extract.extract_and_load_to_staging', 'scheduled__2024-12-19T00:00:00+00:00', '--job-id', '279', '--raw', '--subdir', 'DAGS_FOLDER/e_commerce_dw_dag.py', '--cfg-path', '/tmp/tmpfikhoxcb']
[2026-03-26T03:40:31.943+0000] {standard_task_runner.py:91} INFO - Job 279: Subtask extract.extract_and_load_to_staging
[2026-03-26T03:40:32.263+0000] {task_command.py:426} INFO - Running <TaskInstance: e_commerce_dw_etl.extract.extract_and_load_to_staging scheduled__2024-12-19T00:00:00+00:00 [running]> on host 031edd3e030e
[2026-03-26T03:40:33.318+0000] {taskinstance.py:2648} INFO - Exporting env vars: AIRFLOW_CTX_DAG_OWNER='***' AIRFLOW_CTX_DAG_ID='e_commerce_dw_etl' AIRFLOW_CTX_TASK_ID='extract.extract_and_load_to_staging' AIRFLOW_CTX_EXECUTION_DATE='2024-12-19T00:00:00+00:00' AIRFLOW_CTX_TRY_NUMBER='1' AIRFLOW_CTX_DAG_RUN_ID='scheduled__2024-12-19T00:00:00+00:00'
[2026-03-26T03:40:33.319+0000] {taskinstance.py:430} INFO - ::endgroup::
[2026-03-26T03:40:33.366+0000] {crypto.py:82} WARNING - empty cryptography key - values will not be stored encrypted.
[2026-03-26T03:40:33.368+0000] {base.py:84} INFO - Using connection ID 'mysql' for task execution.
[2026-03-26T03:40:33.390+0000] {base.py:84} INFO - Using connection ID 'mysql' for task execution.
[2026-03-26T03:40:33.455+0000] {logging_mixin.py:188} WARNING - /home/***/.local/lib/python3.10/site-packages/***/providers/common/sql/hooks/sql.py:263 UserWarning: pandas only supports SQLAlchemy connectable (engine/connection) or database string URI or sqlite3 DBAPI2 connection. Other DBAPI2 objects are not tested. Please consider using SQLAlchemy.
[2026-03-26T03:40:33.485+0000] {base.py:84} INFO - Using connection ID 'postgres' for task execution.
[2026-03-26T03:40:33.612+0000] {logging_mixin.py:188} INFO - Đã trích xuất và lưu bảng product_category_name_translation từ MySQL vào PostgreSQL public
[2026-03-26T03:40:33.615+0000] {base.py:84} INFO - Using connection ID 'mysql' for task execution.
[2026-03-26T03:40:33.628+0000] {logging_mixin.py:188} WARNING - /home/***/.local/lib/python3.10/site-packages/***/providers/common/sql/hooks/sql.py:263 UserWarning: pandas only supports SQLAlchemy connectable (engine/connection) or database string URI or sqlite3 DBAPI2 connection. Other DBAPI2 objects are not tested. Please consider using SQLAlchemy.
[2026-03-26T03:40:33.636+0000] {base.py:84} INFO - Using connection ID 'postgres' for task execution.
[2026-03-26T03:40:33.827+0000] {logging_mixin.py:188} INFO - Đã trích xuất và lưu bảng geolocation từ MySQL vào PostgreSQL public
[2026-03-26T03:40:33.838+0000] {base.py:84} INFO - Using connection ID 'mysql' for task execution.
[2026-03-26T03:40:33.843+0000] {logging_mixin.py:188} WARNING - /home/***/.local/lib/python3.10/site-packages/***/providers/common/sql/hooks/sql.py:263 UserWarning: pandas only supports SQLAlchemy connectable (engine/connection) or database string URI or sqlite3 DBAPI2 connection. Other DBAPI2 objects are not tested. Please consider using SQLAlchemy.
[2026-03-26T03:40:33.862+0000] {base.py:84} INFO - Using connection ID 'postgres' for task execution.
[2026-03-26T03:40:34.027+0000] {logging_mixin.py:188} INFO - Đã trích xuất và lưu bảng sellers từ MySQL vào PostgreSQL public
[2026-03-26T03:40:34.029+0000] {base.py:84} INFO - Using connection ID 'mysql' for task execution.
[2026-03-26T03:40:34.038+0000] {logging_mixin.py:188} WARNING - /home/***/.local/lib/python3.10/site-packages/***/providers/common/sql/hooks/sql.py:263 UserWarning: pandas only supports SQLAlchemy connectable (engine/connection) or database string URI or sqlite3 DBAPI2 connection. Other DBAPI2 objects are not tested. Please consider using SQLAlchemy.
[2026-03-26T03:40:34.050+0000] {base.py:84} INFO - Using connection ID 'postgres' for task execution.
[2026-03-26T03:40:34.211+0000] {logging_mixin.py:188} INFO - Đã trích xuất và lưu bảng customers từ MySQL vào PostgreSQL public
[2026-03-26T03:40:34.217+0000] {base.py:84} INFO - Using connection ID 'mysql' for task execution.
[2026-03-26T03:40:34.231+0000] {logging_mixin.py:188} WARNING - /home/***/.local/lib/python3.10/site-packages/***/providers/common/sql/hooks/sql.py:263 UserWarning: pandas only supports SQLAlchemy connectable (engine/connection) or database string URI or sqlite3 DBAPI2 connection. Other DBAPI2 objects are not tested. Please consider using SQLAlchemy.
[2026-03-26T03:40:34.244+0000] {base.py:84} INFO - Using connection ID 'postgres' for task execution.
[2026-03-26T03:40:34.422+0000] {logging_mixin.py:188} INFO - Đã trích xuất và lưu bảng products từ MySQL vào PostgreSQL public
[2026-03-26T03:40:34.439+0000] {base.py:84} INFO - Using connection ID 'mysql' for task execution.
[2026-03-26T03:40:34.463+0000] {logging_mixin.py:188} WARNING - /home/***/.local/lib/python3.10/site-packages/***/providers/common/sql/hooks/sql.py:263 UserWarning: pandas only supports SQLAlchemy connectable (engine/connection) or database string URI or sqlite3 DBAPI2 connection. Other DBAPI2 objects are not tested. Please consider using SQLAlchemy.
[2026-03-26T03:40:34.477+0000] {base.py:84} INFO - Using connection ID 'postgres' for task execution.
[2026-03-26T03:40:34.665+0000] {logging_mixin.py:188} INFO - Đã trích xuất và lưu bảng orders từ MySQL vào PostgreSQL public
[2026-03-26T03:40:34.668+0000] {base.py:84} INFO - Using connection ID 'mysql' for task execution.
[2026-03-26T03:40:34.680+0000] {logging_mixin.py:188} WARNING - /home/***/.local/lib/python3.10/site-packages/***/providers/common/sql/hooks/sql.py:263 UserWarning: pandas only supports SQLAlchemy connectable (engine/connection) or database string URI or sqlite3 DBAPI2 connection. Other DBAPI2 objects are not tested. Please consider using SQLAlchemy.
[2026-03-26T03:40:34.690+0000] {base.py:84} INFO - Using connection ID 'postgres' for task execution.
[2026-03-26T03:40:34.873+0000] {logging_mixin.py:188} INFO - Đã trích xuất và lưu bảng order_items từ MySQL vào PostgreSQL public
[2026-03-26T03:40:34.878+0000] {base.py:84} INFO - Using connection ID 'mysql' for task execution.
[2026-03-26T03:40:34.888+0000] {logging_mixin.py:188} WARNING - /home/***/.local/lib/python3.10/site-packages/***/providers/common/sql/hooks/sql.py:263 UserWarning: pandas only supports SQLAlchemy connectable (engine/connection) or database string URI or sqlite3 DBAPI2 connection. Other DBAPI2 objects are not tested. Please consider using SQLAlchemy.
[2026-03-26T03:40:34.894+0000] {base.py:84} INFO - Using connection ID 'postgres' for task execution.
[2026-03-26T03:40:35.094+0000] {logging_mixin.py:188} INFO - Đã trích xuất và lưu bảng payments từ MySQL vào PostgreSQL public
[2026-03-26T03:40:35.096+0000] {base.py:84} INFO - Using connection ID 'mysql' for task execution.
[2026-03-26T03:40:35.103+0000] {logging_mixin.py:188} WARNING - /home/***/.local/lib/python3.10/site-packages/***/providers/common/sql/hooks/sql.py:263 UserWarning: pandas only supports SQLAlchemy connectable (engine/connection) or database string URI or sqlite3 DBAPI2 connection. Other DBAPI2 objects are not tested. Please consider using SQLAlchemy.
[2026-03-26T03:40:35.114+0000] {base.py:84} INFO - Using connection ID 'postgres' for task execution.
[2026-03-26T03:40:35.276+0000] {logging_mixin.py:188} INFO - Đã trích xuất và lưu bảng order_reviews từ MySQL vào PostgreSQL public
[2026-03-26T03:40:35.278+0000] {python.py:237} INFO - Done. Returned value was: None
[2026-03-26T03:40:35.279+0000] {taskinstance.py:441} INFO - ::group::Post task execution logs
[2026-03-26T03:40:35.310+0000] {taskinstance.py:1206} INFO - Marking task as SUCCESS. dag_id=e_commerce_dw_etl, task_id=extract.extract_and_load_to_staging, run_id=scheduled__2024-12-19T00:00:00+00:00, execution_date=20241219T000000, start_date=20260326T034031, end_date=20260326T034035
[2026-03-26T03:40:35.553+0000] {local_task_job_runner.py:240} INFO - Task exited with return code 0
[2026-03-26T03:40:35.703+0000] {taskinstance.py:3503} INFO - 6 downstream tasks scheduled from follow-on schedule check
[2026-03-26T03:40:35.728+0000] {local_task_job_runner.py:222} INFO - ::endgroup::
[2026-03-26T04:03:49.895+0000] {local_task_job_runner.py:120} INFO - ::group::Pre task execution logs
[2026-03-26T04:03:49.969+0000] {taskinstance.py:2076} INFO - Dependencies all met for dep_context=non-requeueable deps ti=<TaskInstance: e_commerce_dw_etl.extract.extract_and_load_to_staging scheduled__2024-12-19T00:00:00+00:00 [queued]>
[2026-03-26T04:03:49.994+0000] {taskinstance.py:2076} INFO - Dependencies all met for dep_context=requeueable deps ti=<TaskInstance: e_commerce_dw_etl.extract.extract_and_load_to_staging scheduled__2024-12-19T00:00:00+00:00 [queued]>
[2026-03-26T04:03:49.996+0000] {taskinstance.py:2306} INFO - Starting attempt 1 of 1
[2026-03-26T04:03:50.064+0000] {taskinstance.py:2330} INFO - Executing <Task(PythonOperator): extract.extract_and_load_to_staging> on 2024-12-19 00:00:00+00:00
[2026-03-26T04:03:50.087+0000] {standard_task_runner.py:63} INFO - Started process 541 to run task
[2026-03-26T04:03:50.091+0000] {standard_task_runner.py:90} INFO - Running: ['***', 'tasks', 'run', 'e_commerce_dw_etl', 'extract.extract_and_load_to_staging', 'scheduled__2024-12-19T00:00:00+00:00', '--job-id', '64', '--raw', '--subdir', 'DAGS_FOLDER/e_commerce_dw_dag.py', '--cfg-path', '/tmp/tmp_bov2fmo']
[2026-03-26T04:03:50.105+0000] {standard_task_runner.py:91} INFO - Job 64: Subtask extract.extract_and_load_to_staging
[2026-03-26T04:03:50.383+0000] {task_command.py:426} INFO - Running <TaskInstance: e_commerce_dw_etl.extract.extract_and_load_to_staging scheduled__2024-12-19T00:00:00+00:00 [running]> on host 2d1a3218d35e
[2026-03-26T04:03:50.950+0000] {taskinstance.py:2648} INFO - Exporting env vars: AIRFLOW_CTX_DAG_OWNER='***' AIRFLOW_CTX_DAG_ID='e_commerce_dw_etl' AIRFLOW_CTX_TASK_ID='extract.extract_and_load_to_staging' AIRFLOW_CTX_EXECUTION_DATE='2024-12-19T00:00:00+00:00' AIRFLOW_CTX_TRY_NUMBER='1' AIRFLOW_CTX_DAG_RUN_ID='scheduled__2024-12-19T00:00:00+00:00'
[2026-03-26T04:03:50.952+0000] {taskinstance.py:430} INFO - ::endgroup::
[2026-03-26T04:03:51.820+0000] {crypto.py:82} WARNING - empty cryptography key - values will not be stored encrypted.
[2026-03-26T04:03:51.835+0000] {base.py:84} INFO - Using connection ID 'mysql' for task execution.
[2026-03-26T04:03:51.860+0000] {base.py:84} INFO - Using connection ID 'mysql' for task execution.
[2026-03-26T04:03:51.952+0000] {logging_mixin.py:188} WARNING - /home/***/.local/lib/python3.10/site-packages/***/providers/common/sql/hooks/sql.py:263 UserWarning: pandas only supports SQLAlchemy connectable (engine/connection) or database string URI or sqlite3 DBAPI2 connection. Other DBAPI2 objects are not tested. Please consider using SQLAlchemy.
[2026-03-26T04:03:52.000+0000] {base.py:84} INFO - Using connection ID 'postgres' for task execution.
[2026-03-26T04:03:52.517+0000] {logging_mixin.py:188} INFO - Đã trích xuất và lưu bảng product_category_name_translation từ MySQL vào PostgreSQL public
[2026-03-26T04:03:52.519+0000] {base.py:84} INFO - Using connection ID 'mysql' for task execution.
[2026-03-26T04:03:52.535+0000] {logging_mixin.py:188} WARNING - /home/***/.local/lib/python3.10/site-packages/***/providers/common/sql/hooks/sql.py:263 UserWarning: pandas only supports SQLAlchemy connectable (engine/connection) or database string URI or sqlite3 DBAPI2 connection. Other DBAPI2 objects are not tested. Please consider using SQLAlchemy.
[2026-03-26T04:03:52.666+0000] {base.py:84} INFO - Using connection ID 'postgres' for task execution.
[2026-03-26T04:03:55.382+0000] {logging_mixin.py:188} INFO - Đã trích xuất và lưu bảng geolocation từ MySQL vào PostgreSQL public
[2026-03-26T04:03:55.384+0000] {base.py:84} INFO - Using connection ID 'mysql' for task execution.
[2026-03-26T04:03:55.408+0000] {logging_mixin.py:188} WARNING - /home/***/.local/lib/python3.10/site-packages/***/providers/common/sql/hooks/sql.py:263 UserWarning: pandas only supports SQLAlchemy connectable (engine/connection) or database string URI or sqlite3 DBAPI2 connection. Other DBAPI2 objects are not tested. Please consider using SQLAlchemy.
[2026-03-26T04:03:55.429+0000] {base.py:84} INFO - Using connection ID 'postgres' for task execution.
[2026-03-26T04:03:56.232+0000] {logging_mixin.py:188} INFO - Đã trích xuất và lưu bảng sellers từ MySQL vào PostgreSQL public
[2026-03-26T04:03:56.237+0000] {base.py:84} INFO - Using connection ID 'mysql' for task execution.
[2026-03-26T04:03:56.262+0000] {logging_mixin.py:188} WARNING - /home/***/.local/lib/python3.10/site-packages/***/providers/common/sql/hooks/sql.py:263 UserWarning: pandas only supports SQLAlchemy connectable (engine/connection) or database string URI or sqlite3 DBAPI2 connection. Other DBAPI2 objects are not tested. Please consider using SQLAlchemy.
[2026-03-26T04:03:57.058+0000] {base.py:84} INFO - Using connection ID 'postgres' for task execution.
[2026-03-26T04:04:20.020+0000] {logging_mixin.py:188} INFO - Đã trích xuất và lưu bảng customers từ MySQL vào PostgreSQL public
[2026-03-26T04:04:20.024+0000] {base.py:84} INFO - Using connection ID 'mysql' for task execution.
[2026-03-26T04:04:20.032+0000] {logging_mixin.py:188} WARNING - /home/***/.local/lib/python3.10/site-packages/***/providers/common/sql/hooks/sql.py:263 UserWarning: pandas only supports SQLAlchemy connectable (engine/connection) or database string URI or sqlite3 DBAPI2 connection. Other DBAPI2 objects are not tested. Please consider using SQLAlchemy.
[2026-03-26T04:04:20.398+0000] {base.py:84} INFO - Using connection ID 'postgres' for task execution.
[2026-03-26T04:04:20.460+0000] {taskinstance.py:441} INFO - ::group::Post task execution logs
[2026-03-26T04:04:20.469+0000] {taskinstance.py:2905} ERROR - Task failed with exception
Traceback (most recent call last):
  File "/home/airflow/.local/lib/python3.10/site-packages/sqlalchemy/engine/base.py", line 1910, in _execute_context
    self.dialect.do_execute(
  File "/home/airflow/.local/lib/python3.10/site-packages/sqlalchemy/engine/default.py", line 736, in do_execute
    cursor.execute(statement, parameters)
psycopg2.errors.UniqueViolation: duplicate key value violates unique constraint "pg_type_typname_nsp_index"
DETAIL:  Key (typname, typnamespace)=(stg_products, 16384) already exists.


The above exception was the direct cause of the following exception:

Traceback (most recent call last):
  File "/home/airflow/.local/lib/python3.10/site-packages/airflow/models/taskinstance.py", line 465, in _execute_task
    result = _execute_callable(context=context, **execute_callable_kwargs)
  File "/home/airflow/.local/lib/python3.10/site-packages/airflow/models/taskinstance.py", line 432, in _execute_callable
    return execute_callable(context=context, **execute_callable_kwargs)
  File "/home/airflow/.local/lib/python3.10/site-packages/airflow/models/baseoperator.py", line 401, in wrapper
    return func(self, *args, **kwargs)
  File "/home/airflow/.local/lib/python3.10/site-packages/airflow/operators/python.py", line 235, in execute
    return_value = self.execute_callable()
  File "/home/airflow/.local/lib/python3.10/site-packages/airflow/operators/python.py", line 252, in execute_callable
    return self.python_callable(*self.op_args, **self.op_kwargs)
  File "/opt/airflow/dags/extract_data.py", line 33, in extract_and_load_to_staging
    staging_operator.save_data_to_postgres(
  File "/opt/airflow/plugins/postgresql_operator.py", line 25, in save_data_to_postgres
    df.to_sql(table_name, engine, schema=schema, if_exists=if_exists, index=False)
  File "/home/airflow/.local/lib/python3.10/site-packages/pandas/core/generic.py", line 2987, in to_sql
    return sql.to_sql(
  File "/home/airflow/.local/lib/python3.10/site-packages/pandas/io/sql.py", line 695, in to_sql
    return pandas_sql.to_sql(
  File "/home/airflow/.local/lib/python3.10/site-packages/pandas/io/sql.py", line 1728, in to_sql
    table = self.prep_table(
  File "/home/airflow/.local/lib/python3.10/site-packages/pandas/io/sql.py", line 1631, in prep_table
    table.create()
  File "/home/airflow/.local/lib/python3.10/site-packages/pandas/io/sql.py", line 838, in create
    self._execute_create()
  File "/home/airflow/.local/lib/python3.10/site-packages/pandas/io/sql.py", line 824, in _execute_create
    self.table.create(bind=self.pd_sql.connectable)
  File "/home/airflow/.local/lib/python3.10/site-packages/sqlalchemy/sql/schema.py", line 962, in create
    bind._run_ddl_visitor(ddl.SchemaGenerator, self, checkfirst=checkfirst)
  File "/home/airflow/.local/lib/python3.10/site-packages/sqlalchemy/engine/base.py", line 3238, in _run_ddl_visitor
    conn._run_ddl_visitor(visitorcallable, element, **kwargs)
  File "/home/airflow/.local/lib/python3.10/site-packages/sqlalchemy/engine/base.py", line 2221, in _run_ddl_visitor
    visitorcallable(self.dialect, self, **kwargs).traverse_single(element)
  File "/home/airflow/.local/lib/python3.10/site-packages/sqlalchemy/sql/visitors.py", line 524, in traverse_single
    return meth(obj, **kw)
  File "/home/airflow/.local/lib/python3.10/site-packages/sqlalchemy/sql/ddl.py", line 899, in visit_table
    self.connection.execute(
  File "/home/airflow/.local/lib/python3.10/site-packages/sqlalchemy/engine/base.py", line 1385, in execute
    return meth(self, multiparams, params, _EMPTY_EXECUTION_OPTS)
  File "/home/airflow/.local/lib/python3.10/site-packages/sqlalchemy/sql/ddl.py", line 80, in _execute_on_connection
    return connection._execute_ddl(
  File "/home/airflow/.local/lib/python3.10/site-packages/sqlalchemy/engine/base.py", line 1477, in _execute_ddl
    ret = self._execute_context(
  File "/home/airflow/.local/lib/python3.10/site-packages/sqlalchemy/engine/base.py", line 1953, in _execute_context
    self._handle_dbapi_exception(
  File "/home/airflow/.local/lib/python3.10/site-packages/sqlalchemy/engine/base.py", line 2134, in _handle_dbapi_exception
    util.raise_(
  File "/home/airflow/.local/lib/python3.10/site-packages/sqlalchemy/util/compat.py", line 211, in raise_
    raise exception
  File "/home/airflow/.local/lib/python3.10/site-packages/sqlalchemy/engine/base.py", line 1910, in _execute_context
    self.dialect.do_execute(
  File "/home/airflow/.local/lib/python3.10/site-packages/sqlalchemy/engine/default.py", line 736, in do_execute
    cursor.execute(statement, parameters)
sqlalchemy.exc.IntegrityError: (psycopg2.errors.UniqueViolation) duplicate key value violates unique constraint "pg_type_typname_nsp_index"
DETAIL:  Key (typname, typnamespace)=(stg_products, 16384) already exists.

[SQL: 
CREATE TABLE staging.stg_products (
	product_id TEXT, 
	product_category_name TEXT, 
	product_name_length BIGINT, 
	product_description_length FLOAT(53), 
	product_photos_qty BIGINT, 
	product_weight_g BIGINT, 
	product_length_cm FLOAT(53), 
	product_height_cm FLOAT(53), 
	product_width_cm FLOAT(53)
)

]
(Background on this error at: https://sqlalche.me/e/14/gkpj)
[2026-03-26T04:04:20.507+0000] {taskinstance.py:1206} INFO - Marking task as FAILED. dag_id=e_commerce_dw_etl, task_id=extract.extract_and_load_to_staging, run_id=scheduled__2024-12-19T00:00:00+00:00, execution_date=20241219T000000, start_date=20260326T040349, end_date=20260326T040420
[2026-03-26T04:04:20.559+0000] {standard_task_runner.py:110} ERROR - Failed to execute job 64 for task extract.extract_and_load_to_staging ((psycopg2.errors.UniqueViolation) duplicate key value violates unique constraint "pg_type_typname_nsp_index"
DETAIL:  Key (typname, typnamespace)=(stg_products, 16384) already exists.

[SQL: 
CREATE TABLE staging.stg_products (
	product_id TEXT, 
	product_category_name TEXT, 
	product_name_length BIGINT, 
	product_description_length FLOAT(53), 
	product_photos_qty BIGINT, 
	product_weight_g BIGINT, 
	product_length_cm FLOAT(53), 
	product_height_cm FLOAT(53), 
	product_width_cm FLOAT(53)
)

]
(Background on this error at: https://sqlalche.me/e/14/gkpj); 541)
[2026-03-26T04:04:20.650+0000] {local_task_job_runner.py:240} INFO - Task exited with return code 1
[2026-03-26T04:04:20.723+0000] {taskinstance.py:3503} INFO - 0 downstream tasks scheduled from follow-on schedule check
[2026-03-26T04:04:20.921+0000] {local_task_job_runner.py:222} INFO - ::endgroup::
