[2026-03-26T03:40:50.869+0000] {local_task_job_runner.py:120} INFO - ::group::Pre task execution logs
[2026-03-26T03:40:51.058+0000] {taskinstance.py:2076} INFO - Dependencies all met for dep_context=non-requeueable deps ti=<TaskInstance: e_commerce_dw_etl.transform.transform_dim_dates scheduled__2024-12-20T00:00:00+00:00 [queued]>
[2026-03-26T03:40:51.138+0000] {taskinstance.py:2076} INFO - Dependencies all met for dep_context=requeueable deps ti=<TaskInstance: e_commerce_dw_etl.transform.transform_dim_dates scheduled__2024-12-20T00:00:00+00:00 [queued]>
[2026-03-26T03:40:51.150+0000] {taskinstance.py:2306} INFO - Starting attempt 1 of 1
[2026-03-26T03:40:51.272+0000] {taskinstance.py:2330} INFO - Executing <Task(PythonOperator): transform.transform_dim_dates> on 2024-12-20 00:00:00+00:00
[2026-03-26T03:40:51.346+0000] {standard_task_runner.py:90} INFO - Running: ['***', 'tasks', 'run', 'e_commerce_dw_etl', 'transform.transform_dim_dates', 'scheduled__2024-12-20T00:00:00+00:00', '--job-id', '333', '--raw', '--subdir', 'DAGS_FOLDER/e_commerce_dw_dag.py', '--cfg-path', '/tmp/tmp4axw62jg']
[2026-03-26T03:40:51.357+0000] {standard_task_runner.py:91} INFO - Job 333: Subtask transform.transform_dim_dates
[2026-03-26T03:40:51.312+0000] {standard_task_runner.py:63} INFO - Started process 1299 to run task
[2026-03-26T03:40:51.723+0000] {task_command.py:426} INFO - Running <TaskInstance: e_commerce_dw_etl.transform.transform_dim_dates scheduled__2024-12-20T00:00:00+00:00 [running]> on host 031edd3e030e
[2026-03-26T03:40:53.257+0000] {taskinstance.py:2648} INFO - Exporting env vars: AIRFLOW_CTX_DAG_OWNER='***' AIRFLOW_CTX_DAG_ID='e_commerce_dw_etl' AIRFLOW_CTX_TASK_ID='transform.transform_dim_dates' AIRFLOW_CTX_EXECUTION_DATE='2024-12-20T00:00:00+00:00' AIRFLOW_CTX_TRY_NUMBER='1' AIRFLOW_CTX_DAG_RUN_ID='scheduled__2024-12-20T00:00:00+00:00'
[2026-03-26T03:40:53.264+0000] {taskinstance.py:430} INFO - ::endgroup::
[2026-03-26T03:40:53.474+0000] {crypto.py:82} WARNING - empty cryptography key - values will not be stored encrypted.
[2026-03-26T03:40:53.482+0000] {base.py:84} INFO - Using connection ID 'postgres' for task execution.
[2026-03-26T03:40:54.698+0000] {logging_mixin.py:188} INFO - Đã tạo và lưu dữ liệu vào dim_dates
[2026-03-26T03:40:54.716+0000] {python.py:237} INFO - Done. Returned value was: None
[2026-03-26T03:40:54.734+0000] {taskinstance.py:441} INFO - ::group::Post task execution logs
[2026-03-26T03:40:54.789+0000] {taskinstance.py:1206} INFO - Marking task as SUCCESS. dag_id=e_commerce_dw_etl, task_id=transform.transform_dim_dates, run_id=scheduled__2024-12-20T00:00:00+00:00, execution_date=20241220T000000, start_date=20260326T034051, end_date=20260326T034054
[2026-03-26T03:40:55.098+0000] {local_task_job_runner.py:240} INFO - Task exited with return code 0
[2026-03-26T03:40:55.311+0000] {taskinstance.py:3503} INFO - 0 downstream tasks scheduled from follow-on schedule check
[2026-03-26T03:40:55.470+0000] {local_task_job_runner.py:222} INFO - ::endgroup::
[2026-03-26T04:06:18.779+0000] {local_task_job_runner.py:120} INFO - ::group::Pre task execution logs
[2026-03-26T04:06:19.089+0000] {taskinstance.py:2076} INFO - Dependencies all met for dep_context=non-requeueable deps ti=<TaskInstance: e_commerce_dw_etl.transform.transform_dim_dates scheduled__2024-12-20T00:00:00+00:00 [queued]>
[2026-03-26T04:06:19.169+0000] {taskinstance.py:2076} INFO - Dependencies all met for dep_context=requeueable deps ti=<TaskInstance: e_commerce_dw_etl.transform.transform_dim_dates scheduled__2024-12-20T00:00:00+00:00 [queued]>
[2026-03-26T04:06:19.184+0000] {taskinstance.py:2306} INFO - Starting attempt 1 of 1
[2026-03-26T04:06:19.384+0000] {taskinstance.py:2330} INFO - Executing <Task(PythonOperator): transform.transform_dim_dates> on 2024-12-20 00:00:00+00:00
[2026-03-26T04:06:19.447+0000] {standard_task_runner.py:63} INFO - Started process 831 to run task
[2026-03-26T04:06:19.514+0000] {standard_task_runner.py:90} INFO - Running: ['***', 'tasks', 'run', 'e_commerce_dw_etl', 'transform.transform_dim_dates', 'scheduled__2024-12-20T00:00:00+00:00', '--job-id', '148', '--raw', '--subdir', 'DAGS_FOLDER/e_commerce_dw_dag.py', '--cfg-path', '/tmp/tmp9i2laxzj']
[2026-03-26T04:06:19.547+0000] {standard_task_runner.py:91} INFO - Job 148: Subtask transform.transform_dim_dates
[2026-03-26T04:06:19.972+0000] {task_command.py:426} INFO - Running <TaskInstance: e_commerce_dw_etl.transform.transform_dim_dates scheduled__2024-12-20T00:00:00+00:00 [running]> on host 2d1a3218d35e
[2026-03-26T04:06:22.516+0000] {taskinstance.py:2648} INFO - Exporting env vars: AIRFLOW_CTX_DAG_OWNER='***' AIRFLOW_CTX_DAG_ID='e_commerce_dw_etl' AIRFLOW_CTX_TASK_ID='transform.transform_dim_dates' AIRFLOW_CTX_EXECUTION_DATE='2024-12-20T00:00:00+00:00' AIRFLOW_CTX_TRY_NUMBER='1' AIRFLOW_CTX_DAG_RUN_ID='scheduled__2024-12-20T00:00:00+00:00'
[2026-03-26T04:06:22.529+0000] {taskinstance.py:430} INFO - ::endgroup::
[2026-03-26T04:06:23.043+0000] {crypto.py:82} WARNING - empty cryptography key - values will not be stored encrypted.
[2026-03-26T04:06:23.076+0000] {base.py:84} INFO - Using connection ID 'postgres' for task execution.
[2026-03-26T04:06:24.612+0000] {logging_mixin.py:188} INFO - Đã tạo và lưu dữ liệu vào dim_dates
[2026-03-26T04:06:24.617+0000] {python.py:237} INFO - Done. Returned value was: None
[2026-03-26T04:06:24.621+0000] {taskinstance.py:441} INFO - ::group::Post task execution logs
[2026-03-26T04:06:24.673+0000] {taskinstance.py:1206} INFO - Marking task as SUCCESS. dag_id=e_commerce_dw_etl, task_id=transform.transform_dim_dates, run_id=scheduled__2024-12-20T00:00:00+00:00, execution_date=20241220T000000, start_date=20260326T040619, end_date=20260326T040624
[2026-03-26T04:06:25.065+0000] {local_task_job_runner.py:240} INFO - Task exited with return code 0
[2026-03-26T04:06:25.196+0000] {local_task_job_runner.py:222} INFO - ::endgroup::
