[2026-03-25T08:46:53.536+0000] {local_task_job_runner.py:120} INFO - ::group::Pre task execution logs
[2026-03-25T08:46:53.574+0000] {taskinstance.py:2076} INFO - Dependencies all met for dep_context=non-requeueable deps ti=<TaskInstance: e_commerce_dw_etl.extract.extract_and_load_to_staging scheduled__2026-03-24T00:00:00+00:00 [queued]>
[2026-03-25T08:46:53.587+0000] {taskinstance.py:2076} INFO - Dependencies all met for dep_context=requeueable deps ti=<TaskInstance: e_commerce_dw_etl.extract.extract_and_load_to_staging scheduled__2026-03-24T00:00:00+00:00 [queued]>
[2026-03-25T08:46:53.590+0000] {taskinstance.py:2306} INFO - Starting attempt 1 of 1
[2026-03-25T08:46:53.610+0000] {taskinstance.py:2330} INFO - Executing <Task(PythonOperator): extract.extract_and_load_to_staging> on 2026-03-24 00:00:00+00:00
[2026-03-25T08:46:53.617+0000] {standard_task_runner.py:63} INFO - Started process 1842 to run task
[2026-03-25T08:46:53.621+0000] {standard_task_runner.py:90} INFO - Running: ['***', 'tasks', 'run', 'e_commerce_dw_etl', 'extract.extract_and_load_to_staging', 'scheduled__2026-03-24T00:00:00+00:00', '--job-id', '534', '--raw', '--subdir', 'DAGS_FOLDER/e_commerce_dw_dag.py', '--cfg-path', '/tmp/tmpus21djo6']
[2026-03-25T08:46:53.624+0000] {standard_task_runner.py:91} INFO - Job 534: Subtask extract.extract_and_load_to_staging
[2026-03-25T08:46:53.705+0000] {task_command.py:426} INFO - Running <TaskInstance: e_commerce_dw_etl.extract.extract_and_load_to_staging scheduled__2026-03-24T00:00:00+00:00 [running]> on host bcd9e4848a6d
[2026-03-25T08:46:53.852+0000] {taskinstance.py:2648} INFO - Exporting env vars: AIRFLOW_CTX_DAG_OWNER='***' AIRFLOW_CTX_DAG_ID='e_commerce_dw_etl' AIRFLOW_CTX_TASK_ID='extract.extract_and_load_to_staging' AIRFLOW_CTX_EXECUTION_DATE='2026-03-24T00:00:00+00:00' AIRFLOW_CTX_TRY_NUMBER='1' AIRFLOW_CTX_DAG_RUN_ID='scheduled__2026-03-24T00:00:00+00:00'
[2026-03-25T08:46:53.855+0000] {taskinstance.py:430} INFO - ::endgroup::
[2026-03-25T08:46:54.127+0000] {mysql_operator.py:13} ERROR - Can't connect to mysql database
[2026-03-25T08:46:54.133+0000] {taskinstance.py:441} INFO - ::group::Post task execution logs
[2026-03-25T08:46:54.142+0000] {taskinstance.py:2905} ERROR - Task failed with exception
Traceback (most recent call last):
  File "/home/airflow/.local/lib/python3.10/site-packages/airflow/models/taskinstance.py", line 465, in _execute_task
    result = _execute_callable(context=context, **execute_callable_kwargs)
  File "/home/airflow/.local/lib/python3.10/site-packages/airflow/models/taskinstance.py", line 432, in _execute_callable
    return execute_callable(context=context, **execute_callable_kwargs)
  File "/home/airflow/.local/lib/python3.10/site-packages/airflow/models/baseoperator.py", line 401, in wrapper
    return func(self, *args, **kwargs)
  File "/home/airflow/.local/lib/python3.10/site-packages/airflow/operators/python.py", line 235, in execute
    return_value = self.execute_callable()
  File "/home/airflow/.local/lib/python3.10/site-packages/airflow/operators/python.py", line 252, in execute_callable
    return self.python_callable(*self.op_args, **self.op_kwargs)
  File "/opt/airflow/dags/extract_data.py", line 30, in extract_and_load_to_staging
    df = source_operator.get_data_to_pd(f"SELECT * FROM {table}")
  File "/opt/airflow/plugins/mysql_operator.py", line 15, in get_data_to_pd
    return self.mysqlhook.get_pandas_df(query)
  File "/home/airflow/.local/lib/python3.10/site-packages/airflow/providers/common/sql/hooks/sql.py", line 262, in get_pandas_df
    with closing(self.get_conn()) as conn:
  File "/home/airflow/.local/lib/python3.10/site-packages/airflow/providers/mysql/hooks/mysql.py", line 188, in get_conn
    conn = self.connection or self.get_connection(getattr(self, self.conn_name_attr))
  File "/home/airflow/.local/lib/python3.10/site-packages/airflow/hooks/base.py", line 83, in get_connection
    conn = Connection.get_connection_from_secrets(conn_id)
  File "/home/airflow/.local/lib/python3.10/site-packages/airflow/models/connection.py", line 519, in get_connection_from_secrets
    raise AirflowNotFoundException(f"The conn_id `{conn_id}` isn't defined")
airflow.exceptions.AirflowNotFoundException: The conn_id `mysql` isn't defined
[2026-03-25T08:46:54.166+0000] {taskinstance.py:1206} INFO - Marking task as FAILED. dag_id=e_commerce_dw_etl, task_id=extract.extract_and_load_to_staging, run_id=scheduled__2026-03-24T00:00:00+00:00, execution_date=20260324T000000, start_date=20260325T084653, end_date=20260325T084654
[2026-03-25T08:46:54.187+0000] {standard_task_runner.py:110} ERROR - Failed to execute job 534 for task extract.extract_and_load_to_staging (The conn_id `mysql` isn't defined; 1842)
[2026-03-25T08:46:54.240+0000] {local_task_job_runner.py:240} INFO - Task exited with return code 1
[2026-03-25T08:46:54.278+0000] {taskinstance.py:3503} INFO - 0 downstream tasks scheduled from follow-on schedule check
[2026-03-25T08:46:54.287+0000] {local_task_job_runner.py:222} INFO - ::endgroup::
[2026-03-25T09:35:21.650+0000] {local_task_job_runner.py:120} INFO - ::group::Pre task execution logs
[2026-03-25T09:35:21.697+0000] {taskinstance.py:2076} INFO - Dependencies all met for dep_context=non-requeueable deps ti=<TaskInstance: e_commerce_dw_etl.extract.extract_and_load_to_staging scheduled__2026-03-24T00:00:00+00:00 [queued]>
[2026-03-25T09:35:21.708+0000] {taskinstance.py:2076} INFO - Dependencies all met for dep_context=requeueable deps ti=<TaskInstance: e_commerce_dw_etl.extract.extract_and_load_to_staging scheduled__2026-03-24T00:00:00+00:00 [queued]>
[2026-03-25T09:35:21.709+0000] {taskinstance.py:2306} INFO - Starting attempt 1 of 1
[2026-03-25T09:35:21.728+0000] {taskinstance.py:2330} INFO - Executing <Task(PythonOperator): extract.extract_and_load_to_staging> on 2026-03-24 00:00:00+00:00
[2026-03-25T09:35:21.735+0000] {standard_task_runner.py:63} INFO - Started process 1515 to run task
[2026-03-25T09:35:21.741+0000] {standard_task_runner.py:90} INFO - Running: ['***', 'tasks', 'run', 'e_commerce_dw_etl', 'extract.extract_and_load_to_staging', 'scheduled__2026-03-24T00:00:00+00:00', '--job-id', '521', '--raw', '--subdir', 'DAGS_FOLDER/e_commerce_dw_dag.py', '--cfg-path', '/tmp/tmpsavho91d']
[2026-03-25T09:35:21.745+0000] {standard_task_runner.py:91} INFO - Job 521: Subtask extract.extract_and_load_to_staging
[2026-03-25T09:35:21.843+0000] {task_command.py:426} INFO - Running <TaskInstance: e_commerce_dw_etl.extract.extract_and_load_to_staging scheduled__2026-03-24T00:00:00+00:00 [running]> on host 0d903260eca4
[2026-03-25T09:35:21.963+0000] {taskinstance.py:2648} INFO - Exporting env vars: AIRFLOW_CTX_DAG_OWNER='***' AIRFLOW_CTX_DAG_ID='e_commerce_dw_etl' AIRFLOW_CTX_TASK_ID='extract.extract_and_load_to_staging' AIRFLOW_CTX_EXECUTION_DATE='2026-03-24T00:00:00+00:00' AIRFLOW_CTX_TRY_NUMBER='1' AIRFLOW_CTX_DAG_RUN_ID='scheduled__2026-03-24T00:00:00+00:00'
[2026-03-25T09:35:21.965+0000] {taskinstance.py:430} INFO - ::endgroup::
[2026-03-25T09:35:22.179+0000] {mysql_operator.py:13} ERROR - Can't connect to mysql database
[2026-03-25T09:35:22.190+0000] {taskinstance.py:441} INFO - ::group::Post task execution logs
[2026-03-25T09:35:22.202+0000] {taskinstance.py:2905} ERROR - Task failed with exception
Traceback (most recent call last):
  File "/home/airflow/.local/lib/python3.10/site-packages/airflow/models/taskinstance.py", line 465, in _execute_task
    result = _execute_callable(context=context, **execute_callable_kwargs)
  File "/home/airflow/.local/lib/python3.10/site-packages/airflow/models/taskinstance.py", line 432, in _execute_callable
    return execute_callable(context=context, **execute_callable_kwargs)
  File "/home/airflow/.local/lib/python3.10/site-packages/airflow/models/baseoperator.py", line 401, in wrapper
    return func(self, *args, **kwargs)
  File "/home/airflow/.local/lib/python3.10/site-packages/airflow/operators/python.py", line 235, in execute
    return_value = self.execute_callable()
  File "/home/airflow/.local/lib/python3.10/site-packages/airflow/operators/python.py", line 252, in execute_callable
    return self.python_callable(*self.op_args, **self.op_kwargs)
  File "/opt/airflow/dags/extract_data.py", line 30, in extract_and_load_to_staging
    df = source_operator.get_data_to_pd(f"SELECT * FROM {table}")
  File "/opt/airflow/plugins/mysql_operator.py", line 15, in get_data_to_pd
    return self.mysqlhook.get_pandas_df(query)
  File "/home/airflow/.local/lib/python3.10/site-packages/airflow/providers/common/sql/hooks/sql.py", line 262, in get_pandas_df
    with closing(self.get_conn()) as conn:
  File "/home/airflow/.local/lib/python3.10/site-packages/airflow/providers/mysql/hooks/mysql.py", line 188, in get_conn
    conn = self.connection or self.get_connection(getattr(self, self.conn_name_attr))
  File "/home/airflow/.local/lib/python3.10/site-packages/airflow/hooks/base.py", line 83, in get_connection
    conn = Connection.get_connection_from_secrets(conn_id)
  File "/home/airflow/.local/lib/python3.10/site-packages/airflow/models/connection.py", line 519, in get_connection_from_secrets
    raise AirflowNotFoundException(f"The conn_id `{conn_id}` isn't defined")
airflow.exceptions.AirflowNotFoundException: The conn_id `mysql` isn't defined
[2026-03-25T09:35:22.224+0000] {taskinstance.py:1206} INFO - Marking task as FAILED. dag_id=e_commerce_dw_etl, task_id=extract.extract_and_load_to_staging, run_id=scheduled__2026-03-24T00:00:00+00:00, execution_date=20260324T000000, start_date=20260325T093521, end_date=20260325T093522
[2026-03-25T09:35:22.240+0000] {standard_task_runner.py:110} ERROR - Failed to execute job 521 for task extract.extract_and_load_to_staging (The conn_id `mysql` isn't defined; 1515)
[2026-03-25T09:35:22.275+0000] {local_task_job_runner.py:240} INFO - Task exited with return code 1
[2026-03-25T09:35:22.304+0000] {taskinstance.py:3503} INFO - 0 downstream tasks scheduled from follow-on schedule check
[2026-03-25T09:35:22.312+0000] {local_task_job_runner.py:222} INFO - ::endgroup::
[2026-03-25T11:03:16.106+0000] {local_task_job_runner.py:120} INFO - ::group::Pre task execution logs
[2026-03-25T11:03:16.185+0000] {taskinstance.py:2076} INFO - Dependencies all met for dep_context=non-requeueable deps ti=<TaskInstance: e_commerce_dw_etl.extract.extract_and_load_to_staging scheduled__2026-03-24T00:00:00+00:00 [queued]>
[2026-03-25T11:03:16.199+0000] {taskinstance.py:2076} INFO - Dependencies all met for dep_context=requeueable deps ti=<TaskInstance: e_commerce_dw_etl.extract.extract_and_load_to_staging scheduled__2026-03-24T00:00:00+00:00 [queued]>
[2026-03-25T11:03:16.200+0000] {taskinstance.py:2306} INFO - Starting attempt 1 of 1
[2026-03-25T11:03:16.237+0000] {taskinstance.py:2330} INFO - Executing <Task(PythonOperator): extract.extract_and_load_to_staging> on 2026-03-24 00:00:00+00:00
[2026-03-25T11:03:16.245+0000] {standard_task_runner.py:63} INFO - Started process 1723 to run task
[2026-03-25T11:03:16.250+0000] {standard_task_runner.py:90} INFO - Running: ['***', 'tasks', 'run', 'e_commerce_dw_etl', 'extract.extract_and_load_to_staging', 'scheduled__2026-03-24T00:00:00+00:00', '--job-id', '520', '--raw', '--subdir', 'DAGS_FOLDER/e_commerce_dw_dag.py', '--cfg-path', '/tmp/tmpc8rsf131']
[2026-03-25T11:03:16.256+0000] {standard_task_runner.py:91} INFO - Job 520: Subtask extract.extract_and_load_to_staging
[2026-03-25T11:03:16.358+0000] {task_command.py:426} INFO - Running <TaskInstance: e_commerce_dw_etl.extract.extract_and_load_to_staging scheduled__2026-03-24T00:00:00+00:00 [running]> on host b7a6f340f223
[2026-03-25T11:03:16.511+0000] {taskinstance.py:2648} INFO - Exporting env vars: AIRFLOW_CTX_DAG_OWNER='***' AIRFLOW_CTX_DAG_ID='e_commerce_dw_etl' AIRFLOW_CTX_TASK_ID='extract.extract_and_load_to_staging' AIRFLOW_CTX_EXECUTION_DATE='2026-03-24T00:00:00+00:00' AIRFLOW_CTX_TRY_NUMBER='1' AIRFLOW_CTX_DAG_RUN_ID='scheduled__2026-03-24T00:00:00+00:00'
[2026-03-25T11:03:16.516+0000] {taskinstance.py:430} INFO - ::endgroup::
[2026-03-25T11:03:17.014+0000] {crypto.py:82} WARNING - empty cryptography key - values will not be stored encrypted.
[2026-03-25T11:03:17.016+0000] {base.py:84} INFO - Using connection ID 'mysql' for task execution.
[2026-03-25T11:03:20.871+0000] {mysql_operator.py:13} ERROR - Can't connect to mysql database
[2026-03-25T11:03:20.935+0000] {base.py:84} INFO - Using connection ID 'mysql' for task execution.
[2026-03-25T11:03:24.818+0000] {taskinstance.py:441} INFO - ::group::Post task execution logs
[2026-03-25T11:03:24.819+0000] {taskinstance.py:2905} ERROR - Task failed with exception
Traceback (most recent call last):
  File "/home/airflow/.local/lib/python3.10/site-packages/airflow/models/taskinstance.py", line 465, in _execute_task
    result = _execute_callable(context=context, **execute_callable_kwargs)
  File "/home/airflow/.local/lib/python3.10/site-packages/airflow/models/taskinstance.py", line 432, in _execute_callable
    return execute_callable(context=context, **execute_callable_kwargs)
  File "/home/airflow/.local/lib/python3.10/site-packages/airflow/models/baseoperator.py", line 401, in wrapper
    return func(self, *args, **kwargs)
  File "/home/airflow/.local/lib/python3.10/site-packages/airflow/operators/python.py", line 235, in execute
    return_value = self.execute_callable()
  File "/home/airflow/.local/lib/python3.10/site-packages/airflow/operators/python.py", line 252, in execute_callable
    return self.python_callable(*self.op_args, **self.op_kwargs)
  File "/opt/airflow/dags/extract_data.py", line 30, in extract_and_load_to_staging
    df = source_operator.get_data_to_pd(f"SELECT * FROM {table}")
  File "/opt/airflow/plugins/mysql_operator.py", line 15, in get_data_to_pd
    return self.mysqlhook.get_pandas_df(query)
  File "/home/airflow/.local/lib/python3.10/site-packages/airflow/providers/common/sql/hooks/sql.py", line 262, in get_pandas_df
    with closing(self.get_conn()) as conn:
  File "/home/airflow/.local/lib/python3.10/site-packages/airflow/providers/mysql/hooks/mysql.py", line 196, in get_conn
    return MySQLdb.connect(**conn_config)
  File "/home/airflow/.local/lib/python3.10/site-packages/MySQLdb/__init__.py", line 121, in Connect
    return Connection(*args, **kwargs)
  File "/home/airflow/.local/lib/python3.10/site-packages/MySQLdb/connections.py", line 195, in __init__
    super().__init__(*args, **kwargs2)
MySQLdb.OperationalError: (2005, "Unknown server host 'mysql' (-2)")
[2026-03-25T11:03:24.840+0000] {taskinstance.py:1206} INFO - Marking task as FAILED. dag_id=e_commerce_dw_etl, task_id=extract.extract_and_load_to_staging, run_id=scheduled__2026-03-24T00:00:00+00:00, execution_date=20260324T000000, start_date=20260325T110316, end_date=20260325T110324
[2026-03-25T11:03:24.854+0000] {standard_task_runner.py:110} ERROR - Failed to execute job 520 for task extract.extract_and_load_to_staging ((2005, "Unknown server host 'mysql' (-2)"); 1723)
[2026-03-25T11:03:24.884+0000] {local_task_job_runner.py:240} INFO - Task exited with return code 1
[2026-03-25T11:03:24.905+0000] {taskinstance.py:3503} INFO - 0 downstream tasks scheduled from follow-on schedule check
[2026-03-25T11:03:24.918+0000] {local_task_job_runner.py:222} INFO - ::endgroup::
[2026-03-25T11:22:46.749+0000] {local_task_job_runner.py:120} INFO - ::group::Pre task execution logs
[2026-03-25T11:22:46.830+0000] {taskinstance.py:2076} INFO - Dependencies all met for dep_context=non-requeueable deps ti=<TaskInstance: e_commerce_dw_etl.extract.extract_and_load_to_staging scheduled__2026-03-24T00:00:00+00:00 [queued]>
[2026-03-25T11:22:46.859+0000] {taskinstance.py:2076} INFO - Dependencies all met for dep_context=requeueable deps ti=<TaskInstance: e_commerce_dw_etl.extract.extract_and_load_to_staging scheduled__2026-03-24T00:00:00+00:00 [queued]>
[2026-03-25T11:22:46.860+0000] {taskinstance.py:2306} INFO - Starting attempt 1 of 1
[2026-03-25T11:22:47.022+0000] {taskinstance.py:2330} INFO - Executing <Task(PythonOperator): extract.extract_and_load_to_staging> on 2026-03-24 00:00:00+00:00
[2026-03-25T11:22:47.080+0000] {standard_task_runner.py:63} INFO - Started process 1742 to run task
[2026-03-25T11:22:47.087+0000] {standard_task_runner.py:90} INFO - Running: ['***', 'tasks', 'run', 'e_commerce_dw_etl', 'extract.extract_and_load_to_staging', 'scheduled__2026-03-24T00:00:00+00:00', '--job-id', '518', '--raw', '--subdir', 'DAGS_FOLDER/e_commerce_dw_dag.py', '--cfg-path', '/tmp/tmp1uodwsjo']
[2026-03-25T11:22:47.169+0000] {standard_task_runner.py:91} INFO - Job 518: Subtask extract.extract_and_load_to_staging
[2026-03-25T11:22:47.355+0000] {task_command.py:426} INFO - Running <TaskInstance: e_commerce_dw_etl.extract.extract_and_load_to_staging scheduled__2026-03-24T00:00:00+00:00 [running]> on host d26a046c4728
[2026-03-25T11:22:47.534+0000] {taskinstance.py:2648} INFO - Exporting env vars: AIRFLOW_CTX_DAG_OWNER='***' AIRFLOW_CTX_DAG_ID='e_commerce_dw_etl' AIRFLOW_CTX_TASK_ID='extract.extract_and_load_to_staging' AIRFLOW_CTX_EXECUTION_DATE='2026-03-24T00:00:00+00:00' AIRFLOW_CTX_TRY_NUMBER='1' AIRFLOW_CTX_DAG_RUN_ID='scheduled__2026-03-24T00:00:00+00:00'
[2026-03-25T11:22:47.544+0000] {taskinstance.py:430} INFO - ::endgroup::
[2026-03-25T11:22:47.836+0000] {base.py:84} INFO - Using connection ID 'mysql' for task execution.
[2026-03-25T11:22:51.846+0000] {mysql_operator.py:13} ERROR - Can't connect to mysql database
[2026-03-25T11:22:51.867+0000] {base.py:84} INFO - Using connection ID 'mysql' for task execution.
[2026-03-25T11:22:55.707+0000] {taskinstance.py:441} INFO - ::group::Post task execution logs
[2026-03-25T11:22:55.709+0000] {taskinstance.py:2905} ERROR - Task failed with exception
Traceback (most recent call last):
  File "/home/airflow/.local/lib/python3.10/site-packages/airflow/models/taskinstance.py", line 465, in _execute_task
    result = _execute_callable(context=context, **execute_callable_kwargs)
  File "/home/airflow/.local/lib/python3.10/site-packages/airflow/models/taskinstance.py", line 432, in _execute_callable
    return execute_callable(context=context, **execute_callable_kwargs)
  File "/home/airflow/.local/lib/python3.10/site-packages/airflow/models/baseoperator.py", line 401, in wrapper
    return func(self, *args, **kwargs)
  File "/home/airflow/.local/lib/python3.10/site-packages/airflow/operators/python.py", line 235, in execute
    return_value = self.execute_callable()
  File "/home/airflow/.local/lib/python3.10/site-packages/airflow/operators/python.py", line 252, in execute_callable
    return self.python_callable(*self.op_args, **self.op_kwargs)
  File "/opt/airflow/dags/extract_data.py", line 30, in extract_and_load_to_staging
    df = source_operator.get_data_to_pd(f"SELECT * FROM {table}")
  File "/opt/airflow/plugins/mysql_operator.py", line 15, in get_data_to_pd
    return self.mysqlhook.get_pandas_df(query)
  File "/home/airflow/.local/lib/python3.10/site-packages/airflow/providers/common/sql/hooks/sql.py", line 262, in get_pandas_df
    with closing(self.get_conn()) as conn:
  File "/home/airflow/.local/lib/python3.10/site-packages/airflow/providers/mysql/hooks/mysql.py", line 196, in get_conn
    return MySQLdb.connect(**conn_config)
  File "/home/airflow/.local/lib/python3.10/site-packages/MySQLdb/__init__.py", line 121, in Connect
    return Connection(*args, **kwargs)
  File "/home/airflow/.local/lib/python3.10/site-packages/MySQLdb/connections.py", line 195, in __init__
    super().__init__(*args, **kwargs2)
MySQLdb.OperationalError: (2005, "Unknown server host 'mysql' (-2)")
[2026-03-25T11:22:55.728+0000] {taskinstance.py:1206} INFO - Marking task as FAILED. dag_id=e_commerce_dw_etl, task_id=extract.extract_and_load_to_staging, run_id=scheduled__2026-03-24T00:00:00+00:00, execution_date=20260324T000000, start_date=20260325T112246, end_date=20260325T112255
[2026-03-25T11:22:55.759+0000] {standard_task_runner.py:110} ERROR - Failed to execute job 518 for task extract.extract_and_load_to_staging ((2005, "Unknown server host 'mysql' (-2)"); 1742)
[2026-03-25T11:22:55.787+0000] {local_task_job_runner.py:240} INFO - Task exited with return code 1
[2026-03-25T11:22:55.813+0000] {taskinstance.py:3503} INFO - 0 downstream tasks scheduled from follow-on schedule check
[2026-03-25T11:22:55.819+0000] {local_task_job_runner.py:222} INFO - ::endgroup::
[2026-03-25T11:44:37.220+0000] {local_task_job_runner.py:120} INFO - ::group::Pre task execution logs
[2026-03-25T11:44:37.289+0000] {taskinstance.py:2076} INFO - Dependencies all met for dep_context=non-requeueable deps ti=<TaskInstance: e_commerce_dw_etl.extract.extract_and_load_to_staging scheduled__2026-03-24T00:00:00+00:00 [queued]>
[2026-03-25T11:44:37.309+0000] {taskinstance.py:2076} INFO - Dependencies all met for dep_context=requeueable deps ti=<TaskInstance: e_commerce_dw_etl.extract.extract_and_load_to_staging scheduled__2026-03-24T00:00:00+00:00 [queued]>
[2026-03-25T11:44:37.310+0000] {taskinstance.py:2306} INFO - Starting attempt 1 of 1
[2026-03-25T11:44:37.346+0000] {taskinstance.py:2330} INFO - Executing <Task(PythonOperator): extract.extract_and_load_to_staging> on 2026-03-24 00:00:00+00:00
[2026-03-25T11:44:37.361+0000] {standard_task_runner.py:63} INFO - Started process 1536 to run task
[2026-03-25T11:44:37.369+0000] {standard_task_runner.py:90} INFO - Running: ['***', 'tasks', 'run', 'e_commerce_dw_etl', 'extract.extract_and_load_to_staging', 'scheduled__2026-03-24T00:00:00+00:00', '--job-id', '518', '--raw', '--subdir', 'DAGS_FOLDER/e_commerce_dw_dag.py', '--cfg-path', '/tmp/tmp66zmvyw3']
[2026-03-25T11:44:37.380+0000] {standard_task_runner.py:91} INFO - Job 518: Subtask extract.extract_and_load_to_staging
[2026-03-25T11:44:37.533+0000] {task_command.py:426} INFO - Running <TaskInstance: e_commerce_dw_etl.extract.extract_and_load_to_staging scheduled__2026-03-24T00:00:00+00:00 [running]> on host d9d1693fa74b
[2026-03-25T11:44:37.690+0000] {taskinstance.py:2648} INFO - Exporting env vars: AIRFLOW_CTX_DAG_OWNER='***' AIRFLOW_CTX_DAG_ID='e_commerce_dw_etl' AIRFLOW_CTX_TASK_ID='extract.extract_and_load_to_staging' AIRFLOW_CTX_EXECUTION_DATE='2026-03-24T00:00:00+00:00' AIRFLOW_CTX_TRY_NUMBER='1' AIRFLOW_CTX_DAG_RUN_ID='scheduled__2026-03-24T00:00:00+00:00'
[2026-03-25T11:44:37.692+0000] {taskinstance.py:430} INFO - ::endgroup::
[2026-03-25T11:44:37.903+0000] {base.py:84} INFO - Using connection ID 'mysql' for task execution.
[2026-03-25T11:44:37.921+0000] {base.py:84} INFO - Using connection ID 'mysql' for task execution.
[2026-03-25T11:44:37.932+0000] {logging_mixin.py:188} WARNING - /home/***/.local/lib/python3.10/site-packages/***/providers/common/sql/hooks/sql.py:263 UserWarning: pandas only supports SQLAlchemy connectable (engine/connection) or database string URI or sqlite3 DBAPI2 connection. Other DBAPI2 objects are not tested. Please consider using SQLAlchemy.
[2026-03-25T11:44:37.934+0000] {taskinstance.py:441} INFO - ::group::Post task execution logs
[2026-03-25T11:44:37.935+0000] {taskinstance.py:2905} ERROR - Task failed with exception
Traceback (most recent call last):
  File "/home/airflow/.local/lib/python3.10/site-packages/pandas/io/sql.py", line 2018, in execute
    cur.execute(*args, **kwargs)
  File "/home/airflow/.local/lib/python3.10/site-packages/MySQLdb/cursors.py", line 179, in execute
    res = self._query(mogrified_query)
  File "/home/airflow/.local/lib/python3.10/site-packages/MySQLdb/cursors.py", line 330, in _query
    db.query(q)
  File "/home/airflow/.local/lib/python3.10/site-packages/MySQLdb/connections.py", line 261, in query
    _mysql.connection.query(self, query)
MySQLdb.ProgrammingError: (1146, "Table 'olist.product_category_name_translation' doesn't exist")

The above exception was the direct cause of the following exception:

Traceback (most recent call last):
  File "/home/airflow/.local/lib/python3.10/site-packages/airflow/models/taskinstance.py", line 465, in _execute_task
    result = _execute_callable(context=context, **execute_callable_kwargs)
  File "/home/airflow/.local/lib/python3.10/site-packages/airflow/models/taskinstance.py", line 432, in _execute_callable
    return execute_callable(context=context, **execute_callable_kwargs)
  File "/home/airflow/.local/lib/python3.10/site-packages/airflow/models/baseoperator.py", line 401, in wrapper
    return func(self, *args, **kwargs)
  File "/home/airflow/.local/lib/python3.10/site-packages/airflow/operators/python.py", line 235, in execute
    return_value = self.execute_callable()
  File "/home/airflow/.local/lib/python3.10/site-packages/airflow/operators/python.py", line 252, in execute_callable
    return self.python_callable(*self.op_args, **self.op_kwargs)
  File "/opt/airflow/dags/extract_data.py", line 30, in extract_and_load_to_staging
    df = source_operator.get_data_to_pd(f"SELECT * FROM {table}")
  File "/opt/airflow/plugins/mysql_operator.py", line 15, in get_data_to_pd
    return self.mysqlhook.get_pandas_df(query)
  File "/home/airflow/.local/lib/python3.10/site-packages/airflow/providers/common/sql/hooks/sql.py", line 263, in get_pandas_df
    return psql.read_sql(sql, con=conn, params=parameters, **kwargs)
  File "/home/airflow/.local/lib/python3.10/site-packages/pandas/io/sql.py", line 564, in read_sql
    return pandas_sql.read_query(
  File "/home/airflow/.local/lib/python3.10/site-packages/pandas/io/sql.py", line 2078, in read_query
    cursor = self.execute(*args)
  File "/home/airflow/.local/lib/python3.10/site-packages/pandas/io/sql.py", line 2030, in execute
    raise ex from exc
pandas.errors.DatabaseError: Execution failed on sql 'SELECT * FROM product_category_name_translation': (1146, "Table 'olist.product_category_name_translation' doesn't exist")
[2026-03-25T11:44:37.962+0000] {taskinstance.py:1206} INFO - Marking task as FAILED. dag_id=e_commerce_dw_etl, task_id=extract.extract_and_load_to_staging, run_id=scheduled__2026-03-24T00:00:00+00:00, execution_date=20260324T000000, start_date=20260325T114437, end_date=20260325T114437
[2026-03-25T11:44:37.984+0000] {standard_task_runner.py:110} ERROR - Failed to execute job 518 for task extract.extract_and_load_to_staging (Execution failed on sql 'SELECT * FROM product_category_name_translation': (1146, "Table 'olist.product_category_name_translation' doesn't exist"); 1536)
[2026-03-25T11:44:38.030+0000] {local_task_job_runner.py:240} INFO - Task exited with return code 1
[2026-03-25T11:44:38.062+0000] {taskinstance.py:3503} INFO - 0 downstream tasks scheduled from follow-on schedule check
[2026-03-25T11:44:38.070+0000] {local_task_job_runner.py:222} INFO - ::endgroup::
[2026-03-25T13:59:42.990+0000] {local_task_job_runner.py:120} INFO - ::group::Pre task execution logs
[2026-03-25T13:59:43.042+0000] {taskinstance.py:2076} INFO - Dependencies all met for dep_context=non-requeueable deps ti=<TaskInstance: e_commerce_dw_etl.extract.extract_and_load_to_staging scheduled__2026-03-24T00:00:00+00:00 [queued]>
[2026-03-25T13:59:43.067+0000] {taskinstance.py:2076} INFO - Dependencies all met for dep_context=requeueable deps ti=<TaskInstance: e_commerce_dw_etl.extract.extract_and_load_to_staging scheduled__2026-03-24T00:00:00+00:00 [queued]>
[2026-03-25T13:59:43.070+0000] {taskinstance.py:2306} INFO - Starting attempt 1 of 1
[2026-03-25T13:59:43.094+0000] {taskinstance.py:2330} INFO - Executing <Task(PythonOperator): extract.extract_and_load_to_staging> on 2026-03-24 00:00:00+00:00
[2026-03-25T13:59:43.104+0000] {standard_task_runner.py:63} INFO - Started process 1618 to run task
[2026-03-25T13:59:43.112+0000] {standard_task_runner.py:90} INFO - Running: ['***', 'tasks', 'run', 'e_commerce_dw_etl', 'extract.extract_and_load_to_staging', 'scheduled__2026-03-24T00:00:00+00:00', '--job-id', '519', '--raw', '--subdir', 'DAGS_FOLDER/e_commerce_dw_dag.py', '--cfg-path', '/tmp/tmp_1lju3_f']
[2026-03-25T13:59:43.116+0000] {standard_task_runner.py:91} INFO - Job 519: Subtask extract.extract_and_load_to_staging
[2026-03-25T13:59:43.203+0000] {task_command.py:426} INFO - Running <TaskInstance: e_commerce_dw_etl.extract.extract_and_load_to_staging scheduled__2026-03-24T00:00:00+00:00 [running]> on host 85f4963e6238
[2026-03-25T13:59:43.309+0000] {taskinstance.py:2648} INFO - Exporting env vars: AIRFLOW_CTX_DAG_OWNER='***' AIRFLOW_CTX_DAG_ID='e_commerce_dw_etl' AIRFLOW_CTX_TASK_ID='extract.extract_and_load_to_staging' AIRFLOW_CTX_EXECUTION_DATE='2026-03-24T00:00:00+00:00' AIRFLOW_CTX_TRY_NUMBER='1' AIRFLOW_CTX_DAG_RUN_ID='scheduled__2026-03-24T00:00:00+00:00'
[2026-03-25T13:59:43.310+0000] {taskinstance.py:430} INFO - ::endgroup::
[2026-03-25T13:59:43.511+0000] {base.py:84} INFO - Using connection ID 'mysql' for task execution.
[2026-03-25T13:59:43.526+0000] {base.py:84} INFO - Using connection ID 'mysql' for task execution.
[2026-03-25T13:59:43.535+0000] {logging_mixin.py:188} WARNING - /home/***/.local/lib/python3.10/site-packages/***/providers/common/sql/hooks/sql.py:263 UserWarning: pandas only supports SQLAlchemy connectable (engine/connection) or database string URI or sqlite3 DBAPI2 connection. Other DBAPI2 objects are not tested. Please consider using SQLAlchemy.
[2026-03-25T13:59:43.546+0000] {taskinstance.py:441} INFO - ::group::Post task execution logs
[2026-03-25T13:59:43.555+0000] {taskinstance.py:2905} ERROR - Task failed with exception
Traceback (most recent call last):
  File "/home/airflow/.local/lib/python3.10/site-packages/airflow/models/taskinstance.py", line 465, in _execute_task
    result = _execute_callable(context=context, **execute_callable_kwargs)
  File "/home/airflow/.local/lib/python3.10/site-packages/airflow/models/taskinstance.py", line 432, in _execute_callable
    return execute_callable(context=context, **execute_callable_kwargs)
  File "/home/airflow/.local/lib/python3.10/site-packages/airflow/models/baseoperator.py", line 401, in wrapper
    return func(self, *args, **kwargs)
  File "/home/airflow/.local/lib/python3.10/site-packages/airflow/operators/python.py", line 235, in execute
    return_value = self.execute_callable()
  File "/home/airflow/.local/lib/python3.10/site-packages/airflow/operators/python.py", line 252, in execute_callable
    return self.python_callable(*self.op_args, **self.op_kwargs)
  File "/opt/airflow/dags/extract_data.py", line 33, in extract_and_load_to_staging
    staging_operator.save_data_to_postgres(
  File "/opt/airflow/plugins/postgresql_operator.py", line 17, in save_data_to_postgres
    conn = self.hook.get_uri()
  File "/home/airflow/.local/lib/python3.10/site-packages/airflow/providers/postgres/hooks/postgres.py", line 204, in get_uri
    return self.sqlalchemy_url.render_as_string(hide_password=False)
  File "/home/airflow/.local/lib/python3.10/site-packages/airflow/providers/postgres/hooks/postgres.py", line 119, in sqlalchemy_url
    conn = self.get_connection(getattr(self, self.conn_name_attr))
  File "/home/airflow/.local/lib/python3.10/site-packages/airflow/hooks/base.py", line 83, in get_connection
    conn = Connection.get_connection_from_secrets(conn_id)
  File "/home/airflow/.local/lib/python3.10/site-packages/airflow/models/connection.py", line 519, in get_connection_from_secrets
    raise AirflowNotFoundException(f"The conn_id `{conn_id}` isn't defined")
airflow.exceptions.AirflowNotFoundException: The conn_id `postgres` isn't defined
[2026-03-25T13:59:43.570+0000] {taskinstance.py:1206} INFO - Marking task as FAILED. dag_id=e_commerce_dw_etl, task_id=extract.extract_and_load_to_staging, run_id=scheduled__2026-03-24T00:00:00+00:00, execution_date=20260324T000000, start_date=20260325T135943, end_date=20260325T135943
[2026-03-25T13:59:43.582+0000] {standard_task_runner.py:110} ERROR - Failed to execute job 519 for task extract.extract_and_load_to_staging (The conn_id `postgres` isn't defined; 1618)
[2026-03-25T13:59:43.607+0000] {local_task_job_runner.py:240} INFO - Task exited with return code 1
[2026-03-25T13:59:43.637+0000] {taskinstance.py:3503} INFO - 0 downstream tasks scheduled from follow-on schedule check
[2026-03-25T13:59:43.650+0000] {local_task_job_runner.py:222} INFO - ::endgroup::
[2026-03-26T04:32:15.753+0000] {local_task_job_runner.py:120} INFO - ::group::Pre task execution logs
[2026-03-26T04:32:15.900+0000] {taskinstance.py:2076} INFO - Dependencies all met for dep_context=non-requeueable deps ti=<TaskInstance: e_commerce_dw_etl.extract.extract_and_load_to_staging scheduled__2026-03-24T00:00:00+00:00 [queued]>
[2026-03-26T04:32:15.951+0000] {taskinstance.py:2076} INFO - Dependencies all met for dep_context=requeueable deps ti=<TaskInstance: e_commerce_dw_etl.extract.extract_and_load_to_staging scheduled__2026-03-24T00:00:00+00:00 [queued]>
[2026-03-26T04:32:15.955+0000] {taskinstance.py:2306} INFO - Starting attempt 1 of 1
[2026-03-26T04:32:16.034+0000] {taskinstance.py:2330} INFO - Executing <Task(PythonOperator): extract.extract_and_load_to_staging> on 2026-03-24 00:00:00+00:00
[2026-03-26T04:32:16.061+0000] {standard_task_runner.py:63} INFO - Started process 4165 to run task
[2026-03-26T04:32:16.073+0000] {standard_task_runner.py:90} INFO - Running: ['***', 'tasks', 'run', 'e_commerce_dw_etl', 'extract.extract_and_load_to_staging', 'scheduled__2026-03-24T00:00:00+00:00', '--job-id', '1167', '--raw', '--subdir', 'DAGS_FOLDER/e_commerce_dw_dag.py', '--cfg-path', '/tmp/tmpzkbvnowh']
[2026-03-26T04:32:16.090+0000] {standard_task_runner.py:91} INFO - Job 1167: Subtask extract.extract_and_load_to_staging
[2026-03-26T04:32:16.303+0000] {task_command.py:426} INFO - Running <TaskInstance: e_commerce_dw_etl.extract.extract_and_load_to_staging scheduled__2026-03-24T00:00:00+00:00 [running]> on host 2d1a3218d35e
[2026-03-26T04:32:17.164+0000] {taskinstance.py:2648} INFO - Exporting env vars: AIRFLOW_CTX_DAG_OWNER='***' AIRFLOW_CTX_DAG_ID='e_commerce_dw_etl' AIRFLOW_CTX_TASK_ID='extract.extract_and_load_to_staging' AIRFLOW_CTX_EXECUTION_DATE='2026-03-24T00:00:00+00:00' AIRFLOW_CTX_TRY_NUMBER='1' AIRFLOW_CTX_DAG_RUN_ID='scheduled__2026-03-24T00:00:00+00:00'
[2026-03-26T04:32:17.166+0000] {taskinstance.py:430} INFO - ::endgroup::
[2026-03-26T04:32:17.190+0000] {crypto.py:82} WARNING - empty cryptography key - values will not be stored encrypted.
[2026-03-26T04:32:17.191+0000] {base.py:84} INFO - Using connection ID 'mysql' for task execution.
[2026-03-26T04:32:17.212+0000] {base.py:84} INFO - Using connection ID 'mysql' for task execution.
[2026-03-26T04:32:17.233+0000] {logging_mixin.py:188} WARNING - /home/***/.local/lib/python3.10/site-packages/***/providers/common/sql/hooks/sql.py:263 UserWarning: pandas only supports SQLAlchemy connectable (engine/connection) or database string URI or sqlite3 DBAPI2 connection. Other DBAPI2 objects are not tested. Please consider using SQLAlchemy.
[2026-03-26T04:32:17.240+0000] {base.py:84} INFO - Using connection ID 'postgres' for task execution.
[2026-03-26T04:32:17.334+0000] {taskinstance.py:441} INFO - ::group::Post task execution logs
[2026-03-26T04:32:17.335+0000] {taskinstance.py:2905} ERROR - Task failed with exception
Traceback (most recent call last):
  File "/home/airflow/.local/lib/python3.10/site-packages/sqlalchemy/engine/base.py", line 1910, in _execute_context
    self.dialect.do_execute(
  File "/home/airflow/.local/lib/python3.10/site-packages/sqlalchemy/engine/default.py", line 736, in do_execute
    cursor.execute(statement, parameters)
psycopg2.errors.UndefinedTable: table "stg_product_category_name_translation" does not exist


The above exception was the direct cause of the following exception:

Traceback (most recent call last):
  File "/home/airflow/.local/lib/python3.10/site-packages/airflow/models/taskinstance.py", line 465, in _execute_task
    result = _execute_callable(context=context, **execute_callable_kwargs)
  File "/home/airflow/.local/lib/python3.10/site-packages/airflow/models/taskinstance.py", line 432, in _execute_callable
    return execute_callable(context=context, **execute_callable_kwargs)
  File "/home/airflow/.local/lib/python3.10/site-packages/airflow/models/baseoperator.py", line 401, in wrapper
    return func(self, *args, **kwargs)
  File "/home/airflow/.local/lib/python3.10/site-packages/airflow/operators/python.py", line 235, in execute
    return_value = self.execute_callable()
  File "/home/airflow/.local/lib/python3.10/site-packages/airflow/operators/python.py", line 252, in execute_callable
    return self.python_callable(*self.op_args, **self.op_kwargs)
  File "/opt/airflow/dags/extract_data.py", line 33, in extract_and_load_to_staging
    staging_operator.save_data_to_postgres(
  File "/opt/airflow/plugins/postgresql_operator.py", line 25, in save_data_to_postgres
    df.to_sql(table_name, engine, schema=schema, if_exists=if_exists, index=False)
  File "/home/airflow/.local/lib/python3.10/site-packages/pandas/core/generic.py", line 2987, in to_sql
    return sql.to_sql(
  File "/home/airflow/.local/lib/python3.10/site-packages/pandas/io/sql.py", line 695, in to_sql
    return pandas_sql.to_sql(
  File "/home/airflow/.local/lib/python3.10/site-packages/pandas/io/sql.py", line 1728, in to_sql
    table = self.prep_table(
  File "/home/airflow/.local/lib/python3.10/site-packages/pandas/io/sql.py", line 1631, in prep_table
    table.create()
  File "/home/airflow/.local/lib/python3.10/site-packages/pandas/io/sql.py", line 831, in create
    self.pd_sql.drop_table(self.name, self.schema)
  File "/home/airflow/.local/lib/python3.10/site-packages/pandas/io/sql.py", line 1782, in drop_table
    self.get_table(table_name, schema).drop(bind=self.connectable)
  File "/home/airflow/.local/lib/python3.10/site-packages/sqlalchemy/sql/schema.py", line 979, in drop
    bind._run_ddl_visitor(ddl.SchemaDropper, self, checkfirst=checkfirst)
  File "/home/airflow/.local/lib/python3.10/site-packages/sqlalchemy/engine/base.py", line 3238, in _run_ddl_visitor
    conn._run_ddl_visitor(visitorcallable, element, **kwargs)
  File "/home/airflow/.local/lib/python3.10/site-packages/sqlalchemy/engine/base.py", line 2221, in _run_ddl_visitor
    visitorcallable(self.dialect, self, **kwargs).traverse_single(element)
  File "/home/airflow/.local/lib/python3.10/site-packages/sqlalchemy/sql/visitors.py", line 524, in traverse_single
    return meth(obj, **kw)
  File "/home/airflow/.local/lib/python3.10/site-packages/sqlalchemy/sql/ddl.py", line 1106, in visit_table
    self.connection.execute(DropTable(table))
  File "/home/airflow/.local/lib/python3.10/site-packages/sqlalchemy/engine/base.py", line 1385, in execute
    return meth(self, multiparams, params, _EMPTY_EXECUTION_OPTS)
  File "/home/airflow/.local/lib/python3.10/site-packages/sqlalchemy/sql/ddl.py", line 80, in _execute_on_connection
    return connection._execute_ddl(
  File "/home/airflow/.local/lib/python3.10/site-packages/sqlalchemy/engine/base.py", line 1477, in _execute_ddl
    ret = self._execute_context(
  File "/home/airflow/.local/lib/python3.10/site-packages/sqlalchemy/engine/base.py", line 1953, in _execute_context
    self._handle_dbapi_exception(
  File "/home/airflow/.local/lib/python3.10/site-packages/sqlalchemy/engine/base.py", line 2134, in _handle_dbapi_exception
    util.raise_(
  File "/home/airflow/.local/lib/python3.10/site-packages/sqlalchemy/util/compat.py", line 211, in raise_
    raise exception
  File "/home/airflow/.local/lib/python3.10/site-packages/sqlalchemy/engine/base.py", line 1910, in _execute_context
    self.dialect.do_execute(
  File "/home/airflow/.local/lib/python3.10/site-packages/sqlalchemy/engine/default.py", line 736, in do_execute
    cursor.execute(statement, parameters)
sqlalchemy.exc.ProgrammingError: (psycopg2.errors.UndefinedTable) table "stg_product_category_name_translation" does not exist

[SQL: 
DROP TABLE staging.stg_product_category_name_translation]
(Background on this error at: https://sqlalche.me/e/14/f405)
[2026-03-26T04:32:17.402+0000] {taskinstance.py:1206} INFO - Marking task as FAILED. dag_id=e_commerce_dw_etl, task_id=extract.extract_and_load_to_staging, run_id=scheduled__2026-03-24T00:00:00+00:00, execution_date=20260324T000000, start_date=20260326T043215, end_date=20260326T043217
[2026-03-26T04:32:17.434+0000] {standard_task_runner.py:110} ERROR - Failed to execute job 1167 for task extract.extract_and_load_to_staging ((psycopg2.errors.UndefinedTable) table "stg_product_category_name_translation" does not exist

[SQL: 
DROP TABLE staging.stg_product_category_name_translation]
(Background on this error at: https://sqlalche.me/e/14/f405); 4165)
[2026-03-26T04:32:17.502+0000] {local_task_job_runner.py:240} INFO - Task exited with return code 1
[2026-03-26T04:32:17.610+0000] {taskinstance.py:3503} INFO - 0 downstream tasks scheduled from follow-on schedule check
[2026-03-26T04:32:17.650+0000] {local_task_job_runner.py:222} INFO - ::endgroup::
